******************************************************************************
                  TI ARM Linker Unix v16.9.6                   
******************************************************************************
>> Linked Tue Mar 31 00:26:36 2020

OUTPUT FILE NAME:   <test/xwr68xx/xwr68xx_uart_mss.xer4f>
ENTRY POINT SYMBOL: "_c_int00"  address: 0000b228


MEMORY CONFIGURATION

         name            origin    length      used     unused   attr    fill
----------------------  --------  ---------  --------  --------  ----  --------
PAGE 0:
  VECTORS               00000000   00000100  0000003c  000000c4     X
  PROG_RAM              00000100   0007ff00  000104e6  0006fa1a  R  X
  DATA_RAM              08000000   00030000  0000dff4  0002200c  RW  
  L3_RAM                51000000   000c0000  00000000  000c0000  RW  
  HWA_RAM               52030000   00010000  00000000  00010000  RW  
  HS_RAM                52080000   00008000  00000000  00008000  RW  

PAGE 1:
  L3_RAM                51000000   000c0000  00000000  000c0000  RW  


SEGMENT ALLOCATION MAP

run origin  load origin   length   init length attrs members
----------  ----------- ---------- ----------- ----- -------
00000000    00000000    0000003c   0000003c    r--
  00000000    00000000    0000003c   0000003c    r-- .vecs
00000100    00000100    000104f0   000104f0    r-x
  00000100    00000100    0000dd02   0000dd02    r-x .text
  0000de08    0000de08    000024a4   000024a4    r-- .const
  000102b0    000102b0    00000340   00000340    r-- .cinit
08000000    08000000    0000dff8   00000000    rw-
  08000000    08000000    00008000   00000000    rw- systemHeap
  08008000    08008000    00002400   00000000    rw- .MCPILogBuffer
  0800a400    0800a400    00001a40   00000000    rw- .bss
  0800be40    0800be40    00001000   00000000    rw- .stack
  0800ce40    0800ce40    000009b4   00000000    rw- .data
  0800d7f8    0800d7f8    00000800   00000000    rw- .myFiqStack


SECTION ALLOCATION MAP

 output                                  attributes/
section   page    origin      length       input sections
--------  ----  ----------  ----------   ----------------
.vecs      0    00000000    0000003c     
                  00000000    0000003c     mss_per4ft.oer4ft (.vecs)

.myFiqStack 
*          0    0800d7f8    00000800     UNINITIALIZED
                  0800d7f8    00000800     mss_per4ft.oer4ft (.myFiqStack)

xdc.meta   0    00000000    00000105     COPY SECTION
                  00000000    00000105     mss_per4ft.oer4ft (xdc.meta)

.text      0    00000100    0000dd02     
                  00000100    0000107a     rtsv7R4_T_le_v3D16_eabi.lib : _printfi.obj (.text)
                  0000117a    00000002     libdma_xwr68xx.aer4f : dma.oer4f (.text:DMA_init)
                  0000117c    00000898     rtsv7R4_T_le_v3D16_eabi.lib : _scanfi.obj (.text)
                  00001a14    00000648     uart_test.oer4f (.text:Test_uartAPI)
                  0000205c    00000004     libosal_xwr68xx.aer4f : HwiP_tirtos.oer4f (.text:HwiP_disableInterrupt)
                  00002060    000004e1     sysbios.aer4ft : BIOS.obj (.text:xdc_runtime_System_doPrint__I)
                  00002541    00000001     --HOLE-- [fill = 0]
                  00002542    00000002     uartsci.oer4f (.text:UartSci_init)
                  00002544    000004dc     uart_test.oer4f (.text:Test_profileTransmit)
                  00002a20    000004aa     uart_test.oer4f (.text:Test_nonLoopbackMode)
                  00002eca    00000002     rtsv7R4_T_le_v3D16_eabi.lib : i_div0.obj (.text)
                  00002ecc    0000045c     uart_test.oer4f (.text:Test_DMAReadWrite)
                  00003328    0000044b     uart_test.oer4f (.text:Test_pollingData)
                  00003773    00000001     --HOLE-- [fill = 0]
                  00003774    00000398     main_mss.oer4f (.text:Test_HwCapabilities)
                  00003b0c    00000314     libsoc_xwr68xx.aer4f : soc_xwr68xx_mss.oer4f (.text:SOC_deviceInit)
                  00003e20    00000310     sysbios.aer4ft : BIOS.obj (.text:ti_sysbios_knl_Semaphore_pend__E)
                  00004130    000002b8     rtsv7R4_T_le_v3D16_eabi.lib : ull_div32.obj (.text)
                  000043e8    000002b0     libdma_xwr68xx.aer4f : dma.oer4f (.text:DMA_open)
                  00004698    00000008     libosal_xwr68xx.aer4f : HwiP_tirtos.oer4f (.text:HwiP_disable)
                  000046a0    000002a4     sysbios.aer4ft : BIOS.obj (.text:ti_sysbios_heaps_HeapMem_freeUnprotected__E)
                  00004944    0000000c     UART.oer4f (.text:UART_Params_init)
                  00004950    00000280     sysbios.aer4ft : BIOS.obj (.text:ti_sysbios_family_arm_exc_Exception_excDumpContext__I)
                  00004bd0    00000268                    : BIOS.obj (.text:ti_sysbios_knl_Task_Instance_finalize__E)
                  00004e38    00000008     libosal_xwr68xx.aer4f : SemaphoreP_tirtos.oer4f (.text:SemaphoreP_Params_init)
                  00004e40    00000228     sysbios.aer4ft : BIOS.obj (.text:ti_sysbios_heaps_HeapMem_allocUnprotected__E)
                  00005068    00000008                    : BIOS.obj (.text:ti_sysbios_family_arm_v7a_Pmu_getEnabled__E)
                  00005070    00000220                    : BIOS.obj (.text:ti_sysbios_knl_Task_sleep__E)
                  00005290    00000214     uartsci.oer4f (.text:UartSci_open)
                  000054a4    000001fc     main_mss.oer4f (.text:Test_initTask)
                  000056a0    000001f0     libdma_xwr68xx.aer4f : dma.oer4f (.text:DMA_setChannelParams)
                  00005890    000001e4     rtsv7R4_T_le_v3D16_eabi.lib : strtod.obj (.text)
                  00005a74    000001e4                                 : strtoll.obj (.text)
                  00005c58    00000006     libosal_xwr68xx.aer4f : HwiP_tirtos.oer4f (.text:HwiP_restore)
                  00005c5e    00000002     mss_per4ft.oer4ft (.text:ti_sysbios_BIOS_nullFunc__I)
                  00005c60    000001e4     sysbios.aer4ft : BIOS.obj (.text:ti_sysbios_family_arm_v7r_vim_Hwi_dispatchIRQC__I)
                  00005e44    0000000c     uartsci_dma.oer4f (.text:UartSci_isDMAEnabled)
                  00005e50    000001dc     sysbios.aer4ft : BIOS.obj (.text:ti_sysbios_knl_Task_Module_startup__E)
                  0000602c    000001d0     rtsv7R4_T_le_v3D16_eabi.lib : fscanf.obj (.text)
                  000061fc    000001c8     uart_test.oer4f (.text:Test_txTask)
                  000063c4    000001c8     rtsv7R4_T_le_v3D16_eabi.lib : fopen.obj (.text)
                  0000658c    00000004     mss_per4ft.oer4ft (.text:ti_sysbios_BIOS_RtsGateProxy_enter__E)
                  00006590    000001c8     sysbios.aer4ft : BIOS.obj (.text:ti_sysbios_knl_Task_Instance_init__E)
                  00006758    000001b4     uart_test.oer4f (.text:Test_rxTask)
                  0000690c    00000004     mss_per4ft.oer4ft (.text:ti_sysbios_BIOS_RtsGateProxy_leave__E)
                  00006910    0000019c     sysbios.aer4ft : BIOS.obj (.text:xdc_runtime_Error_policyDefault__E)
                  00006aac    00000004     mss_per4ft.oer4ft (.text:ti_sysbios_family_arm_TaskSupport_Module__startupDone__S)
                  00006ab0    00000184     sysbios.aer4ft : BIOS.obj (.text:ti_sysbios_timers_rti_Timer_Module_startup__E)
                  00006c34    0000000c                    : arm_IntrinsicsSupport_asm.obj (.text:_ti_sysbios_family_arm_IntrinsicsSupport_maxbitA)
                  00006c40    0000017c                    : BIOS.obj (.text:ti_sysbios_family_arm_exc_Exception_excHandler__I)
                  00006dbc    00000004     mss_per4ft.oer4ft (.text:ti_sysbios_family_arm_v7r_vim_Hwi_delete)
                  00006dc0    0000017c     sysbios.aer4ft : BIOS.obj (.text:ti_sysbios_knl_Semaphore_post__E)
                  00006f3c    00000164     main_mss.oer4f (.text:main)
                  000070a0    00000164     rtsv7R4_T_le_v3D16_eabi.lib : strtoull.obj (.text)
                  00007204    0000000c                                 : copy_zero_init.obj (.text:decompress:ZI)
                  00007210    00000160     sysbios.aer4ft : BIOS.obj (.text:ti_sysbios_family_arm_v7r_vim_Hwi_reconfig__E)
                  00007370    0000014a     uartsci.oer4f (.text:UartSci_ISR)
                  000074ba    00000004     mss_per4ft.oer4ft (.text:ti_sysbios_heaps_HeapMem_Module_GateProxy_enter__E)
                  000074be    00000002     mss_per4ft.oer4ft (.text:xdc_runtime_Startup_reset__I)
                  000074c0    00000140     sysbios.aer4ft : BIOS.obj (.text:ti_sysbios_heaps_HeapMem_Instance_init__E)
                  00007600    00000140                    : BIOS.obj (.text:xdc_runtime_Core_createObject__I)
                  00007740    0000013c                    : BIOS.obj (.text:ti_sysbios_knl_Clock_workFunc__E)
                  0000787c    00000138     rtsv7R4_T_le_v3D16_eabi.lib : fputs.obj (.text)
                  000079b4    0000000c     sysbios.aer4ft : BIOS.obj (.text:ti_sysbios_family_arm_v7a_Pmu_configureCounterI__I)
                  000079c0    00000134                    : BIOS.obj (.text:xdc_runtime_Startup_startMods__I)
                  00007af4    00000130     rtsv7R4_T_le_v3D16_eabi.lib : strtol.obj (.text)
                  00007c24    00000120     libtestlogger_xwr68xx.aer4f : logger.oer4f (.text:MCPI_setFeatureTestResult)
                  00007d44    0000000c     sysbios.aer4ft : BIOS.obj (.text:ti_sysbios_family_arm_v7a_Pmu_getCountI__E)
                  00007d50    00000118                    : BIOS.obj (.text:ti_sysbios_family_arm_v7r_vim_Hwi_Instance_init__E)
                  00007e68    00000004     mss_per4ft.oer4ft (.text:ti_sysbios_heaps_HeapMem_Module_GateProxy_leave__E)
                  00007e6c    00000004     mss_per4ft.oer4ft (.text:ti_sysbios_knl_Clock_TimerProxy_getMaxTicks__E)
                  00007e70    00000118     sysbios.aer4ft : BIOS.obj (.text:ti_sysbios_knl_Swi_run__I)
                  00007f88    00000110     rtsv7R4_T_le_v3D16_eabi.lib : strtoul.obj (.text)
                  00008098    00000004     mss_per4ft.oer4ft (.text:ti_sysbios_knl_Semaphore_delete)
                  0000809c    00000004     mss_per4ft.oer4ft (.text:xdc_runtime_System_Module_GateProxy_enter__E)
                  000080a0    0000010c     sysbios.aer4ft : BIOS.obj (.text:xdc_runtime_Core_constructObject__I)
                  000081ac    00000108     libdma_xwr68xx.aer4f : dma.oer4f (.text:DMA_disableInterrupt)
                  000082b4    00000108     uart_echo.oer4f (.text:Test_echo)
                  000083bc    00000004     mss_per4ft.oer4ft (.text:xdc_runtime_System_Module_GateProxy_leave__E)
                  000083c0    00000104     sysbios.aer4ft : BIOS.obj (.text:ti_sysbios_timers_rti_Timer_getFreq__E)
                  000084c4    00000100     libdma_xwr68xx.aer4f : dma.oer4f (.text:DMA_clearChannelInterruptFlag)
                  000085c4    000000f8     mss_per4ft.oer4ft (.text:xdc_runtime_System_printfExtend__I)
                  000086bc    00000004     --HOLE-- [fill = 0]
                  000086c0    000000f0     sysbios.aer4ft : BIOS.obj (.text:ti_sysbios_family_arm_v7r_vim_Hwi_Module_startup__E)
                  000087b0    000000ec     rtsv7R4_T_le_v3D16_eabi.lib : s_scalbn.obj (.text)
                  0000889c    00000004     --HOLE-- [fill = 0]
                  000088a0    000000ec     sysbios.aer4ft : BIOS.obj (.text:ti_sysbios_heaps_HeapBuf_Module_startup__E)
                  0000898c    000000e0     libdma_xwr68xx.aer4f : dma.oer4f (.text:DMA_enableInterrupt)
                  00008a6c    000000dc     rtsv7R4_T_le_v3D16_eabi.lib : setvbuf.obj (.text)
                  00008b48    00000008     --HOLE-- [fill = 0]
                  00008b50    000000d4     sysbios.aer4ft : BIOS.obj (.text:ti_sysbios_knl_Task_exit__E)
                  00008c24    0000000c     mss_per4ft.oer4ft (.text:ti_sysbios_knl_Queue_Object__get__S)
                  00008c30    000000d4     sysbios.aer4ft : BIOS.obj (.text:ti_sysbios_knl_Task_schedule__I)
                  00008d04    000000d0                    : exc_Exception_asm.obj (.text:ti_sysbios_family_arm_exc_Exception_excHandlerAsm__I)
                  00008dd4    000000cc     rtsv7R4_T_le_v3D16_eabi.lib : fflush.obj (.text)
                  00008ea0    000000cc     sysbios.aer4ft : BIOS.obj (.text:ti_sysbios_knl_Task_checkStacks__E)
                  00008f6c    000000c8     libsoc_xwr68xx.aer4f : soc_xwr68xx.oer4f (.text:SOC_ungateClock)
                  00009034    0000000a     libosal_xwr68xx.aer4f : MemoryP_tirtos.oer4f (.text:MemoryP_ctrlFree)
                  0000903e    00000002     --HOLE-- [fill = 0]
                  00009040    000000c8     sysbios.aer4ft : BIOS.obj (.text:ti_sysbios_knl_Task_postInit__I)
                  00009108    000000c6     uart_test.oer4f (.text:Test_validateBuffer)
                  000091ce    00000002     --HOLE-- [fill = 0]
                  000091d0    000000c4     sysbios.aer4ft : BIOS.obj (.text:ti_sysbios_family_arm_v7a_Pmu_configureCounter__E)
                  00009294    0000000a     libosal_xwr68xx.aer4f : SemaphoreP_tirtos.oer4f (.text:SemaphoreP_post)
                  0000929e    00000002     --HOLE-- [fill = 0]
                  000092a0    000000c0     sysbios.aer4ft : BIOS.obj (.text:ti_sysbios_timers_rti_Timer_startup__E)
                  00009360    000000bc     rtsv7R4_T_le_v3D16_eabi.lib : open.obj (.text)
                  0000941c    000000b8     libdma_xwr68xx.aer4f : dma.oer4f (.text:DMA_getChannelInterruptFlag)
                  000094d4    000000b6     libsoc_xwr68xx.aer4f : soc_mpu.o (.text)
                  0000958a    00000006     --HOLE-- [fill = 0]
                  00009590    000000b4     sysbios.aer4ft : BIOS.obj (.text:ti_sysbios_gates_GateMutex_enter__E)
                  00009644    0000000a     UART.oer4f (.text:UART_close)
                  0000964e    00000002     --HOLE-- [fill = 0]
                  00009650    000000b4     sysbios.aer4ft : BIOS.obj (.text:ti_sysbios_knl_Task_startCore__E)
                  00009704    000000b2     uartsci_dma.oer4f (.text:UartSci_openDMA)
                  000097b6    0000000a     UART.oer4f (.text:UART_control)
                  000097c0    000000b0     sysbios.aer4ft : BIOS.obj (.text:xdc_runtime_Text_putMod__E)
                  00009870    000000ae     rtsv7R4_T_le_v3D16_eabi.lib : _io_perm.obj (.text)
                  0000991e    00000002     --HOLE-- [fill = 0]
                  00009920    000000ac     libesm_xwr68xx.aer4f : esm.oer4f (.text:ESM_processInterrupt)
                  000099cc    000000a8     libpinmux_xwr68xx.aer4f : pinmux.oer4f (.text:Pinmux_Set_OverrideCtrl)
                  00009a74    0000000a     UART.oer4f (.text:UART_read)
                  00009a7e    00000002     --HOLE-- [fill = 0]
                  00009a80    000000a8     sysbios.aer4ft : BIOS.obj (.text:ti_sysbios_knl_Swi_post__E)
                  00009b28    000000a4     libdma_xwr68xx.aer4f : dma.oer4f (.text:DMA_assignChannel)
                  00009bcc    000000a4     libesm_xwr68xx.aer4f : esm.oer4f (.text:ESM_init)
                  00009c70    000000a4     libsoc_xwr68xx.aer4f : soc_xwr68xx_mss.oer4f (.text:SOC_unhaltDSS)
                  00009d14    0000000a     UART.oer4f (.text:UART_readPolling)
                  00009d1e    00000002     --HOLE-- [fill = 0]
                  00009d20    000000a2     sysbios.aer4ft : BIOS.obj (.text:xdc_runtime_Text_putSite__E)
                  00009dc2    00000002     --HOLE-- [fill = 0]
                  00009dc4    000000a0     auto_init.aer4ft : auto_init.oer4ft (.text)
                  00009e64    0000000a     UART.oer4f (.text:UART_write)
                  00009e6e    00000002     --HOLE-- [fill = 0]
                  00009e70    000000a0     sysbios.aer4ft : BIOS.obj (.text:ti_sysbios_knl_Task_blockI__E)
                  00009f10    0000009c     uartsci.oer4f (.text:UartSci_write)
                  00009fac    0000009c     rtsv7R4_T_le_v3D16_eabi.lib : _bufread.obj (.text)
                  0000a048    0000009c                                 : memcpy_t2.obj (.text)
                  0000a0e4    0000000a     UART.oer4f (.text:UART_writePolling)
                  0000a0ee    00000002     --HOLE-- [fill = 0]
                  0000a0f0    0000009c     sysbios.aer4ft : BIOS.obj (.text:ti_sysbios_family_arm_v7r_vim_Hwi_initIntController__I)
                  0000a18c    00000004     --HOLE-- [fill = 0]
                  0000a190    0000009c                    : BIOS.obj (.text:ti_sysbios_family_arm_v7r_vim_Hwi_mapChannel__I)
                  0000a22c    00000004     --HOLE-- [fill = 0]
                  0000a230    0000009c                    : BIOS.obj (.text:ti_sysbios_knl_Semaphore_Instance_init__E)
                  0000a2cc    00000098     rtsv7R4_T_le_v3D16_eabi.lib : fclose.obj (.text)
                  0000a364    00000098                                 : fputc.obj (.text)
                  0000a3fc    00000098     sysbios.aer4ft : vim_Hwi_asm_switch.obj (.text)
                  0000a494    00000096     uartsci.oer4f (.text:UartSci_readChar)
                  0000a52a    00000002     --HOLE-- [fill = 0]
                  0000a52c    00000094     rtsv7R4_T_le_v3D16_eabi.lib : snprintf.obj (.text)
                  0000a5c0    00000094     sysbios.aer4ft : vim_Hwi_asm.obj (.text:ti_sysbios_family_arm_v7r_vim_Hwi_dispatchIRQ__I)
                  0000a654    00000090     uartsci_dma.oer4f (.text:UartSci_initiateTxDMA)
                  0000a6e4    00000090     uartsci.oer4f (.text:UartSci_read)
                  0000a774    00000090     rtsv7R4_T_le_v3D16_eabi.lib : fgetc.obj (.text)
                  0000a804    0000000a     sysbios.aer4ft : tms570_Core_asm.obj (.text:ti_sysbios_family_arm_v7r_tms570_Core_getId__E)
                  0000a80e    00000002     --HOLE-- [fill = 0]
                  0000a810    00000090                    : BIOS.obj (.text:ti_sysbios_family_arm_v7a_Pmu_resetCount__E)
                  0000a8a0    00000090                    : BIOS.obj (.text:ti_sysbios_family_arm_v7a_Pmu_startCounter__E)
                  0000a930    00000090                    : BIOS.obj (.text:ti_sysbios_knl_Task_unblockI__E)
                  0000a9c0    0000008d     uart_test.oer4f (.text:Test_sciLoopbackWorkaround)
                  0000aa4d    00000003     --HOLE-- [fill = 0]
                  0000aa50    0000008c     libdma_xwr68xx.aer4f : dma.oer4f (.text:DMA_deleteInstance)
                  0000aadc    0000008c     uartsci_dma.oer4f (.text:UartSci_initiateRxDMA)
                  0000ab68    00000008     --HOLE-- [fill = 0]
                  0000ab70    0000008c     sysbios.aer4ft : BIOS.obj (.text:ti_sysbios_family_arm_v7a_Pmu_getCount__E)
                  0000abfc    00000004     --HOLE-- [fill = 0]
                  0000ac00    0000008c                    : BIOS.obj (.text:ti_sysbios_family_arm_v7a_Pmu_stopCounter__E)
                  0000ac8c    00000004     --HOLE-- [fill = 0]
                  0000ac90    0000008c                    : BIOS.obj (.text:ti_sysbios_family_arm_v7r_vim_Hwi_Instance_finalize__E)
                  0000ad1c    00000004     --HOLE-- [fill = 0]
                  0000ad20    0000008c                    : BIOS.obj (.text:xdc_runtime_Memory_alloc__E)
                  0000adac    00000084     libsoc_xwr68xx.aer4f : soc.oer4f (.text:SOC_init)
                  0000ae30    00000080     uartsci.oer4f (.text:UartSci_writePolling)
                  0000aeb0    00000080     rtsv7R4_T_le_v3D16_eabi.lib : ungetc.obj (.text)
                  0000af30    00000080     sysbios.aer4ft : BIOS.obj (.text:ti_sysbios_timers_rti_Timer_initDevice__I)
                  0000afb0    0000007e     libosal_xwr68xx.aer4f : HwiP_tirtos.oer4f (.text:HwiP_create)
                  0000b02e    00000002     --HOLE-- [fill = 0]
                  0000b030    0000007c     uartsci.oer4f (.text:UartSci_readPolling)
                  0000b0ac    0000007c     sysbios.aer4ft : arm_TaskSupport_asm.obj (.text:_ti_sysbios_family_arm_TaskSupport_buildTaskStack)
                  0000b128    00000008     --HOLE-- [fill = 0]
                  0000b130    0000007c                    : BIOS.obj (.text:xdc_runtime_Core_deleteObject__I)
                  0000b1ac    0000007a     rtsv7R4_T_le_v3D16_eabi.lib : memset_t2.obj (.text)
                  0000b226    00000002     --HOLE-- [fill = 0]
                  0000b228    00000074     boot.aer4ft : boot.oer4ft (.text)
                  0000b29c    00000074     rtsv7R4_T_le_v3D16_eabi.lib : getdevice.obj (.text)
                  0000b310    00000074                                 : s_frexp.obj (.text)
                  0000b384    00000070                                 : printf.obj (.text)
                  0000b3f4    0000000a     mss_per4ft.oer4ft (.text:xdc_runtime_IHeap_alloc)
                  0000b3fe    00000002     --HOLE-- [fill = 0]
                  0000b400    00000070     sysbios.aer4ft : BIOS.obj (.text:xdc_runtime_Error_print__E)
                  0000b470    00000070                    : BIOS.obj (.text:xdc_runtime_Text_visitRope2__I)
                  0000b4e0    0000006e     libdma_xwr68xx.aer4f : dma.oer4f (.text:DMA_btcISR)
                  0000b54e    00000002     --HOLE-- [fill = 0]
                  0000b550    0000006c                          : dma.oer4f (.text:DMA_disableChannel)
                  0000b5bc    0000006c                          : dma.oer4f (.text:DMA_enableChannel)
                  0000b628    0000006c     libpinmux_xwr68xx.aer4f : pinmux.oer4f (.text:Pinmux_Set_FuncSel)
                  0000b694    0000006c     rtsv7R4_T_le_v3D16_eabi.lib : copy_decompress_lzss.obj (.text:decompress:lzss)
                  0000b700    0000006c                                 : trgmsg.obj (.text)
                  0000b76c    0000006a     libdma_xwr68xx.aer4f : dma.oer4f (.text:DMA_berISR)
                  0000b7d6    00000002     --HOLE-- [fill = 0]
                  0000b7d8    0000006a                          : dma.oer4f (.text:DMA_ftcISR)
                  0000b842    00000002     --HOLE-- [fill = 0]
                  0000b844    0000006a                          : dma.oer4f (.text:DMA_hbcISR)
                  0000b8ae    00000002     --HOLE-- [fill = 0]
                  0000b8b0    0000006a                          : dma.oer4f (.text:DMA_lfsISR)
                  0000b91a    0000006a     uartsci.oer4f (.text:UartSci_control)
                  0000b984    00000068     rtsv7R4_T_le_v3D16_eabi.lib : hostlseek.obj (.text)
                  0000b9ec    00000068                                 : hostrename.obj (.text)
                  0000ba54    0000000a     mss_per4ft.oer4ft (.text:xdc_runtime_IHeap_free)
                  0000ba5e    00000002     --HOLE-- [fill = 0]
                  0000ba60    00000068     sysbios.aer4ft : BIOS.obj (.text:ti_sysbios_knl_Swi_schedule__I)
                  0000bac8    00000064     libosal_xwr68xx.aer4f : SemaphoreP_tirtos.oer4f (.text:SemaphoreP_create)
                  0000bb2c    00000064     rtsv7R4_T_le_v3D16_eabi.lib : fseek.obj (.text)
                  0000bb90    00000064                                 : sprintf.obj (.text)
                  0000bbf4    00000064     sysbios.aer4ft : exc_Exception_asm.obj (.text:ti_sysbios_family_arm_exc_Exception_initCore0__I)
                  0000bc58    00000008     --HOLE-- [fill = 0]
                  0000bc60    00000064                    : BIOS.obj (.text:ti_sysbios_family_arm_v7r_vim_Hwi_phantomIntHandler__I)
                  0000bcc4    0000000c     --HOLE-- [fill = 0]
                  0000bcd0    00000064                    : BIOS.obj (.text:ti_sysbios_knl_Clock_logTick__E)
                  0000bd34    0000000c     --HOLE-- [fill = 0]
                  0000bd40    00000064                    : BIOS.obj (.text:xdc_runtime_Startup_exec__E)
                  0000bda4    0000000c     --HOLE-- [fill = 0]
                  0000bdb0    00000060                    : BIOS.obj (.text:ti_sysbios_heaps_HeapMem_alloc__E)
                  0000be10    00000060                    : BIOS.obj (.text:xdc_runtime_Assert_raise__I)
                  0000be70    0000005f                    : BIOS.obj (.text:xdc_runtime_Text_putLab__E)
                  0000becf    00000001     --HOLE-- [fill = 0]
                  0000bed0    0000005e     uartsci.oer4f (.text:UartSci_writeChar)
                  0000bf2e    00000002     --HOLE-- [fill = 0]
                  0000bf30    0000005c     rtsv7R4_T_le_v3D16_eabi.lib : hostopen.obj (.text)
                  0000bf8c    0000005c                                 : hostread.obj (.text)
                  0000bfe8    0000005a     uartsci.oer4f (.text:UartSci_readCancel)
                  0000c042    00000002     --HOLE-- [fill = 0]
                  0000c044    00000058     libesm_xwr68xx.aer4f : esm.oer4f (.text:ESM_highpriority_FIQ)
                  0000c09c    00000058     uartsci_dma.oer4f (.text:UartSci_closeDMA)
                  0000c0f4    00000058     rtsv7R4_T_le_v3D16_eabi.lib : close.obj (.text)
                  0000c14c    00000058                                 : hostwrite.obj (.text)
                  0000c1a4    0000000c     --HOLE-- [fill = 0]
                  0000c1b0    00000058     sysbios.aer4ft : BIOS.obj (.text:ti_sysbios_knl_Swi_restoreHwi__E)
                  0000c208    00000054     libdma_xwr68xx.aer4f : dma.oer4f (.text:DMA_freeChannel)
                  0000c25c    00000054     rtsv7R4_T_le_v3D16_eabi.lib : ltoa.obj (.text)
                  0000c2b0    00000054     mss_per4ft.oer4ft (.text:ti_sysbios_family_arm_v7r_vim_Hwi_create)
                  0000c304    0000000c     --HOLE-- [fill = 0]
                  0000c310    00000054     sysbios.aer4ft : BIOS.obj (.text:ti_sysbios_heaps_HeapMem_getStats__E)
                  0000c364    0000000c     --HOLE-- [fill = 0]
                  0000c370    00000054                    : BIOS.obj (.text:ti_sysbios_knl_Swi_runLoop__I)
                  0000c3c4    0000000c     --HOLE-- [fill = 0]
                  0000c3d0    00000054                    : BIOS.obj (.text:ti_sysbios_knl_Swi_startup__E)
                  0000c424    0000000c     --HOLE-- [fill = 0]
                  0000c430    00000054                    : BIOS.obj (.text:xdc_runtime_Core_assignLabel__I)
                  0000c484    00000050     uart_test.oer4f (.text:Test_blockingData)
                  0000c4d4    00000050     rtsv7R4_T_le_v3D16_eabi.lib : atoi.obj (.text)
                  0000c524    00000050                                 : exit.obj (.text)
                  0000c574    00000050                                 : u_div32.obj (.text)
                  0000c5c4    0000000c     --HOLE-- [fill = 0]
                  0000c5d0    00000050     sysbios.aer4ft : BIOS.obj (.text:xdc_runtime_System_exit__E)
                  0000c620    0000004c     uartsci.oer4f (.text:UartSci_writeCancel)
                  0000c66c    0000004c     rtsv7R4_T_le_v3D16_eabi.lib : cpy_tbl.obj (.text)
                  0000c6b8    00000008     --HOLE-- [fill = 0]
                  0000c6c0    0000004c     sysbios.aer4ft : BIOS.obj (.text:ti_sysbios_family_arm_v7r_vim_Hwi_getStackInfo__E)
                  0000c70c    0000004c     mss_per4ft.oer4ft (.text:ti_sysbios_knl_Task_create)
                  0000c758    00000008     --HOLE-- [fill = 0]
                  0000c760    0000004a     sysbios.aer4ft : BIOS.obj (.text:xdc_runtime_Core_assignParams__I)
                  0000c7aa    00000006     --HOLE-- [fill = 0]
                  0000c7b0    0000004a                    : BIOS.obj (.text:xdc_runtime_Text_xprintf__I)
                  0000c7fa    00000002     --HOLE-- [fill = 0]
                  0000c7fc    00000044     libsoc_xwr68xx.aer4f : soc_xwr68xx_mss.oer4f (.text:SOC_resetDMA)
                  0000c840    00000044     rtsv7R4_T_le_v3D16_eabi.lib : hostclose.obj (.text)
                  0000c884    00000044                                 : hostunlink.obj (.text)
                  0000c8c8    00000008     --HOLE-- [fill = 0]
                  0000c8d0    00000044     sysbios.aer4ft : BIOS.obj (.text:ti_sysbios_family_arm_v7r_tms570_Core_Module_startup__E)
                  0000c914    0000000c     --HOLE-- [fill = 0]
                  0000c920    00000044                    : BIOS.obj (.text:ti_sysbios_knl_Task_allBlockedFunction__I)
                  0000c964    0000000c     --HOLE-- [fill = 0]
                  0000c970    00000044                    : BIOS.obj (.text:xdc_runtime_System_atexit__E)
                  0000c9b4    0000000c     --HOLE-- [fill = 0]
                  0000c9c0    00000040                    : BIOS.obj (.text:ti_sysbios_timers_rti_Timer_stop__E)
                  0000ca00    0000003e     libdma_xwr68xx.aer4f : dma.oer4f (.text:CSL_FINSR)
                  0000ca3e    0000003e     libpinmux_xwr68xx.aer4f : pinmux.oer4f (.text:CSL_FINSR)
                  0000ca7c    0000003e     libsoc_xwr68xx.aer4f : soc.oer4f (.text:CSL_FINSR)
                  0000caba    0000003e                          : soc_xwr68xx.oer4f (.text:CSL_FINSR)
                  0000caf8    0000003e                          : soc_xwr68xx_mss.oer4f (.text:CSL_FINSR)
                  0000cb36    0000003e     uartsci.oer4f (.text:CSL_FINSR)
                  0000cb74    0000003e     uartsci.oer4f (.text:UartSci_close)
                  0000cbb2    00000002     --HOLE-- [fill = 0]
                  0000cbb4    0000003c     libsoc_xwr68xx.aer4f : soc.oer4f (.text:SOC_unhaltBSS)
                  0000cbf0    0000003c     sysbios.aer4ft : vim_Hwi_asm.obj (.text:ti_sysbios_family_arm_v7r_vim_Hwi_init__I)
                  0000cc2c    00000004     --HOLE-- [fill = 0]
                  0000cc30    0000003c                    : BIOS.obj (.text:ti_sysbios_hal_Hwi_checkStack)
                  0000cc6c    00000004     --HOLE-- [fill = 0]
                  0000cc70    0000003c                    : BIOS.obj (.text:ti_sysbios_heaps_HeapMem_init__I)
                  0000ccac    00000004     --HOLE-- [fill = 0]
                  0000ccb0    0000003c                    : BIOS.obj (.text:ti_sysbios_timers_rti_Timer_setPeriod__E)
                  0000ccec    0000003a     libosal_xwr68xx.aer4f : HwiP_tirtos.oer4f (.text:HwiP_delete)
                  0000cd26    00000002     --HOLE-- [fill = 0]
                  0000cd28    00000038     UART.oer4f (.text:UART_init)
                  0000cd60    00000036     rtsv7R4_T_le_v3D16_eabi.lib : strncpy.obj (.text)
                  0000cd96    00000002     --HOLE-- [fill = 0]
                  0000cd98    00000034     libsoc_xwr68xx.aer4f : soc_xwr68xx_mss.oer4f (.text:SOC_hasDSPCore)
                  0000cdcc    00000034     UART.oer4f (.text:UART_open)
                  0000ce00    00000034     mss_per4ft.oer4ft (.text:ti_sysbios_knl_Semaphore_create)
                  0000ce34    0000000c     --HOLE-- [fill = 0]
                  0000ce40    00000032     sysbios.aer4ft : BIOS.obj (.text:ti_sysbios_hal_Hwi_initStack)
                  0000ce72    00000002     --HOLE-- [fill = 0]
                  0000ce74    00000030     mss_per4ft.oer4ft (.text:ti_sysbios_BIOS_atExitFunc__I)
                  0000cea4    00000030     mss_per4ft.oer4ft (.text:ti_sysbios_BIOS_startFunc__I)
                  0000ced4    0000000c     --HOLE-- [fill = 0]
                  0000cee0    00000030     sysbios.aer4ft : BIOS.obj (.text:ti_sysbios_family_arm_TaskSupport_start__E)
                  0000cf10    00000030     mss_per4ft.oer4ft (.text:ti_sysbios_gates_GateHwi_Object__create__S)
                  0000cf40    00000030     mss_per4ft.oer4ft (.text:ti_sysbios_gates_GateMutex_Object__create__S)
                  0000cf70    00000030     mss_per4ft.oer4ft (.text:ti_sysbios_heaps_HeapMem_Object__create__S)
                  0000cfa0    00000030     sysbios.aer4ft : BIOS.obj (.text:ti_sysbios_heaps_HeapMem_free__E)
                  0000cfd0    00000030     mss_per4ft.oer4ft (.text:ti_sysbios_knl_Semaphore_construct)
                  0000d000    0000002f     sysbios.aer4ft : BIOS.obj (.text:xdc_runtime_Text_printVisFxn__I)
                  0000d02f    00000001     --HOLE-- [fill = 0]
                  0000d030    0000002e                    : BIOS.obj (.text:ti_sysbios_knl_Semaphore_pendTimeout__I)
                  0000d05e    0000002e     mss_per4ft.oer4ft (.text:ti_sysbios_rts_MemAlloc_alloc)
                  0000d08c    0000002c     rtsv7R4_T_le_v3D16_eabi.lib : unlink.obj (.text)
                  0000d0b8    0000002c     mss_per4ft.oer4ft (.text:ti_sysbios_knl_Clock_doTick__I)
                  0000d0e4    0000002c     mss_per4ft.oer4ft (.text:ti_sysbios_knl_Queue_construct)
                  0000d110    0000002c     sysbios.aer4ft : BIOS.obj (.text:ti_sysbios_knl_Swi_Module_startup__E)
                  0000d13c    00000004     --HOLE-- [fill = 0]
                  0000d140    0000002c                    : BIOS.obj (.text:ti_sysbios_timers_rti_Timer_periodicStub__E)
                  0000d16c    0000002a     libsoc_xwr68xx.aer4f : soc.oer4f (.text:SOC_SystemISR)
                  0000d196    0000002a     rtsv7R4_T_le_v3D16_eabi.lib : strncmp.obj (.text)
                  0000d1c0    00000028     uartsci_dma.oer4f (.text:UartSci_RxDMACallbackFxn)
                  0000d1e8    00000028     uartsci_dma.oer4f (.text:UartSci_TxDMACallbackFxn)
                  0000d210    00000028     rtsv7R4_T_le_v3D16_eabi.lib : lseek.obj (.text)
                  0000d238    00000028                                 : read.obj (.text)
                  0000d260    00000028                                 : write.obj (.text)
                  0000d288    00000008     --HOLE-- [fill = 0]
                  0000d290    00000028     sysbios.aer4ft : BIOS.obj (.text:ti_sysbios_knl_Idle_run__E)
                  0000d2b8    00000008     --HOLE-- [fill = 0]
                  0000d2c0    00000028                    : BIOS.obj (.text:xdc_runtime_SysStd_abort__E)
                  0000d2e8    00000008     --HOLE-- [fill = 0]
                  0000d2f0    00000028                    : BIOS.obj (.text:xdc_runtime_System_aprintf_va__F)
                  0000d318    00000008     --HOLE-- [fill = 0]
                  0000d320    00000026                    : BIOS.obj (.text:xdc_runtime_System_printf_va__F)
                  0000d346    00000002     --HOLE-- [fill = 0]
                  0000d348    00000024     libtestlogger_xwr68xx.aer4f : logger.oer4f (.text:MCPI_Initialize)
                  0000d36c    00000024     mss_per4ft.oer4ft (.text:ti_sysbios_BIOS_errorRaiseHook__I)
                  0000d390    00000024     mss_per4ft.oer4ft (.text:ti_sysbios_BIOS_registerRTSLock__I)
                  0000d3b4    00000024     mss_per4ft.oer4ft (.text:ti_sysbios_BIOS_removeRTSLock__I)
                  0000d3d8    00000024     mss_per4ft.oer4ft (.text:ti_sysbios_gates_GateMutex_Object__delete__S)
                  0000d3fc    00000004     --HOLE-- [fill = 0]
                  0000d400    00000024     sysbios.aer4ft : BIOS.obj (.text:ti_sysbios_knl_Clock_Module_startup__E)
                  0000d424    00000024     mss_per4ft.oer4ft (.text:ti_sysbios_knl_Semaphore_Object__delete__S)
                  0000d448    00000008     --HOLE-- [fill = 0]
                  0000d450    00000024     sysbios.aer4ft : BIOS.obj (.text:ti_sysbios_knl_Task_restoreHwi__E)
                  0000d474    00000022     uartsci.oer4f (.text:UartSci_disableRxDMA)
                  0000d496    00000022     uartsci.oer4f (.text:UartSci_enableRxDMA)
                  0000d4b8    00000020     libesm_xwr68xx.aer4f : esm.oer4f (.text:ESM_lowpriority_IRQ)
                  0000d4d8    00000020     libpinmux_xwr68xx.aer4f : pinmux.oer4f (.text:Pinmux_Unlock)
                  0000d4f8    00000020     rtsv7R4_T_le_v3D16_eabi.lib : memchr.obj (.text)
                  0000d518    00000008     --HOLE-- [fill = 0]
                  0000d520    00000020     sysbios.aer4ft : BIOS.obj (.text:ti_sysbios_family_arm_v7a_Pmu_Module_startup__E)
                  0000d540    00000020     mss_per4ft.oer4ft (.text:ti_sysbios_family_arm_v7r_vim_Hwi_Object__delete__S)
                  0000d560    00000020     sysbios.aer4ft : BIOS.obj (.text:ti_sysbios_family_arm_v7r_vim_Hwi_disableInterrupt__E)
                  0000d580    00000020                    : BIOS.obj (.text:ti_sysbios_family_arm_v7r_vim_Hwi_enableInterrupt__E)
                  0000d5a0    00000020     mss_per4ft.oer4ft (.text:ti_sysbios_gates_GateHwi_Object__delete__S)
                  0000d5c0    00000020     mss_per4ft.oer4ft (.text:ti_sysbios_heaps_HeapMem_Object__delete__S)
                  0000d5e0    00000020     mss_per4ft.oer4ft (.text:ti_sysbios_knl_Semaphore_destruct)
                  0000d600    0000001e     rtsv7R4_T_le_v3D16_eabi.lib : strcat.obj (.text)
                  0000d61e    0000001c     libdma_xwr68xx.aer4f : dma.oer4f (.text:CSL_FEXTR)
                  0000d63a    0000001c     libsoc_xwr68xx.aer4f : soc.oer4f (.text:CSL_FEXTR)
                  0000d656    0000001c                          : soc_xwr68xx.oer4f (.text:CSL_FEXTR)
                  0000d672    0000001c                          : soc_xwr68xx_mss.oer4f (.text:CSL_FEXTR)
                  0000d68e    0000001c     uartsci.oer4f (.text:CSL_FEXTR)
                  0000d6aa    00000002     --HOLE-- [fill = 0]
                  0000d6ac    0000001c     sysbios.aer4ft : arm_TaskSupport_asm.obj (.text:_ti_sysbios_family_arm_TaskSupport_glue)
                  0000d6c8    0000001c                    : arm_TaskSupport_asm.obj (.text:_ti_sysbios_family_arm_TaskSupport_swap__E)
                  0000d6e4    0000001c     rtsv7R4_T_le_v3D16_eabi.lib : memccpy.obj (.text)
                  0000d700    0000001c     mss_per4ft.oer4ft (.text:ti_sysbios_BIOS_rtsLock__I)
                  0000d71c    00000004     --HOLE-- [fill = 0]
                  0000d720    0000001c     sysbios.aer4ft : BIOS.obj (.text:ti_sysbios_family_arm_v7r_vim_Hwi_clearInterrupt__E)
                  0000d73c    00000004     --HOLE-- [fill = 0]
                  0000d740    0000001c                    : BIOS.obj (.text:ti_sysbios_gates_GateMutex_Instance_init__E)
                  0000d75c    00000004     --HOLE-- [fill = 0]
                  0000d760    0000001c                    : BIOS.obj (.text:ti_sysbios_gates_GateMutex_leave__E)
                  0000d77c    0000001c     mss_per4ft.oer4ft (.text:ti_sysbios_knl_Queue_destruct)
                  0000d798    0000001a     main_mss.oer4f (.text:Test_benchmarkStart)
                  0000d7b2    0000001a     mss_per4ft.oer4ft (.text:free)
                  0000d7cc    0000001a     rtsv7R4_T_le_v3D16_eabi.lib : s_copysign.obj (.text)
                  0000d7e6    0000001a     mss_per4ft.oer4ft (.text:ti_sysbios_gates_GateHwi_Handle__label__S)
                  0000d800    0000001a     mss_per4ft.oer4ft (.text:ti_sysbios_gates_GateMutex_Handle__label__S)
                  0000d81a    0000001a     mss_per4ft.oer4ft (.text:ti_sysbios_heaps_HeapMem_Handle__label__S)
                  0000d834    0000001a     mss_per4ft.oer4ft (.text:xdc_runtime_System_aprintf__E)
                  0000d84e    0000001a     mss_per4ft.oer4ft (.text:xdc_runtime_System_printf__E)
                  0000d868    00000018     uart_test.oer4f (.text:Test_populateBuffer)
                  0000d880    00000018     rtsv7R4_T_le_v3D16_eabi.lib : args_main.obj (.text)
                  0000d898    00000018                                 : ll_mul_t2.obj (.text)
                  0000d8b0    00000018                                 : strcmp.obj (.text)
                  0000d8c8    00000018                                 : strrchr.obj (.text)
                  0000d8e0    00000018     mss_per4ft.oer4ft (.text:ti_sysbios_BIOS_rtsUnlock__I)
                  0000d8f8    00000018     sysbios.aer4ft : BIOS.obj (.text:ti_sysbios_family_arm_v7a_Pmu_initCounters__I)
                  0000d910    00000018     mss_per4ft.oer4ft (.text:ti_sysbios_family_arm_v7r_vim_Hwi_Module__startupDone__F)
                  0000d928    00000018     mss_per4ft.oer4ft (.text:ti_sysbios_family_arm_v7r_vim_Hwi_Params__init__S)
                  0000d940    00000018     mss_per4ft.oer4ft (.text:ti_sysbios_knl_Semaphore_Params__init__S)
                  0000d958    00000018     mss_per4ft.oer4ft (.text:ti_sysbios_knl_Task_Params__init__S)
                  0000d970    00000018     sysbios.aer4ft : BIOS.obj (.text:ti_sysbios_knl_Task_enter__I)
                  0000d988    00000018     mss_per4ft.oer4ft (.text:ti_sysbios_timers_rti_Timer_Module__startupDone__F)
                  0000d9a0    00000018     sysbios.aer4ft : BIOS.obj (.text:xdc_runtime_Error_init__E)
                  0000d9b8    00000016     rtsv7R4_T_le_v3D16_eabi.lib : strchr.obj (.text)
                  0000d9ce    00000016                                 : strlen.obj (.text)
                  0000d9e4    00000016     mss_per4ft.oer4ft (.text:ti_sysbios_BIOS_exitFunc__I)
                  0000d9fa    00000006     --HOLE-- [fill = 0]
                  0000da00    00000016     sysbios.aer4ft : BIOS.obj (.text:ti_sysbios_knl_Idle_loop__E)
                  0000da16    0000000a     --HOLE-- [fill = 0]
                  0000da20    00000016                    : BIOS.obj (.text:ti_sysbios_knl_Task_sleepTimeout__I)
                  0000da36    00000014     libosal_xwr68xx.aer4f : HwiP_tirtos.oer4f (.text:HwiP_Params_init)
                  0000da4a    00000002     --HOLE-- [fill = 0]
                  0000da4c    00000014     libtestlogger_xwr68xx.aer4f : logger.oer4f (.text:MCPI_setTestResult)
                  0000da60    00000014     libpinmux_xwr68xx.aer4f : pinmux.oer4f (.text:Pinmux_Lock)
                  0000da74    00000014     uartsci.oer4f (.text:UartSci_disableTxDMA)
                  0000da88    00000014     uartsci.oer4f (.text:UartSci_enableTxDMA)
                  0000da9c    00000014     libosal_xwr68xx.aer4f : DebugP_tirtos.oer4f (.text:_DebugP_assert)
                  0000dab0    00000014     rtsv7R4_T_le_v3D16_eabi.lib : _lock.obj (.text)
                  0000dac4    00000014                                 : strcpy.obj (.text)
                  0000dad8    00000014     mss_per4ft.oer4ft (.text:ti_sysbios_heaps_HeapMem_Object__get__S)
                  0000daec    00000014     mss_per4ft.oer4ft (.text:ti_sysbios_knl_Swi_Object__get__S)
                  0000db00    00000012     libosal_xwr68xx.aer4f : MemoryP_tirtos.oer4f (.text:MemoryP_ctrlAlloc)
                  0000db12    00000012                           : SemaphoreP_tirtos.oer4f (.text:SemaphoreP_pend)
                  0000db24    0000000c     --HOLE-- [fill = 0]
                  0000db30    00000012     sysbios.aer4ft : BIOS.obj (.text:ti_sysbios_hal_Hwi_Module_startup__E)
                  0000db42    00000012     mss_per4ft.oer4ft (.text:xdc_runtime_Startup_exec__I)
                  0000db54    00000010     libdma_xwr68xx.aer4f : dma.oer4f (.text:DMA_Params_init)
                  0000db64    00000010     main_mss.oer4f (.text:Test_benchmarkStop)
                  0000db74    0000000c     --HOLE-- [fill = 0]
                  0000db80    00000010     sysbios.aer4ft : BIOS.obj (.text:ti_sysbios_BIOS_exit__E)
                  0000db90    00000010                    : BIOS.obj (.text:ti_sysbios_BIOS_setThreadType__E)
                  0000dba0    00000010                    : BIOS.obj (.text:ti_sysbios_BIOS_start__E)
                  0000dbb0    00000010                    : BIOS.obj (.text:ti_sysbios_family_arm_v7a_Pmu_disableInterruptI__E)
                  0000dbc0    00000010                    : BIOS.obj (.text:ti_sysbios_family_arm_v7a_Pmu_enableInterruptI__E)
                  0000dbd0    00000010                    : BIOS.obj (.text:ti_sysbios_family_arm_v7a_Pmu_getNumCounters__E)
                  0000dbe0    00000010                    : BIOS.obj (.text:ti_sysbios_family_arm_v7a_Pmu_resetCountI__E)
                  0000dbf0    00000010                    : BIOS.obj (.text:ti_sysbios_family_arm_v7a_Pmu_startCounterI__E)
                  0000dc00    00000010                    : BIOS.obj (.text:ti_sysbios_family_arm_v7a_Pmu_stopCounterI__E)
                  0000dc10    00000010                    : BIOS.obj (.text:ti_sysbios_gates_GateMutex_Instance_finalize__E)
                  0000dc20    00000010     mss_per4ft.oer4ft (.text:ti_sysbios_heaps_HeapBuf_Object__get__S)
                  0000dc30    00000010     sysbios.aer4ft : BIOS.obj (.text:ti_sysbios_knl_Semaphore_Instance_finalize__E)
                  0000dc40    00000010                    : BIOS.obj (.text:ti_sysbios_knl_Swi_disable__E)
                  0000dc50    00000010     mss_per4ft.oer4ft (.text:ti_sysbios_knl_Task_Object__get__S)
                  0000dc60    00000010     sysbios.aer4ft : BIOS.obj (.text:ti_sysbios_knl_Task_disable__E)
                  0000dc70    00000010                    : BIOS.obj (.text:xdc_runtime_Memory_free__E)
                  0000dc80    00000010     mss_per4ft.oer4ft (.text:xdc_runtime_Text_visitRope__I)
                  0000dc90    0000000e     libosal_xwr68xx.aer4f : SemaphoreP_tirtos.oer4f (.text:SemaphoreP_delete)
                  0000dc9e    0000000e     rtsv7R4_T_le_v3D16_eabi.lib : copy_decompress_none.obj (.text:decompress:none)
                  0000dcac    00000004     --HOLE-- [fill = 0]
                  0000dcb0    0000000e     sysbios.aer4ft : BIOS.obj (.text:ti_sysbios_knl_Queue_empty__E)
                  0000dcbe    00000002     --HOLE-- [fill = 0]
                  0000dcc0    0000000c                    : BIOS.obj (.text:ti_sysbios_family_arm_TaskSupport_checkStack__E)
                  0000dccc    00000004     --HOLE-- [fill = 0]
                  0000dcd0    0000000c                    : BIOS.obj (.text:ti_sysbios_family_arm_TaskSupport_getStackAlignment__E)
                  0000dcdc    00000004     --HOLE-- [fill = 0]
                  0000dce0    0000000c                    : BIOS.obj (.text:ti_sysbios_family_arm_exc_Exception_Module_startup__E)
                  0000dcec    00000004     --HOLE-- [fill = 0]
                  0000dcf0    0000000c                    : BIOS.obj (.text:ti_sysbios_family_arm_v7r_vim_Hwi_switchFromBootStack__E)
                  0000dcfc    00000004     --HOLE-- [fill = 0]
                  0000dd00    0000000c                    : BIOS.obj (.text:xdc_runtime_Startup_rtsDone__E)
                  0000dd0c    00000004     --HOLE-- [fill = 0]
                  0000dd10    0000000c                    : BIOS.obj (.text:xdc_runtime_SysStd_exit__E)
                  0000dd1c    00000004     --HOLE-- [fill = 0]
                  0000dd20    0000000c                    : BIOS.obj (.text:xdc_runtime_SysStd_flush__E)
                  0000dd2c    00000004     --HOLE-- [fill = 0]
                  0000dd30    00000008                    : BIOS.obj (.text:ti_sysbios_gates_GateHwi_enter__E)
                  0000dd38    00000008     --HOLE-- [fill = 0]
                  0000dd40    00000006                    : BIOS.obj (.text:ti_sysbios_family_arm_v7r_vim_Hwi_startup__E)
                  0000dd46    0000000a     --HOLE-- [fill = 0]
                  0000dd50    00000006                    : BIOS.obj (.text:ti_sysbios_gates_GateHwi_leave__E)
                  0000dd56    0000000a     --HOLE-- [fill = 0]
                  0000dd60    00000006                    : BIOS.obj (.text:ti_sysbios_heaps_HeapMem_isBlocking__E)
                  0000dd66    0000000a     --HOLE-- [fill = 0]
                  0000dd70    00000006                    : BIOS.obj (.text:ti_sysbios_knl_Queue_Instance_init__E)
                  0000dd76    0000000a     --HOLE-- [fill = 0]
                  0000dd80    00000006                    : BIOS.obj (.text:xdc_runtime_System_Module_startup__E)
                  0000dd86    0000000a     --HOLE-- [fill = 0]
                  0000dd90    00000004                    : BIOS.obj (.text:ti_sysbios_gates_GateHwi_query__E)
                  0000dd94    0000000c     --HOLE-- [fill = 0]
                  0000dda0    00000004                    : BIOS.obj (.text:ti_sysbios_gates_GateMutex_query__E)
                  0000dda4    0000000c     --HOLE-- [fill = 0]
                  0000ddb0    00000004                    : BIOS.obj (.text:ti_sysbios_knl_Task_startup__E)
                  0000ddb4    0000000c     --HOLE-- [fill = 0]
                  0000ddc0    00000004                    : BIOS.obj (.text:ti_sysbios_timers_rti_Timer_getMaxTicks__E)
                  0000ddc4    0000000c     --HOLE-- [fill = 0]
                  0000ddd0    00000004                    : BIOS.obj (.text:xdc_runtime_SysStd_putch__E)
                  0000ddd4    0000000c     --HOLE-- [fill = 0]
                  0000dde0    00000004                    : BIOS.obj (.text:xdc_runtime_SysStd_ready__E)
                  0000dde4    0000000c     --HOLE-- [fill = 0]
                  0000ddf0    00000002                    : BIOS.obj (.text:ti_sysbios_BIOS_linkedWithIncorrectBootLibrary__E)
                  0000ddf2    0000000e     --HOLE-- [fill = 0]
                  0000de00    00000002                    : BIOS.obj (.text:ti_sysbios_gates_GateHwi_Instance_init__E)

.const     0    0000de08    000024a4     
                  0000de08    00001b6f     mss_per4ft.oer4ft (.const:xdc_runtime_Text_charTab__A)
                  0000f977    00000101     rtsv7R4_T_le_v3D16_eabi.lib : ctype.obj (.const:.string:_ctypes_)
                  0000fa78    000000d8     mss_per4ft.oer4ft (.const:xdc_runtime_Text_nodeTab__A)
                  0000fb50    00000098     rtsv7R4_T_le_v3D16_eabi.lib : strtod.obj (.const:$O1$$)
                  0000fbe8    00000080     mss_per4ft.oer4ft (.const:ti_sysbios_family_arm_v7r_vim_Hwi_channelMap__A)
                  0000fc68    00000058     mss_per4ft.oer4ft (.const:.string)
                  0000fcc0    00000044     mss_per4ft.oer4ft (.const:ti_sysbios_knl_Task_Object__PARAMS__C)
                  0000fd04    0000003c     UART.oer4f (.const:UART_defaultParams)
                  0000fd40    00000030     mss_per4ft.oer4ft (.const:ti_sysbios_family_arm_v7r_vim_Hwi_Object__PARAMS__C)
                  0000fd70    0000002c     mss_per4ft.oer4ft (.const:xdc_runtime_Startup_sfxnTab__A)
                  0000fd9c    00000028     uart_test.oer4f (.const:$O2$$)
                  0000fdc4    00000028     mss_per4ft.oer4ft (.const:ti_sysbios_heaps_HeapMem_Module__FXNS__C)
                  0000fdec    00000024     mss_per4ft.oer4ft (.const:ti_sysbios_gates_GateHwi_Module__FXNS__C)
                  0000fe10    00000024     mss_per4ft.oer4ft (.const:ti_sysbios_gates_GateMutex_Module__FXNS__C)
                  0000fe34    00000024     mss_per4ft.oer4ft (.const:ti_sysbios_heaps_HeapMem_Object__PARAMS__C)
                  0000fe58    00000024     mss_per4ft.oer4ft (.const:ti_sysbios_knl_Semaphore_Object__PARAMS__C)
                  0000fe7c    00000020     mss_per4ft.oer4ft (.const:ti_sysbios_family_arm_v7r_vim_Hwi_Object__DESC__C)
                  0000fe9c    00000020     mss_per4ft.oer4ft (.const:ti_sysbios_gates_GateHwi_Object__DESC__C)
                  0000febc    00000020     mss_per4ft.oer4ft (.const:ti_sysbios_gates_GateMutex_Object__DESC__C)
                  0000fedc    00000020     mss_per4ft.oer4ft (.const:ti_sysbios_heaps_HeapMem_Object__DESC__C)
                  0000fefc    00000020     mss_per4ft.oer4ft (.const:ti_sysbios_knl_Queue_Object__DESC__C)
                  0000ff1c    00000020     mss_per4ft.oer4ft (.const:ti_sysbios_knl_Semaphore_Object__DESC__C)
                  0000ff3c    00000020     mss_per4ft.oer4ft (.const:ti_sysbios_knl_Task_Object__DESC__C)
                  0000ff5c    00000018     mss_per4ft.oer4ft (.const:ti_sysbios_gates_GateHwi_Object__PARAMS__C)
                  0000ff74    00000018     mss_per4ft.oer4ft (.const:ti_sysbios_gates_GateMutex_Object__PARAMS__C)
                  0000ff8c    00000018     mss_per4ft.oer4ft (.const:ti_sysbios_knl_Queue_Object__PARAMS__C)
                  0000ffa4    00000016     mss_per4ft.oer4ft (.const:xdc_runtime_Startup_sfxnRts__A)
                  0000ffba    00000002     mss_per4ft.oer4ft (.const:ti_sysbios_family_arm_exc_Exception_Module__id__C)
                  0000ffbc    00000010     rtsv7R4_T_le_v3D16_eabi.lib : _scanfi.obj (.const:$O1$$)
                  0000ffcc    00000010     mss_per4ft.oer4ft (.const:ti_sysbios_family_arm_v7r_vim_Hwi_intReqEnaSet__A)
                  0000ffdc    00000010     mss_per4ft.oer4ft (.const:ti_sysbios_family_arm_v7r_vim_Hwi_wakeEnaSet__A)
                  0000ffec    00000008     mss_per4ft.oer4ft (.const:ti_sysbios_knl_Idle_funcList__C)
                  0000fff4    00000008     mss_per4ft.oer4ft (.const:xdc_runtime_Startup_firstFxns__A)
                  0000fffc    00000008     mss_per4ft.oer4ft (.const:xdc_runtime_Startup_firstFxns__C)
                  00010004    00000008     mss_per4ft.oer4ft (.const:xdc_runtime_Startup_lastFxns__C)
                  0001000c    00000004     mss_per4ft.oer4ft (.const:ti_sysbios_family_arm_TaskSupport_stackAlignment__C)
                  00010010    00000004     mss_per4ft.oer4ft (.const:ti_sysbios_family_arm_exc_Exception_E_dataAbort__C)
                  00010014    00000004     mss_per4ft.oer4ft (.const:ti_sysbios_family_arm_exc_Exception_E_prefetchAbort__C)
                  00010018    00000004     mss_per4ft.oer4ft (.const:ti_sysbios_family_arm_exc_Exception_E_swi__C)
                  0001001c    00000004     mss_per4ft.oer4ft (.const:ti_sysbios_family_arm_exc_Exception_E_undefinedInstruction__C)
                  00010020    00000004     mss_per4ft.oer4ft (.const:ti_sysbios_family_arm_exc_Exception_excHookFuncs__A)
                  00010024    00000004     mss_per4ft.oer4ft (.const:ti_sysbios_family_arm_exc_Exception_excHookFuncs__C)
                  00010028    00000004     mss_per4ft.oer4ft (.const:ti_sysbios_family_arm_v7a_Pmu_A_invalidCounterId__C)
                  0001002c    00000004     mss_per4ft.oer4ft (.const:ti_sysbios_family_arm_v7a_Pmu_Module__diagsEnabled__C)
                  00010030    00000004     mss_per4ft.oer4ft (.const:ti_sysbios_family_arm_v7a_Pmu_Module__diagsIncluded__C)
                  00010034    00000004     mss_per4ft.oer4ft (.const:ti_sysbios_family_arm_v7a_Pmu_Module__diagsMask__C)
                  00010038    00000004     mss_per4ft.oer4ft (.const:ti_sysbios_family_arm_v7r_tms570_Core_E_mismatchedIds__C)
                  0001003c    00000004     mss_per4ft.oer4ft (.const:ti_sysbios_family_arm_v7r_tms570_Core_id__C)
                  00010040    00000004     mss_per4ft.oer4ft (.const:ti_sysbios_family_arm_v7r_vim_Hwi_A_badChannelId__C)
                  00010044    00000004     mss_per4ft.oer4ft (.const:ti_sysbios_family_arm_v7r_vim_Hwi_E_alreadyDefined__C)
                  00010048    00000004     mss_per4ft.oer4ft (.const:ti_sysbios_family_arm_v7r_vim_Hwi_E_badIntNum__C)
                  0001004c    00000004     mss_per4ft.oer4ft (.const:ti_sysbios_family_arm_v7r_vim_Hwi_E_phantomInterrupt__C)
                  00010050    00000004     mss_per4ft.oer4ft (.const:ti_sysbios_family_arm_v7r_vim_Hwi_E_undefined__C)
                  00010054    00000004     mss_per4ft.oer4ft (.const:ti_sysbios_family_arm_v7r_vim_Hwi_E_unsupportedMaskingOption__C)
                  00010058    00000004     mss_per4ft.oer4ft (.const:ti_sysbios_family_arm_v7r_vim_Hwi_LD_end__C)
                  0001005c    00000004     mss_per4ft.oer4ft (.const:ti_sysbios_family_arm_v7r_vim_Hwi_LM_begin__C)
                  00010060    00000004     mss_per4ft.oer4ft (.const:ti_sysbios_family_arm_v7r_vim_Hwi_Module__diagsEnabled__C)
                  00010064    00000004     mss_per4ft.oer4ft (.const:ti_sysbios_family_arm_v7r_vim_Hwi_Module__diagsIncluded__C)
                  00010068    00000004     mss_per4ft.oer4ft (.const:ti_sysbios_family_arm_v7r_vim_Hwi_Module__diagsMask__C)
                  0001006c    00000004     mss_per4ft.oer4ft (.const:ti_sysbios_family_arm_v7r_vim_Hwi_Module__loggerFxn1__C)
                  00010070    00000004     mss_per4ft.oer4ft (.const:ti_sysbios_family_arm_v7r_vim_Hwi_Module__loggerFxn8__C)
                  00010074    00000004     mss_per4ft.oer4ft (.const:ti_sysbios_family_arm_v7r_vim_Hwi_Module__loggerObj__C)
                  00010078    00000004     mss_per4ft.oer4ft (.const:ti_sysbios_family_arm_v7r_vim_Hwi_NUM_INTERRUPTS__C)
                  0001007c    00000004     mss_per4ft.oer4ft (.const:ti_sysbios_family_arm_v7r_vim_Hwi_channelMap__C)
                  00010080    00000004     mss_per4ft.oer4ft (.const:ti_sysbios_family_arm_v7r_vim_Hwi_intReqEnaSet__C)
                  00010084    00000004     mss_per4ft.oer4ft (.const:ti_sysbios_family_arm_v7r_vim_Hwi_phantomFunc__C)
                  00010088    00000004     mss_per4ft.oer4ft (.const:ti_sysbios_family_arm_v7r_vim_Hwi_swiDisable__C)
                  0001008c    00000004     mss_per4ft.oer4ft (.const:ti_sysbios_family_arm_v7r_vim_Hwi_swiRestoreHwi__C)
                  00010090    00000004     mss_per4ft.oer4ft (.const:ti_sysbios_family_arm_v7r_vim_Hwi_taskDisable__C)
                  00010094    00000004     mss_per4ft.oer4ft (.const:ti_sysbios_family_arm_v7r_vim_Hwi_taskRestoreHwi__C)
                  00010098    00000004     mss_per4ft.oer4ft (.const:ti_sysbios_family_arm_v7r_vim_Hwi_wakeEnaSet__C)
                  0001009c    00000004     mss_per4ft.oer4ft (.const:ti_sysbios_gates_GateMutex_A_badContext__C)
                  000100a0    00000004     mss_per4ft.oer4ft (.const:ti_sysbios_gates_GateMutex_Instance_State_sem__O)
                  000100a4    00000004     mss_per4ft.oer4ft (.const:ti_sysbios_gates_GateMutex_Module__diagsEnabled__C)
                  000100a8    00000004     mss_per4ft.oer4ft (.const:ti_sysbios_gates_GateMutex_Module__diagsIncluded__C)
                  000100ac    00000004     mss_per4ft.oer4ft (.const:ti_sysbios_gates_GateMutex_Module__diagsMask__C)
                  000100b0    00000004     mss_per4ft.oer4ft (.const:ti_sysbios_hal_Hwi_E_stackOverflow__C)
                  000100b4    00000004     mss_per4ft.oer4ft (.const:ti_sysbios_heaps_HeapBuf_Instance_State_freeList__O)
                  000100b8    00000004     mss_per4ft.oer4ft (.const:ti_sysbios_heaps_HeapBuf_Object__count__C)
                  000100bc    00000004     mss_per4ft.oer4ft (.const:ti_sysbios_heaps_HeapBuf_numConstructedHeaps__C)
                  000100c0    00000004     mss_per4ft.oer4ft (.const:ti_sysbios_heaps_HeapMem_A_align__C)
                  000100c4    00000004     mss_per4ft.oer4ft (.const:ti_sysbios_heaps_HeapMem_A_heapSize__C)
                  000100c8    00000004     mss_per4ft.oer4ft (.const:ti_sysbios_heaps_HeapMem_A_invalidFree__C)
                  000100cc    00000004     mss_per4ft.oer4ft (.const:ti_sysbios_heaps_HeapMem_A_zeroBlock__C)
                  000100d0    00000004     mss_per4ft.oer4ft (.const:ti_sysbios_heaps_HeapMem_E_memory__C)
                  000100d4    00000004     mss_per4ft.oer4ft (.const:ti_sysbios_heaps_HeapMem_Module__diagsEnabled__C)
                  000100d8    00000004     mss_per4ft.oer4ft (.const:ti_sysbios_heaps_HeapMem_Module__diagsIncluded__C)
                  000100dc    00000004     mss_per4ft.oer4ft (.const:ti_sysbios_heaps_HeapMem_Module__diagsMask__C)
                  000100e0    00000004     mss_per4ft.oer4ft (.const:ti_sysbios_heaps_HeapMem_Module__gateObj__C)
                  000100e4    00000004     mss_per4ft.oer4ft (.const:ti_sysbios_heaps_HeapMem_Object__count__C)
                  000100e8    00000004     mss_per4ft.oer4ft (.const:ti_sysbios_heaps_HeapMem_reqAlign__C)
                  000100ec    00000004     mss_per4ft.oer4ft (.const:ti_sysbios_knl_Clock_LM_begin__C)
                  000100f0    00000004     mss_per4ft.oer4ft (.const:ti_sysbios_knl_Clock_LM_tick__C)
                  000100f4    00000004     mss_per4ft.oer4ft (.const:ti_sysbios_knl_Clock_LW_delayed__C)
                  000100f8    00000004     mss_per4ft.oer4ft (.const:ti_sysbios_knl_Clock_Module_State_clockQ__O)
                  000100fc    00000004     mss_per4ft.oer4ft (.const:ti_sysbios_knl_Clock_Module__diagsEnabled__C)
                  00010100    00000004     mss_per4ft.oer4ft (.const:ti_sysbios_knl_Clock_Module__diagsIncluded__C)
                  00010104    00000004     mss_per4ft.oer4ft (.const:ti_sysbios_knl_Clock_Module__diagsMask__C)
                  00010108    00000004     mss_per4ft.oer4ft (.const:ti_sysbios_knl_Clock_Module__loggerFxn1__C)
                  0001010c    00000004     mss_per4ft.oer4ft (.const:ti_sysbios_knl_Clock_Module__loggerFxn2__C)
                  00010110    00000004     mss_per4ft.oer4ft (.const:ti_sysbios_knl_Clock_Module__loggerObj__C)
                  00010114    00000004     mss_per4ft.oer4ft (.const:ti_sysbios_knl_Idle_funcList__A)
                  00010118    00000004     mss_per4ft.oer4ft (.const:ti_sysbios_knl_Semaphore_A_badContext__C)
                  0001011c    00000004     mss_per4ft.oer4ft (.const:ti_sysbios_knl_Semaphore_A_noEvents__C)
                  00010120    00000004     mss_per4ft.oer4ft (.const:ti_sysbios_knl_Semaphore_A_overflow__C)
                  00010124    00000004     mss_per4ft.oer4ft (.const:ti_sysbios_knl_Semaphore_A_pendTaskDisabled__C)
                  00010128    00000004     mss_per4ft.oer4ft (.const:ti_sysbios_knl_Semaphore_Instance_State_pendQ__O)
                  0001012c    00000004     mss_per4ft.oer4ft (.const:ti_sysbios_knl_Semaphore_LM_pend__C)
                  00010130    00000004     mss_per4ft.oer4ft (.const:ti_sysbios_knl_Semaphore_LM_post__C)
                  00010134    00000004     mss_per4ft.oer4ft (.const:ti_sysbios_knl_Semaphore_Module__diagsEnabled__C)
                  00010138    00000004     mss_per4ft.oer4ft (.const:ti_sysbios_knl_Semaphore_Module__diagsIncluded__C)
                  0001013c    00000004     mss_per4ft.oer4ft (.const:ti_sysbios_knl_Semaphore_Module__diagsMask__C)
                  00010140    00000004     mss_per4ft.oer4ft (.const:ti_sysbios_knl_Semaphore_Module__loggerFxn2__C)
                  00010144    00000004     mss_per4ft.oer4ft (.const:ti_sysbios_knl_Semaphore_Module__loggerFxn4__C)
                  00010148    00000004     mss_per4ft.oer4ft (.const:ti_sysbios_knl_Semaphore_Module__loggerObj__C)
                  0001014c    00000004     mss_per4ft.oer4ft (.const:ti_sysbios_knl_Swi_LD_end__C)
                  00010150    00000004     mss_per4ft.oer4ft (.const:ti_sysbios_knl_Swi_LM_begin__C)
                  00010154    00000004     mss_per4ft.oer4ft (.const:ti_sysbios_knl_Swi_LM_post__C)
                  00010158    00000004     mss_per4ft.oer4ft (.const:ti_sysbios_knl_Swi_Module__diagsEnabled__C)
                  0001015c    00000004     mss_per4ft.oer4ft (.const:ti_sysbios_knl_Swi_Module__diagsIncluded__C)
                  00010160    00000004     mss_per4ft.oer4ft (.const:ti_sysbios_knl_Swi_Module__diagsMask__C)
                  00010164    00000004     mss_per4ft.oer4ft (.const:ti_sysbios_knl_Swi_Module__loggerFxn1__C)
                  00010168    00000004     mss_per4ft.oer4ft (.const:ti_sysbios_knl_Swi_Module__loggerFxn4__C)
                  0001016c    00000004     mss_per4ft.oer4ft (.const:ti_sysbios_knl_Swi_Module__loggerObj__C)
                  00010170    00000004     mss_per4ft.oer4ft (.const:ti_sysbios_knl_Swi_Object__count__C)
                  00010174    00000004     mss_per4ft.oer4ft (.const:ti_sysbios_knl_Task_A_badPriority__C)
                  00010178    00000004     mss_per4ft.oer4ft (.const:ti_sysbios_knl_Task_A_badTaskState__C)
                  0001017c    00000004     mss_per4ft.oer4ft (.const:ti_sysbios_knl_Task_A_badThreadType__C)
                  00010180    00000004     mss_per4ft.oer4ft (.const:ti_sysbios_knl_Task_A_badTimeout__C)
                  00010184    00000004     mss_per4ft.oer4ft (.const:ti_sysbios_knl_Task_A_noPendElem__C)
                  00010188    00000004     mss_per4ft.oer4ft (.const:ti_sysbios_knl_Task_A_sleepTaskDisabled__C)
                  0001018c    00000004     mss_per4ft.oer4ft (.const:ti_sysbios_knl_Task_E_spOutOfBounds__C)
                  00010190    00000004     mss_per4ft.oer4ft (.const:ti_sysbios_knl_Task_E_stackOverflow__C)
                  00010194    00000004     mss_per4ft.oer4ft (.const:ti_sysbios_knl_Task_LD_block__C)
                  00010198    00000004     mss_per4ft.oer4ft (.const:ti_sysbios_knl_Task_LD_exit__C)
                  0001019c    00000004     mss_per4ft.oer4ft (.const:ti_sysbios_knl_Task_LD_ready__C)
                  000101a0    00000004     mss_per4ft.oer4ft (.const:ti_sysbios_knl_Task_LM_sleep__C)
                  000101a4    00000004     mss_per4ft.oer4ft (.const:ti_sysbios_knl_Task_LM_switch__C)
                  000101a8    00000004     mss_per4ft.oer4ft (.const:ti_sysbios_knl_Task_Module_State_inactiveQ__O)
                  000101ac    00000004     mss_per4ft.oer4ft (.const:ti_sysbios_knl_Task_Module__diagsEnabled__C)
                  000101b0    00000004     mss_per4ft.oer4ft (.const:ti_sysbios_knl_Task_Module__diagsIncluded__C)
                  000101b4    00000004     mss_per4ft.oer4ft (.const:ti_sysbios_knl_Task_Module__diagsMask__C)
                  000101b8    00000004     mss_per4ft.oer4ft (.const:ti_sysbios_knl_Task_Module__loggerFxn2__C)
                  000101bc    00000004     mss_per4ft.oer4ft (.const:ti_sysbios_knl_Task_Module__loggerFxn4__C)
                  000101c0    00000004     mss_per4ft.oer4ft (.const:ti_sysbios_knl_Task_Module__loggerObj__C)
                  000101c4    00000004     mss_per4ft.oer4ft (.const:ti_sysbios_knl_Task_Object__count__C)
                  000101c8    00000004     mss_per4ft.oer4ft (.const:ti_sysbios_knl_Task_allBlockedFunc__C)
                  000101cc    00000004     mss_per4ft.oer4ft (.const:ti_sysbios_knl_Task_defaultStackHeap__C)
                  000101d0    00000004     mss_per4ft.oer4ft (.const:ti_sysbios_knl_Task_defaultStackSize__C)
                  000101d4    00000004     mss_per4ft.oer4ft (.const:ti_sysbios_knl_Task_numConstructedTasks__C)
                  000101d8    00000004     mss_per4ft.oer4ft (.const:ti_sysbios_timers_rti_Timer_E_cannotSupport__C)
                  000101dc    00000004     mss_per4ft.oer4ft (.const:ti_sysbios_timers_rti_Timer_Module__diagsEnabled__C)
                  000101e0    00000004     mss_per4ft.oer4ft (.const:ti_sysbios_timers_rti_Timer_Module__diagsIncluded__C)
                  000101e4    00000004     mss_per4ft.oer4ft (.const:ti_sysbios_timers_rti_Timer_Module__diagsMask__C)
                  000101e8    00000004     mss_per4ft.oer4ft (.const:ti_sysbios_timers_rti_Timer_numTimerDevices__C)
                  000101ec    00000004     mss_per4ft.oer4ft (.const:ti_sysbios_timers_rti_Timer_startupNeeded__C)
                  000101f0    00000004     mss_per4ft.oer4ft (.const:xdc_runtime_Assert_E_assertFailed__C)
                  000101f4    00000004     mss_per4ft.oer4ft (.const:xdc_runtime_Core_A_initializedParams__C)
                  000101f8    00000004     mss_per4ft.oer4ft (.const:xdc_runtime_Core_Module__diagsEnabled__C)
                  000101fc    00000004     mss_per4ft.oer4ft (.const:xdc_runtime_Core_Module__diagsIncluded__C)
                  00010200    00000004     mss_per4ft.oer4ft (.const:xdc_runtime_Core_Module__diagsMask__C)
                  00010204    00000004     mss_per4ft.oer4ft (.const:xdc_runtime_Error_E_memory__C)
                  00010208    00000004     mss_per4ft.oer4ft (.const:xdc_runtime_Error_Module__diagsEnabled__C)
                  0001020c    00000004     mss_per4ft.oer4ft (.const:xdc_runtime_Error_Module__diagsIncluded__C)
                  00010210    00000004     mss_per4ft.oer4ft (.const:xdc_runtime_Error_Module__diagsMask__C)
                  00010214    00000004     mss_per4ft.oer4ft (.const:xdc_runtime_Error_Module__loggerFxn8__C)
                  00010218    00000004     mss_per4ft.oer4ft (.const:xdc_runtime_Error_Module__loggerObj__C)
                  0001021c    00000004     mss_per4ft.oer4ft (.const:xdc_runtime_Error_policyFxn__C)
                  00010220    00000004     mss_per4ft.oer4ft (.const:xdc_runtime_Error_policy__C)
                  00010224    00000004     mss_per4ft.oer4ft (.const:xdc_runtime_Error_raiseHook__C)
                  00010228    00000004     mss_per4ft.oer4ft (.const:xdc_runtime_IGateProvider_Interface__BASE__C)
                  0001022c    00000004     mss_per4ft.oer4ft (.const:xdc_runtime_IHeap_Interface__BASE__C)
                  00010230    00000004     mss_per4ft.oer4ft (.const:xdc_runtime_IModule_Interface__BASE__C)
                  00010234    00000004     mss_per4ft.oer4ft (.const:xdc_runtime_Log_L_error__C)
                  00010238    00000004     mss_per4ft.oer4ft (.const:xdc_runtime_Memory_defaultHeapInstance__C)
                  0001023c    00000004     mss_per4ft.oer4ft (.const:xdc_runtime_Startup_execImpl__C)
                  00010240    00000004     mss_per4ft.oer4ft (.const:xdc_runtime_Startup_maxPasses__C)
                  00010244    00000004     mss_per4ft.oer4ft (.const:xdc_runtime_Startup_sfxnRts__C)
                  00010248    00000004     mss_per4ft.oer4ft (.const:xdc_runtime_Startup_sfxnTab__C)
                  0001024c    00000004     mss_per4ft.oer4ft (.const:xdc_runtime_System_Module__gateObj__C)
                  00010250    00000004     mss_per4ft.oer4ft (.const:xdc_runtime_System_abortFxn__C)
                  00010254    00000004     mss_per4ft.oer4ft (.const:xdc_runtime_System_exitFxn__C)
                  00010258    00000004     mss_per4ft.oer4ft (.const:xdc_runtime_System_extendFxn__C)
                  0001025c    00000004     mss_per4ft.oer4ft (.const:xdc_runtime_System_maxAtexitHandlers__C)
                  00010260    00000004     mss_per4ft.oer4ft (.const:xdc_runtime_Text_charTab__C)
                  00010264    00000004     mss_per4ft.oer4ft (.const:xdc_runtime_Text_nameEmpty__C)
                  00010268    00000004     mss_per4ft.oer4ft (.const:xdc_runtime_Text_nameStatic__C)
                  0001026c    00000004     mss_per4ft.oer4ft (.const:xdc_runtime_Text_nameUnknown__C)
                  00010270    00000004     mss_per4ft.oer4ft (.const:xdc_runtime_Text_nodeTab__C)
                  00010274    00000004     mss_per4ft.oer4ft (.const:xdc_runtime_Text_visitRopeFxn__C)
                  00010278    00000002     mss_per4ft.oer4ft (.const:ti_sysbios_family_arm_v7a_Pmu_Module__id__C)
                  0001027a    00000002     mss_per4ft.oer4ft (.const:ti_sysbios_family_arm_v7r_tms570_Core_Module__id__C)
                  0001027c    00000002     mss_per4ft.oer4ft (.const:ti_sysbios_family_arm_v7r_vim_Hwi_Module__id__C)
                  0001027e    00000002     mss_per4ft.oer4ft (.const:ti_sysbios_family_arm_v7r_vim_Hwi_Module__loggerDefined__C)
                  00010280    00000002     mss_per4ft.oer4ft (.const:ti_sysbios_gates_GateMutex_Module__id__C)
                  00010282    00000002     mss_per4ft.oer4ft (.const:ti_sysbios_hal_Hwi_Module__id__C)
                  00010284    00000002     mss_per4ft.oer4ft (.const:ti_sysbios_heaps_HeapMem_Module__id__C)
                  00010286    00000002     mss_per4ft.oer4ft (.const:ti_sysbios_knl_Clock_Module__id__C)
                  00010288    00000002     mss_per4ft.oer4ft (.const:ti_sysbios_knl_Clock_Module__loggerDefined__C)
                  0001028a    00000002     mss_per4ft.oer4ft (.const:ti_sysbios_knl_Semaphore_Module__id__C)
                  0001028c    00000002     mss_per4ft.oer4ft (.const:ti_sysbios_knl_Semaphore_Module__loggerDefined__C)
                  0001028e    00000002     mss_per4ft.oer4ft (.const:ti_sysbios_knl_Swi_Module__id__C)
                  00010290    00000002     mss_per4ft.oer4ft (.const:ti_sysbios_knl_Swi_Module__loggerDefined__C)
                  00010292    00000002     mss_per4ft.oer4ft (.const:ti_sysbios_knl_Task_Module__id__C)
                  00010294    00000002     mss_per4ft.oer4ft (.const:ti_sysbios_knl_Task_Module__loggerDefined__C)
                  00010296    00000002     mss_per4ft.oer4ft (.const:ti_sysbios_timers_rti_Timer_Module__id__C)
                  00010298    00000002     mss_per4ft.oer4ft (.const:ti_sysbios_timers_rti_Timer_continueOnSuspend__C)
                  0001029a    00000002     mss_per4ft.oer4ft (.const:xdc_runtime_Core_Module__id__C)
                  0001029c    00000002     mss_per4ft.oer4ft (.const:xdc_runtime_Error_Module__loggerDefined__C)
                  0001029e    00000002     mss_per4ft.oer4ft (.const:xdc_runtime_Error_maxDepth__C)
                  000102a0    00000002     mss_per4ft.oer4ft (.const:xdc_runtime_Main_Module__id__C)
                  000102a2    00000002     mss_per4ft.oer4ft (.const:xdc_runtime_Memory_Module__id__C)
                  000102a4    00000002     mss_per4ft.oer4ft (.const:xdc_runtime_Text_charCnt__C)
                  000102a6    00000002     mss_per4ft.oer4ft (.const:xdc_runtime_Text_isLoaded__C)
                  000102a8    00000002     mss_per4ft.oer4ft (.const:xdc_runtime_Text_registryModsLastId__C)
                  000102aa    00000002     mss_per4ft.oer4ft (.const:xdc_runtime_Text_unnamedModsLastId__C)

.cinit     0    000102b0    00000340     
                  000102b0    000002e8     (.cinit..data.load) [load image, compression = lzss]
                  00010598    0000000c     (__TI_handler_table)
                  000105a4    00000004     --HOLE-- [fill = 0]
                  000105a8    00000008     (.cinit..MCPILogBuffer.load) [load image, compression = zero_init]
                  000105b0    00000008     (.cinit..bss.load) [load image, compression = zero_init]
                  000105b8    00000008     (.cinit..myFiqStack.load) [load image, compression = zero_init]
                  000105c0    00000008     (.cinit.systemHeap.load) [load image, compression = zero_init]
                  000105c8    00000028     (__TI_cinit_table)

systemHeap 
*          0    08000000    00008000     UNINITIALIZED
                  08000000    00008000     mss_per4ft.oer4ft (systemHeap)

.MCPILogBuffer 
*          0    08008000    00002400     UNINITIALIZED
                  08008000    00002400     main_mss.oer4f (.MCPILogBuffer)

.bss       0    0800a400    00001a40     UNINITIALIZED
                  0800a400    00001000     (.common:ti_sysbios_family_arm_exc_Exception_Module_State_0_excStack_0__A)
                  0800b400    00000800     mss_per4ft.oer4ft (.bss:taskStackSection)
                  0800bc00    00000120     rtsv7R4_T_le_v3D16_eabi.lib : trgmsg.obj (.bss:_CIOBUF_)
                  0800bd20    000000a0     (.common:__TI_tmpnams)
                  0800bdc0    00000070     (.common:gEsmMCB)
                  0800be30    00000008     (.common:gDMADriverPtr)
                  0800be38    00000008     (.common:parmbuf)

.stack     0    0800be40    00001000     UNINITIALIZED
                  0800be40    00001000     --HOLE--

.data      0    0800ce40    000009b4     UNINITIALIZED
                  0800ce40    00000200     mss_per4ft.oer4ft (.data:ti_sysbios_family_arm_v7r_vim_Hwi_Module_State_0_dispatchTable__A)
                  0800d040    000000f0     rtsv7R4_T_le_v3D16_eabi.lib : defs.obj (.data:_ftable)
                  0800d130    00000080     mss_per4ft.oer4ft (.data:ti_sysbios_knl_Swi_Module_State_0_readyQ__A)
                  0800d1b0    00000080     mss_per4ft.oer4ft (.data:ti_sysbios_knl_Task_Module_State_0_readyQ__A)
                  0800d230    00000078     rtsv7R4_T_le_v3D16_eabi.lib : write.obj (.data:_device)
                  0800d2a8    00000060     libdma_xwr68xx.aer4f : dma_xwr68xx.oer4f (.data:gDMAHwCfg)
                  0800d308    0000005c     mss_per4ft.oer4ft (.data:ti_sysbios_knl_Task_Object__table__V)
                  0800d364    00000058     uart_xwr68xx.oer4f (.data:gUartSciHwCfg)
                  0800d3bc    00000050     rtsv7R4_T_le_v3D16_eabi.lib : write.obj (.data:_stream)
                  0800d40c    00000048     mss_per4ft.oer4ft (.data:ti_sysbios_knl_Task_Module__state__V)
                  0800d454    00000040     mss_per4ft.oer4ft (.data:ti_sysbios_gates_GateMutex_Object__table__V)
                  0800d494    0000003c     mss_per4ft.oer4ft (.data:ti_sysbios_timers_rti_Timer_Object__table__V)
                  0800d4d0    00000034     mss_per4ft.oer4ft (.data:ti_sysbios_family_arm_v7r_vim_Hwi_Module__state__V)
                  0800d504    00000030     mss_per4ft.oer4ft (.data:ti_sysbios_knl_Swi_Object__table__V)
                  0800d534    0000002c     mss_per4ft.oer4ft (.data:ti_sysbios_family_arm_v7r_vim_Hwi_Object__table__V)
                  0800d560    0000002c     mss_per4ft.oer4ft (.data:ti_sysbios_knl_Clock_Module__state__V)
                  0800d58c    00000028     uartsci.oer4f (.data:gUartSciFxnTable)
                  0800d5b4    00000024     uart_xwr68xx.oer4f (.data:UART_config)
                  0800d5d8    00000024     mss_per4ft.oer4ft (.data:ti_sysbios_BIOS_Module__state__V)
                  0800d5fc    00000020     mss_per4ft.oer4ft (.data:xdc_runtime_Error_IgnoreBlock)
                  0800d61c    00000020     mss_per4ft.oer4ft (.data:xdc_runtime_System_Module_State_0_atexitHandlers__A)
                  0800d63c    0000001c     uart_echo.oer4f (.data:$O1$$)
                  0800d658    0000001c     mss_per4ft.oer4ft (.data:ti_sysbios_knl_Swi_Module__state__V)
                  0800d674    00000018     mss_per4ft.oer4ft (.data:ti_sysbios_heaps_HeapMem_Object__table__V)
                  0800d68c    00000018     mss_per4ft.oer4ft (.data:ti_sysbios_timers_rti_Timer_Module_State_0_device__A)
                  0800d6a4    00000014     libsoc_xwr68xx.aer4f : soc_xwr68xx_mss.oer4f (.data:gSOCHwAttrib)
                  0800d6b8    00000014     mss_per4ft.oer4ft (.data:ti_sysbios_family_arm_exc_Exception_Module__state__V)
                  0800d6cc    00000010     libdma_xwr68xx.aer4f : dma.oer4f (.data:DMA_defaultParams)
                  0800d6dc    00000010     rtsv7R4_T_le_v3D16_eabi.lib : defs.obj (.data)
                  0800d6ec    00000010     mss_per4ft.oer4ft (.data:ti_sysbios_timers_rti_Timer_Module_State_0_intFreqs__A)
                  0800d6fc    00000010     mss_per4ft.oer4ft (.data:ti_sysbios_timers_rti_Timer_Module__state__V)
                  0800d70c    0000000c     libtestlogger_xwr68xx.aer4f : logger.oer4f (.data:$O1$$)
                  0800d718    0000000c     main_mss.oer4f (.data:$O1$$)
                  0800d724    0000000c     rtsv7R4_T_le_v3D16_eabi.lib : exit.obj (.data:$O1$$)
                  0800d730    0000000c     libesm_xwr68xx.aer4f : esm_xwr1xxx.oer4f (.data:gESMHwCfgAttrs)
                  0800d73c    0000000c     mss_per4ft.oer4ft (.data:ti_sysbios_family_arm_v7a_Pmu_Module__state__V)
                  0800d748    00000008     rtsv7R4_T_le_v3D16_eabi.lib : _lock.obj (.data:$O1$$)
                  0800d750    00000008     uart_test.oer4f (.data:$O1$$)
                  0800d758    00000008     mss_per4ft.oer4ft (.data:ti_sysbios_family_arm_v7r_vim_Hwi_Module__root__V)
                  0800d760    00000008     mss_per4ft.oer4ft (.data:ti_sysbios_gates_GateHwi_Module__root__V)
                  0800d768    00000008     mss_per4ft.oer4ft (.data:ti_sysbios_gates_GateMutex_Module__root__V)
                  0800d770    00000008     mss_per4ft.oer4ft (.data:ti_sysbios_hal_Hwi_Object__table__V)
                  0800d778    00000008     mss_per4ft.oer4ft (.data:ti_sysbios_heaps_HeapMem_Module__root__V)
                  0800d780    00000008     mss_per4ft.oer4ft (.data:ti_sysbios_knl_Queue_Module__root__V)
[...]
000100a4  ti_sysbios_gates_GateMutex_Module__diagsEnabled__C                   
000100a8  ti_sysbios_gates_GateMutex_Module__diagsIncluded__C                  
000100ac  ti_sysbios_gates_GateMutex_Module__diagsMask__C                      
000100b0  ti_sysbios_hal_Hwi_E_stackOverflow__C                                
000100b4  ti_sysbios_heaps_HeapBuf_Instance_State_freeList__O                  
000100b8  ti_sysbios_heaps_HeapBuf_Object__count__C                            
000100bc  ti_sysbios_heaps_HeapBuf_numConstructedHeaps__C                      
000100c0  ti_sysbios_heaps_HeapMem_A_align__C                                  
000100c4  ti_sysbios_heaps_HeapMem_A_heapSize__C                               
000100c8  ti_sysbios_heaps_HeapMem_A_invalidFree__C                            
000100cc  ti_sysbios_heaps_HeapMem_A_zeroBlock__C                              
000100d0  ti_sysbios_heaps_HeapMem_E_memory__C                                 
000100d4  ti_sysbios_heaps_HeapMem_Module__diagsEnabled__C                     
000100d8  ti_sysbios_heaps_HeapMem_Module__diagsIncluded__C                    
000100dc  ti_sysbios_heaps_HeapMem_Module__diagsMask__C                        
000100e0  ti_sysbios_heaps_HeapMem_Module__gateObj__C                          
000100e4  ti_sysbios_heaps_HeapMem_Object__count__C                            
000100e8  ti_sysbios_heaps_HeapMem_reqAlign__C                                 
000100ec  ti_sysbios_knl_Clock_LM_begin__C                                     
000100f0  ti_sysbios_knl_Clock_LM_tick__C                                      
000100f4  ti_sysbios_knl_Clock_LW_delayed__C                                   
000100f8  ti_sysbios_knl_Clock_Module_State_clockQ__O                          
000100fc  ti_sysbios_knl_Clock_Module__diagsEnabled__C                         
00010100  ti_sysbios_knl_Clock_Module__diagsIncluded__C                        
00010104  ti_sysbios_knl_Clock_Module__diagsMask__C                            
00010108  ti_sysbios_knl_Clock_Module__loggerFxn1__C                           
0001010c  ti_sysbios_knl_Clock_Module__loggerFxn2__C                           
00010110  ti_sysbios_knl_Clock_Module__loggerObj__C                            
00010114  ti_sysbios_knl_Idle_funcList__A                                      
00010118  ti_sysbios_knl_Semaphore_A_badContext__C                             
0001011c  ti_sysbios_knl_Semaphore_A_noEvents__C                               
00010120  ti_sysbios_knl_Semaphore_A_overflow__C                               
00010124  ti_sysbios_knl_Semaphore_A_pendTaskDisabled__C                       
00010128  ti_sysbios_knl_Semaphore_Instance_State_pendQ__O                     
0001012c  ti_sysbios_knl_Semaphore_LM_pend__C                                  
00010130  ti_sysbios_knl_Semaphore_LM_post__C                                  
00010134  ti_sysbios_knl_Semaphore_Module__diagsEnabled__C                     
00010138  ti_sysbios_knl_Semaphore_Module__diagsIncluded__C                    
0001013c  ti_sysbios_knl_Semaphore_Module__diagsMask__C                        
00010140  ti_sysbios_knl_Semaphore_Module__loggerFxn2__C                       
00010144  ti_sysbios_knl_Semaphore_Module__loggerFxn4__C                       
00010148  ti_sysbios_knl_Semaphore_Module__loggerObj__C                        
0001014c  ti_sysbios_knl_Swi_LD_end__C                                         
00010150  ti_sysbios_knl_Swi_LM_begin__C                                       
00010154  ti_sysbios_knl_Swi_LM_post__C                                        
00010158  ti_sysbios_knl_Swi_Module__diagsEnabled__C                           
0001015c  ti_sysbios_knl_Swi_Module__diagsIncluded__C                          
00010160  ti_sysbios_knl_Swi_Module__diagsMask__C                              
00010164  ti_sysbios_knl_Swi_Module__loggerFxn1__C                             
00010168  ti_sysbios_knl_Swi_Module__loggerFxn4__C                             
0001016c  ti_sysbios_knl_Swi_Module__loggerObj__C                              
00010170  ti_sysbios_knl_Swi_Object__count__C                                  
00010174  ti_sysbios_knl_Task_A_badPriority__C                                 
00010178  ti_sysbios_knl_Task_A_badTaskState__C                                
0001017c  ti_sysbios_knl_Task_A_badThreadType__C                               
00010180  ti_sysbios_knl_Task_A_badTimeout__C                                  
00010184  ti_sysbios_knl_Task_A_noPendElem__C                                  
00010188  ti_sysbios_knl_Task_A_sleepTaskDisabled__C                           
0001018c  ti_sysbios_knl_Task_E_spOutOfBounds__C                               
00010190  ti_sysbios_knl_Task_E_stackOverflow__C                               
00010194  ti_sysbios_knl_Task_LD_block__C                                      
00010198  ti_sysbios_knl_Task_LD_exit__C                                       
0001019c  ti_sysbios_knl_Task_LD_ready__C                                      
000101a0  ti_sysbios_knl_Task_LM_sleep__C                                      
000101a4  ti_sysbios_knl_Task_LM_switch__C                                     
000101a8  ti_sysbios_knl_Task_Module_State_inactiveQ__O                        
000101ac  ti_sysbios_knl_Task_Module__diagsEnabled__C                          
000101b0  ti_sysbios_knl_Task_Module__diagsIncluded__C                         
000101b4  ti_sysbios_knl_Task_Module__diagsMask__C                             
000101b8  ti_sysbios_knl_Task_Module__loggerFxn2__C                            
000101bc  ti_sysbios_knl_Task_Module__loggerFxn4__C                            
000101c0  ti_sysbios_knl_Task_Module__loggerObj__C                             
000101c4  ti_sysbios_knl_Task_Object__count__C                                 
000101c8  ti_sysbios_knl_Task_allBlockedFunc__C                                
000101cc  ti_sysbios_knl_Task_defaultStackHeap__C                              
000101d0  ti_sysbios_knl_Task_defaultStackSize__C                              
000101d4  ti_sysbios_knl_Task_numConstructedTasks__C                           
000101d8  ti_sysbios_timers_rti_Timer_E_cannotSupport__C                       
000101dc  ti_sysbios_timers_rti_Timer_Module__diagsEnabled__C                  
000101e0  ti_sysbios_timers_rti_Timer_Module__diagsIncluded__C                 
000101e4  ti_sysbios_timers_rti_Timer_Module__diagsMask__C                     
000101e8  ti_sysbios_timers_rti_Timer_numTimerDevices__C                       
000101ec  ti_sysbios_timers_rti_Timer_startupNeeded__C                         
000101f0  xdc_runtime_Assert_E_assertFailed__C                                 
000101f4  xdc_runtime_Core_A_initializedParams__C                              
000101f8  xdc_runtime_Core_Module__diagsEnabled__C                             
000101fc  xdc_runtime_Core_Module__diagsIncluded__C                            
00010200  xdc_runtime_Core_Module__diagsMask__C                                
00010204  xdc_runtime_Error_E_memory__C                                        
00010208  xdc_runtime_Error_Module__diagsEnabled__C                            
0001020c  xdc_runtime_Error_Module__diagsIncluded__C                           
00010210  xdc_runtime_Error_Module__diagsMask__C                               
00010214  xdc_runtime_Error_Module__loggerFxn8__C                              
00010218  xdc_runtime_Error_Module__loggerObj__C                               
0001021c  xdc_runtime_Error_policyFxn__C                                       
00010220  xdc_runtime_Error_policy__C                                          
00010224  xdc_runtime_Error_raiseHook__C                                       
00010228  xdc_runtime_IGateProvider_Interface__BASE__C                         
0001022c  xdc_runtime_IHeap_Interface__BASE__C                                 
00010230  xdc_runtime_IModule_Interface__BASE__C                               
00010234  xdc_runtime_Log_L_error__C                                           
00010238  xdc_runtime_Memory_defaultHeapInstance__C                            
0001023c  xdc_runtime_Startup_execImpl__C                                      
00010240  xdc_runtime_Startup_maxPasses__C                                     
00010244  xdc_runtime_Startup_sfxnRts__C                                       
00010248  xdc_runtime_Startup_sfxnTab__C                                       
0001024c  xdc_runtime_System_Module__gateObj__C                                
00010250  xdc_runtime_System_abortFxn__C                                       
00010254  xdc_runtime_System_exitFxn__C                                        
00010258  xdc_runtime_System_extendFxn__C                                      
0001025c  xdc_runtime_System_maxAtexitHandlers__C                              
00010260  xdc_runtime_Text_charTab__C                                          
00010264  xdc_runtime_Text_nameEmpty__C                                        
00010268  xdc_runtime_Text_nameStatic__C                                       
0001026c  xdc_runtime_Text_nameUnknown__C                                      
00010270  xdc_runtime_Text_nodeTab__C                                          
00010274  xdc_runtime_Text_visitRopeFxn__C                                     
00010278  ti_sysbios_family_arm_v7a_Pmu_Module__id__C                          
0001027a  ti_sysbios_family_arm_v7r_tms570_Core_Module__id__C                  
0001027c  ti_sysbios_family_arm_v7r_vim_Hwi_Module__id__C                      
0001027e  ti_sysbios_family_arm_v7r_vim_Hwi_Module__loggerDefined__C           
00010280  ti_sysbios_gates_GateMutex_Module__id__C                             
00010282  ti_sysbios_hal_Hwi_Module__id__C                                     
00010284  ti_sysbios_heaps_HeapMem_Module__id__C                               
00010286  ti_sysbios_knl_Clock_Module__id__C                                   
00010288  ti_sysbios_knl_Clock_Module__loggerDefined__C                        
0001028a  ti_sysbios_knl_Semaphore_Module__id__C                               
0001028c  ti_sysbios_knl_Semaphore_Module__loggerDefined__C                    
0001028e  ti_sysbios_knl_Swi_Module__id__C                                     
00010290  ti_sysbios_knl_Swi_Module__loggerDefined__C                          
00010292  ti_sysbios_knl_Task_Module__id__C                                    
00010294  ti_sysbios_knl_Task_Module__loggerDefined__C                         
00010296  ti_sysbios_timers_rti_Timer_Module__id__C                            
00010298  ti_sysbios_timers_rti_Timer_continueOnSuspend__C                     
0001029a  xdc_runtime_Core_Module__id__C                                       
0001029c  xdc_runtime_Error_Module__loggerDefined__C                           
0001029e  xdc_runtime_Error_maxDepth__C                                        
000102a0  xdc_runtime_Main_Module__id__C                                       
000102a2  xdc_runtime_Memory_Module__id__C                                     
000102a4  xdc_runtime_Text_charCnt__C                                          
000102a6  xdc_runtime_Text_isLoaded__C                                         
000102a8  xdc_runtime_Text_registryModsLastId__C                               
000102aa  xdc_runtime_Text_unnamedModsLastId__C                                
00010598  __TI_Handler_Table_Base                                              
000105a4  __TI_Handler_Table_Limit                                             
000105c8  __TI_CINIT_Base                                                      
000105f0  __TI_CINIT_Limit                                                     
08000000  ti_sysbios_heaps_HeapMem_Instance_State_0_buf__A                     
08008000  MCPI_logMessage                                                      
0800a400  ti_sysbios_family_arm_exc_Exception_Module_State_0_excStack_0__A     
0800b400  ti_sysbios_knl_Task_Instance_State_0_stack__A                        
0800bc00  __CIOBUF_                                                            
0800bd20  __TI_tmpnams                                                         
0800bdc0  gEsmMCB                                                              
0800be30  gDMADriverPtr                                                        
0800be38  parmbuf                                                              
0800be40  __stack                                                              
0800ce40  __STACK_END                                                          
0800ce40  ti_sysbios_family_arm_v7r_vim_Hwi_Module_State_0_dispatchTable__A    
0800d040  _ftable                                                              
0800d130  ti_sysbios_knl_Swi_Module_State_0_readyQ__A                          
0800d1b0  ti_sysbios_knl_Task_Module_State_0_readyQ__A                         
0800d230  _device                                                              
0800d2a8  gDMAHwCfg                                                            
0800d308  ti_sysbios_knl_Task_Object__table__V                                 
0800d364  gUartSciHwCfg                                                        
0800d3bc  _stream                                                              
0800d40c  ti_sysbios_knl_Task_Module__state__V                                 
0800d454  ti_sysbios_gates_GateMutex_Object__table__V                          
0800d494  ti_sysbios_timers_rti_Timer_Object__table__V                         
0800d4d0  ti_sysbios_family_arm_v7r_vim_Hwi_Module__state__V                   
0800d504  ti_sysbios_knl_Swi_Object__table__V                                  
0800d534  ti_sysbios_family_arm_v7r_vim_Hwi_Object__table__V                   
0800d560  ti_sysbios_knl_Clock_Module__state__V                                
0800d58c  gUartSciFxnTable                                                     
0800d5b4  UART_config                                                          
0800d5d8  ti_sysbios_BIOS_Module__state__V                                     
0800d5fc  xdc_runtime_Error_IgnoreBlock                                        
0800d61c  xdc_runtime_System_Module_State_0_atexitHandlers__A                  
0800d63c  gMCPIUARTPollingModeEnable                                           
0800d63d  STOPBITS                                                             
0800d63e  DATALEN                                                              
0800d63f  PARITY_VALUE                                                         
0800d640  uartStopBits                                                         
0800d644  BAUDRATE                                                             
0800d648  uartParityTypes                                                      
0800d64d  uartDataLenths                                                       
0800d658  ti_sysbios_knl_Swi_Module__state__V                                  
0800d674  ti_sysbios_heaps_HeapMem_Object__table__V                            
0800d68c  ti_sysbios_timers_rti_Timer_Module_State_0_device__A                 
0800d6a4  gSOCHwAttrib                                                         
0800d6b8  ti_sysbios_family_arm_exc_Exception_Module__state__V                 
0800d6cc  DMA_defaultParams                                                    
0800d6dc  __TI_ft_end                                                          
0800d6e0  __aeabi_stdin                                                        
0800d6e4  __aeabi_stdout                                                       
0800d6e8  __aeabi_stderr                                                       
0800d6ec  ti_sysbios_timers_rti_Timer_Module_State_0_intFreqs__A               
0800d6fc  ti_sysbios_timers_rti_Timer_Module__state__V                         
0800d70c  MCPI_Result                                                          
0800d710  MCPI_FailSignature                                                   
0800d718  gMCPIUARTEchoTestEnable                                              
0800d719  gMCPIUARTDMATestEnable                                               
0800d71c  gCPUClockFrequency                                                   
0800d720  gDMAHandle                                                           
0800d724  __TI_cleanup_ptr                                                     
0800d728  __TI_dtors_ptr                                                       
0800d72c  __TI_enable_exit_profile_output                                      
0800d730  gESMHwCfgAttrs                                                       
0800d73c  ti_sysbios_family_arm_v7a_Pmu_Module__state__V                       
0800d748  _lock                                                                
0800d74c  _unlock                                                              
0800d750  gMCPIUARTNonLoopbackTestEnable                                       
0800d754  gUARTHandle                                                          
0800d758  ti_sysbios_family_arm_v7r_vim_Hwi_Module__root__V                    
0800d760  ti_sysbios_gates_GateHwi_Module__root__V                             
0800d768  ti_sysbios_gates_GateMutex_Module__root__V                           
0800d770  ti_sysbios_hal_Hwi_Object__table__V                                  
0800d778  ti_sysbios_heaps_HeapMem_Module__root__V                             
0800d780  ti_sysbios_knl_Queue_Module__root__V                                 
0800d788  ti_sysbios_knl_Semaphore_Module__root__V                             
0800d790  ti_sysbios_knl_Task_Module__root__V                                  
0800d798  ti_sysbios_timers_rti_Timer_Module_State_0_handles__A                
0800d7a0  xdc_runtime_Registry_Module__state__V                                
0800d7a8  xdc_runtime_Startup_Module__state__V                                 
0800d7b0  xdc_runtime_System_Module__state__V                                  
0800d7bc  gPinmuxRegs                                                          
0800d7c0  gMCPILogMessageSize                                                  
0800d7c4  errno                                                                
0800d7d0  main_func_sp                                                         
0800d7d4  ti_sysbios_family_arm_exc_Exception_Module_State_0_excContext__A     
0800d7d8  ti_sysbios_family_arm_exc_Exception_Module_State_0_excStackBuffers__A
0800d7dc  ti_sysbios_family_arm_exc_Exception_Module_State_0_excStack__A       
0800d7e0  ti_sysbios_gates_GateHwi_Object__table__V                            
0800d7e4  ti_sysbios_heaps_HeapBuf_Module__state__V                            
0800d7e8  ti_sysbios_knl_Task_Module_State_0_idleTask__A                       
0800d7ec  xdc_runtime_Memory_Module__state__V                                  
0800d7f0  ti_sysbios_family_arm_exc_Exception_Module_State_0_excActive__A      
0800d7f2  xdc_runtime_Error_Module__state__V                                   
0800d7f8  ti_sysbios_family_arm_v7r_vim_Hwi_Module_State_0_fiqStack__A         
fffffdec  ti_sysbios_family_arm_v7r_vim_Hwi_vim                                
ffffffff  __TI_pprof_out_hndl                                                  
ffffffff  __TI_prof_data_size                                                  
ffffffff  __TI_prof_data_start                                                 
ffffffff  __binit__                                                            
ffffffff  __c_args__                                                           
ffffffff  binit                                                                
UNDEFED   SHT$$INIT_ARRAY$$Base                                                
UNDEFED   SHT$$INIT_ARRAY$$Limit                                               

[770 symbols]
