******************************************************************************
               TMS320C6x Linker Unix v8.3.3                    
******************************************************************************
>> Linked Tue Mar 31 00:47:31 2020

OUTPUT FILE NAME:   <test/xwr68xx_objectdetection_test_dss.xe674>
ENTRY POINT SYMBOL: "_c_int00"  address: 007fc2c0


MEMORY CONFIGURATION

         name            origin    length      used     unused   attr    fill
----------------------  --------  ---------  --------  --------  ----  --------
PAGE 0:
  L2SRAM_UMAP1          007e0000   00020000  00020000  00000000  RWIX
  L2SRAM_UMAP0          00800000   00020000  0001a456  00005baa  RWIX
  L1PSRAM               00e00000   00004000  00000000  00004000  RWIX
  L1DSRAM               00f00000   00004000  00004000  00000000  RWIX
  L3SRAM                20000000   000c0000  000b9780  00006880  RWIX
  HWA_RAM               21030000   00010000  00000000  00010000  RWIX
  HSRAM                 21080000   00008000  00006400  00001c00  RWIX

PAGE 1:
  L3SRAM                20000000   000c0000  00000000  000c0000  RWIX


SEGMENT ALLOCATION MAP

run origin  load origin   length   init length attrs members
----------  ----------- ---------- ----------- ----- -------
007e0000    007e0000    00021220   00021220    r-x
  007e0000    007e0000    00000200   00000200    r-x .vecs
  007e0200    007e0200    0001fe00   0001fe00    r-x .text.1
  00800000    00800000    00001220   00001220    r-x .text.2
00801220    00801220    00012400   00000000    rw-
  00801220    00801220    0000a000   00000000    rw- .l2Heap
  0080b220    0080b220    00008400   00000000    rw- systemHeap
00813620    00813620    00003ca4   00003ca4    r--
  00813620    00813620    00003ca4   00003ca4    r-- .const
008172c8    008172c8    0000171c   00000000    rw-
  008172c8    008172c8    0000171c   00000000    rw- .far
008189e8    008189e8    00001938   00001014    rw-
  008189e8    008189e8    00001014   00001014    rw- .fardata
  00819a00    00819a00    00000800   00000000    rw- .stack
  0081a200    0081a200    00000120   00000000    rw- .cio
0081a320    0081a320    000000fc   000000fc    r--
  0081a320    0081a320    000000fc   000000fc    r-- .switch
0081a420    0081a420    00000046   0000003c    rw-
  0081a420    0081a420    0000003c   0000003c    rw- .neardata
  0081a45c    0081a45c    0000000a   00000000    rw- .bss
00f00000    00f00000    00004000   00000000    rw-
  00f00000    00f00000    00004000   00000000    rw- .l1Heap
20000000    20000000    000b9780   000b9780    rwx
  20000000    20000000    000b9780   000b9780    rwx .l3ram
21080000    21080000    00006400   00000000    rw-
  21080000    21080000    00004000   00000000    rw- .hsram
  21084000    21084000    00002400   00000000    rw- .MCPILogBuffer


SECTION ALLOCATION MAP

 output                                  attributes/
section   page    origin      length       input sections
--------  ----  ----------  ----------   ----------------
xdc.meta   0    00000000    00000120     COPY SECTION
                  00000000    00000120     dss_pe674.oe674 (xdc.meta)

.vecs      0    007e0000    00000200     
                  007e0000    00000200     dss_pe674.oe674 (.vecs)

.stack     0    00819a00    00000800     UNINITIALIZED
                  00819a00    00000008     boot.ae674 : boot.oe674 (.stack)
                  00819a08    000007f8     --HOLE--

.neardata 
*          0    0081a420    0000003c     
                  0081a420    0000001e     main.oe674 (.neardata)
                  0081a43e    00000002     --HOLE-- [fill = 0]
                  0081a440    0000000c     libtestlogger_xwr68xx.ae674 : logger.oe674 (.neardata)
                  0081a44c    00000004     libdpm_xwr68xx.ae674 : dpm_mailbox.oe674 (.neardata)
                  0081a450    00000008     gen_frame_data.oe674 (.neardata)
                  0081a458    00000004     libedma_xwr68xx.ae674 : edma_low_level.oe674 (.neardata)

.bss       0    0081a45c    0000000a     UNINITIALIZED
                  0081a45c    00000004     (.common:gObjDetObj)
                  0081a460    00000004     (.common:socHandle)
                  0081a464    00000002     (.common:gCurrTestId)

.cinit     0    00800000    00000000     UNINITIALIZED

.text.1    0    007e0200    0001fe00     
                  007e0200    00000ba0     sysbios.ae674 : BIOS.obj (.text:xdc_runtime_System_doPrint__I)
                  007e0da0    00000b00     libmmwavealg_xwr68xx.ae674 : mmwavelib_ffttwiddle_gen.oe674 (.text:mmwavelib_gen_twiddle_largefft_16x16_imre_sa)
                  007e18a0    00000960     libaoaproc_dsp_xwr68xx.ae674 : aoaprocdsp.oe674 (.text:AoAProcDSP_processMultipleVirtualAntennas)
                  007e2200    000008c0     objectdetection.oe674 (.text:DPC_ObjectDetection_ioctl)
                  007e2ac0    00000780     sysbios.ae674 : BIOS.obj (.text:ti_sysbios_family_c64p_Exception_handler__I)
                  007e3240    00000740     objectdetection.oe674 (.text:DPC_ObjDetDSP_rangeBiasRxChPhaseMeasure)
                  007e3980    000006a0     sysbios.ae674 : BIOS.obj (.text:ti_sysbios_knl_Semaphore_pend__E)
                  007e4020    00000680                   : BIOS.obj (.text:ti_sysbios_heaps_HeapMem_allocUnprotected__E)
                  007e46a0    00000660                   : BIOS.obj (.text:ti_sysbios_heaps_HeapMem_freeUnprotected__E)
                  007e4d00    000005c0     libdopplerproc_dsp_xwr68xx.ae674 : dopplerprocdsp.oe674 (.text:DPU_DopplerProcDSP_process)
                  007e52c0    000005a0     objectdetection.oe674 (.text:DPC_ObjDetDSP_preStartConfig)
                  007e5860    00000580     libmmwavealg_xwr68xx.ae674 : mmwavelib_peakpruning.oe674 (.text:mmwavelib_cfarPeakQualifiedInOrderPruning)
                  007e5de0    00000580     sysbios.ae674 : BIOS.obj (.text:ti_sysbios_knl_Task_Instance_finalize__E)
                  007e6360    00000540     libaoaproc_dsp_xwr68xx.ae674 : aoaprocdsp.oe674 (.text:DPU_AoAProcDSP_config)
                  007e68a0    00000500     libcfarcaproc_dsp_xwr68xx.ae674 : cfarcaprocdsp.oe674 (.text:CFARCADSP_cfarCadB_SOGO)
                  007e6da0    00000500     librangeproc_dsp_xwr68xx.ae674 : rangeprocdsp.oe674 (.text:DPU_RangeProcDSP_process)
                  007e72a0    000004e0     libcfarcaproc_dsp_xwr68xx.ae674 : cfarcaprocdsp.oe674 (.text:CFARCADSP_cfarCadBwrap)
                  007e7780    000004e0     libmmwavealg_xwr68xx.ae674 : mmwavelib_windowcoef_gen.oe674 (.text:mmwavelib_windowCoef_gen)
                  007e7c60    000004c0     objectdetection.oe674 (.text:DPC_ObjDetDSP_AoAconfig)
                  007e8120    000004a0     libdopplerproc_dsp_xwr68xx.ae674 : dopplerprocdsp.oe674 (.text:DPU_DopplerProcDSP_config)
                  007e85c0    00000480     librangeproc_dsp_xwr68xx.ae674 : rangeprocdsp.oe674 (.text:DPU_RangeProcDSP_config)
                  007e8a40    00000440     libcfarcaproc_dsp_xwr68xx.ae674 : cfarcaprocdsp.oe674 (.text:CFARCADSP_processRangeDomain)
                  007e8e80    00000440     sysbios.ae674 : BIOS.obj (.text:ti_sysbios_knl_Task_Instance_init__E)
                  007e92c0    00000420     libmailbox_xwr68xx.ae674 : mailbox.oe674 (.text:Mailbox_open)
                  007e96e0    00000400     libaoaproc_dsp_xwr68xx.ae674 : aoaprocdsp.oe674 (.text:AoAProcDSP_RangeAzimuthHeatmap)
                  007e9ae0    000003e0     libmmwavealg_xwr68xx.ae674 : mmwavelib_peakpruning.oe674 (.text:mmwavelib_cfarPeakPruning)
                  007e9ec0    000003e0     sysbios.ae674 : BIOS.obj (.text:ti_sysbios_knl_Task_sleep__E)
                  007ea2a0    000003e0                   : BIOS.obj (.text:ti_sysbios_utils_Load_updateThreadContexts__E)
                  007ea680    000003a0     libcfarcaproc_dsp_xwr68xx.ae674 : cfarcaprocdsp.oe674 (.text:DPU_CFARCAProcDSP_process)
                  007eaa20    00000380     dsplib.ae64P : DSP_fft32x32_sa.oe64P (.text:psa)
                  007eada0    00000360     libdpm_xwr68xx.ae674 : dpm_core.oe674 (.text:DPM_init)
                  007eb100    00000360                          : dpm_msg.oe674 (.text:DPM_msgRecv)
                  007eb460    00000340     libcfarcaproc_dsp_xwr68xx.ae674 : cfarcaprocdsp.oe674 (.text:CFARCADSP_processDopplerDomain)
                  007eb7a0    00000340     librangeproc_dsp_xwr68xx.ae674 : rangeprocdsp.oe674 (.text:rangeProcDSP_dcRangeSignatureCompensation)
                  007ebae0    00000320     rts6740_elf.lib : cos.c.obj (.text:cos)
                  007ebe00    00000320                     : fputs.c.obj (.text:fputs)
                  007ec120    00000300     dsplib.ae64P : DSP_fft16x16_imre_sa.oe64P (.text:psa)
                  007ec420    000002e0     rts6740_elf.lib : sin.c.obj (.text:sin)
                  007ec700    000002e0     sysbios.ae674 : BIOS.obj (.text:ti_sysbios_heaps_HeapMem_Instance_init__E)
                  007ec9e0    000002e0                   : BIOS.obj (.text:xdc_runtime_Core_createObject__I)
                  007eccc0    000002c0     libaoaproc_dsp_xwr68xx.ae674 : aoaprocdsp.oe674 (.text:AoAProcDSP_dopplerCompensation)
                  007ecf80    000002c0     objectdetection.oe674 (.text:DPC_ObjDetDSP_dopplerConfig)
                  007ed240    000002c0     objectdetection.oe674 (.text:DPC_ObjectDetection_execute)
                  007ed500    000002c0     libedma_xwr68xx.ae674 : edma.oe674 (.text:EDMA_configChannel)
                  007ed7c0    000002c0                           : edma.oe674 (.text:EDMA_configErrorMonitoring)
                  007eda80    000002c0     sysbios.ae674 : BIOS.obj (.text:ti_sysbios_knl_Task_postInit__I)
                  007edd40    000002c0                   : BIOS.obj (.text:ti_sysbios_timers_rti_Timer_Module_startup__E)
                  007ee000    000002a0     libaoaproc_dsp_xwr68xx.ae674 : aoaprocdsp.oe674 (.text:AoAProcDSP_XYZestimation)
                  007ee2a0    000002a0                                  : aoaprocdsp.oe674 (.text:DPU_AoAProcDSP_control)
                  007ee540    000002a0     libedma_xwr68xx.ae674 : edma.oe674 (.text:EDMA_open)
                  007ee7e0    000002a0     rts6740_elf.lib : divf.c.obj (.text:__c6xabi_divf)
                  007eea80    000002a0     sysbios.ae674 : BIOS.obj (.text:ti_sysbios_family_c64p_EventCombiner_dispatch__E)
                  007eed20    000002a0                   : BIOS.obj (.text:ti_sysbios_timers_rti_Timer_getFreq__E)
                  007eefc0    00000280                   : BIOS.obj (.text:ti_sysbios_family_c64p_Cache_Module_startup__E)
                  007ef240    00000280                   : BIOS.obj (.text:xdc_runtime_Startup_startMods__I)
                  007ef4c0    00000260     objectdetection.oe674 (.text:DPC_ObjDetDSP_rangeConfig)
                  007ef720    00000260     sysbios.ae674 : BIOS.obj (.text:ti_sysbios_gates_GateMutex_enter__E)
                  007ef980    00000240     libcfarcaproc_dsp_xwr68xx.ae674 : cfarcaprocdsp.oe674 (.text:DPU_CFARCAProcDSP_config)
                  007efbc0    00000240                                     : cfarcaprocdsp.oe674 (.text:DPU_CFARCAProcDSP_control)
                  007efe00    00000240     libmmwavealg_xwr68xx.ae674 : mmwavelib_ffttwiddle_gen.oe674 (.text:mmwavelib_gen_twiddle_fft16x16_imre_sa)
                  007f0040    00000240     sysbios.ae674 : BIOS.obj (.text:ti_sysbios_family_c64p_Exception_internalHandler__I)
                  007f0280    00000240                   : BIOS.obj (.text:xdc_runtime_Error_policyDefault__E)
                  007f04c0    00000240     dss_pe674.oe674 (.text:xdc_runtime_System_printfExtend__I)
                  007f0700    00000220     objectdetection.oe674 (.text:DPC_ObjDetDSP_CFARCAconfig)
                  007f0920    00000220     libedma_xwr68xx.ae674 : edma.oe674 (.text:EDMA_transferComplete_isr)
                  007f0b40    00000220     libmailbox_xwr68xx.ae674 : mailbox.oe674 (.text:Mailbox_write)
                  007f0d60    00000220     rts6740_elf.lib : open.c.obj (.text:open)
                  007f0f80    00000220     sysbios.ae674 : BIOS.obj (.text:ti_sysbios_family_c64p_EventCombiner_dispatchPlug__E)
                  007f11a0    00000220                   : BIOS.obj (.text:ti_sysbios_family_c64p_EventCombiner_enableEvent__E)
                  007f13c0    00000200     libdpm_xwr68xx.ae674 : dpm_msg.oe674 (.text:DPM_msgResultHandler)
                  007f15c0    00000200     libaoaproc_dsp_xwr68xx.ae674 : aoaprocdsp.oe674 (.text:DPU_AoAProcDSP_process)
                  007f17c0    00000200     sysbios.ae674 : c64p_Hwi_disp_always.obj (.text:_ti_sysbios_family_c64p_Hwi_dispatchAlways)
                  007f19c0    00000200     libmmwavealg_xwr68xx.ae674 : mmwavelib_log2abs.oe674 (.text:mmwavelib_log2Abs32)
                  007f1bc0    00000200     sysbios.ae674 : BIOS.obj (.text:ti_sysbios_family_c64p_EventCombiner_disableEvent__E)
                  007f1dc0    00000200                   : BIOS.obj (.text:ti_sysbios_utils_Load_idleFxn__E)
                  007f1fc0    00000200                   : BIOS.obj (.text:xdc_runtime_Core_constructObject__I)
                  007f21c0    000001e0     objectdetection.oe674 (.text:DPC_ObjectDetection_init)
                  007f23a0    000001e0     libedma_xwr68xx.ae674 : edma.oe674 (.text:EDMA_init)
                  007f2580    000001e0     rts6740_elf.lib : log.c.obj (.text:log)
                  007f2760    000001e0     libmmwavealg_xwr68xx.ae674 : mmwavelib_ffttwiddle_gen.oe674 (.text:mmwavelib_gen_twiddle_smallfft_32x32)
                  007f2940    000001e0                                : mmwavelib_windowing.oe674 (.text:mmwavelib_windowing16x16_evenlen)
                  007f2b20    000001e0     sysbios.ae674 : BIOS.obj (.text:ti_sysbios_knl_Semaphore_post__E)
                  007f2d00    000001c0     libdpedma_hwa_xwr68xx.ae674 : dpedma.oe674 (.text:DPEDMA_configSyncAB)
                  007f2ec0    000001c0                                 : dpedma.oe674 (.text:DPEDMA_configSyncA_singleFrame)
                  007f3080    000001c0     libmailbox_xwr68xx.ae674 : mailbox.oe674 (.text:Mailbox_read)
                  007f3240    000001c0     libsoc_xwr68xx.ae674 : soc.oe674 (.text:SOC_deregisterSysIntListener)
                  007f3400    000001c0     rts6740_elf.lib : imath40.c.obj (.text:__c6xabi_divul)
                  007f35c0    000001c0                     : atan2.c.obj (.text:atan2)
                  007f3780    000001c0                     : fputc.c.obj (.text:fputc)
                  007f3940    000001c0                     : frexp.c.obj (.text:frexp)
                  007f3b00    000001c0                     : ldexp.c.obj (.text:ldexp)
                  007f3cc0    000001c0     libmmwavealg_xwr68xx.ae674 : mmwavelib_secondpeak.oe674 (.text:mmwavelib_secondPeakSearch)
                  007f3e80    000001c0     rts6740_elf.lib : setvbuf.c.obj (.text:setvbuf)
                  007f4040    000001c0     sysbios.ae674 : BIOS.obj (.text:ti_sysbios_knl_Swi_restoreHwi__E)
                  007f4200    000001c0                   : BIOS.obj (.text:ti_sysbios_knl_Task_checkStacks__E)
                  007f43c0    000001c0                   : BIOS.obj (.text:xdc_runtime_Text_putSite__E)
                  007f4580    000001a0     libedma_xwr68xx.ae674 : edma.oe674 (.text:EDMA_paramConfig_assist)
                  007f4720    000001a0     rts6740_elf.lib : hostrename.c.obj (.text:HOSTrename)
                  007f48c0    000001a0     sysbios.ae674 : BIOS.obj (.text:ti_sysbios_family_c64p_Cache_getL2InitSize__I)
                  007f4a60    000001a0                   : BIOS.obj (.text:ti_sysbios_heaps_HeapBuf_Module_startup__E)
                  007f4c00    000001a0                   : BIOS.obj (.text:ti_sysbios_knl_Swi_runLoop__I)
                  007f4da0    000001a0                   : BIOS.obj (.text:ti_sysbios_knl_Task_exit__E)
                  007f4f40    000001a0                   : BIOS.obj (.text:ti_sysbios_timers_rti_Timer_startup__E)
                  007f50e0    00000180     libdpm_xwr68xx.ae674 : dpm_core.oe674 (.text:DPM_deinit)
                  007f5260    00000180                          : dpm_core.oe674 (.text:DPM_ioctl)
                  007f53e0    00000180     sysbios.ae674 : c64p_Exception_asm.obj (.text)
                  007f5560    00000180                   : BIOS.obj (.text:ti_sysbios_knl_Task_schedule__I)
                  007f56e0    00000180                   : BIOS.obj (.text:ti_sysbios_utils_Load_startup__E)
                  007f5860    00000160     libdpm_xwr68xx.ae674 : dpm_msg.oe674 (.text:DPM_msgResponseHandler)
                  007f59c0    00000160     librangeproc_dsp_xwr68xx.ae674 : rangeprocdsp.oe674 (.text:DPU_RangeProcDSP_control)
                  007f5b20    00000160     libedma_xwr68xx.ae674 : edma.oe674 (.text:EDMA_getErrorStatusInfo)
                  007f5c80    00000160     libmailbox_xwr68xx.ae674 : mailbox.oe674 (.text:Mailbox_close)
                  007f5de0    00000160     libsoc_xwr68xx.ae674 : soc.oe674 (.text:SOC_registerSysIntListener)
                  007f5f40    00000160                          : soc_xwr68xx.oe674 (.text:SOC_ungateClock)
                  007f60a0    00000160     rts6740_elf.lib : _bufread.c.obj (.text:__TI_buff_read)
                  007f6200    00000160                     : sqrt.c.obj (.text:sqrt)
                  007f6360    00000160     sysbios.ae674 : BIOS.obj (.text:ti_sysbios_family_c64p_Cache_getL1DInitSize__I)
                  007f64c0    00000160                   : BIOS.obj (.text:ti_sysbios_family_c64p_Cache_getL1PInitSize__I)
                  007f6620    00000160                   : BIOS.obj (.text:ti_sysbios_family_c64p_Hwi_Module_startup__E)
                  007f6780    00000160                   : BIOS.obj (.text:xdc_runtime_Core_deleteObject__I)
                  007f68e0    00000140     libaoaproc_dsp_xwr68xx.ae674 : aoaprocdsp.oe674 (.text:AoAProcDSP_ConvertFov)
                  007f6a20    00000140     libedma_xwr68xx.ae674 : edma_low_level.oe674 (.text:EDMA3Init)
                  007f6b60    00000140                           : edma.oe674 (.text:EDMA_clearErrors)
                  007f6ca0    00000140     libsoc_xwr68xx.ae674 : soc.oe674 (.text:SOC_init)
                  007f6de0    00000140     librangeproc_dsp_xwr68xx.ae674 : rangeprocdsp.oe674 (.text:rangeProcDSP_ConfigDataOutEDMA)
                  007f6f20    00000140     sysbios.ae674 : BIOS.obj (.text:ti_sysbios_knl_Semaphore_Instance_init__E)
                  007f7060    00000140                   : BIOS.obj (.text:ti_sysbios_knl_Task_Module_startup__E)
                  007f71a0    00000140                   : BIOS.obj (.text:ti_sysbios_knl_Task_startCore__E)
                  007f72e0    00000140                   : BIOS.obj (.text:ti_sysbios_timers_rti_Timer_initDevice__I)
                  007f7420    00000140                   : BIOS.obj (.text:ti_sysbios_utils_Load_addTask__E)
                  007f7560    00000140                   : BIOS.obj (.text:ti_sysbios_utils_Load_updateLoads__E)
                  007f76a0    00000140                   : BIOS.obj (.text:xdc_runtime_Memory_alloc__E)
                  007f77e0    00000140                   : BIOS.obj (.text:xdc_runtime_Text_putLab__E)
                  007f7920    00000140                   : BIOS.obj (.text:xdc_runtime_Text_putMod__E)
                  007f7a60    00000140                   : BIOS.obj (.text:xdc_runtime_Text_visitRope2__I)
                  007f7ba0    00000120     objectdetection.oe674 (.text:DPC_ObjDetDSP_GetRxChPhaseComp)
                  007f7cc0    00000120     libdpm_xwr68xx.ae674 : dpm_msg.oe674 (.text:DPM_msgDPCCfgHandler)
                  007f7de0    00000120     libedma_xwr68xx.ae674 : edma.oe674 (.text:EDMA_configParamSet)
                  007f7f00    00000120     boot.ae674 : autoinit.oe674 (.text:_auto_init_elf)
                  007f8020    00000120     rts6740_elf.lib : getdevice.c.obj (.text:getdevice)
                  007f8140    00000120     mathlib.ae674 : cossp.oe674 (.text:optasm)
                  007f8260    00000120                   : sinsp.oe674 (.text:optasm)
                  007f8380    00000120     sysbios.ae674 : BIOS.obj (.text:ti_sysbios_knl_Clock_workFunc__E)
                  007f84a0    00000120                   : BIOS.obj (.text:ti_sysbios_timers_rti_Timer_setPeriodMicroSecs__E)
                  007f85c0    00000120                   : BIOS.obj (.text:ti_sysbios_utils_Load_taskCreateHook__E)
                  007f86e0    00000120                   : BIOS.obj (.text:ti_sysbios_utils_Load_taskDeleteHook__E)
                  007f8800    00000100     objectdetection.oe674 (.text:DPC_ObjDetDSP_reconfigSubFrame)
                  007f8900    00000100     libmailbox_xwr68xx.ae674 : mailbox.oe674 (.text:Mailbox_readFlush)
                  007f8a00    00000100     libsoc_xwr68xx.ae674 : soc_xwr68xx_dss.oe674 (.text:SOC_deviceInit)
                  007f8b00    00000100                          : soc_xwr68xx.oe674 (.text:SOC_translateAddress)
                  007f8c00    00000100     rts6740_elf.lib : atoi.c.obj (.text:atoi)
                  007f8d00    00000100                     : fflush.c.obj (.text:fflush)
                  007f8e00    00000100                     : fseek.c.obj (.text:fseek)
                  007f8f00    00000100     libmmwavealg_xwr68xx.ae674 : mmwavelib_dftsinglebin.oe674 (.text:mmwavelib_dftSinCosTabelGen)
                  007f9000    00000100     sysbios.ae674 : BIOS.obj (.text:xdc_runtime_Error_print__E)
                  007f9100    00000100                   : BIOS.obj (.text:xdc_runtime_Startup_exec__E)
                  007f9200    000000e0     objectdetection.oe674 (.text:DPC_ObjectDetection_deinit)
                  007f92e0    000000e0     libdpm_xwr68xx.ae674 : dpm_core.oe674 (.text:DPM_execute)
                  007f93c0    000000e0                          : dpm_pipe.oe674 (.text:DPM_pipeSend)
                  007f94a0    000000e0     libedma_xwr68xx.ae674 : edma.oe674 (.text:EDMA_close)
                  007f9580    000000e0                           : edma.oe674 (.text:EDMA_isTransferComplete)
                  007f9660    000000e0                           : edma.oe674 (.text:EDMA_transferController_error_isr)
                  007f9740    000000e0     rts6740_elf.lib : hostlseek.c.obj (.text:HOSTlseek)
                  007f9820    000000e0                     : hostopen.c.obj (.text:HOSTopen)
                  007f9900    000000e0                     : hostwrite.c.obj (.text:HOSTwrite)
                  007f99e0    000000e0     libmailbox_xwr68xx.ae674 : mailbox.oe674 (.text:Mailbox_boxFullISRMssDss)
                  007f9ac0    000000e0     rts6740_elf.lib : _ltoa.c.obj (.text:__TI_ltoa)
                  007f9ba0    000000e0                     : _io_perm.c.obj (.text:__TI_wrt_ok)
                  007f9c80    000000e0                     : divi.asm.obj (.text:__divi)
                  007f9d60    000000e0                     : close.c.obj (.text:close)
                  007f9e40    000000e0                     : exit.c.obj (.text:exit)
                  007f9f20    000000e0                     : memset.c.obj (.text:memset)
                  007fa000    000000e0                     : printf.c.obj (.text:printf)
                  007fa0e0    000000e0     sysbios.ae674 : BIOS.obj (.text:ti_sysbios_utils_Load_updateCurrentThreadTime__E)
                  007fa1c0    000000c0     libaoaproc_dsp_xwr68xx.ae674 : aoaprocdsp.oe674 (.text:AoAProcDSP_computeHeatMapVal)
                  007fa280    000000c0     libcfarcaproc_dsp_xwr68xx.ae674 : cfarcaprocdsp.oe674 (.text:CFARCADSP_saveConfiguration)
                  007fa340    000000c0     libdpm_xwr68xx.ae674 : dpm_mailbox.oe674 (.text:DPM_mboxRemoteMailboxCallbackFxn)
                  007fa400    000000c0     libdopplerproc_dsp_xwr68xx.ae674 : dopplerprocdsp.oe674 (.text:DPU_DopplerProcDSP_log2AbsAccum)
                  007fa4c0    000000c0     libedma_xwr68xx.ae674 : edma.oe674 (.text:EDMA_error_isr)
                  007fa580    000000c0                           : edma.oe674 (.text:EDMA_startDmaTransfer)
                  007fa640    000000c0     rts6740_elf.lib : hostread.c.obj (.text:HOSTread)
                  007fa700    000000c0                     : hostunlink.c.obj (.text:HOSTunlink)
                  007fa7c0    000000c0     libmailbox_xwr68xx.ae674 : mailbox.oe674 (.text:Mailbox_boxFullISRProcessing)
                  007fa880    000000c0     objectdetection.oe674 (.text:_DPC_Objdet_Assert)
                  007fa940    000000c0     rts6740_elf.lib : divu.asm.obj (.text:__divu)
                  007faa00    000000c0                     : remi.asm.obj (.text:__remi)
                  007faac0    000000c0     libmmwavealg_xwr68xx.ae674 : mmwavelib_maxpow.oe674 (.text:mmwavelib_maxpow)
                  007fab80    000000c0                                : mmwavelib_maxpow.oe674 (.text:mmwavelib_powerAndMax)
                  007fac40    000000c0     rts6740_elf.lib : modf.c.obj (.text:modf)
                  007fad00    000000c0     sysbios.ae674 : BIOS.obj (.text:ti_sysbios_family_c64p_Hwi_dispatchCore__I)
                  007fadc0    000000c0                   : BIOS.obj (.text:ti_sysbios_heaps_HeapMem_alloc__E)
                  007fae80    000000c0                   : BIOS.obj (.text:ti_sysbios_heaps_HeapMem_getStats__E)
                  007faf40    000000c0                   : BIOS.obj (.text:ti_sysbios_knl_Swi_schedule__I)
                  007fb000    000000c0                   : BIOS.obj (.text:ti_sysbios_knl_Task_allBlockedFunction__I)
                  007fb0c0    000000c0     dss_pe674.oe674 (.text:ti_sysbios_knl_Task_create)
                  007fb180    000000c0     sysbios.ae674 : BIOS.obj (.text:ti_sysbios_utils_Load_taskSwitchHook__E)
                  007fb240    000000c0     rts6740_elf.lib : tls.c.obj (.text:tls:init:__TI_tls_init)
                  007fb300    000000c0     sysbios.ae674 : BIOS.obj (.text:xdc_runtime_Assert_raise__I)
                  007fb3c0    000000a0     libcfarcaproc_dsp_xwr68xx.ae674 : cfarcaprocdsp.oe674 (.text:CFARCADSP_configEDMARangeDomain)
                  007fb460    000000a0                                     : cfarcaprocdsp.oe674 (.text:CFARCADSP_fovConvertDoppler)
                  007fb500    000000a0     objectdetection.oe674 (.text:DPC_ObjDetDSP_GenDopplerWindow)
                  007fb5a0    000000a0     objectdetection.oe674 (.text:DPC_ObjDetDSP_GenRangeWindow)
                  007fb640    000000a0     objectdetection.oe674 (.text:DPC_ObjectDetection_frameStart)
                  007fb6e0    000000a0     objectdetection.oe674 (.text:DPC_ObjectDetection_start)
                  007fb780    000000a0     libdpedma_hwa_xwr68xx.ae674 : dpedma.oe674 (.text:DPEDMA_setup_shadow_link)
                  007fb820    000000a0     libdpm_xwr68xx.ae674 : dpm_mailbox.oe674 (.text:DPM_mboxInit)
                  007fb8c0    000000a0                          : dpm_msg.oe674 (.text:DPM_msgStartHandler)
                  007fb960    000000a0                          : dpm_msg.oe674 (.text:DPM_msgStopHandler)
                  007fba00    000000a0                          : dpm_core.oe674 (.text:DPM_notifyExecute)
                  007fbaa0    000000a0                          : dpm_pipe.oe674 (.text:DPM_pipeRecv)
                  007fbb40    000000a0                          : dpm_core.oe674 (.text:DPM_start)
                  007fbbe0    000000a0                          : dpm_core.oe674 (.text:DPM_stop)
                  007fbc80    000000a0     libedma_xwr68xx.ae674 : edma_low_level.oe674 (.text:EDMA3EnableChInShadowReg)
                  007fbd20    000000a0                           : edma.oe674 (.text:EDMA_disableChannel)
                  007fbdc0    000000a0                           : edma.oe674 (.text:EDMA_enableChannel)
                  007fbe60    000000a0     rts6740_elf.lib : hostclose.c.obj (.text:HOSTclose)
                  007fbf00    000000a0     libmailbox_xwr68xx.ae674 : mailbox.oe674 (.text:Mailbox_boxEmptyISRProcessing)
                  007fbfa0    000000a0     libsoc_xwr68xx.ae674 : soc.oe674 (.text:SOC_SystemISR)
                  007fc040    000000a0     rts6740_elf.lib : fflush.c.obj (.text:__TI_doflush)
                  007fc0e0    000000a0                     : _io_perm.c.obj (.text:__TI_rd_ok)
                  007fc180    000000a0                     : round.c.obj (.text:__c6xabi_nround)
                  007fc220    000000a0                     : remu.asm.obj (.text:__remu)
                  007fc2c0    000000a0     boot.ae674 : boot.oe674 (.text:_c_int00)
                  007fc360    000000a0     rts6740_elf.lib : getdevice.c.obj (.text:finddevice)
                  007fc400    000000a0                     : memcpy64.asm.obj (.text:memcpy)
                  007fc4a0    000000a0     libmmwavealg_xwr68xx.ae674 : mmwavelib_vecsum.oe674 (.text:mmwavelib_vecsum)
                  007fc540    000000a0                                : mmwavelib_windowing.oe674 (.text:mmwavelib_windowing16x32_IQswap)
                  007fc5e0    000000a0     mathlib.ae674 : sqrtsp.oe674 (.text:optasm)
                  007fc680    000000a0     sysbios.ae674 : BIOS.obj (.text:ti_sysbios_family_c64p_Exception_Module_startup__E)
                  007fc720    000000a0                   : BIOS.obj (.text:ti_sysbios_family_c64p_Hwi_dispatchC__I)
                  007fc7c0    000000a0                   : BIOS.obj (.text:ti_sysbios_family_c64p_Hwi_getStackInfo__E)
                  007fc860    000000a0                   : BIOS.obj (.text:ti_sysbios_hal_Hwi_checkStack)
                  007fc900    000000a0                   : BIOS.obj (.text:ti_sysbios_knl_Semaphore_pendTimeout__I)
                  007fc9a0    000000a0                   : BIOS.obj (.text:xdc_runtime_Core_assignLabel__I)
                  007fca40    000000a0                   : BIOS.obj (.text:xdc_runtime_Core_assignParams__I)
                  007fcae0    000000a0                   : BIOS.obj (.text:xdc_runtime_System_atexit__E)
                  007fcb80    000000a0                   : BIOS.obj (.text:xdc_runtime_System_exit__E)
                  007fcc20    000000a0                   : BIOS.obj (.text:xdc_runtime_Text_printVisFxn__I)
                  007fccc0    000000a0                   : BIOS.obj (.text:xdc_runtime_Text_xprintf__I)
                  007fcd60    00000080     libaoaproc_dsp_xwr68xx.ae674 : aoaprocdsp.oe674 (.text:AoAProcDSP_waitInData)
                  007fcde0    00000080     libcfarcaproc_dsp_xwr68xx.ae674 : cfarcaprocdsp.oe674 (.text:CFARCADSP_fovConvertRange)
                  007fce60    00000080     objectdetection.oe674 (.text:DPC_ObjectDetection_chirpEvent)
                  007fcee0    00000080     objectdetection.oe674 (.text:DPC_ObjectDetection_stop)
                  007fcf60    00000080     libdpm_xwr68xx.ae674 : dpm_mailbox.oe674 (.text:DPM_mboxSendResult)
                  007fcfe0    00000080                          : dpm_pipe.oe674 (.text:DPM_pipeDeinit)
                  007fd060    00000080                          : dpm_pipe.oe674 (.text:DPM_pipeInit)
                  007fd0e0    00000080     libcfarcaproc_dsp_xwr68xx.ae674 : cfarcaprocdsp.oe674 (.text:DPU_CFARCAProcDSP_init)
                  007fd160    00000080     libdopplerproc_dsp_xwr68xx.ae674 : dopplerprocdsp.oe674 (.text:DPU_DopplerProcDSP_control)
                  007fd1e0    00000080                                      : dopplerprocdsp.oe674 (.text:DPU_DopplerProcDSP_init)
                  007fd260    00000080     libedma_xwr68xx.ae674 : edma_low_level.oe674 (.text:EDMA3MapChToEvtQ)
                  007fd2e0    00000080                           : edma.oe674 (.text:EDMA_getTransferControllerErrorStatusInfo)
                  007fd360    00000080                           : edma.oe674 (.text:EDMA_linkParamSets)
                  007fd3e0    00000080     libosal_xwr68xx.ae674 : SemaphoreP_tirtos.oe674 (.text:SemaphoreP_create)
                  007fd460    00000080     rts6740_elf.lib : trgmsg.c.obj (.text:__TI_readmsg)
                  007fd4e0    00000080                     : llshift.c.obj (.text:__c6xabi_llshl)
                  007fd560    00000080                     : snprintf.c.obj (.text:_outs)
                  007fd5e0    00000080     sysbios.ae674 : c62_TaskSupport_asm.obj (.text:_ti_sysbios_family_c62_TaskSupport_swap__E)
                  007fd660    00000080     rts6740_elf.lib : snprintf.c.obj (.text:snprintf)
                  007fd6e0    00000080     dss_pe674.oe674 (.text:ti_sysbios_BIOS_atExitFunc__I)
                  007fd760    00000080     dss_pe674.oe674 (.text:ti_sysbios_BIOS_registerRTSLock__I)
                  007fd7e0    00000080     dss_pe674.oe674 (.text:ti_sysbios_gates_GateHwi_Object__create__S)
                  007fd860    00000080     dss_pe674.oe674 (.text:ti_sysbios_gates_GateMutex_Object__create__S)
                  007fd8e0    00000080     dss_pe674.oe674 (.text:ti_sysbios_heaps_HeapMem_Object__create__S)
                  007fd960    00000080     sysbios.ae674 : BIOS.obj (.text:ti_sysbios_heaps_HeapMem_init__I)
                  007fd9e0    00000080     dss_pe674.oe674 (.text:ti_sysbios_knl_Clock_doTick__I)
                  007fda60    00000080     sysbios.ae674 : BIOS.obj (.text:ti_sysbios_knl_Idle_run__E)
                  007fdae0    00000080     dss_pe674.oe674 (.text:ti_sysbios_knl_Semaphore_create)
                  007fdb60    00000080     sysbios.ae674 : BIOS.obj (.text:ti_sysbios_knl_Swi_post__E)
                  007fdbe0    00000080                   : BIOS.obj (.text:ti_sysbios_knl_Swi_startup__E)
                  007fdc60    00000080                   : BIOS.obj (.text:ti_sysbios_knl_Task_processVitalTaskFlag__I)
                  007fdce0    00000080                   : BIOS.obj (.text:ti_sysbios_knl_Task_restore__E)
                  007fdd60    00000080                   : BIOS.obj (.text:ti_sysbios_knl_Task_sleepTimeout__I)
                  007fdde0    00000080     dss_pe674.oe674 (.text:ti_sysbios_rts_MemAlloc_alloc)
                  007fde60    00000080     sysbios.ae674 : BIOS.obj (.text:ti_sysbios_timers_rti_Timer_setPeriod__E)
                  007fdee0    00000080                   : BIOS.obj (.text:ti_sysbios_timers_rti_Timer_stop__E)
                  007fdf60    00000080     rts6740_elf.lib : unlink.c.obj (.text:unlink)
                  007fdfe0    00000080     sysbios.ae674 : BIOS.obj (.text:xdc_runtime_System_avprintf__E)
                  007fe060    00000080                   : BIOS.obj (.text:xdc_runtime_System_vprintf__E)
                  007fe0e0    00000060     libcfarcaproc_dsp_xwr68xx.ae674 : cfarcaprocdsp.oe674 (.text:CFARCADSP_waitEDMATransComplete)
                  007fe140    00000060     objectdetection.oe674 (.text:DPC_ObjDetDSP_MemPoolAlloc)
                  007fe1a0    00000060     libdpm_xwr68xx.ae674 : dpm_listlib.oe674 (.text:DPM_listCat)
                  007fe200    00000060                          : dpm_mailbox.oe674 (.text:DPM_mboxDeinit)
                  007fe260    00000060                          : dpm_msg.oe674 (.text:DPM_msgInitHeader)
                  007fe2c0    00000060     libaoaproc_dsp_xwr68xx.ae674 : aoaprocdsp.oe674 (.text:DPU_AoAProcDSP_deinit)
                  007fe320    00000060                                  : aoaprocdsp.oe674 (.text:DPU_AoAProcDSP_init)
                  007fe380    00000060     libcfarcaproc_dsp_xwr68xx.ae674 : cfarcaprocdsp.oe674 (.text:DPU_CFARCAProcDSP_deinit)
                  007fe3e0    00000060     libdopplerproc_dsp_xwr68xx.ae674 : dopplerprocdsp.oe674 (.text:DPU_DopplerProcDSP_deinit)
                  007fe440    00000060                                      : dopplerprocdsp.oe674 (.text:DPU_DopplerProcDSP_waitInData)
                  007fe4a0    00000060                                      : dopplerprocdsp.oe674 (.text:DPU_DopplerProcDSP_waitTransDetMatrix)
                  007fe500    00000060     librangeproc_dsp_xwr68xx.ae674 : rangeprocdsp.oe674 (.text:DPU_RangeProcDSP_deinit)
                  007fe560    00000060                                    : rangeprocdsp.oe674 (.text:DPU_RangeProcDSP_init)
                  007fe5c0    00000060     libedma_xwr68xx.ae674 : edma_low_level.oe674 (.text:EDMA3ClrEvt)
                  007fe620    00000060                           : edma_low_level.oe674 (.text:EDMA3ClrIntr)
                  007fe680    00000060                           : edma_low_level.oe674 (.text:EDMA3ClrMissEvt)
                  007fe6e0    00000060                           : edma_low_level.oe674 (.text:EDMA3DisableEvtIntr)
                  007fe740    00000060                           : edma_low_level.oe674 (.text:EDMA3EnableDmaEvt)
                  007fe7a0    00000060                           : edma_low_level.oe674 (.text:EDMA3EnableEvtIntr)
                  007fe800    00000060                           : edma_low_level.oe674 (.text:EDMA3SetEvt)
                  007fe860    00000060                           : edma.oe674 (.text:EDMA_configTransferControllerError)
                  007fe8c0    00000060                           : edma.oe674 (.text:EDMA_isError)
                  007fe920    00000060                           : edma.oe674 (.text:EDMA_setDestinationAddress)
                  007fe980    00000060                           : edma.oe674 (.text:EDMA_setSourceAddress)
                  007fe9e0    00000060                           : edma.oe674 (.text:EDMA_validate_channelIdchannelType)
                  007fea40    00000060     libmailbox_xwr68xx.ae674 : mailbox.oe674 (.text:Mailbox_Config_init)
                  007feaa0    00000060     libsoc_xwr68xx.ae674 : soc_xwr68xx.oe674 (.text:SOC_setDSSLinkState)
                  007feb00    00000060                          : soc.oe674 (.text:SOC_unhaltBSS)
                  007feb60    00000060     rts6740_elf.lib : trgmsg.c.obj (.text:__TI_writemsg)
                  007febc0    00000060                     : llshift.c.obj (.text:__c6xabi_llshru)
                  007fec20    00000060     sysbios.ae674 : c64p_Hwi_asm_switch.obj (.text:_ti_sysbios_family_c64p_Hwi_switchAndDispatch__I)
                  007fec80    00000060                   : c64p_Hwi_asm_switch.obj (.text:_ti_sysbios_family_xxx_Hwi_switchAndRunFunc)
                  007fece0    00000060     rts6740_elf.lib : lseek.c.obj (.text:lseek)
                  007fed40    00000060                     : memccpy.c.obj (.text:memccpy)
                  007feda0    00000060     libmmwavealg_xwr68xx.ae674 : mmwavelib_accum.oe674 (.text:mmwavelib_accum16shift)
                  007fee00    00000060                                : mmwavelib_vecsubc.oe674 (.text:mmwavelib_vecsubc)
                  007fee60    00000060     librangeproc_dsp_xwr68xx.ae674 : rangeprocdsp.oe674 (.text:rangeProcDSP_WaitEDMAComplete)
                  007feec0    00000060     rts6740_elf.lib : read.c.obj (.text:read)
                  007fef20    00000060                     : sprintf.c.obj (.text:sprintf)
                  007fef80    00000060     dss_pe674.oe674 (.text:ti_sysbios_BIOS_errorRaiseHook__I)
                  007fefe0    00000060     dss_pe674.oe674 (.text:ti_sysbios_BIOS_removeRTSLock__I)
                  007ff040    00000060     dss_pe674.oe674 (.text:ti_sysbios_BIOS_startFunc__I)
                  007ff0a0    00000060     sysbios.ae674 : BIOS.obj (.text:ti_sysbios_family_c62_TaskSupport_start__E)
                  007ff100    00000060                   : BIOS.obj (.text:ti_sysbios_family_c64p_Cache_setMar__E)
                  007ff160    00000060                   : BIOS.obj (.text:ti_sysbios_family_c64p_EventCombiner_Module_startup__E)
                  007ff1c0    00000060                   : BIOS.obj (.text:ti_sysbios_family_c64p_EventCombiner_unused__E)
                  007ff220    00000060     dss_pe674.oe674 (.text:ti_sysbios_gates_GateMutex_Object__delete__S)
                  007ff280    00000060     sysbios.ae674 : BIOS.obj (.text:ti_sysbios_hal_Hwi_initStack)
                  007ff2e0    00000060                   : BIOS.obj (.text:ti_sysbios_heaps_HeapMem_free__E)
                  007ff340    00000060                   : BIOS.obj (.text:ti_sysbios_knl_Clock_Module_startup__E)
                  007ff3a0    00000060     dss_pe674.oe674 (.text:ti_sysbios_knl_Queue_construct)
                  007ff400    00000060     dss_pe674.oe674 (.text:ti_sysbios_knl_Semaphore_Object__delete__S)
                  007ff460    00000060     dss_pe674.oe674 (.text:ti_sysbios_knl_Semaphore_construct)
                  007ff4c0    00000060     sysbios.ae674 : BIOS.obj (.text:ti_sysbios_knl_Swi_Module_startup__E)
                  007ff520    00000060                   : BIOS.obj (.text:ti_sysbios_knl_Task_enter__I)
                  007ff580    00000060     rts6740_elf.lib : write.c.obj (.text:write)
                  007ff5e0    00000060     sysbios.ae674 : BIOS.obj (.text:xdc_runtime_SysStd_abort__E)
                  007ff640    00000040     libsoc_xwr68xx.ae674 : soc.oe674 (.text:CSL_FEXTR)
                  007ff680    00000040                          : soc_xwr68xx.oe674 (.text:CSL_FEXTR)
                  007ff6c0    00000040     libmailbox_xwr68xx.ae674 : mailbox.oe674 (.text:CSL_FINSR)
                  007ff700    00000040     libsoc_xwr68xx.ae674 : soc.oe674 (.text:CSL_FINSR)
                  007ff740    00000040                          : soc_xwr68xx.oe674 (.text:CSL_FINSR)
                  007ff780    00000040                          : soc_xwr68xx_dss.oe674 (.text:CSL_FINSR)
                  007ff7c0    00000040     libdpm_xwr68xx.ae674 : dpm_listlib.oe674 (.text:DPM_listAdd)
                  007ff800    00000040                          : dpm_listlib.oe674 (.text:DPM_listRemove)
                  007ff840    00000040                          : dpm_mailbox.oe674 (.text:DPM_mboxMsgSend)
                  007ff880    00000040                          : dpm_msg.oe674 (.text:DPM_msgAssertHandler)
                  007ff8c0    00000040                          : dpm_msg.oe674 (.text:DPM_msgBSSFaultHandler)
                  007ff900    00000040                          : dpm_msg.oe674 (.text:DPM_msgDPCInfoHandler)
                  007ff940    00000040                          : dpm_pipe.oe674 (.text:DPM_pipeDequeue)
                  007ff980    00000040     libedma_xwr68xx.ae674 : edma_low_level.oe674 (.text:EDMA3DisableDmaEvt)
                  007ff9c0    00000040                           : edma_low_level.oe674 (.text:EDMA3MapQdmaChToPaRAM)
                  007ffa00    00000040                           : edma_low_level.oe674 (.text:EDMA3SetPaRAM)
                  007ffa40    00000040                           : edma_low_level.oe674 (.text:EDMA3SetQdmaTrigWord)
                  007ffa80    00000040     libosal_xwr68xx.ae674 : HwiP_tirtos.oe674 (.text:HwiP_create)
                  007ffac0    00000040                           : HwiP_tirtos.oe674 (.text:HwiP_delete)
                  007ffb00    00000040     libmailbox_xwr68xx.ae674 : mailbox.oe674 (.text:Mailbox_boxEmptyISRBss)
                  007ffb40    00000040                              : mailbox.oe674 (.text:Mailbox_boxEmptyISRMssDss)
                  007ffb80    00000040                              : mailbox.oe674 (.text:Mailbox_boxFullISRBss)
                  007ffbc0    00000040     libsoc_xwr68xx.ae674 : soc_xwr68xx_dss.oe674 (.text:SOC_getInAddr_LUTType)
                  007ffc00    00000040                          : soc_xwr68xx_dss.oe674 (.text:SOC_getOutAddr_LUTType)
                  007ffc40    00000040                          : soc_xwr68xx.oe674 (.text:SOC_isMSSOperational)
                  007ffc80    00000040     rts6740_elf.lib : frcmpyd_div.c.obj (.text:__TI_frcmpyd_div)
                  007ffcc0    00000040                     : isinf.c.obj (.text:__c6xabi_isinf)
                  007ffd00    00000040                     : strasg.asm.obj (.text:__strasgi_64plus)
                  007ffd40    00000040                     : args_main.c.obj (.text:_args_main)
                  007ffd80    00000040                     : snprintf.c.obj (.text:_outc)
                  007ffdc0    00000040                     : sprintf.c.obj (.text:_outs)
                  007ffe00    00000040     sysbios.ae674 : c62_TaskSupport_asm.obj (.text:_ti_sysbios_family_c62_TaskSupport_buildTaskStack)
                  007ffe40    00000040     dss_pe674.oe674 (.text:free)
                  007ffe80    00000040     libmathutils.ae674 : mathutils.oe674 (.text:mathUtils_pow2roundup)
                  007ffec0    00000040     libmmwavealg_xwr68xx.ae674 : mmwavelib_vecmul.oe674 (.text:mmwavelib_vecmul16x32_anylen)
                  007fff00    00000040     dss_pe674.oe674 (.text:ti_sysbios_BIOS_exitFunc__I)
                  007fff40    00000040     dss_pe674.oe674 (.text:ti_sysbios_BIOS_rtsLock__I)
                  007fff80    00000040     dss_pe674.oe674 (.text:ti_sysbios_BIOS_rtsUnlock__I)
                  007fffc0    00000010     rts6740_elf.lib : _printfi.c.obj ($Tramp$S$$__TI_printfi)
                  007fffd0    00000010                     : imath64.c.obj ($Tramp$S$$__c6xabi_divull)
                  007fffe0    00000010                     : atan.c.obj ($Tramp$S$$atan)
                  007ffff0    00000010                     : divd.c.obj ($Tramp$S$$__c6xabi_divd)

.text.2    0    00800000    00001220     
                  00800000    00000040     sysbios.ae674 : BIOS.obj (.text:ti_sysbios_family_c64p_Hwi_disableInterrupt__E)
                  00800040    00000040                   : BIOS.obj (.text:ti_sysbios_family_c64p_Hwi_enableInterrupt__E)
                  00800080    00000040     dss_pe674.oe674 (.text:ti_sysbios_gates_GateHwi_Handle__label__S)
                  008000c0    00000040     dss_pe674.oe674 (.text:ti_sysbios_gates_GateHwi_Object__delete__S)
                  00800100    00000040     dss_pe674.oe674 (.text:ti_sysbios_gates_GateMutex_Handle__label__S)
                  00800140    00000040     sysbios.ae674 : BIOS.obj (.text:ti_sysbios_gates_GateMutex_Instance_init__E)
                  00800180    00000040                   : BIOS.obj (.text:ti_sysbios_gates_GateMutex_leave__E)
                  008001c0    00000040     dss_pe674.oe674 (.text:ti_sysbios_heaps_HeapMem_Handle__label__S)
                  00800200    00000040     dss_pe674.oe674 (.text:ti_sysbios_heaps_HeapMem_Object__delete__S)
                  00800240    00000040     dss_pe674.oe674 (.text:ti_sysbios_heaps_HeapMem_Object__get__S)
                  00800280    00000040     dss_pe674.oe674 (.text:ti_sysbios_knl_Semaphore_destruct)
                  008002c0    00000040     dss_pe674.oe674 (.text:ti_sysbios_knl_Swi_Object__get__S)
                  00800300    00000040     dss_pe674.oe674 (.text:ti_sysbios_knl_Task_Object__get__S)
                  00800340    00000040     sysbios.ae674 : BIOS.obj (.text:ti_sysbios_timers_rti_Timer_periodicStub__E)
                  00800380    00000040     rts6740_elf.lib : wcslen.c.obj (.text:wcslen)
                  008003c0    00000040     sysbios.ae674 : BIOS.obj (.text:xdc_runtime_Error_init__E)
                  00800400    00000040     dss_pe674.oe674 (.text:xdc_runtime_System_aprintf__E)
                  00800440    00000040     dss_pe674.oe674 (.text:xdc_runtime_System_printf__E)
                  00800480    00000020     libcfarcaproc_dsp_xwr68xx.ae674 : cfarcaprocdsp.oe674 (.text:CFARCADSP_adjustCfarCfg)
                  008004a0    00000020     objectdetection.oe674 (.text:DPC_ObjDetDSP_GetDopplerWinGenLen)
                  008004c0    00000020     objectdetection.oe674 (.text:DPC_ObjDetDSP_GetRangeWinGenLen)
                  008004e0    00000020     libdpm_xwr68xx.ae674 : dpm_core.oe674 (.text:DPM_chirpISR)
                  00800500    00000020                          : dpm_core.oe674 (.text:DPM_frameStartISR)
                  00800520    00000020                          : dpm_mailbox.oe674 (.text:DPM_mboxSynch)
                  00800540    00000020     libedma_xwr68xx.ae674 : edma_low_level.oe674 (.text:EDMA3ChannelToParamMap)
                  00800560    00000020                           : edma_low_level.oe674 (.text:EDMA3ClrCCErr)
                  00800580    00000020                           : edma_low_level.oe674 (.text:EDMA3DisableQdmaEvt)
                  008005a0    00000020                           : edma_low_level.oe674 (.text:EDMA3EnableQdmaEvt)
                  008005c0    00000020                           : edma_low_level.oe674 (.text:EDMA3ErrIntrHighStatusGet)
                  008005e0    00000020                           : edma_low_level.oe674 (.text:EDMA3GetCCErrStatus)
                  00800600    00000020                           : edma_low_level.oe674 (.text:EDMA3GetErrIntrStatus)
                  00800620    00000020                           : edma_low_level.oe674 (.text:EDMA3GetIntrStatus)
                  00800640    00000020                           : edma_low_level.oe674 (.text:EDMA3IntrStatusHighGet)
                  00800660    00000020                           : edma_low_level.oe674 (.text:EDMA3QdmaClrMissEvt)
                  00800680    00000020                           : edma_low_level.oe674 (.text:EDMA3QdmaGetErrIntrStatus)
                  008006a0    00000020                           : edma.oe674 (.text:EDMA_getNumInstances)
                  008006c0    00000020                           : edma_low_level.oe674 (.text:EDMAsetRegion)
                  008006e0    00000020     libosal_xwr68xx.ae674 : HwiP_tirtos.oe674 (.text:HwiP_Params_init)
                  00800700    00000020                           : HwiP_tirtos.oe674 (.text:HwiP_disable)
                  00800720    00000020                           : HwiP_tirtos.oe674 (.text:HwiP_disableInterrupt)
                  00800740    00000020                           : HwiP_tirtos.oe674 (.text:HwiP_enableInterrupt)
                  00800760    00000020                           : HwiP_tirtos.oe674 (.text:HwiP_restore)
                  00800780    00000020                           : MemoryP_tirtos.oe674 (.text:MemoryP_ctrlAlloc)
                  008007a0    00000020                           : MemoryP_tirtos.oe674 (.text:MemoryP_ctrlFree)
                  008007c0    00000020                           : MemoryP_tirtos.oe674 (.text:MemoryP_getStats)
                  008007e0    00000020                           : SemaphoreP_tirtos.oe674 (.text:SemaphoreP_Params_init)
                  00800800    00000020                           : SemaphoreP_tirtos.oe674 (.text:SemaphoreP_delete)
                  00800820    00000020                           : SemaphoreP_tirtos.oe674 (.text:SemaphoreP_pend)
                  00800840    00000020                           : SemaphoreP_tirtos.oe674 (.text:SemaphoreP_post)
                  00800860    00000020                           : DebugP_tirtos.oe674 (.text:_DebugP_assert)
                  00800880    00000020     rts6740_elf.lib : errno.c.obj (.text:__c6xabi_errno_addr)
                  008008a0    00000020                     : trunc.c.obj (.text:__c6xabi_trunc)
                  008008c0    00000020                     : push.asm.obj (.text:__pop_rts)
                  008008e0    00000020                     : push.asm.obj (.text:__push_rts)
                  00800900    00000020                     : _lock.c.obj (.text:_nop)
                  00800920    00000020                     : printf.c.obj (.text:_outc)
                  00800940    00000020                     : sprintf.c.obj (.text:_outc)
                  00800960    00000020                     : printf.c.obj (.text:_outs)
                  00800980    00000020                     : _lock.c.obj (.text:_register_lock)
                  008009a0    00000020                     : _lock.c.obj (.text:_register_unlock)
                  008009c0    00000020                     : signbit.c.obj (.text:_signbit)
                  008009e0    00000020     sysbios.ae674 : c62_TaskSupport_asm.obj (.text:_ti_sysbios_family_c62_TaskSupport_glue)
                  00800a00    00000020     rts6740_elf.lib : exit.c.obj (.text:abort)
                  00800a20    00000020                     : llabs.c.obj (.text:llabs)
                  00800a40    00000020     libmathutils.ae674 : mathutils.oe674 (.text:mathUtils_ceilLog2)
                  00800a60    00000020                        : mathutils.oe674 (.text:mathUtils_floorLog2)
                  00800a80    00000020     rts6740_elf.lib : fputc.c.obj (.text:putchar)
                  00800aa0    00000020     dss_pe674.oe674 (.text:ti_sysbios_BIOS_RtsGateProxy_enter__E)
                  00800ac0    00000020     dss_pe674.oe674 (.text:ti_sysbios_BIOS_RtsGateProxy_leave__E)
                  00800ae0    00000020     sysbios.ae674 : BIOS.obj (.text:ti_sysbios_BIOS_exit__E)
                  00800b00    00000020                   : BIOS.obj (.text:ti_sysbios_BIOS_getCpuFreq__E)
                  00800b20    00000020                   : BIOS.obj (.text:ti_sysbios_BIOS_linkedWithIncorrectBootLibrary__E)
                  00800b40    00000020     dss_pe674.oe674 (.text:ti_sysbios_BIOS_nullFunc__I)
                  00800b60    00000020     sysbios.ae674 : BIOS.obj (.text:ti_sysbios_BIOS_setThreadType__E)
                  00800b80    00000020                   : BIOS.obj (.text:ti_sysbios_BIOS_start__E)
                  00800ba0    00000020     dss_pe674.oe674 (.text:ti_sysbios_family_c62_TaskSupport_Module__startupDone__S)
                  00800bc0    00000020     sysbios.ae674 : BIOS.obj (.text:ti_sysbios_family_c62_TaskSupport_checkStack__E)
                  00800be0    00000020                   : BIOS.obj (.text:ti_sysbios_family_c62_TaskSupport_getStackAlignment__E)
                  00800c00    00000020     dss_pe674.oe674 (.text:ti_sysbios_family_c64p_Hwi_Module__startupDone__F)
                  00800c20    00000020     sysbios.ae674 : BIOS.obj (.text:ti_sysbios_family_c64p_Hwi_clearInterrupt__E)
                  00800c40    00000020                   : BIOS.obj (.text:ti_sysbios_family_c64p_Hwi_startup__E)
                  00800c60    00000020                   : BIOS.obj (.text:ti_sysbios_family_c64p_Hwi_switchFromBootStack__E)
                  00800c80    00000020                   : BIOS.obj (.text:ti_sysbios_family_c64p_TimestampProvider_Module_startup__E)
                  00800ca0    00000020                   : BIOS.obj (.text:ti_sysbios_family_c64p_TimestampProvider_get32__E)
                  00800cc0    00000020                   : BIOS.obj (.text:ti_sysbios_gates_GateHwi_Instance_init__E)
                  00800ce0    00000020                   : BIOS.obj (.text:ti_sysbios_gates_GateHwi_enter__E)
                  00800d00    00000020                   : BIOS.obj (.text:ti_sysbios_gates_GateHwi_leave__E)
                  00800d20    00000020                   : BIOS.obj (.text:ti_sysbios_gates_GateHwi_query__E)
                  00800d40    00000020                   : BIOS.obj (.text:ti_sysbios_gates_GateMutex_Instance_finalize__E)
                  00800d60    00000020                   : BIOS.obj (.text:ti_sysbios_gates_GateMutex_query__E)
                  00800d80    00000020                   : BIOS.obj (.text:ti_sysbios_hal_Hwi_Module_startup__E)
                  00800da0    00000020     dss_pe674.oe674 (.text:ti_sysbios_heaps_HeapBuf_Object__get__S)
                  00800dc0    00000020     dss_pe674.oe674 (.text:ti_sysbios_heaps_HeapMem_Module_GateProxy_enter__E)
                  00800de0    00000020     dss_pe674.oe674 (.text:ti_sysbios_heaps_HeapMem_Module_GateProxy_leave__E)
                  00800e00    00000020     sysbios.ae674 : BIOS.obj (.text:ti_sysbios_heaps_HeapMem_isBlocking__E)
                  00800e20    00000020     dss_pe674.oe674 (.text:ti_sysbios_knl_Clock_TimerProxy_getMaxTicks__E)
                  00800e40    00000020     sysbios.ae674 : BIOS.obj (.text:ti_sysbios_knl_Clock_logTick__E)
                  00800e60    00000020                   : BIOS.obj (.text:ti_sysbios_knl_Idle_loop__E)
                  00800e80    00000020                   : BIOS.obj (.text:ti_sysbios_knl_Queue_Instance_init__E)
                  00800ea0    00000020     dss_pe674.oe674 (.text:ti_sysbios_knl_Queue_Object__get__S)
                  00800ec0    00000020     dss_pe674.oe674 (.text:ti_sysbios_knl_Queue_destruct)
                  00800ee0    00000020     sysbios.ae674 : BIOS.obj (.text:ti_sysbios_knl_Queue_empty__E)
                  00800f00    00000020                   : BIOS.obj (.text:ti_sysbios_knl_Semaphore_Instance_finalize__E)
                  00800f20    00000020     dss_pe674.oe674 (.text:ti_sysbios_knl_Semaphore_Params__init__S)
                  00800f40    00000020     dss_pe674.oe674 (.text:ti_sysbios_knl_Semaphore_delete)
                  00800f60    00000020     sysbios.ae674 : BIOS.obj (.text:ti_sysbios_knl_Swi_disable__E)
                  00800f80    00000020     dss_pe674.oe674 (.text:ti_sysbios_knl_Task_Params__init__S)
                  00800fa0    00000020     sysbios.ae674 : BIOS.obj (.text:ti_sysbios_knl_Task_disable__E)
                  00800fc0    00000020                   : BIOS.obj (.text:ti_sysbios_knl_Task_startup__E)
                  00800fe0    00000020     dss_pe674.oe674 (.text:ti_sysbios_timers_rti_Timer_Module__startupDone__F)
                  00801000    00000020     sysbios.ae674 : BIOS.obj (.text:ti_sysbios_timers_rti_Timer_getMaxTicks__E)
                  00801020    00000020                   : BIOS.obj (.text:ti_sysbios_utils_Load_taskRegHook__E)
                  00801040    00000020     dss_pe674.oe674 (.text:xdc_runtime_IHeap_alloc)
                  00801060    00000020     dss_pe674.oe674 (.text:xdc_runtime_IHeap_free)
                  00801080    00000020     dss_pe674.oe674 (.text:xdc_runtime_IHeap_getStats)
                  008010a0    00000020     sysbios.ae674 : BIOS.obj (.text:xdc_runtime_Memory_free__E)
                  008010c0    00000020                   : BIOS.obj (.text:xdc_runtime_Memory_getStats__E)
                  008010e0    00000020     dss_pe674.oe674 (.text:xdc_runtime_Startup_exec__I)
                  00801100    00000020     dss_pe674.oe674 (.text:xdc_runtime_Startup_reset__I)
                  00801120    00000020     sysbios.ae674 : BIOS.obj (.text:xdc_runtime_Startup_rtsDone__E)
                  00801140    00000020                   : BIOS.obj (.text:xdc_runtime_SysStd_exit__E)
                  00801160    00000020                   : BIOS.obj (.text:xdc_runtime_SysStd_putch__E)
                  00801180    00000020                   : BIOS.obj (.text:xdc_runtime_SysStd_ready__E)
                  008011a0    00000020     dss_pe674.oe674 (.text:xdc_runtime_System_Module_GateProxy_enter__E)
                  008011c0    00000020     dss_pe674.oe674 (.text:xdc_runtime_System_Module_GateProxy_leave__E)
                  008011e0    00000020     sysbios.ae674 : BIOS.obj (.text:xdc_runtime_System_Module_startup__E)
                  00801200    00000020     dss_pe674.oe674 (.text:xdc_runtime_Text_visitRope__I)

.l2Heap    0    00801220    0000a000     UNINITIALIZED
                  00801220    0000a000     main.oe674 (.l2Heap)

systemHeap 
*          0    0080b220    00008400     UNINITIALIZED
                  0080b220    00008400     dss_pe674.oe674 (systemHeap)

.const     0    00813620    00003ca4     
                  00813620    00001a46     dss_pe674.oe674 (.const:xdc_runtime_Text_charTab__A)
                  00815066    00000002     dss_pe674.oe674 (.const:ti_sysbios_family_c64p_Cache_Module__id__C)
                  00815068    00000980     main.oe674 (.const:.string)
                  008159e8    00000800     libmmwavealg_xwr68xx.ae674 : mmwavelib_ffttwiddle_gen.oe674 (.const:mmwavelib_twiddleTableCommon)
                  008161e8    00000630     sysbios.ae674 : BIOS.obj (.const:.string)
                  00816818    00000101     rts6740_elf.lib : ctype.c.obj (.const:.string:_ctypes_)
                  00816919    00000001     --HOLE-- [fill = 0]
                  0081691a    00000002     dss_pe674.oe674 (.const:ti_sysbios_family_c64p_EventCombiner_Module__id__C)
                  0081691c    00000004     dss_pe674.oe674 (.const:ti_sysbios_family_c62_TaskSupport_stackAlignment__C)
                  00816920    000000dc     dss_pe674.oe674 (.const:xdc_runtime_Text_nodeTab__A)
                  008169fc    00000094     libtestlogger_xwr68xx.ae674 : logger.oe674 (.const:.string)
                  00816a90    00000074     dss_pe674.oe674 (.const:.string)
                  00816b04    00000004     dss_pe674.oe674 (.const:ti_sysbios_family_c64p_Cache_E_invalidL1CacheSize__C)
                  00816b08    00000070     libmmwavealg_xwr68xx.ae674 : mmwavelib_ffttwiddle_gen.oe674 (.const:mmwavelib_twiddleTableLargeFFTSize)
                  00816b78    00000058     libedma_xwr68xx.ae674 : edma.oe674 (.const:.string)
                  00816bd0    0000004c     libmailbox_xwr68xx.ae674 : mailbox.oe674 (.const:.string)
                  00816c1c    00000044     dss_pe674.oe674 (.const:ti_sysbios_knl_Task_Object__PARAMS__C)
                  00816c60    00000040     libmmwavealg_xwr68xx.ae674 : mmwavelib_log2abs.oe674 (.const:.string:c_Log2LookUp)
                  00816ca0    0000003c     libsoc_xwr68xx.ae674 : soc_xwr68xx_dss.oe674 (.const:.string)
                  00816cdc    00000004     dss_pe674.oe674 (.const:ti_sysbios_family_c64p_Cache_E_invalidL2CacheSize__C)
                  00816ce0    00000038     libedma_xwr68xx.ae674 : edma_xwr1xxx.oe674 (.const:gEdmaHwAttrs)
                  00816d18    00000030     dss_pe674.oe674 (.const:xdc_runtime_Startup_sfxnTab__A)
                  00816d48    0000002c     gen_frame_data.oe674 (.const:.string)
                  00816d74    00000004     dss_pe674.oe674 (.const:ti_sysbios_family_c64p_Cache_MAR0_31__C)
                  00816d78    00000028     libdpm_xwr68xx.ae674 : dpm_msg.oe674 (.const:gDPMMessageFxnTable)
                  00816da0    00000028     dss_pe674.oe674 (.const:ti_sysbios_heaps_HeapMem_Module__FXNS__C)
                  00816dc8    00000024     rts6740_elf.lib : _printfi.c.obj (.const:.string)
                  00816dec    00000024     libmailbox_xwr68xx.ae674 : mailbox.oe674 (.const:Mailbox_defaultCfg)
                  00816e10    00000024     libmmwavealg_xwr68xx.ae674 : mmwavelib_dftsinglebin.oe674 (.const:mmwavelib_dftHalfBinExpValue)
                  00816e34    00000024     dss_pe674.oe674 (.const:ti_sysbios_gates_GateHwi_Module__FXNS__C)
                  00816e58    00000024     dss_pe674.oe674 (.const:ti_sysbios_gates_GateMutex_Module__FXNS__C)
                  00816e7c    00000024     dss_pe674.oe674 (.const:ti_sysbios_heaps_HeapMem_Object__PARAMS__C)
                  00816ea0    00000024     dss_pe674.oe674 (.const:ti_sysbios_knl_Semaphore_Object__PARAMS__C)
                  00816ec4    00000020     libosal_xwr68xx.ae674 : SemaphoreP_tirtos.oe674 (.const:.string)
                  00816ee4    00000020     dss_pe674.oe674 (.const:ti_sysbios_gates_GateHwi_Object__DESC__C)
                  00816f04    00000020     dss_pe674.oe674 (.const:ti_sysbios_gates_GateMutex_Object__DESC__C)
                  00816f24    00000020     dss_pe674.oe674 (.const:ti_sysbios_heaps_HeapMem_Object__DESC__C)
                  00816f44    00000020     dss_pe674.oe674 (.const:ti_sysbios_knl_Queue_Object__DESC__C)
                  00816f64    00000020     dss_pe674.oe674 (.const:ti_sysbios_knl_Semaphore_Object__DESC__C)
                  00816f84    00000020     dss_pe674.oe674 (.const:ti_sysbios_knl_Task_Object__DESC__C)
                  00816fa4    0000001c     libosal_xwr68xx.ae674 : HwiP_tirtos.oe674 (.const:.string)
                  00816fc0    00000018     objectdetection.oe674 (.const:.string)
                  00816fd8    00000018     dss_pe674.oe674 (.const:ti_sysbios_gates_GateHwi_Object__PARAMS__C)
                  00816ff0    00000018     dss_pe674.oe674 (.const:ti_sysbios_gates_GateMutex_Object__PARAMS__C)
                  00817008    00000018     dss_pe674.oe674 (.const:ti_sysbios_knl_Queue_Object__PARAMS__C)
                  00817020    00000018     dss_pe674.oe674 (.const:ti_sysbios_knl_Task_hooks__A)
                  00817038    00000018     dss_pe674.oe674 (.const:xdc_runtime_Startup_sfxnRts__A)
                  00817050    00000014     libdpm_xwr68xx.ae674 : dpm_mailbox.oe674 (.const:.string)
                  00817064    00000010                          : dpm_core.oe674 (.const:.string)
                  00817074    00000010                          : dpm_msg.oe674 (.const:.string)
                  00817084    00000010                          : dpm_pipe.oe674 (.const:.string)
                  00817094    00000004     dss_pe674.oe674 (.const:ti_sysbios_family_c64p_Cache_MAR128_159__C)
                  00817098    00000010     libedma_xwr68xx.ae674 : edma.oe674 (.const:EDMA_config$1)
                  008170a8    00000010     dss_pe674.oe674 (.const:ti_sysbios_family_c64p_EventCombiner_EVTMASK__C)
                  008170b8    0000000c     libmmwavealg_xwr68xx.ae674 : mmwavelib_ffttwiddle_gen.oe674 (.const:$P$T1$2)
                  008170c4    00000004     dss_pe674.oe674 (.const:ti_sysbios_family_c64p_Cache_MAR160_191__C)
                  008170c8    00000008     dss_pe674.oe674 (.const:ti_sysbios_knl_Idle_funcList__A)
                  008170d0    00000008     dss_pe674.oe674 (.const:ti_sysbios_knl_Idle_funcList__C)
                  008170d8    00000008     dss_pe674.oe674 (.const:ti_sysbios_knl_Task_hooks__C)
                  008170e0    00000008     dss_pe674.oe674 (.const:xdc_runtime_Startup_firstFxns__A)
                  008170e8    00000008     dss_pe674.oe674 (.const:xdc_runtime_Startup_firstFxns__C)
                  008170f0    00000008     dss_pe674.oe674 (.const:xdc_runtime_Startup_lastFxns__C)
                  008170f8    00000004     dss_pe674.oe674 (.const:ti_sysbios_family_c64p_Cache_MAR192_223__C)
                  008170fc    00000004     dss_pe674.oe674 (.const:ti_sysbios_family_c64p_Cache_MAR224_255__C)
                  00817100    00000004     dss_pe674.oe674 (.const:ti_sysbios_family_c64p_Cache_MAR32_63__C)
                  00817104    00000004     dss_pe674.oe674 (.const:ti_sysbios_family_c64p_Cache_MAR64_95__C)
                  00817108    00000004     dss_pe674.oe674 (.const:ti_sysbios_family_c64p_Cache_MAR96_127__C)
                  0081710c    00000004     dss_pe674.oe674 (.const:ti_sysbios_family_c64p_EventCombiner_A_invalidEventId__C)
                  00817110    00000004     dss_pe674.oe674 (.const:ti_sysbios_family_c64p_EventCombiner_EVTRegs__C)
                  00817114    00000004     dss_pe674.oe674 (.const:ti_sysbios_family_c64p_EventCombiner_E_unpluggedEvent__C)
                  00817118    00000004     dss_pe674.oe674 (.const:ti_sysbios_family_c64p_EventCombiner_Module__diagsEnabled__C)
                  0081711c    00000004     dss_pe674.oe674 (.const:ti_sysbios_family_c64p_EventCombiner_Module__diagsIncluded__C)
                  00817120    00000004     dss_pe674.oe674 (.const:ti_sysbios_family_c64p_EventCombiner_Module__diagsMask__C)
                  00817124    00000004     dss_pe674.oe674 (.const:ti_sysbios_family_c64p_Exception_E_exceptionMax__C)
                  00817128    00000004     dss_pe674.oe674 (.const:ti_sysbios_family_c64p_Exception_exceptionHook__C)
                  0081712c    00000004     dss_pe674.oe674 (.const:ti_sysbios_family_c64p_Exception_externalHook__C)
                  00817130    00000004     dss_pe674.oe674 (.const:ti_sysbios_family_c64p_Exception_internalHook__C)
                  00817134    00000004     dss_pe674.oe674 (.const:ti_sysbios_family_c64p_Exception_nmiHook__C)
                  00817138    00000004     dss_pe674.oe674 (.const:ti_sysbios_family_c64p_Hwi_INTRMUX1Address__C)
                  0081713c    00000004     dss_pe674.oe674 (.const:ti_sysbios_gates_GateMutex_A_badContext__C)
                  00817140    00000004     dss_pe674.oe674 (.const:ti_sysbios_gates_GateMutex_Instance_State_sem__O)
                  00817144    00000004     dss_pe674.oe674 (.const:ti_sysbios_gates_GateMutex_Module__diagsEnabled__C)
                  00817148    00000004     dss_pe674.oe674 (.const:ti_sysbios_gates_GateMutex_Module__diagsIncluded__C)
                  0081714c    00000004     dss_pe674.oe674 (.const:ti_sysbios_gates_GateMutex_Module__diagsMask__C)
                  00817150    00000004     dss_pe674.oe674 (.const:ti_sysbios_hal_Hwi_E_stackOverflow__C)
                  00817154    00000004     dss_pe674.oe674 (.const:ti_sysbios_heaps_HeapBuf_Instance_State_freeList__O)
                  00817158    00000004     dss_pe674.oe674 (.const:ti_sysbios_heaps_HeapBuf_Object__count__C)
                  0081715c    00000004     dss_pe674.oe674 (.const:ti_sysbios_heaps_HeapBuf_numConstructedHeaps__C)
                  00817160    00000004     dss_pe674.oe674 (.const:ti_sysbios_heaps_HeapMem_A_align__C)
                  00817164    00000004     dss_pe674.oe674 (.const:ti_sysbios_heaps_HeapMem_A_heapSize__C)
                  00817168    00000004     dss_pe674.oe674 (.const:ti_sysbios_heaps_HeapMem_A_invalidFree__C)
                  0081716c    00000004     dss_pe674.oe674 (.const:ti_sysbios_heaps_HeapMem_A_zeroBlock__C)
                  00817170    00000004     dss_pe674.oe674 (.const:ti_sysbios_heaps_HeapMem_E_memory__C)
                  00817174    00000004     dss_pe674.oe674 (.const:ti_sysbios_heaps_HeapMem_Module__diagsEnabled__C)
                  00817178    00000004     dss_pe674.oe674 (.const:ti_sysbios_heaps_HeapMem_Module__diagsIncluded__C)
                  0081717c    00000004     dss_pe674.oe674 (.const:ti_sysbios_heaps_HeapMem_Module__diagsMask__C)
                  00817180    00000004     dss_pe674.oe674 (.const:ti_sysbios_heaps_HeapMem_Module__gateObj__C)
                  00817184    00000004     dss_pe674.oe674 (.const:ti_sysbios_heaps_HeapMem_Object__count__C)
                  00817188    00000004     dss_pe674.oe674 (.const:ti_sysbios_heaps_HeapMem_reqAlign__C)
                  0081718c    00000004     dss_pe674.oe674 (.const:ti_sysbios_knl_Clock_Module_State_clockQ__O)
                  00817190    00000004     dss_pe674.oe674 (.const:ti_sysbios_knl_Semaphore_A_badContext__C)
                  00817194    00000004     dss_pe674.oe674 (.const:ti_sysbios_knl_Semaphore_A_noEvents__C)
                  00817198    00000004     dss_pe674.oe674 (.const:ti_sysbios_knl_Semaphore_A_overflow__C)
                  0081719c    00000004     dss_pe674.oe674 (.const:ti_sysbios_knl_Semaphore_A_pendTaskDisabled__C)
                  008171a0    00000004     dss_pe674.oe674 (.const:ti_sysbios_knl_Semaphore_Instance_State_pendQ__O)
                  008171a4    00000004     dss_pe674.oe674 (.const:ti_sysbios_knl_Semaphore_Module__diagsEnabled__C)
                  008171a8    00000004     dss_pe674.oe674 (.const:ti_sysbios_knl_Semaphore_Module__diagsIncluded__C)
                  008171ac    00000004     dss_pe674.oe674 (.const:ti_sysbios_knl_Semaphore_Module__diagsMask__C)
                  008171b0    00000004     dss_pe674.oe674 (.const:ti_sysbios_knl_Swi_Object__count__C)
                  008171b4    00000004     dss_pe674.oe674 (.const:ti_sysbios_knl_Task_A_badPriority__C)
                  008171b8    00000004     dss_pe674.oe674 (.const:ti_sysbios_knl_Task_A_badTaskState__C)
                  008171bc    00000004     dss_pe674.oe674 (.const:ti_sysbios_knl_Task_A_badThreadType__C)
                  008171c0    00000004     dss_pe674.oe674 (.const:ti_sysbios_knl_Task_A_badTimeout__C)
                  008171c4    00000004     dss_pe674.oe674 (.const:ti_sysbios_knl_Task_A_noPendElem__C)
                  008171c8    00000004     dss_pe674.oe674 (.const:ti_sysbios_knl_Task_A_sleepTaskDisabled__C)
                  008171cc    00000004     dss_pe674.oe674 (.const:ti_sysbios_knl_Task_E_spOutOfBounds__C)
                  008171d0    00000004     dss_pe674.oe674 (.const:ti_sysbios_knl_Task_E_stackOverflow__C)
                  008171d4    00000004     dss_pe674.oe674 (.const:ti_sysbios_knl_Task_Module_State_inactiveQ__O)
                  008171d8    00000004     dss_pe674.oe674 (.const:ti_sysbios_knl_Task_Module__diagsEnabled__C)
                  008171dc    00000004     dss_pe674.oe674 (.const:ti_sysbios_knl_Task_Module__diagsIncluded__C)
                  008171e0    00000004     dss_pe674.oe674 (.const:ti_sysbios_knl_Task_Module__diagsMask__C)
                  008171e4    00000004     dss_pe674.oe674 (.const:ti_sysbios_knl_Task_Object__count__C)
                  008171e8    00000004     dss_pe674.oe674 (.const:ti_sysbios_knl_Task_Object__heap__C)
                  008171ec    00000004     dss_pe674.oe674 (.const:ti_sysbios_knl_Task_allBlockedFunc__C)
                  008171f0    00000004     dss_pe674.oe674 (.const:ti_sysbios_knl_Task_defaultStackHeap__C)
                  008171f4    00000004     dss_pe674.oe674 (.const:ti_sysbios_knl_Task_defaultStackSize__C)
                  008171f8    00000004     dss_pe674.oe674 (.const:ti_sysbios_knl_Task_numConstructedTasks__C)
                  008171fc    00000004     dss_pe674.oe674 (.const:ti_sysbios_timers_rti_Timer_E_cannotSupport__C)
                  00817200    00000004     dss_pe674.oe674 (.const:ti_sysbios_timers_rti_Timer_Module__diagsEnabled__C)
                  00817204    00000004     dss_pe674.oe674 (.const:ti_sysbios_timers_rti_Timer_Module__diagsIncluded__C)
                  00817208    00000004     dss_pe674.oe674 (.const:ti_sysbios_timers_rti_Timer_Module__diagsMask__C)
                  0081720c    00000004     dss_pe674.oe674 (.const:ti_sysbios_timers_rti_Timer_numTimerDevices__C)
                  00817210    00000004     dss_pe674.oe674 (.const:ti_sysbios_timers_rti_Timer_startupNeeded__C)
                  00817214    00000004     dss_pe674.oe674 (.const:ti_sysbios_utils_Load_Module_State_taskList__O)
                  00817218    00000004     dss_pe674.oe674 (.const:ti_sysbios_utils_Load_Module__diagsEnabled__C)
                  0081721c    00000004     dss_pe674.oe674 (.const:ti_sysbios_utils_Load_Module__diagsIncluded__C)
                  00817220    00000004     dss_pe674.oe674 (.const:ti_sysbios_utils_Load_Module__diagsMask__C)
                  00817224    00000004     dss_pe674.oe674 (.const:ti_sysbios_utils_Load_postUpdate__C)
                  00817228    00000004     dss_pe674.oe674 (.const:ti_sysbios_utils_Load_windowInMs__C)
                  0081722c    00000004     dss_pe674.oe674 (.const:xdc_runtime_Assert_E_assertFailed__C)
                  00817230    00000004     dss_pe674.oe674 (.const:xdc_runtime_Core_A_initializedParams__C)
                  00817234    00000004     dss_pe674.oe674 (.const:xdc_runtime_Core_Module__diagsEnabled__C)
                  00817238    00000004     dss_pe674.oe674 (.const:xdc_runtime_Core_Module__diagsIncluded__C)
                  0081723c    00000004     dss_pe674.oe674 (.const:xdc_runtime_Core_Module__diagsMask__C)
                  00817240    00000004     dss_pe674.oe674 (.const:xdc_runtime_Error_E_memory__C)
                  00817244    00000004     dss_pe674.oe674 (.const:xdc_runtime_Error_policyFxn__C)
                  00817248    00000004     dss_pe674.oe674 (.const:xdc_runtime_Error_policy__C)
                  0081724c    00000004     dss_pe674.oe674 (.const:xdc_runtime_Error_raiseHook__C)
                  00817250    00000004     dss_pe674.oe674 (.const:xdc_runtime_IGateProvider_Interface__BASE__C)
                  00817254    00000004     dss_pe674.oe674 (.const:xdc_runtime_IHeap_Interface__BASE__C)
                  00817258    00000004     dss_pe674.oe674 (.const:xdc_runtime_IModule_Interface__BASE__C)
                  0081725c    00000004     dss_pe674.oe674 (.const:xdc_runtime_Memory_defaultHeapInstance__C)
                  00817260    00000004     dss_pe674.oe674 (.const:xdc_runtime_Startup_execImpl__C)
                  00817264    00000004     dss_pe674.oe674 (.const:xdc_runtime_Startup_maxPasses__C)
                  00817268    00000004     dss_pe674.oe674 (.const:xdc_runtime_Startup_sfxnRts__C)
                  0081726c    00000004     dss_pe674.oe674 (.const:xdc_runtime_Startup_sfxnTab__C)
                  00817270    00000004     dss_pe674.oe674 (.const:xdc_runtime_System_Module__gateObj__C)
                  00817274    00000004     dss_pe674.oe674 (.const:xdc_runtime_System_abortFxn__C)
                  00817278    00000004     dss_pe674.oe674 (.const:xdc_runtime_System_exitFxn__C)
                  0081727c    00000004     dss_pe674.oe674 (.const:xdc_runtime_System_extendFxn__C)
                  00817280    00000004     dss_pe674.oe674 (.const:xdc_runtime_System_maxAtexitHandlers__C)
                  00817284    00000004     dss_pe674.oe674 (.const:xdc_runtime_Text_charTab__C)
                  00817288    00000004     dss_pe674.oe674 (.const:xdc_runtime_Text_nameEmpty__C)
                  0081728c    00000004     dss_pe674.oe674 (.const:xdc_runtime_Text_nameStatic__C)
                  00817290    00000004     dss_pe674.oe674 (.const:xdc_runtime_Text_nameUnknown__C)
                  00817294    00000004     dss_pe674.oe674 (.const:xdc_runtime_Text_nodeTab__C)
                  00817298    00000004     dss_pe674.oe674 (.const:xdc_runtime_Text_visitRopeFxn__C)
                  0081729c    00000002     dss_pe674.oe674 (.const:ti_sysbios_family_c64p_Exception_Module__id__C)
                  0081729e    00000002     dss_pe674.oe674 (.const:ti_sysbios_family_c64p_Exception_useInternalBuffer__C)
                  008172a0    00000002     dss_pe674.oe674 (.const:ti_sysbios_gates_GateMutex_Module__id__C)
                  008172a2    00000002     dss_pe674.oe674 (.const:ti_sysbios_hal_Hwi_Module__id__C)
                  008172a4    00000002     dss_pe674.oe674 (.const:ti_sysbios_heaps_HeapMem_Module__id__C)
                  008172a6    00000002     dss_pe674.oe674 (.const:ti_sysbios_knl_Semaphore_Module__id__C)
                  008172a8    00000002     dss_pe674.oe674 (.const:ti_sysbios_knl_Task_Module__id__C)
                  008172aa    00000002     dss_pe674.oe674 (.const:ti_sysbios_timers_rti_Timer_Module__id__C)
                  008172ac    00000002     dss_pe674.oe674 (.const:ti_sysbios_timers_rti_Timer_continueOnSuspend__C)
                  008172ae    00000002     dss_pe674.oe674 (.const:ti_sysbios_utils_Load_Module__id__C)
                  008172b0    00000002     dss_pe674.oe674 (.const:ti_sysbios_utils_Load_autoAddTasks__C)
                  008172b2    00000002     dss_pe674.oe674 (.const:ti_sysbios_utils_Load_updateInIdle__C)
                  008172b4    00000002     dss_pe674.oe674 (.const:xdc_runtime_Core_Module__id__C)
                  008172b6    00000002     dss_pe674.oe674 (.const:xdc_runtime_Error_maxDepth__C)
                  008172b8    00000002     dss_pe674.oe674 (.const:xdc_runtime_Main_Module__id__C)
                  008172ba    00000002     dss_pe674.oe674 (.const:xdc_runtime_Memory_Module__id__C)
                  008172bc    00000002     dss_pe674.oe674 (.const:xdc_runtime_Text_charCnt__C)
                  008172be    00000002     dss_pe674.oe674 (.const:xdc_runtime_Text_isLoaded__C)
                  008172c0    00000002     dss_pe674.oe674 (.const:xdc_runtime_Text_registryModsLastId__C)
                  008172c2    00000002     dss_pe674.oe674 (.const:xdc_runtime_Text_unnamedModsLastId__C)

[...]
008170d8  ti_sysbios_knl_Task_hooks__C                                 
008170e0  xdc_runtime_Startup_firstFxns__A                             
008170e8  xdc_runtime_Startup_firstFxns__C                             
008170f0  xdc_runtime_Startup_lastFxns__C                              
008170f8  ti_sysbios_family_c64p_Cache_MAR192_223__C                   
008170fc  ti_sysbios_family_c64p_Cache_MAR224_255__C                   
00817100  ti_sysbios_family_c64p_Cache_MAR32_63__C                     
00817104  ti_sysbios_family_c64p_Cache_MAR64_95__C                     
00817108  ti_sysbios_family_c64p_Cache_MAR96_127__C                    
0081710c  ti_sysbios_family_c64p_EventCombiner_A_invalidEventId__C     
00817110  ti_sysbios_family_c64p_EventCombiner_EVTRegs__C              
00817114  ti_sysbios_family_c64p_EventCombiner_E_unpluggedEvent__C     
00817118  ti_sysbios_family_c64p_EventCombiner_Module__diagsEnabled__C 
0081711c  ti_sysbios_family_c64p_EventCombiner_Module__diagsIncluded__C
00817120  ti_sysbios_family_c64p_EventCombiner_Module__diagsMask__C    
00817124  ti_sysbios_family_c64p_Exception_E_exceptionMax__C           
00817128  ti_sysbios_family_c64p_Exception_exceptionHook__C            
0081712c  ti_sysbios_family_c64p_Exception_externalHook__C             
00817130  ti_sysbios_family_c64p_Exception_internalHook__C             
00817134  ti_sysbios_family_c64p_Exception_nmiHook__C                  
00817138  ti_sysbios_family_c64p_Hwi_INTRMUX1Address__C                
0081713c  ti_sysbios_gates_GateMutex_A_badContext__C                   
00817140  ti_sysbios_gates_GateMutex_Instance_State_sem__O             
00817144  ti_sysbios_gates_GateMutex_Module__diagsEnabled__C           
00817148  ti_sysbios_gates_GateMutex_Module__diagsIncluded__C          
0081714c  ti_sysbios_gates_GateMutex_Module__diagsMask__C              
00817150  ti_sysbios_hal_Hwi_E_stackOverflow__C                        
00817154  ti_sysbios_heaps_HeapBuf_Instance_State_freeList__O          
00817158  ti_sysbios_heaps_HeapBuf_Object__count__C                    
0081715c  ti_sysbios_heaps_HeapBuf_numConstructedHeaps__C              
00817160  ti_sysbios_heaps_HeapMem_A_align__C                          
00817164  ti_sysbios_heaps_HeapMem_A_heapSize__C                       
00817168  ti_sysbios_heaps_HeapMem_A_invalidFree__C                    
0081716c  ti_sysbios_heaps_HeapMem_A_zeroBlock__C                      
00817170  ti_sysbios_heaps_HeapMem_E_memory__C                         
00817174  ti_sysbios_heaps_HeapMem_Module__diagsEnabled__C             
00817178  ti_sysbios_heaps_HeapMem_Module__diagsIncluded__C            
0081717c  ti_sysbios_heaps_HeapMem_Module__diagsMask__C                
00817180  ti_sysbios_heaps_HeapMem_Module__gateObj__C                  
00817184  ti_sysbios_heaps_HeapMem_Object__count__C                    
00817188  ti_sysbios_heaps_HeapMem_reqAlign__C                         
0081718c  ti_sysbios_knl_Clock_Module_State_clockQ__O                  
00817190  ti_sysbios_knl_Semaphore_A_badContext__C                     
00817194  ti_sysbios_knl_Semaphore_A_noEvents__C                       
00817198  ti_sysbios_knl_Semaphore_A_overflow__C                       
0081719c  ti_sysbios_knl_Semaphore_A_pendTaskDisabled__C               
008171a0  ti_sysbios_knl_Semaphore_Instance_State_pendQ__O             
008171a4  ti_sysbios_knl_Semaphore_Module__diagsEnabled__C             
008171a8  ti_sysbios_knl_Semaphore_Module__diagsIncluded__C            
008171ac  ti_sysbios_knl_Semaphore_Module__diagsMask__C                
008171b0  ti_sysbios_knl_Swi_Object__count__C                          
008171b4  ti_sysbios_knl_Task_A_badPriority__C                         
008171b8  ti_sysbios_knl_Task_A_badTaskState__C                        
008171bc  ti_sysbios_knl_Task_A_badThreadType__C                       
008171c0  ti_sysbios_knl_Task_A_badTimeout__C                          
008171c4  ti_sysbios_knl_Task_A_noPendElem__C                          
008171c8  ti_sysbios_knl_Task_A_sleepTaskDisabled__C                   
008171cc  ti_sysbios_knl_Task_E_spOutOfBounds__C                       
008171d0  ti_sysbios_knl_Task_E_stackOverflow__C                       
008171d4  ti_sysbios_knl_Task_Module_State_inactiveQ__O                
008171d8  ti_sysbios_knl_Task_Module__diagsEnabled__C                  
008171dc  ti_sysbios_knl_Task_Module__diagsIncluded__C                 
008171e0  ti_sysbios_knl_Task_Module__diagsMask__C                     
008171e4  ti_sysbios_knl_Task_Object__count__C                         
008171e8  ti_sysbios_knl_Task_Object__heap__C                          
008171ec  ti_sysbios_knl_Task_allBlockedFunc__C                        
008171f0  ti_sysbios_knl_Task_defaultStackHeap__C                      
008171f4  ti_sysbios_knl_Task_defaultStackSize__C                      
008171f8  ti_sysbios_knl_Task_numConstructedTasks__C                   
008171fc  ti_sysbios_timers_rti_Timer_E_cannotSupport__C               
00817200  ti_sysbios_timers_rti_Timer_Module__diagsEnabled__C          
00817204  ti_sysbios_timers_rti_Timer_Module__diagsIncluded__C         
00817208  ti_sysbios_timers_rti_Timer_Module__diagsMask__C             
0081720c  ti_sysbios_timers_rti_Timer_numTimerDevices__C               
00817210  ti_sysbios_timers_rti_Timer_startupNeeded__C                 
00817214  ti_sysbios_utils_Load_Module_State_taskList__O               
00817218  ti_sysbios_utils_Load_Module__diagsEnabled__C                
0081721c  ti_sysbios_utils_Load_Module__diagsIncluded__C               
00817220  ti_sysbios_utils_Load_Module__diagsMask__C                   
00817224  ti_sysbios_utils_Load_postUpdate__C                          
00817228  ti_sysbios_utils_Load_windowInMs__C                          
0081722c  xdc_runtime_Assert_E_assertFailed__C                         
00817230  xdc_runtime_Core_A_initializedParams__C                      
00817234  xdc_runtime_Core_Module__diagsEnabled__C                     
00817238  xdc_runtime_Core_Module__diagsIncluded__C                    
0081723c  xdc_runtime_Core_Module__diagsMask__C                        
00817240  xdc_runtime_Error_E_memory__C                                
00817244  xdc_runtime_Error_policyFxn__C                               
00817248  xdc_runtime_Error_policy__C                                  
0081724c  xdc_runtime_Error_raiseHook__C                               
00817250  xdc_runtime_IGateProvider_Interface__BASE__C                 
00817254  xdc_runtime_IHeap_Interface__BASE__C                         
00817258  xdc_runtime_IModule_Interface__BASE__C                       
0081725c  xdc_runtime_Memory_defaultHeapInstance__C                    
00817260  xdc_runtime_Startup_execImpl__C                              
00817264  xdc_runtime_Startup_maxPasses__C                             
00817268  xdc_runtime_Startup_sfxnRts__C                               
0081726c  xdc_runtime_Startup_sfxnTab__C                               
00817270  xdc_runtime_System_Module__gateObj__C                        
00817274  xdc_runtime_System_abortFxn__C                               
00817278  xdc_runtime_System_exitFxn__C                                
0081727c  xdc_runtime_System_extendFxn__C                              
00817280  xdc_runtime_System_maxAtexitHandlers__C                      
00817284  xdc_runtime_Text_charTab__C                                  
00817288  xdc_runtime_Text_nameEmpty__C                                
0081728c  xdc_runtime_Text_nameStatic__C                               
00817290  xdc_runtime_Text_nameUnknown__C                              
00817294  xdc_runtime_Text_nodeTab__C                                  
00817298  xdc_runtime_Text_visitRopeFxn__C                             
0081729c  ti_sysbios_family_c64p_Exception_Module__id__C               
0081729e  ti_sysbios_family_c64p_Exception_useInternalBuffer__C        
008172a0  ti_sysbios_gates_GateMutex_Module__id__C                     
008172a2  ti_sysbios_hal_Hwi_Module__id__C                             
008172a4  ti_sysbios_heaps_HeapMem_Module__id__C                       
008172a6  ti_sysbios_knl_Semaphore_Module__id__C                       
008172a8  ti_sysbios_knl_Task_Module__id__C                            
008172aa  ti_sysbios_timers_rti_Timer_Module__id__C                    
008172ac  ti_sysbios_timers_rti_Timer_continueOnSuspend__C             
008172ae  ti_sysbios_utils_Load_Module__id__C                          
008172b0  ti_sysbios_utils_Load_autoAddTasks__C                        
008172b2  ti_sysbios_utils_Load_updateInIdle__C                        
008172b4  xdc_runtime_Core_Module__id__C                               
008172b6  xdc_runtime_Error_maxDepth__C                                
008172b8  xdc_runtime_Main_Module__id__C                               
008172ba  xdc_runtime_Memory_Module__id__C                             
008172bc  xdc_runtime_Text_charCnt__C                                  
008172be  xdc_runtime_Text_isLoaded__C                                 
008172c0  xdc_runtime_Text_registryModsLastId__C                       
008172c2  xdc_runtime_Text_unnamedModsLastId__C                        
008172c8  gGenFrameDataObj                                             
00818078  gDataPathObj                                                 
00818488  ti_sysbios_knl_Task_Instance_State_0_stack__A                
00818888  __TI_tmpnams                                                 
008189c8  edmaDbg                                                      
008189d8  parmbuf                                                      
008189e0  ti_sysbios_knl_Task_Instance_State_0_hookEnv__A              
008189e8  ti_sysbios_family_c64p_EventCombiner_Module__state__V        
00818de8  _ftable                                                      
00818fc8  _stream                                                      
00819068  ti_sysbios_utils_Load_Module__state__V                       
00819188  ti_sysbios_knl_Swi_Module_State_0_readyQ__A                  
00819208  ti_sysbios_knl_Task_Module_State_0_readyQ__A                 
00819288  _device                                                      
00819300  ti_sysbios_family_c64p_Hwi_Object__table__V                  
00819378  ti_sysbios_family_c64p_Hwi_Module__state__V                  
008193e4  _lock                                                        
008193e8  ti_sysbios_knl_Task_Object__table__V                         
00819444  gMailboxMCB                                                  
00819494  ti_sysbios_knl_Task_Module__state__V                         
008194dc  _unlock                                                      
008195a0  SOC_TranslateAddr_LUT                                        
00819620  ti_sysbios_gates_GateMutex_Object__table__V                  
00819660  ti_sysbios_timers_rti_Timer_Object__table__V                 
0081969c  __TI_ft_end                                                  
008196d8  ti_sysbios_family_c64p_Exception_Module__state__V            
00819708  ti_sysbios_knl_Swi_Object__table__V                          
00819738  ti_sysbios_knl_Clock_Module__state__V                        
00819764  gDPC_ObjectDetectionCfg                                      
00819788  ti_sysbios_BIOS_Module__state__V                             
008197ac  __errno                                                      
008197ac  errno                                                        
008197f0  xdc_runtime_Error_IgnoreBlock                                
00819810  xdc_runtime_System_Module_State_0_atexitHandlers__A          
00819830  gAntDef_default                                              
0081984c  ti_sysbios_knl_Swi_Module__state__V                          
00819868  ti_sysbios_utils_Load_Module_State_0_taskEnv__A              
008198b8  gMailboxDssBssHwCfg                                          
008198d0  gMailboxDssMssHwCfg                                          
008198e8  gSOCHwAttrib                                                 
00819900  ti_sysbios_heaps_HeapMem_Object__table__V                    
00819918  ti_sysbios_timers_rti_Timer_Module_State_0_device__A         
00819930  gDPMRemoteTable                                              
00819948  ti_sysbios_timers_rti_Timer_Module_State_0_intFreqs__A       
00819958  ti_sysbios_timers_rti_Timer_Module__state__V                 
00819968  __TI_cleanup_ptr                                             
0081996c  __TI_dtors_ptr                                               
00819970  __TI_enable_exit_profile_output                              
00819974  gDPMHwAttrib                                                 
0081997c  ti_sysbios_gates_GateHwi_Module__root__V                     
00819984  ti_sysbios_gates_GateMutex_Module__root__V                   
0081998c  ti_sysbios_family_c64p_Cache_Module__state__V                
00819990  ti_sysbios_hal_Hwi_Object__table__V                          
00819998  ti_sysbios_heaps_HeapMem_Module__root__V                     
008199a0  ti_sysbios_knl_Queue_Module__root__V                         
008199a8  ti_sysbios_knl_Semaphore_Module__root__V                     
008199b0  ti_sysbios_knl_Task_Module__root__V                          
008199b8  ti_sysbios_timers_rti_Timer_Module_State_0_handles__A        
008199c0  xdc_runtime_Registry_Module__state__V                        
008199c8  xdc_runtime_Startup_Module__state__V                         
008199d0  xdc_runtime_System_Module__state__V                          
008199d8  stdEvmCliTxAntOrder                                          
008199de  xdc_runtime_Error_Module__state__V                           
008199e0  ti_sysbios_gates_GateHwi_Object__table__V                    
008199e4  ti_sysbios_heaps_HeapBuf_Module__state__V                    
008199e8  ti_sysbios_knl_Task_Module_State_0_idleTask__A               
008199ec  xdc_runtime_Memory_Module__state__V                          
008199f0  ti_sysbios_utils_Load_Module_State_0_runningTask__A          
008199f8  ti_sysbios_utils_Load_Module_State_0_taskStartTime__A        
00819a00  _stack                                                       
0081a200  __CIOBUF_                                                    
0081a200  __TI_STACK_END                                               
0081a420  __TI_STATIC_BASE                                             
0081a420  gMCPILogMessageSize                                          
0081a424  gNumSubFrames                                                
0081a425  gReadTestConfigFromBinFile                                   
0081a428  gMaxL3RamUsage                                               
0081a42c  gMaxL3RamUsageTestId                                         
0081a430  gMaxL2Usage                                                  
0081a434  gMaxL2UsageTestId                                            
0081a438  gMaxL1Usage                                                  
0081a43c  gMaxL1UsageTestId                                            
0081a440  MCPI_Result                                                  
0081a444  MCPI_FailSignature                                           
0081a44c  gDPM                                                         
0081a458  regionId                                                     
0081a45c  gObjDetObj                                                   
0081a460  socHandle                                                    
0081a464  gCurrTestId                                                  
00f00000  gObjectDetection_Test_L1RamHeap                              
20000000  gFrameConfig                                                 
20000b80  ObjectDetection_Test_task                                    
200018e0  ObjectDetection_Test_setProfile                              
20002000  ObjectDetection_Test_CompareToRef                            
20002320  ObjectDetection_Test_configDPC                               
200024e0  ObjectDetection_Test_convertCoordinates                      
200026a0  ObjectDetection_Test_edmaOpen                                
200029e0  ObjectDetection_Test_DPCInit                                 
20002b60  ObjectDetection_Test_printAndCheckResults                    
20002dc0  main                                                         
20002ea0  ObjectDetection_Test_edmaInit                                
20002f40  ObjectDetection_Test_DPCDeinit                               
20002fc0  ObjectDetection_Test_startDPC                                
20003040  ObjectDetection_Test_stopDPC                                 
200030c0  ObjectDetection_Test_trigChirpEvent                          
20003140  ObjectDetection_Test_trigFrameStart                          
200031c0  ObjectDetection_Test_EDMA_errorCallbackFxn                   
20003220  ObjectDetection_Test_EDMA_transferControllerErrorCallbackFxn 
20003280  ObjectDetection_Test_edmaClose                               
20003720  genChirpData                                                 
20003ba0  initFrameData                                                
20003ec0  GaussianNoise                                                
20004040  RandSimple                                                   
20004100  MCPI_setFeatureTestResult                                    
20004360  MCPI_Initialize                                              
200043a0  MCPI_setTestResult                                           
200043e0  __TI_printfi                                                 
200079a0  pow                                                          
200079a0  powl                                                         
200081e0  __c6xabi_divd                                                
200087e0  __c6xabi_divull                                              
20008a40  __c6xabi_divlli                                              
20008b80  __c6xabi_remlli                                              
20008be0  _subcull                                                     
20008e40  fopen                                                        
20008f60  __TI_cleanup                                                 
20009020  __TI_closefile                                               
20009120  fclose                                                       
20009220  fread                                                        
20009460  atan                                                         
20009460  atanl                                                        
20009660  gObjectDetection_Test_L3Heap                                 
21080000  gObjectDetection_Test_chirpData                              
21084000  MCPI_logMessage                                              
ffffffff  __TI_pprof_out_hndl                                          
ffffffff  __TI_prof_data_size                                          
ffffffff  __TI_prof_data_start                                         
ffffffff  __binit__                                                    
ffffffff  __c_args__                                                   
ffffffff  binit                                                        
UNDEFED   __TI_CINIT_Base                                              
UNDEFED   __TI_CINIT_Limit                                             
UNDEFED   __TI_Handler_Table_Base                                      
UNDEFED   __TI_Handler_Table_Limit                                     
UNDEFED   __TI_INITARRAY_Base                                          
UNDEFED   __TI_INITARRAY_Limit                                         
UNDEFED   __TI_TLS_INIT_Base                                           
UNDEFED   __TI_TLS_INIT_Limit                                          

[829 symbols]
