******************************************************************************
                  TI ARM Linker Unix v16.9.6                   
******************************************************************************
>> Linked Mon Mar 30 22:45:29 2020

OUTPUT FILE NAME:   <test/distributed/mss/xwr18xx_distributed_mss.xer4f>
ENTRY POINT SYMBOL: "_c_int00"  address: 0000a1c8


MEMORY CONFIGURATION

         name            origin    length      used     unused   attr    fill
----------------------  --------  ---------  --------  --------  ----  --------
PAGE 0:
  VECTORS               00000000   00000100  0000003c  000000c4     X
  PROG_RAM              00000100   0007ff00  000100d6  0006fe2a  R  X
  DATA_RAM              08000000   00030000  000105fc  0001fa04  RW  
  L3_RAM                51000000   00100000  00000400  000ffc00  RW  
  HWA_RAM               52030000   00010000  00000000  00010000  RW  
  HS_RAM                52080000   00008000  00000000  00008000  RW  

PAGE 1:
  L3_RAM                51000000   00100000  00000000  00100000  RW  


SEGMENT ALLOCATION MAP

run origin  load origin   length   init length attrs members
----------  ----------- ---------- ----------- ----- -------
00000000    00000000    0000003c   0000003c    r--
  00000000    00000000    0000003c   0000003c    r-- .vecs
00000100    00000100    000100d8   000100d8    r-x
  00000100    00000100    0000d942   0000d942    r-x .text
  0000da44    0000da44    0000246c   0000246c    r-- .const
  0000feb0    0000feb0    00000328   00000328    r-- .cinit
08000000    08000000    00010600   00000000    rw-
  08000000    08000000    0000a000   00000000    rw- systemHeap
  0800a000    0800a000    00002400   00000000    rw- .MCPILogBuffer
  0800c400    0800c400    00001c80   00000000    rw- .bss
  0800e080    0800e080    00001000   00000000    rw- .stack
  0800f080    0800f080    00000d7c   00000000    rw- .data
  0800fe00    0800fe00    00000800   00000000    rw- .myFiqStack
51000000    51000000    00000400   00000000    rw-
  51000000    51000000    00000400   00000000    rw- llProfileData


SECTION ALLOCATION MAP

 output                                  attributes/
section   page    origin      length       input sections
--------  ----  ----------  ----------   ----------------
.vecs      0    00000000    0000003c     
                  00000000    0000003c     mss_per4ft.oer4ft (.vecs)

.myFiqStack 
*          0    0800fe00    00000800     UNINITIALIZED
                  0800fe00    00000800     mss_per4ft.oer4ft (.myFiqStack)

xdc.meta   0    00000000    0000010c     COPY SECTION
                  00000000    0000010c     mss_per4ft.oer4ft (xdc.meta)

.text      0    00000100    0000d942     
                  00000100    0000107a     rtsv7R4_T_le_v3D16_eabi.lib : _printfi.obj (.text)
                  0000117a    00000002     ll_profile_distributed.oer4f (.text:LLProfile_chirpAvailable)
                  0000117c    00000564     mss_distributed.oer4f (.text:DPMTest_mssInitTask)
                  000016e0    000004e1     sysbios.aer4ft : BIOS.obj (.text:xdc_runtime_System_doPrint__I)
                  00001bc1    00000001     --HOLE-- [fill = 0]
                  00001bc2    0000000e     libosal_xwr18xx.aer4f : SemaphoreP_tirtos.oer4f (.text:SemaphoreP_delete)
                  00001bd0    00000310     sysbios.aer4ft : BIOS.obj (.text:ti_sysbios_knl_Semaphore_pend__E)
                  00001ee0    00000308     libsoc_xwr18xx.aer4f : soc_xwr18xx_mss.oer4f (.text:SOC_deviceInit)
                  000021e8    000002b8     rtsv7R4_T_le_v3D16_eabi.lib : ull_div32.obj (.text)
                  000024a0    000002a4     mss_distributed.oer4f (.text:DPMTest_llReportFxn)
                  00002744    0000000c     libmmwave_xwr18xx.aer4f : mmwave_dualcore.oer4f (.text:MMWave_deviceMailboxCallbackFxn)
                  00002750    000002a4     sysbios.aer4ft : BIOS.obj (.text:ti_sysbios_heaps_HeapMem_freeUnprotected__E)
                  000029f4    00000284     libmmwave_xwr18xx.aer4f : mmwave_dualcore.oer4f (.text:MMWave_deviceExecuteFxn)
                  00002c78    00000008     libosal_xwr18xx.aer4f : HwiP_tirtos.oer4f (.text:HwiP_disable)
                  00002c80    00000280     sysbios.aer4ft : BIOS.obj (.text:ti_sysbios_family_arm_exc_Exception_excDumpContext__I)
                  00002f00    00000268                    : BIOS.obj (.text:ti_sysbios_knl_Task_Instance_finalize__E)
                  00003168    00000260     libmailbox_xwr18xx.aer4f : mailbox.oer4f (.text:Mailbox_open)
                  000033c8    00000008     libmmwave_xwr18xx.aer4f : mmwave.oer4f (.text:MMWave_decodeErrorLevel)
                  000033d0    00000228     sysbios.aer4ft : BIOS.obj (.text:ti_sysbios_heaps_HeapMem_allocUnprotected__E)
                  000035f8    00000008     libmmwave_xwr18xx.aer4f : mmwave_link.oer4f (.text:MMWave_mboxCallbackFxn)
                  00003600    00000220     sysbios.aer4ft : BIOS.obj (.text:ti_sysbios_knl_Task_sleep__E)
                  00003820    00000200     libcrc_xwr18xx.aer4f : crc.oer4f (.text:CRC_open)
                  00003a20    000001e4     sysbios.aer4ft : BIOS.obj (.text:ti_sysbios_family_arm_v7r_vim_Hwi_dispatchIRQC__I)
                  00003c04    0000000c     libmmwave_xwr18xx.aer4f : mmwave_osal.oer4f (.text:MMWave_osalMutexUnlock)
                  00003c10    000001dc     sysbios.aer4ft : BIOS.obj (.text:ti_sysbios_knl_Task_Module_startup__E)
                  00003dec    000001c8     libmmwavelink_xwr18xx.aer4f : rl_driver.oer4f (.text:rlDriverRxHdrRead)
                  00003fb4    000001c8     rtsv7R4_T_le_v3D16_eabi.lib : fopen.obj (.text)
                  0000417c    00000004     hl_profile_distributed.oer4f (.text:HLProfile_deinit)
                  00004180    000001c8     sysbios.aer4ft : BIOS.obj (.text:ti_sysbios_knl_Task_Instance_init__E)
                  00004348    000001b0     libmmwavelink_xwr18xx.aer4f : rl_driver.oer4f (.text:rlDriverMsgRead)
                  000044f8    00000008     libosal_xwr18xx.aer4f : SemaphoreP_tirtos.oer4f (.text:SemaphoreP_Params_init)
                  00004500    0000019c     sysbios.aer4ft : BIOS.obj (.text:xdc_runtime_Error_policyDefault__E)
                  0000469c    00000190     libmmwavelink_xwr18xx.aer4f : rl_driver.oer4f (.text:rlDriverCmdInvoke)
                  0000482c    00000184     mss_distributed.oer4f (.text:DPMTest_hlReportFxn)
                  000049b0    00000184     sysbios.aer4ft : BIOS.obj (.text:ti_sysbios_timers_rti_Timer_Module_startup__E)
                  00004b34    00000180     libdpm_xwr18xx.aer4f : dpm_core.oer4f (.text:DPM_init)
                  00004cb4    00000180                          : dpm_msg.oer4f (.text:DPM_msgRecv)
                  00004e34    0000000c     libmmwave_xwr18xx.aer4f : mmwave_osal.oer4f (.text:MMWave_osalSemSignal)
                  00004e40    0000017c     sysbios.aer4ft : BIOS.obj (.text:ti_sysbios_family_arm_exc_Exception_excHandler__I)
                  00004fbc    00000004     libosal_xwr18xx.aer4f : HwiP_tirtos.oer4f (.text:HwiP_disableInterrupt)
                  00004fc0    0000017c     sysbios.aer4ft : BIOS.obj (.text:ti_sysbios_knl_Semaphore_post__E)
                  0000513c    00000004     libosal_xwr18xx.aer4f : HwiP_tirtos.oer4f (.text:HwiP_enableInterrupt)
                  00005140    00000160     sysbios.aer4ft : BIOS.obj (.text:ti_sysbios_family_arm_v7r_vim_Hwi_reconfig__E)
                  000052a0    0000014c     libmmwave_xwr18xx.aer4f : mmwave_link.oer4f (.text:MMWave_initMMWaveLink)
                  000053ec    00000148     mss_distributed.oer4f (.text:DPMTest_configureDPC)
                  00005534    00000148     libmmwavelink_xwr18xx.aer4f : rl_driver.oer4f (.text:rlDriverCmdSendRetry)
                  0000567c    00000004     ll_profile_distributed.oer4f (.text:LLProfile_deinit)
                  00005680    00000140     sysbios.aer4ft : BIOS.obj (.text:ti_sysbios_heaps_HeapMem_Instance_init__E)
                  000057c0    00000140                    : BIOS.obj (.text:xdc_runtime_Core_createObject__I)
                  00005900    0000013c                    : BIOS.obj (.text:ti_sysbios_knl_Clock_workFunc__E)
                  00005a3c    00000138     rtsv7R4_T_le_v3D16_eabi.lib : fputs.obj (.text)
                  00005b74    0000000c     sysbios.aer4ft : arm_IntrinsicsSupport_asm.obj (.text:_ti_sysbios_family_arm_IntrinsicsSupport_maxbitA)
                  00005b80    00000134                    : BIOS.obj (.text:xdc_runtime_Startup_startMods__I)
                  00005cb4    00000120     libtestlogger_xwr18xx.aer4f : logger.oer4f (.text:MCPI_setFeatureTestResult)
                  00005dd4    00000118     mss_distributed.oer4f (.text:DPMTest_mmWaveEventCallbackFxn)
                  00005eec    00000004     libmmwave_xwr18xx.aer4f : mmwave_link.oer4f (.text:MMWave_disableDevice)
                  00005ef0    00000118     sysbios.aer4ft : BIOS.obj (.text:ti_sysbios_family_arm_v7r_vim_Hwi_Instance_init__E)
                  00006008    00000008     libmmwavelink_xwr18xx.aer4f : rl_driver.oer4f (.text:rlDriverGetHandle)
                  00006010    00000118     sysbios.aer4ft : BIOS.obj (.text:ti_sysbios_knl_Swi_run__I)
                  00006128    0000010c     mss_distributed.oer4f (.text:DPMTest_validateResults)
                  00006234    0000010c     libdpm_xwr18xx.aer4f : dpm_msg.oer4f (.text:DPM_msgResultHandler)
                  00006340    0000010c     libmmwave_xwr18xx.aer4f : mmwave_link.oer4f (.text:MMWave_asyncEventHandler)
                  0000644c    0000010c                             : mmwave_dualcore.oer4f (.text:MMWave_deviceInitFxn)
                  00006558    00000008     sysbios.aer4ft : BIOS.obj (.text:ti_sysbios_family_arm_v7a_Pmu_getEnabled__E)
                  00006560    0000010c                    : BIOS.obj (.text:xdc_runtime_Core_constructObject__I)
                  0000666c    00000108     libmailbox_xwr18xx.aer4f : mailbox.oer4f (.text:Mailbox_write)
                  00006774    0000000c     rtsv7R4_T_le_v3D16_eabi.lib : copy_zero_init.obj (.text:decompress:ZI)
                  00006780    00000104     sysbios.aer4ft : BIOS.obj (.text:ti_sysbios_timers_rti_Timer_getFreq__E)
                  00006884    00000100     libmmwavelink_xwr18xx.aer4f : rl_driver.oer4f (.text:rlDriverInit)
                  00006984    000000fc     libcrc_xwr18xx.aer4f : crc.oer4f (.text:CRC_computeSignature)
                  00006a80    000000f8     libmmwavelink_xwr18xx.aer4f : rl_driver.oer4f (.text:rlDriverRdVerifyMsg)
                  00006b78    000000f8     mss_per4ft.oer4ft (.text:xdc_runtime_System_printfExtend__I)
                  00006c70    000000f0     sysbios.aer4ft : BIOS.obj (.text:ti_sysbios_family_arm_v7r_vim_Hwi_Module_startup__E)
                  00006d60    000000ec     ll_profile_distributed.oer4f (.text:LLProfile_execute)
                  00006e4c    000000ec     rtsv7R4_T_le_v3D16_eabi.lib : s_scalbn.obj (.text)
                  00006f38    00000006     libdpm_xwr18xx.aer4f : dpm_mailbox.oer4f (.text:DPM_mboxSynch)
                  00006f3e    00000002     ll_profile_distributed.oer4f (.text:LLProfile_frameStart)
                  00006f40    000000ec     sysbios.aer4ft : BIOS.obj (.text:ti_sysbios_heaps_HeapBuf_Module_startup__E)
                  0000702c    000000dc     libmmwave_xwr18xx.aer4f : mmwave.oer4f (.text:MMWave_init)
                  00007108    000000dc     rtsv7R4_T_le_v3D16_eabi.lib : setvbuf.obj (.text)
                  000071e4    000000d4     libmailbox_xwr18xx.aer4f : mailbox.oer4f (.text:Mailbox_read)
                  000072b8    00000006     libosal_xwr18xx.aer4f : HwiP_tirtos.oer4f (.text:HwiP_restore)
                  000072be    00000002     libmmwave_xwr18xx.aer4f : mmwave_link.oer4f (.text:MMWave_maskHostIRQ)
                  000072c0    000000d4     sysbios.aer4ft : BIOS.obj (.text:ti_sysbios_knl_Task_exit__E)
                  00007394    0000000c     libmmwavelink_xwr18xx.aer4f : rl_driver.oer4f (.text:rlDriverGetPlatformId)
                  000073a0    000000d4     sysbios.aer4ft : BIOS.obj (.text:ti_sysbios_knl_Task_schedule__I)
                  00007474    000000d0                    : exc_Exception_asm.obj (.text:ti_sysbios_family_arm_exc_Exception_excHandlerAsm__I)
                  00007544    000000cc     rtsv7R4_T_le_v3D16_eabi.lib : fflush.obj (.text)
                  00007610    000000cc     sysbios.aer4ft : BIOS.obj (.text:ti_sysbios_knl_Task_checkStacks__E)
                  000076dc    000000c8     libmmwave_xwr18xx.aer4f : mmwave_fullcfg.oer4f (.text:MMWave_addChirp)
                  000077a4    000000c8                             : mmwave_fullcfg.oer4f (.text:MMWave_flushCfg)
                  0000786c    00000004                             : mmwave_link.oer4f (.text:MMWave_enableDevice)
                  00007870    000000c8     sysbios.aer4ft : BIOS.obj (.text:ti_sysbios_knl_Task_postInit__I)
                  00007938    000000c4     libdpm_xwr18xx.aer4f : dpm_core.oer4f (.text:DPM_deinit)
                  000079fc    000000c4                          : dpm_core.oer4f (.text:DPM_ioctl)
                  00007ac0    000000c4     libmmwavelink_xwr18xx.aer4f : rl_driver.oer4f (.text:rlDriverMsgCmdReply)
                  00007b84    0000000c     sysbios.aer4ft : BIOS.obj (.text:ti_sysbios_family_arm_v7a_Pmu_configureCounterI__I)
                  00007b90    000000c4                    : BIOS.obj (.text:ti_sysbios_family_arm_v7a_Pmu_configureCounter__E)
                  00007c54    000000c0     libmmwavelink_xwr18xx.aer4f : rl_driver.oer4f (.text:rlDriverMsgWrite)
                  00007d14    0000000c     mss_per4ft.oer4ft (.text:ti_sysbios_knl_Queue_Object__get__S)
                  00007d20    000000c0     sysbios.aer4ft : BIOS.obj (.text:ti_sysbios_timers_rti_Timer_startup__E)
                  00007de0    000000bc     hl_profile_distributed.oer4f (.text:HLProfile_execute)
                  00007e9c    000000bc     libmmwave_xwr18xx.aer4f : mmwave_link.oer4f (.text:MMWave_computeCRC)
                  00007f58    000000bc     rtsv7R4_T_le_v3D16_eabi.lib : open.obj (.text)
                  00008014    000000b6     libsoc_xwr18xx.aer4f : soc_mpu.o (.text)
                  000080ca    00000002     rtsv7R4_T_le_v3D16_eabi.lib : i_div0.obj (.text)
                  000080cc    000000b4     mss_distributed.oer4f (.text:DPMTest_dataTask)
                  00008180    000000b4     sysbios.aer4ft : BIOS.obj (.text:ti_sysbios_gates_GateMutex_enter__E)
                  00008234    0000000a     libdpm_xwr18xx.aer4f : dpm_core.oer4f (.text:DPM_chirpISR)
                  0000823e    00000002     mss_per4ft.oer4ft (.text:ti_sysbios_BIOS_nullFunc__I)
                  00008240    000000b4     sysbios.aer4ft : BIOS.obj (.text:ti_sysbios_knl_Task_startCore__E)
                  000082f4    000000b0     libmmwave_xwr18xx.aer4f : mmwave_fullcfg.oer4f (.text:MMWave_addProfile)
                  000083a4    000000b0     mss_distributed.oer4f (.text:main)
                  00008454    0000000a     libdpm_xwr18xx.aer4f : dpm_core.oer4f (.text:DPM_frameStartISR)
                  0000845e    00000002     mss_per4ft.oer4ft (.text:xdc_runtime_Startup_reset__I)
                  00008460    000000b0     sysbios.aer4ft : BIOS.obj (.text:xdc_runtime_Text_putMod__E)
                  00008510    000000ae     rtsv7R4_T_le_v3D16_eabi.lib : _io_perm.obj (.text)
                  000085be    00000002     --HOLE-- [fill = 0]
                  000085c0    000000ac     libesm_xwr18xx.aer4f : esm.oer4f (.text:ESM_processInterrupt)
                  0000866c    000000a8     libsoc_xwr18xx.aer4f : soc.oer4f (.text:SOC_deregisterSysIntListener)
                  00008714    000000a8     libmmwavelink_xwr18xx.aer4f : rl_driver.oer4f (.text:rlDriverWaitForResponse)
                  000087bc    00000004     libmmwave_xwr18xx.aer4f : mmwave_listlib.oer4f (.text:MMWave_listGetHead)
                  000087c0    000000a8     sysbios.aer4ft : BIOS.obj (.text:ti_sysbios_knl_Swi_post__E)
                  00008868    000000a4     mss_distributed.oer4f (.text:DPMTest_hlDPMTask)
                  0000890c    000000a4     libesm_xwr18xx.aer4f : esm.oer4f (.text:ESM_init)
                  000089b0    000000a4     libmmwave_xwr18xx.aer4f : mmwave_fullcfg.oer4f (.text:MMWave_addBpmChirp)
                  00008a54    000000a4     libsoc_xwr18xx.aer4f : soc_xwr18xx_mss.oer4f (.text:SOC_unhaltDSS)
                  00008af8    00000006     libmmwavelink_xwr18xx.aer4f : rl_controller.oer4f (.text:rlGetSubBlockId)
                  00008afe    00000002     --HOLE-- [fill = 0]
                  00008b00    000000a2     sysbios.aer4ft : BIOS.obj (.text:xdc_runtime_Text_putSite__E)
                  00008ba2    00000002     --HOLE-- [fill = 0]
                  00008ba4    000000a0     ll_profile_distributed.oer4f (.text:LLProfile_init)
                  00008c44    000000a0     libsoc_xwr18xx.aer4f : soc.oer4f (.text:SOC_registerSysIntListener)
                  00008ce4    000000a0     auto_init.aer4ft : auto_init.oer4ft (.text)
                  00008d84    0000000a     libosal_xwr18xx.aer4f : MemoryP_tirtos.oer4f (.text:MemoryP_ctrlFree)
                  00008d8e    00000002     --HOLE-- [fill = 0]
                  00008d90    000000a0     sysbios.aer4ft : BIOS.obj (.text:ti_sysbios_knl_Task_blockI__E)
                  00008e30    0000009c     rtsv7R4_T_le_v3D16_eabi.lib : memcpy_t2.obj (.text)
                  00008ecc    00000004     libmmwave_xwr18xx.aer4f : mmwave_link.oer4f (.text:MMWave_mboxClose)
                  00008ed0    0000009c     sysbios.aer4ft : BIOS.obj (.text:ti_sysbios_family_arm_v7r_vim_Hwi_initIntController__I)
                  00008f6c    00000004     libmmwave_xwr18xx.aer4f : mmwave_link.oer4f (.text:MMWave_mboxRead)
                  00008f70    0000009c     sysbios.aer4ft : BIOS.obj (.text:ti_sysbios_family_arm_v7r_vim_Hwi_mapChannel__I)
                  0000900c    00000004     libmmwave_xwr18xx.aer4f : mmwave_link.oer4f (.text:MMWave_registerInterruptHandler)
                  00009010    0000009c     sysbios.aer4ft : BIOS.obj (.text:ti_sysbios_knl_Semaphore_Instance_init__E)
                  000090ac    0000009a     libdpm_xwr18xx.aer4f : dpm_msg.oer4f (.text:DPM_msgResponseHandler)
                  00009146    00000002     --HOLE-- [fill = 0]
                  00009148    00000098     hl_profile_distributed.oer4f (.text:HLProfile_injectData)
                  000091e0    00000098     ll_profile_distributed.oer4f (.text:LLProfile_injectData)
                  00009278    00000098     rtsv7R4_T_le_v3D16_eabi.lib : fclose.obj (.text)
                  00009310    00000098                                 : fputc.obj (.text)
                  000093a8    00000098     sysbios.aer4ft : vim_Hwi_asm_switch.obj (.text)
                  00009440    00000094     hl_profile_distributed.oer4f (.text:HLProfile_init)
                  000094d4    00000094     libmmwavelink_xwr18xx.aer4f : rl_driver.oer4f (.text:rlDriverDeInit)
                  00009568    00000094                                 : rl_driver.oer4f (.text:rlDriverMsgReadCmdCtx)
                  000095fc    00000094                                 : rl_driver.oer4f (.text:rlDriverProcRdMsg)
                  00009690    00000094     rtsv7R4_T_le_v3D16_eabi.lib : snprintf.obj (.text)
                  00009724    00000094     sysbios.aer4ft : vim_Hwi_asm.obj (.text:ti_sysbios_family_arm_v7r_vim_Hwi_dispatchIRQ__I)
                  000097b8    00000090     libmailbox_xwr18xx.aer4f : mailbox.oer4f (.text:Mailbox_close)
                  00009848    00000006     libmmwavelink_xwr18xx.aer4f : rl_controller.oer4f (.text:rlGetSubBlockLen)
                  0000984e    00000002     --HOLE-- [fill = 0]
                  00009850    00000090     sysbios.aer4ft : BIOS.obj (.text:ti_sysbios_family_arm_v7a_Pmu_startCounter__E)
                  000098e0    00000090                    : BIOS.obj (.text:ti_sysbios_knl_Task_unblockI__E)
                  00009970    0000008c     libsoc_xwr18xx.aer4f : soc_xwr18xx.oer4f (.text:SOC_translateAddress)
                  000099fc    0000008c     libmmwavelink_xwr18xx.aer4f : rl_device.oer4f (.text:rlDevicePowerOn)
                  00009a88    0000008c                                 : rl_driver.oer4f (.text:rlDriverMsgReadSpawnCtx)
                  00009b14    0000000a     libosal_xwr18xx.aer4f : SemaphoreP_tirtos.oer4f (.text:SemaphoreP_post)
                  00009b1e    00000002     --HOLE-- [fill = 0]
                  00009b20    0000008c     sysbios.aer4ft : BIOS.obj (.text:ti_sysbios_family_arm_v7r_vim_Hwi_Instance_finalize__E)
                  00009bac    00000004     libmmwave_xwr18xx.aer4f : mmwave_link.oer4f (.text:MMWave_unmaskHostIRQ)
                  00009bb0    0000008c     sysbios.aer4ft : BIOS.obj (.text:xdc_runtime_Memory_alloc__E)
                  00009c3c    00000084     libmmwave_xwr18xx.aer4f : mmwave_dualcore.oer4f (.text:MMWave_deviceEventFxn)
                  00009cc0    00000084     libsoc_xwr18xx.aer4f : soc.oer4f (.text:SOC_init)
                  00009d44    00000080     libdpm_xwr18xx.aer4f : dpm_mailbox.oer4f (.text:DPM_mboxRemoteMailboxCallbackFxn)
                  00009dc4    00000080     libmmwavelink_xwr18xx.aer4f : rl_driver.oer4f (.text:rlDriverExecuteGetApi)
                  00009e44    0000000a     sysbios.aer4ft : tms570_Core_asm.obj (.text:ti_sysbios_family_arm_v7r_tms570_Core_getId__E)
                  00009e4e    00000002     --HOLE-- [fill = 0]
                  00009e50    00000080                    : BIOS.obj (.text:ti_sysbios_timers_rti_Timer_initDevice__I)
                  00009ed0    0000007e     libosal_xwr18xx.aer4f : HwiP_tirtos.oer4f (.text:HwiP_create)
                  00009f4e    00000002     --HOLE-- [fill = 0]
                  00009f50    0000007c     libdpm_xwr18xx.aer4f : dpm_pipe.oer4f (.text:DPM_pipeSend)
                  00009fcc    0000007c     libmailbox_xwr18xx.aer4f : mailbox.oer4f (.text:Mailbox_init)
                  0000a048    0000007c     sysbios.aer4ft : arm_TaskSupport_asm.obj (.text:_ti_sysbios_family_arm_TaskSupport_buildTaskStack)
                  0000a0c4    0000000a     mss_per4ft.oer4ft (.text:xdc_runtime_IHeap_alloc)
                  0000a0ce    00000002     --HOLE-- [fill = 0]
                  0000a0d0    0000007c     sysbios.aer4ft : BIOS.obj (.text:xdc_runtime_Core_deleteObject__I)
                  0000a14c    0000007a     rtsv7R4_T_le_v3D16_eabi.lib : memset_t2.obj (.text)
                  0000a1c6    00000002     --HOLE-- [fill = 0]
                  0000a1c8    00000074     boot.aer4ft : boot.oer4ft (.text)
                  0000a23c    00000074     libmmwavelink_xwr18xx.aer4f : rl_driver.oer4f (.text:rlDriverAsyncEventHandler)
                  0000a2b0    00000074     rtsv7R4_T_le_v3D16_eabi.lib : getdevice.obj (.text)
                  0000a324    00000074                                 : s_frexp.obj (.text)
                  0000a398    00000072     libmmwavelink_xwr18xx.aer4f : rl_driver.oer4f (.text:rlDriverClientCbCheck)
                  0000a40a    00000002     --HOLE-- [fill = 0]
                  0000a40c    00000070     rtsv7R4_T_le_v3D16_eabi.lib : printf.obj (.text)
                  0000a47c    00000004     libmmwave_xwr18xx.aer4f : mmwave_link.oer4f (.text:MMWave_waitIRQStatus)
                  0000a480    00000070     sysbios.aer4ft : BIOS.obj (.text:xdc_runtime_Error_print__E)
                  0000a4f0    00000070                    : BIOS.obj (.text:xdc_runtime_Text_visitRope2__I)
                  0000a560    0000006c     libdpm_xwr18xx.aer4f : dpm_core.oer4f (.text:DPM_relayResult)
                  0000a5cc    0000006c     hl_profile_distributed.oer4f (.text:HLProfile_ioctl)
                  0000a638    0000006c     ll_profile_distributed.oer4f (.text:LLProfile_ioctl)
                  0000a6a4    0000006c     libmmwave_xwr18xx.aer4f : mmwave_link.oer4f (.text:MMWave_spawn)
                  0000a710    0000006c     rtsv7R4_T_le_v3D16_eabi.lib : copy_decompress_lzss.obj (.text:decompress:lzss)
                  0000a77c    0000006c                                 : trgmsg.obj (.text)
                  0000a7e8    00000068     mss_distributed.oer4f (.text:DPMTest_llDPMTask)
                  0000a850    00000068     libdpm_xwr18xx.aer4f : dpm_msg.oer4f (.text:DPM_msgDPCCfgHandler)
                  0000a8b8    00000068     libmailbox_xwr18xx.aer4f : mailbox.oer4f (.text:Mailbox_readFlush)
                  0000a920    00000068     libmmwavelink_xwr18xx.aer4f : rl_driver.oer4f (.text:rlDriverHostIrqHandler)
                  0000a988    00000068     rtsv7R4_T_le_v3D16_eabi.lib : hostlseek.obj (.text)
                  0000a9f0    00000068                                 : hostrename.obj (.text)
                  0000aa58    00000004     libsoc_xwr18xx.aer4f : soc_xwr18xx.oer4f (.text:SOC_ungateClock)
                  0000aa5c    00000004     mss_per4ft.oer4ft (.text:ti_sysbios_BIOS_RtsGateProxy_enter__E)
                  0000aa60    00000068     sysbios.aer4ft : BIOS.obj (.text:ti_sysbios_knl_Swi_schedule__I)
                  0000aac8    00000066     libmmwavelink_xwr18xx.aer4f : rl_device.oer4f (.text:rlDevicePowerOff)
                  0000ab2e    00000002     --HOLE-- [fill = 0]
                  0000ab30    00000064     libosal_xwr18xx.aer4f : SemaphoreP_tirtos.oer4f (.text:SemaphoreP_create)
                  0000ab94    00000064     rtsv7R4_T_le_v3D16_eabi.lib : fseek.obj (.text)
                  0000abf8    00000064                                 : sprintf.obj (.text)
                  0000ac5c    00000064     sysbios.aer4ft : exc_Exception_asm.obj (.text:ti_sysbios_family_arm_exc_Exception_initCore0__I)
                  0000acc0    00000064                    : BIOS.obj (.text:ti_sysbios_family_arm_v7r_vim_Hwi_phantomIntHandler__I)
                  0000ad24    0000000a     mss_per4ft.oer4ft (.text:xdc_runtime_IHeap_free)
                  0000ad2e    00000002     --HOLE-- [fill = 0]
                  0000ad30    00000064     sysbios.aer4ft : BIOS.obj (.text:ti_sysbios_knl_Clock_logTick__E)
                  0000ad94    00000004     mss_per4ft.oer4ft (.text:ti_sysbios_BIOS_RtsGateProxy_leave__E)
                  0000ad98    00000004     mss_per4ft.oer4ft (.text:ti_sysbios_family_arm_TaskSupport_Module__startupDone__S)
                  0000ad9c    00000004     mss_per4ft.oer4ft (.text:ti_sysbios_family_arm_v7r_vim_Hwi_delete)
                  0000ada0    00000064     sysbios.aer4ft : BIOS.obj (.text:xdc_runtime_Startup_exec__E)
                  0000ae04    00000004     mss_per4ft.oer4ft (.text:ti_sysbios_heaps_HeapMem_Module_GateProxy_enter__E)
                  0000ae08    00000004     mss_per4ft.oer4ft (.text:ti_sysbios_heaps_HeapMem_Module_GateProxy_leave__E)
                  0000ae0c    00000004     mss_per4ft.oer4ft (.text:ti_sysbios_knl_Clock_TimerProxy_getMaxTicks__E)
                  0000ae10    00000060     sysbios.aer4ft : BIOS.obj (.text:ti_sysbios_heaps_HeapMem_alloc__E)
                  0000ae70    00000060                    : BIOS.obj (.text:xdc_runtime_Assert_raise__I)
                  0000aed0    0000005f                    : BIOS.obj (.text:xdc_runtime_Text_putLab__E)
                  0000af2f    00000001     --HOLE-- [fill = 0]
                  0000af30    0000005c     libmmwave_xwr18xx.aer4f : mmwave_link.oer4f (.text:MMWave_mboxOpen)
                  0000af8c    0000005c     rtsv7R4_T_le_v3D16_eabi.lib : hostopen.obj (.text)
                  0000afe8    0000005c                                 : hostread.obj (.text)
                  0000b044    0000005a     libmmwavelink_xwr18xx.aer4f : rl_driver.oer4f (.text:rlDriverCalChkSum)
                  0000b09e    00000002     --HOLE-- [fill = 0]
                  0000b0a0    00000058     mss_distributed.oer4f (.text:DPMTest_mmWaveCtrlTask)
                  0000b0f8    00000058     libdpm_xwr18xx.aer4f : dpm_core.oer4f (.text:DPM_execute)
                  0000b150    00000058                          : dpm_mailbox.oer4f (.text:DPM_mboxInit)
                  0000b1a8    00000058     libesm_xwr18xx.aer4f : esm.oer4f (.text:ESM_highpriority_FIQ)
                  0000b200    00000058     libmmwave_xwr18xx.aer4f : mmwave.oer4f (.text:MMWave_execute)
                  0000b258    00000058                             : mmwave_link.oer4f (.text:MMWave_initCRC)
                  0000b2b0    00000058     rtsv7R4_T_le_v3D16_eabi.lib : close.obj (.text)
                  0000b308    00000058                                 : hostwrite.obj (.text)
                  0000b360    00000058     sysbios.aer4ft : BIOS.obj (.text:ti_sysbios_knl_Swi_restoreHwi__E)
                  0000b3b8    00000056     libmmwavelink_xwr18xx.aer4f : rl_driver.oer4f (.text:rlDriverOsiCbCheck)
                  0000b40e    00000002     --HOLE-- [fill = 0]
                  0000b410    00000054     libcrc_xwr18xx.aer4f : crc.oer4f (.text:CRC_getTransactionId)
                  0000b464    00000054     libmmwave_xwr18xx.aer4f : mmwave_link.oer4f (.text:MMWave_initLink)
                  0000b4b8    00000054     rtsv7R4_T_le_v3D16_eabi.lib : ltoa.obj (.text)
                  0000b50c    00000054     mss_per4ft.oer4ft (.text:ti_sysbios_family_arm_v7r_vim_Hwi_create)
                  0000b560    00000054     sysbios.aer4ft : BIOS.obj (.text:ti_sysbios_heaps_HeapMem_getStats__E)
                  0000b5b4    00000004     mss_per4ft.oer4ft (.text:ti_sysbios_knl_Semaphore_delete)
                  0000b5b8    00000004     mss_per4ft.oer4ft (.text:ti_sysbios_knl_Task_delete)
                  0000b5bc    00000004     mss_per4ft.oer4ft (.text:xdc_runtime_System_Module_GateProxy_enter__E)
                  0000b5c0    00000054     sysbios.aer4ft : BIOS.obj (.text:ti_sysbios_knl_Swi_runLoop__I)
                  0000b614    00000004     mss_per4ft.oer4ft (.text:xdc_runtime_System_Module_GateProxy_leave__E)
                  0000b618    00000008     --HOLE-- [fill = 0]
                  0000b620    00000054     sysbios.aer4ft : BIOS.obj (.text:ti_sysbios_knl_Swi_startup__E)
                  0000b674    0000000c     --HOLE-- [fill = 0]
                  0000b680    00000054                    : BIOS.obj (.text:xdc_runtime_Core_assignLabel__I)
                  0000b6d4    00000050     libcrc_xwr18xx.aer4f : crc.oer4f (.text:CRC_getSignature)
                  0000b724    00000050     libdpm_xwr18xx.aer4f : dpm_core.oer4f (.text:DPM_synch)
                  0000b774    00000050     libmmwave_xwr18xx.aer4f : mmwave.oer4f (.text:MMWave_sync)
                  0000b7c4    00000050     libmmwavelink_xwr18xx.aer4f : rl_driver.oer4f (.text:rlDeviceIdentifyCmdDir)
                  0000b814    00000050                                 : rl_driver.oer4f (.text:rlDriverVerifyCRC)
                  0000b864    00000050     rtsv7R4_T_le_v3D16_eabi.lib : atoi.obj (.text)
                  0000b8b4    00000050                                 : exit.obj (.text)
                  0000b904    00000050                                 : u_div32.obj (.text)
                  0000b954    0000000c     --HOLE-- [fill = 0]
                  0000b960    00000050     sysbios.aer4ft : BIOS.obj (.text:xdc_runtime_System_exit__E)
                  0000b9b0    0000004c     libmailbox_xwr18xx.aer4f : mailbox.oer4f (.text:Mailbox_boxEmptyISRProcessing)
                  0000b9fc    0000004c     rtsv7R4_T_le_v3D16_eabi.lib : cpy_tbl.obj (.text)
                  0000ba48    00000008     --HOLE-- [fill = 0]
                  0000ba50    0000004c     sysbios.aer4ft : BIOS.obj (.text:ti_sysbios_family_arm_v7r_vim_Hwi_getStackInfo__E)
                  0000ba9c    0000004c     mss_per4ft.oer4ft (.text:ti_sysbios_knl_Task_create)
                  0000bae8    0000004a     libdpm_xwr18xx.aer4f : dpm_mailbox.oer4f (.text:DPM_mboxSendResult)
                  0000bb32    0000004a     libmailbox_xwr18xx.aer4f : mailbox.oer4f (.text:Mailbox_boxFullISRProcessing)
                  0000bb7c    00000004     --HOLE-- [fill = 0]
                  0000bb80    0000004a     sysbios.aer4ft : BIOS.obj (.text:xdc_runtime_Core_assignParams__I)
                  0000bbca    00000006     --HOLE-- [fill = 0]
                  0000bbd0    0000004a                    : BIOS.obj (.text:xdc_runtime_Text_xprintf__I)
                  0000bc1a    00000048     libdpm_xwr18xx.aer4f : dpm_pipe.oer4f (.text:DPM_pipeRecv)
                  0000bc62    00000048     libmmwavelink_xwr18xx.aer4f : rl_device.oer4f (.text:rlDeviceGetVersion)
                  0000bcaa    00000002     --HOLE-- [fill = 0]
                  0000bcac    00000048                                 : rl_driver.oer4f (.text:rlDriverOsiInit)
                  0000bcf4    00000046     libmailbox_xwr18xx.aer4f : mailbox.oer4f (.text:CSL_FINSR)
                  0000bd3a    00000044     libcrc_xwr18xx.aer4f : crc.oer4f (.text:CRC_resetSignature)
                  0000bd7e    00000002     --HOLE-- [fill = 0]
                  0000bd80    00000044     libdpm_xwr18xx.aer4f : dpm_core.oer4f (.text:DPM_start)
                  0000bdc4    00000044                          : dpm_core.oer4f (.text:DPM_stop)
                  0000be08    00000044     libmailbox_xwr18xx.aer4f : mailbox.oer4f (.text:Mailbox_boxFullISRMssDss)
                  0000be4c    00000044     libsoc_xwr18xx.aer4f : soc_xwr18xx_mss.oer4f (.text:SOC_resetDMA)
                  0000be90    00000044     rtsv7R4_T_le_v3D16_eabi.lib : hostclose.obj (.text)
                  0000bed4    00000044                                 : hostunlink.obj (.text)
                  0000bf18    00000008     --HOLE-- [fill = 0]
                  0000bf20    00000044     sysbios.aer4ft : BIOS.obj (.text:ti_sysbios_family_arm_v7r_tms570_Core_Module_startup__E)
                  0000bf64    0000000c     --HOLE-- [fill = 0]
                  0000bf70    00000044                    : BIOS.obj (.text:ti_sysbios_knl_Task_allBlockedFunction__I)
                  0000bfb4    0000000c     --HOLE-- [fill = 0]
                  0000bfc0    00000044                    : BIOS.obj (.text:xdc_runtime_System_atexit__E)
                  0000c004    00000042     libmmwave_xwr18xx.aer4f : mmwave_link.oer4f (.text:MMWave_executeLink)
                  0000c046    00000042     libmmwavelink_xwr18xx.aer4f : rl_controller.oer4f (.text:rlGetSubBlock)
                  0000c088    00000040                                 : rl_driver.oer4f (.text:rlDriverValidateHdr)
                  0000c0c8    00000008     --HOLE-- [fill = 0]
                  0000c0d0    00000040     sysbios.aer4ft : BIOS.obj (.text:ti_sysbios_timers_rti_Timer_stop__E)
                  0000c110    0000003e     libcrc_xwr18xx.aer4f : crc.oer4f (.text:CSL_FINSR)
                  0000c14e    0000003e     libsoc_xwr18xx.aer4f : soc.oer4f (.text:CSL_FINSR)
                  0000c18c    0000003e                          : soc_xwr18xx.oer4f (.text:CSL_FINSR)
                  0000c1ca    0000003e                          : soc_xwr18xx_mss.oer4f (.text:CSL_FINSR)
                  0000c208    0000003e     libdpm_xwr18xx.aer4f : dpm_msg.oer4f (.text:DPM_msgStopHandler)
                  0000c246    00000002     --HOLE-- [fill = 0]
                  0000c248    0000003c     libmailbox_xwr18xx.aer4f : mailbox.oer4f (.text:Mailbox_writeReset)
                  0000c284    0000003c     libsoc_xwr18xx.aer4f : soc.oer4f (.text:SOC_unhaltBSS)
                  0000c2c0    0000003c     sysbios.aer4ft : vim_Hwi_asm.obj (.text:ti_sysbios_family_arm_v7r_vim_Hwi_init__I)
                  0000c2fc    00000004     --HOLE-- [fill = 0]
                  0000c300    0000003c                    : BIOS.obj (.text:ti_sysbios_hal_Hwi_checkStack)
                  0000c33c    00000004     --HOLE-- [fill = 0]
                  0000c340    0000003c                    : BIOS.obj (.text:ti_sysbios_heaps_HeapMem_init__I)
                  0000c37c    00000004     --HOLE-- [fill = 0]
                  0000c380    0000003c                    : BIOS.obj (.text:ti_sysbios_timers_rti_Timer_setPeriod__E)
                  0000c3bc    0000003a     libosal_xwr18xx.aer4f : HwiP_tirtos.oer4f (.text:HwiP_delete)
                  0000c3f6    00000002     --HOLE-- [fill = 0]
                  0000c3f8    00000038     libdpm_xwr18xx.aer4f : dpm_core.oer4f (.text:DPM_notifyExecute)
                  0000c430    00000036     libmmwavelink_xwr18xx.aer4f : rl_controller.oer4f (.text:rlAppendSubBlock)
                  0000c466    00000036     rtsv7R4_T_le_v3D16_eabi.lib : strncpy.obj (.text)
                  0000c49c    00000034     libmmwave_xwr18xx.aer4f : mmwave_link.oer4f (.text:MMWave_mboxWrite)
                  0000c4d0    00000034     libsoc_xwr18xx.aer4f : soc_xwr18xx.oer4f (.text:SOC_setMMWaveDSSLinkState)
                  0000c504    00000034                          : soc_xwr18xx.oer4f (.text:SOC_setMMWaveMSSLinkState)
                  0000c538    00000034                          : soc_xwr18xx.oer4f (.text:SOC_setMSSLinkState)
                  0000c56c    00000034     mss_per4ft.oer4ft (.text:ti_sysbios_knl_Semaphore_create)
                  0000c5a0    00000032     libcrc_xwr18xx.aer4f : crc.oer4f (.text:CRC_getCRCDataSelectBitValue)
                  0000c5d2    00000002     --HOLE-- [fill = 0]
                  0000c5d4    00000032                          : crc.oer4f (.text:CRC_getCRCTypeBitValue)
                  0000c606    0000000a     --HOLE-- [fill = 0]
                  0000c610    00000032     sysbios.aer4ft : BIOS.obj (.text:ti_sysbios_hal_Hwi_initStack)
                  0000c642    00000030     libmmwave_xwr18xx.aer4f : mmwave_listlib.oer4f (.text:MMWave_listRemoveNode)
                  0000c672    00000002     --HOLE-- [fill = 0]
                  0000c674    00000030     mss_per4ft.oer4ft (.text:ti_sysbios_BIOS_atExitFunc__I)
                  0000c6a4    00000030     mss_per4ft.oer4ft (.text:ti_sysbios_BIOS_startFunc__I)
                  0000c6d4    0000000c     --HOLE-- [fill = 0]
                  0000c6e0    00000030     sysbios.aer4ft : BIOS.obj (.text:ti_sysbios_family_arm_TaskSupport_start__E)
                  0000c710    00000030     mss_per4ft.oer4ft (.text:ti_sysbios_gates_GateHwi_Object__create__S)
                  0000c740    00000030     mss_per4ft.oer4ft (.text:ti_sysbios_gates_GateMutex_Object__create__S)
                  0000c770    00000030     mss_per4ft.oer4ft (.text:ti_sysbios_heaps_HeapMem_Object__create__S)
                  0000c7a0    00000030     sysbios.aer4ft : BIOS.obj (.text:ti_sysbios_heaps_HeapMem_free__E)
                  0000c7d0    00000030     mss_per4ft.oer4ft (.text:ti_sysbios_knl_Semaphore_construct)
                  0000c800    0000002f     sysbios.aer4ft : BIOS.obj (.text:xdc_runtime_Text_printVisFxn__I)
                  0000c82f    00000001     --HOLE-- [fill = 0]
                  0000c830    0000002e     libdpm_xwr18xx.aer4f : dpm_msg.oer4f (.text:DPM_msgStartHandler)
                  0000c85e    00000002     --HOLE-- [fill = 0]
                  0000c860    0000002e     sysbios.aer4ft : BIOS.obj (.text:ti_sysbios_knl_Semaphore_pendTimeout__I)
                  0000c88e    0000002e     mss_per4ft.oer4ft (.text:ti_sysbios_rts_MemAlloc_alloc)
                  0000c8bc    0000002c     libdpm_xwr18xx.aer4f : dpm_pipe.oer4f (.text:DPM_pipeInit)
                  0000c8e8    0000002c     libmmwave_xwr18xx.aer4f : mmwave_osal.oer4f (.text:MMWave_osalMutexCreate)
                  0000c914    0000002c                             : mmwave_osal.oer4f (.text:MMWave_osalSemCreate)
                  0000c940    0000002c     libsoc_xwr18xx.aer4f : soc_xwr18xx_mss.oer4f (.text:SOC_waitBSSPowerUp)
                  0000c96c    0000002c     libmmwavelink_xwr18xx.aer4f : rl_device.oer4f (.text:rlDeviceGetMssVersion)
                  0000c998    0000002c     rtsv7R4_T_le_v3D16_eabi.lib : unlink.obj (.text)
                  0000c9c4    0000002c     mss_per4ft.oer4ft (.text:ti_sysbios_knl_Clock_doTick__I)
                  0000c9f0    0000002c     mss_per4ft.oer4ft (.text:ti_sysbios_knl_Queue_construct)
                  0000ca1c    00000004     --HOLE-- [fill = 0]
                  0000ca20    0000002c     sysbios.aer4ft : BIOS.obj (.text:ti_sysbios_knl_Swi_Module_startup__E)
                  0000ca4c    00000004     --HOLE-- [fill = 0]
                  0000ca50    0000002c                    : BIOS.obj (.text:ti_sysbios_timers_rti_Timer_periodicStub__E)
                  0000ca7c    0000002a     libdpm_xwr18xx.aer4f : dpm_pipe.oer4f (.text:DPM_pipeDeinit)
                  0000caa6    0000002a     libsoc_xwr18xx.aer4f : soc.oer4f (.text:SOC_SystemISR)
                  0000cad0    0000002a     libmmwavelink_xwr18xx.aer4f : rl_device.oer4f (.text:rlDeviceGetMmWaveLinkVersion)
                  0000cafa    00000002     --HOLE-- [fill = 0]
                  0000cafc    00000028     libdpm_xwr18xx.aer4f : dpm_mailbox.oer4f (.text:DPM_mboxDeinit)
                  0000cb24    00000028                          : dpm_msg.oer4f (.text:DPM_msgInitHeader)
                  0000cb4c    00000028     libmailbox_xwr18xx.aer4f : mailbox.oer4f (.text:Mailbox_Config_init)
                  0000cb74    00000028     libmmwavelink_xwr18xx.aer4f : rl_driver.oer4f (.text:rlDriverConstructInMsg)
                  0000cb9c    00000028     rtsv7R4_T_le_v3D16_eabi.lib : lseek.obj (.text)
                  0000cbc4    00000028                                 : write.obj (.text)
                  0000cbec    00000004     --HOLE-- [fill = 0]
                  0000cbf0    00000028     sysbios.aer4ft : BIOS.obj (.text:ti_sysbios_knl_Idle_run__E)
                  0000cc18    00000008     --HOLE-- [fill = 0]
                  0000cc20    00000028                    : BIOS.obj (.text:xdc_runtime_SysStd_abort__E)
                  0000cc48    00000008     --HOLE-- [fill = 0]
                  0000cc50    00000028                    : BIOS.obj (.text:xdc_runtime_System_aprintf_va__F)
                  0000cc78    00000008     --HOLE-- [fill = 0]
                  0000cc80    00000026                    : BIOS.obj (.text:xdc_runtime_System_printf_va__F)
                  0000cca6    00000024     libcrc_xwr18xx.aer4f : crc.oer4f (.text:CRC_isTransactionIdValid)
                  0000ccca    00000002     --HOLE-- [fill = 0]
                  0000cccc    00000024     hl_profile_distributed.oer4f (.text:HLProfile_start)
                  0000ccf0    00000024     libtestlogger_xwr18xx.aer4f : logger.oer4f (.text:MCPI_Initialize)
                  0000cd14    00000024     libsoc_xwr18xx.aer4f : soc_xwr18xx.oer4f (.text:SOC_isDSSOperational)
                  0000cd38    00000024                          : soc_xwr18xx.oer4f (.text:SOC_isMMWaveDSSOperational)
                  0000cd5c    00000024                          : soc_xwr18xx.oer4f (.text:SOC_isMMWaveMSSOperational)
                  0000cd80    00000024     mss_per4ft.oer4ft (.text:ti_sysbios_BIOS_errorRaiseHook__I)
                  0000cda4    00000024     mss_per4ft.oer4ft (.text:ti_sysbios_BIOS_registerRTSLock__I)
                  0000cdc8    00000024     mss_per4ft.oer4ft (.text:ti_sysbios_BIOS_removeRTSLock__I)
                  0000cdec    00000024     mss_per4ft.oer4ft (.text:ti_sysbios_gates_GateMutex_Object__delete__S)
                  0000ce10    00000024     sysbios.aer4ft : BIOS.obj (.text:ti_sysbios_knl_Clock_Module_startup__E)
                  0000ce34    00000024     mss_per4ft.oer4ft (.text:ti_sysbios_knl_Semaphore_Object__delete__S)
                  0000ce58    00000008     --HOLE-- [fill = 0]
                  0000ce60    00000024     sysbios.aer4ft : BIOS.obj (.text:ti_sysbios_knl_Task_restoreHwi__E)
                  0000ce84    00000020     libdpm_xwr18xx.aer4f : dpm_listlib.oer4f (.text:DPM_listCat)
                  0000cea4    00000020     libesm_xwr18xx.aer4f : esm.oer4f (.text:ESM_lowpriority_IRQ)
                  0000cec4    00000020     ll_profile_distributed.oer4f (.text:LLProfile_start)
                  0000cee4    00000020     libmmwave_xwr18xx.aer4f : mmwave_listlib.oer4f (.text:MMWave_listCat)
                  0000cf04    00000020     rtsv7R4_T_le_v3D16_eabi.lib : memchr.obj (.text)
                  0000cf24    0000000c     --HOLE-- [fill = 0]
                  0000cf30    00000020     sysbios.aer4ft : BIOS.obj (.text:ti_sysbios_family_arm_v7a_Pmu_Module_startup__E)
                  0000cf50    00000020     mss_per4ft.oer4ft (.text:ti_sysbios_family_arm_v7r_vim_Hwi_Object__delete__S)
                  0000cf70    00000020     sysbios.aer4ft : BIOS.obj (.text:ti_sysbios_family_arm_v7r_vim_Hwi_disableInterrupt__E)
                  0000cf90    00000020                    : BIOS.obj (.text:ti_sysbios_family_arm_v7r_vim_Hwi_enableInterrupt__E)
                  0000cfb0    00000020     mss_per4ft.oer4ft (.text:ti_sysbios_gates_GateHwi_Object__delete__S)
                  0000cfd0    00000020     mss_per4ft.oer4ft (.text:ti_sysbios_heaps_HeapMem_Object__delete__S)
                  0000cff0    00000020     mss_per4ft.oer4ft (.text:ti_sysbios_knl_Semaphore_destruct)
                  0000d010    00000020     mss_per4ft.oer4ft (.text:ti_sysbios_knl_Task_Object__delete__S)
                  0000d030    0000001e     libdpm_xwr18xx.aer4f : dpm_pipe.oer4f (.text:DPM_pipeDequeue)
                  0000d04e    0000001e     libmmwave_xwr18xx.aer4f : mmwave_fullcfg.oer4f (.text:MMWave_internalDelChirp)
                  0000d06c    0000001e     libsoc_xwr18xx.aer4f : soc_xwr18xx_mss.oer4f (.text:SOC_getOutAddr_LUTType)
                  0000d08a    0000001e     rtsv7R4_T_le_v3D16_eabi.lib : strcat.obj (.text)
                  0000d0a8    0000001c     libcrc_xwr18xx.aer4f : crc.oer4f (.text:CRC_releaseTransactionId)
                  0000d0c4    0000001c     libmmwave_xwr18xx.aer4f : mmwave.oer4f (.text:CSL_FEXTR)
                  0000d0e0    0000001c     libsoc_xwr18xx.aer4f : soc.oer4f (.text:CSL_FEXTR)
                  0000d0fc    0000001c                          : soc_xwr18xx.oer4f (.text:CSL_FEXTR)
                  0000d118    0000001c                          : soc_xwr18xx_mss.oer4f (.text:CSL_FEXTR)
                  0000d134    0000001c     libdpm_xwr18xx.aer4f : dpm_listlib.oer4f (.text:DPM_listRemove)
                  0000d150    0000001c     libmmwave_xwr18xx.aer4f : mmwave_listlib.oer4f (.text:MMWave_listRemove)
                  0000d16c    0000001c     libsoc_xwr18xx.aer4f : soc_xwr18xx_mss.oer4f (.text:SOC_getInAddr_LUTType)
                  0000d188    0000001c     sysbios.aer4ft : arm_TaskSupport_asm.obj (.text:_ti_sysbios_family_arm_TaskSupport_glue)
                  0000d1a4    0000001c                    : arm_TaskSupport_asm.obj (.text:_ti_sysbios_family_arm_TaskSupport_swap__E)
                  0000d1c0    0000001c     rtsv7R4_T_le_v3D16_eabi.lib : memccpy.obj (.text)
                  0000d1dc    0000001c     mss_per4ft.oer4ft (.text:ti_sysbios_BIOS_rtsLock__I)
                  0000d1f8    00000008     --HOLE-- [fill = 0]
                  0000d200    0000001c     sysbios.aer4ft : BIOS.obj (.text:ti_sysbios_family_arm_v7r_vim_Hwi_clearInterrupt__E)
                  0000d21c    00000004     --HOLE-- [fill = 0]
                  0000d220    0000001c                    : BIOS.obj (.text:ti_sysbios_gates_GateMutex_Instance_init__E)
                  0000d23c    00000004     --HOLE-- [fill = 0]
                  0000d240    0000001c                    : BIOS.obj (.text:ti_sysbios_gates_GateMutex_leave__E)
                  0000d25c    0000001c     mss_per4ft.oer4ft (.text:ti_sysbios_knl_Queue_destruct)
                  0000d278    0000001a     libdpm_xwr18xx.aer4f : dpm_listlib.oer4f (.text:DPM_listAdd)
                  0000d292    0000001a                          : dpm_mailbox.oer4f (.text:DPM_mboxMsgSend)
                  0000d2ac    0000001a                          : dpm_msg.oer4f (.text:DPM_msgAssertHandler)
                  0000d2c6    0000001a                          : dpm_msg.oer4f (.text:DPM_msgDPCInfoHandler)
                  0000d2e0    0000001a     libmmwave_xwr18xx.aer4f : mmwave_dualcore.oer4f (.text:MMWave_deviceSyncFxn)
                  0000d2fa    0000001a                             : mmwave.oer4f (.text:MMWave_encodeError)
                  0000d314    0000001a                             : mmwave_listlib.oer4f (.text:MMWave_listAdd)
                  0000d32e    0000001a     mss_per4ft.oer4ft (.text:free)
                  0000d348    0000001a     rtsv7R4_T_le_v3D16_eabi.lib : s_copysign.obj (.text)
                  0000d362    0000001a     mss_per4ft.oer4ft (.text:ti_sysbios_gates_GateHwi_Handle__label__S)
                  0000d37c    0000001a     mss_per4ft.oer4ft (.text:ti_sysbios_gates_GateMutex_Handle__label__S)
                  0000d396    0000001a     mss_per4ft.oer4ft (.text:ti_sysbios_heaps_HeapMem_Handle__label__S)
                  0000d3b0    0000001a     mss_per4ft.oer4ft (.text:xdc_runtime_System_aprintf__E)
                  0000d3ca    0000001a     mss_per4ft.oer4ft (.text:xdc_runtime_System_printf__E)
                  0000d3e4    00000018     libdpm_xwr18xx.aer4f : dpm_msg.oer4f (.text:DPM_msgBSSFaultHandler)
                  0000d3fc    00000018     libmmwave_xwr18xx.aer4f : mmwave_osal.oer4f (.text:MMWave_osalMutexLock)
                  0000d414    00000018                             : mmwave_osal.oer4f (.text:MMWave_osalSemWait)
                  0000d42c    00000018     libmailbox_xwr18xx.aer4f : mailbox.oer4f (.text:Mailbox_boxEmptyISRBss)
                  0000d444    00000018                              : mailbox.oer4f (.text:Mailbox_boxEmptyISRMssDss)
                  0000d45c    00000018                              : mailbox.oer4f (.text:Mailbox_boxFullISRBss)
                  0000d474    00000018     libmmwavelink_xwr18xx.aer4f : rl_device.oer4f (.text:rlDeviceGetRfVersion)
                  0000d48c    00000018                                 : rl_driver.oer4f (.text:rlDriverCalCRC)
                  0000d4a4    00000018     rtsv7R4_T_le_v3D16_eabi.lib : args_main.obj (.text)
                  0000d4bc    00000018                                 : strcmp.obj (.text)
                  0000d4d4    00000018     mss_per4ft.oer4ft (.text:ti_sysbios_BIOS_rtsUnlock__I)
                  0000d4ec    00000018     sysbios.aer4ft : BIOS.obj (.text:ti_sysbios_family_arm_v7a_Pmu_initCounters__I)
                  0000d504    00000018     mss_per4ft.oer4ft (.text:ti_sysbios_family_arm_v7r_vim_Hwi_Module__startupDone__F)
                  0000d51c    00000018     mss_per4ft.oer4ft (.text:ti_sysbios_family_arm_v7r_vim_Hwi_Params__init__S)
                  0000d534    00000018     mss_per4ft.oer4ft (.text:ti_sysbios_knl_Semaphore_Params__init__S)
                  0000d54c    00000018     mss_per4ft.oer4ft (.text:ti_sysbios_knl_Task_Params__init__S)
                  0000d564    0000000c     --HOLE-- [fill = 0]
                  0000d570    00000018     sysbios.aer4ft : BIOS.obj (.text:ti_sysbios_knl_Task_enter__I)
                  0000d588    00000018     mss_per4ft.oer4ft (.text:ti_sysbios_timers_rti_Timer_Module__startupDone__F)
                  0000d5a0    00000018     sysbios.aer4ft : BIOS.obj (.text:xdc_runtime_Error_init__E)
                  0000d5b8    00000016     rtsv7R4_T_le_v3D16_eabi.lib : strchr.obj (.text)
                  0000d5ce    00000016                                 : strlen.obj (.text)
                  0000d5e4    00000016     mss_per4ft.oer4ft (.text:ti_sysbios_BIOS_exitFunc__I)
                  0000d5fa    00000006     --HOLE-- [fill = 0]
                  0000d600    00000016     sysbios.aer4ft : BIOS.obj (.text:ti_sysbios_knl_Idle_loop__E)
                  0000d616    0000000a     --HOLE-- [fill = 0]
                  0000d620    00000016                    : BIOS.obj (.text:ti_sysbios_knl_Task_sleepTimeout__I)
                  0000d636    00000002     --HOLE-- [fill = 0]
                  0000d638    00000014     hl_profile_distributed.oer4f (.text:HLProfile_stop)
                  0000d64c    00000014     libosal_xwr18xx.aer4f : HwiP_tirtos.oer4f (.text:HwiP_Params_init)
                  0000d660    00000014     ll_profile_distributed.oer4f (.text:LLProfile_stop)
                  0000d674    00000014     libtestlogger_xwr18xx.aer4f : logger.oer4f (.text:MCPI_setTestResult)
                  0000d688    00000014     libmmwave_xwr18xx.aer4f : mmwave_fullcfg.oer4f (.text:MMWave_internalDelBpmChirp)
                  0000d69c    00000014                             : mmwave_fullcfg.oer4f (.text:MMWave_internalDelProfile)
                  0000d6b0    00000014                             : mmwave_osal.oer4f (.text:MMWave_osalMutexDelete)
                  0000d6c4    00000014                             : mmwave_osal.oer4f (.text:MMWave_osalSemDelete)
                  0000d6d8    00000014     libosal_xwr18xx.aer4f : DebugP_tirtos.oer4f (.text:_DebugP_assert)
                  0000d6ec    00000014     libmmwavelink_xwr18xx.aer4f : rl_controller.oer4f (.text:rlAppendDummy)
                  0000d700    00000014                                 : rl_driver.oer4f (.text:rlDriverIsDeviceMapValid)
                  0000d714    00000014     rtsv7R4_T_le_v3D16_eabi.lib : _lock.obj (.text)
                  0000d728    00000014                                 : strcpy.obj (.text)
                  0000d73c    00000014     mss_per4ft.oer4ft (.text:ti_sysbios_heaps_HeapMem_Object__get__S)
                  0000d750    00000014     mss_per4ft.oer4ft (.text:ti_sysbios_knl_Swi_Object__get__S)
                  0000d764    00000012     libcrc_xwr18xx.aer4f : crc.oer4f (.text:CRC_initConfigParams)
                  0000d776    00000012     libmmwave_xwr18xx.aer4f : mmwave_dualcore.oer4f (.text:MMWave_deviceGetDeviceInfo)
                  0000d788    00000012     libosal_xwr18xx.aer4f : MemoryP_tirtos.oer4f (.text:MemoryP_ctrlAlloc)
                  0000d79a    00000012                           : SemaphoreP_tirtos.oer4f (.text:SemaphoreP_pend)
                  0000d7ac    00000004     --HOLE-- [fill = 0]
                  0000d7b0    00000012     sysbios.aer4ft : BIOS.obj (.text:ti_sysbios_hal_Hwi_Module_startup__E)
                  0000d7c2    00000012     mss_per4ft.oer4ft (.text:xdc_runtime_Startup_exec__I)
                  0000d7d4    00000010     libcrc_xwr18xx.aer4f : crc.oer4f (.text:CRC_getSignatureRegister)
                  0000d7e4    0000000c     --HOLE-- [fill = 0]
                  0000d7f0    00000010     sysbios.aer4ft : BIOS.obj (.text:ti_sysbios_BIOS_exit__E)
                  0000d800    00000010                    : BIOS.obj (.text:ti_sysbios_BIOS_setThreadType__E)
                  0000d810    00000010                    : BIOS.obj (.text:ti_sysbios_BIOS_start__E)
                  0000d820    00000010                    : BIOS.obj (.text:ti_sysbios_family_arm_v7a_Pmu_disableInterruptI__E)
                  0000d830    00000010                    : BIOS.obj (.text:ti_sysbios_family_arm_v7a_Pmu_enableInterruptI__E)
                  0000d840    00000010                    : BIOS.obj (.text:ti_sysbios_family_arm_v7a_Pmu_getNumCounters__E)
                  0000d850    00000010                    : BIOS.obj (.text:ti_sysbios_family_arm_v7a_Pmu_startCounterI__E)
                  0000d860    00000010                    : BIOS.obj (.text:ti_sysbios_family_arm_v7a_Pmu_stopCounterI__E)
                  0000d870    00000010                    : BIOS.obj (.text:ti_sysbios_gates_GateMutex_Instance_finalize__E)
                  0000d880    00000010     mss_per4ft.oer4ft (.text:ti_sysbios_heaps_HeapBuf_Object__get__S)
                  0000d890    00000010     sysbios.aer4ft : BIOS.obj (.text:ti_sysbios_knl_Semaphore_Instance_finalize__E)
                  0000d8a0    00000010                    : BIOS.obj (.text:ti_sysbios_knl_Swi_disable__E)
                  0000d8b0    00000010     mss_per4ft.oer4ft (.text:ti_sysbios_knl_Task_Object__get__S)
                  0000d8c0    00000010     sysbios.aer4ft : BIOS.obj (.text:ti_sysbios_knl_Task_disable__E)
                  0000d8d0    00000010                    : BIOS.obj (.text:xdc_runtime_Memory_free__E)
                  0000d8e0    00000010     mss_per4ft.oer4ft (.text:xdc_runtime_Text_visitRope__I)
                  0000d8f0    0000000e     rtsv7R4_T_le_v3D16_eabi.lib : copy_decompress_none.obj (.text:decompress:none)
                  0000d8fe    00000002     --HOLE-- [fill = 0]
                  0000d900    0000000e     sysbios.aer4ft : BIOS.obj (.text:ti_sysbios_knl_Queue_empty__E)
                  0000d90e    00000002     --HOLE-- [fill = 0]
                  0000d910    0000000c                    : BIOS.obj (.text:ti_sysbios_family_arm_TaskSupport_checkStack__E)
                  0000d91c    00000004     --HOLE-- [fill = 0]
                  0000d920    0000000c                    : BIOS.obj (.text:ti_sysbios_family_arm_TaskSupport_getStackAlignment__E)
                  0000d92c    00000004     --HOLE-- [fill = 0]
                  0000d930    0000000c                    : BIOS.obj (.text:ti_sysbios_family_arm_exc_Exception_Module_startup__E)
                  0000d93c    00000004     --HOLE-- [fill = 0]
                  0000d940    0000000c                    : BIOS.obj (.text:ti_sysbios_family_arm_v7r_vim_Hwi_switchFromBootStack__E)
                  0000d94c    00000004     --HOLE-- [fill = 0]
                  0000d950    0000000c                    : BIOS.obj (.text:xdc_runtime_Startup_rtsDone__E)
                  0000d95c    00000004     --HOLE-- [fill = 0]
                  0000d960    0000000c                    : BIOS.obj (.text:xdc_runtime_SysStd_exit__E)
                  0000d96c    00000004     --HOLE-- [fill = 0]
                  0000d970    00000008                    : BIOS.obj (.text:ti_sysbios_gates_GateHwi_enter__E)
                  0000d978    00000008     --HOLE-- [fill = 0]
                  0000d980    00000006                    : BIOS.obj (.text:ti_sysbios_family_arm_v7r_vim_Hwi_startup__E)
                  0000d986    0000000a     --HOLE-- [fill = 0]
                  0000d990    00000006                    : BIOS.obj (.text:ti_sysbios_gates_GateHwi_leave__E)
                  0000d996    0000000a     --HOLE-- [fill = 0]
                  0000d9a0    00000006                    : BIOS.obj (.text:ti_sysbios_heaps_HeapMem_isBlocking__E)
                  0000d9a6    0000000a     --HOLE-- [fill = 0]
                  0000d9b0    00000006                    : BIOS.obj (.text:ti_sysbios_knl_Queue_Instance_init__E)
                  0000d9b6    0000000a     --HOLE-- [fill = 0]
                  0000d9c0    00000006                    : BIOS.obj (.text:xdc_runtime_System_Module_startup__E)
                  0000d9c6    0000000a     --HOLE-- [fill = 0]
                  0000d9d0    00000004                    : BIOS.obj (.text:ti_sysbios_gates_GateHwi_query__E)
                  0000d9d4    0000000c     --HOLE-- [fill = 0]
                  0000d9e0    00000004                    : BIOS.obj (.text:ti_sysbios_gates_GateMutex_query__E)
                  0000d9e4    0000000c     --HOLE-- [fill = 0]
                  0000d9f0    00000004                    : BIOS.obj (.text:ti_sysbios_knl_Task_startup__E)
                  0000d9f4    0000000c     --HOLE-- [fill = 0]
                  0000da00    00000004                    : BIOS.obj (.text:ti_sysbios_timers_rti_Timer_getMaxTicks__E)
                  0000da04    0000000c     --HOLE-- [fill = 0]
                  0000da10    00000004                    : BIOS.obj (.text:xdc_runtime_SysStd_putch__E)
                  0000da14    0000000c     --HOLE-- [fill = 0]
                  0000da20    00000004                    : BIOS.obj (.text:xdc_runtime_SysStd_ready__E)
                  0000da24    0000000c     --HOLE-- [fill = 0]
                  0000da30    00000002                    : BIOS.obj (.text:ti_sysbios_BIOS_linkedWithIncorrectBootLibrary__E)
                  0000da32    0000000e     --HOLE-- [fill = 0]
                  0000da40    00000002                    : BIOS.obj (.text:ti_sysbios_gates_GateHwi_Instance_init__E)

.const     0    0000da44    0000246c     
                  0000da44    00001b6f     mss_per4ft.oer4ft (.const:xdc_runtime_Text_charTab__A)
                  0000f5b3    00000101     rtsv7R4_T_le_v3D16_eabi.lib : ctype.obj (.const:.string:_ctypes_)
                  0000f6b4    000000d8     mss_per4ft.oer4ft (.const:xdc_runtime_Text_nodeTab__A)
                  0000f78c    00000088     libmmwavelink_xwr18xx.aer4f : rl_driver.oer4f (.const:$O2$$)
                  0000f814    00000080     mss_per4ft.oer4ft (.const:ti_sysbios_family_arm_v7r_vim_Hwi_channelMap__A)
                  0000f894    00000058     mss_per4ft.oer4ft (.const:.string)
                  0000f8ec    00000044     mss_per4ft.oer4ft (.const:ti_sysbios_knl_Task_Object__PARAMS__C)
                  0000f930    00000030     mss_per4ft.oer4ft (.const:ti_sysbios_family_arm_v7r_vim_Hwi_Object__PARAMS__C)
                  0000f960    0000002c     mss_per4ft.oer4ft (.const:xdc_runtime_Startup_sfxnTab__A)
                  0000f98c    00000028     libdpm_xwr18xx.aer4f : dpm_msg.oer4f (.const:gDPMMessageFxnTable)
                  0000f9b4    00000028     mss_per4ft.oer4ft (.const:ti_sysbios_heaps_HeapMem_Module__FXNS__C)
                  0000f9dc    00000024     libmailbox_xwr18xx.aer4f : mailbox.oer4f (.const:Mailbox_defaultCfg)
                  0000fa00    00000024     mss_per4ft.oer4ft (.const:ti_sysbios_gates_GateHwi_Module__FXNS__C)
                  0000fa24    00000024     mss_per4ft.oer4ft (.const:ti_sysbios_gates_GateMutex_Module__FXNS__C)
                  0000fa48    00000024     mss_per4ft.oer4ft (.const:ti_sysbios_heaps_HeapMem_Object__PARAMS__C)
                  0000fa6c    00000024     mss_per4ft.oer4ft (.const:ti_sysbios_knl_Semaphore_Object__PARAMS__C)
                  0000fa90    00000020     mss_per4ft.oer4ft (.const:ti_sysbios_family_arm_v7r_vim_Hwi_Object__DESC__C)
                  0000fab0    00000020     mss_per4ft.oer4ft (.const:ti_sysbios_gates_GateHwi_Object__DESC__C)
                  0000fad0    00000020     mss_per4ft.oer4ft (.const:ti_sysbios_gates_GateMutex_Object__DESC__C)
                  0000faf0    00000020     mss_per4ft.oer4ft (.const:ti_sysbios_heaps_HeapMem_Object__DESC__C)
                  0000fb10    00000020     mss_per4ft.oer4ft (.const:ti_sysbios_knl_Queue_Object__DESC__C)
                  0000fb30    00000020     mss_per4ft.oer4ft (.const:ti_sysbios_knl_Semaphore_Object__DESC__C)
                  0000fb50    00000020     mss_per4ft.oer4ft (.const:ti_sysbios_knl_Task_Object__DESC__C)
                  0000fb70    00000018     mss_per4ft.oer4ft (.const:ti_sysbios_gates_GateHwi_Object__PARAMS__C)
                  0000fb88    00000018     mss_per4ft.oer4ft (.const:ti_sysbios_gates_GateMutex_Object__PARAMS__C)
                  0000fba0    00000018     mss_per4ft.oer4ft (.const:ti_sysbios_knl_Queue_Object__PARAMS__C)
                  0000fbb8    00000016     mss_per4ft.oer4ft (.const:xdc_runtime_Startup_sfxnRts__A)
                  0000fbce    00000002     mss_per4ft.oer4ft (.const:ti_sysbios_family_arm_exc_Exception_Module__id__C)
                  0000fbd0    00000010     mss_per4ft.oer4ft (.const:ti_sysbios_family_arm_v7r_vim_Hwi_intReqEnaSet__A)
                  0000fbe0    00000010     mss_per4ft.oer4ft (.const:ti_sysbios_family_arm_v7r_vim_Hwi_wakeEnaSet__A)
                  0000fbf0    00000008     mss_per4ft.oer4ft (.const:ti_sysbios_knl_Idle_funcList__C)
                  0000fbf8    00000008     mss_per4ft.oer4ft (.const:xdc_runtime_Startup_firstFxns__A)
                  0000fc00    00000008     mss_per4ft.oer4ft (.const:xdc_runtime_Startup_firstFxns__C)
                  0000fc08    00000008     mss_per4ft.oer4ft (.const:xdc_runtime_Startup_lastFxns__C)
                  0000fc10    00000004     mss_per4ft.oer4ft (.const:ti_sysbios_family_arm_TaskSupport_stackAlignment__C)
                  0000fc14    00000004     mss_per4ft.oer4ft (.const:ti_sysbios_family_arm_exc_Exception_E_dataAbort__C)
                  0000fc18    00000004     mss_per4ft.oer4ft (.const:ti_sysbios_family_arm_exc_Exception_E_prefetchAbort__C)
                  0000fc1c    00000004     mss_per4ft.oer4ft (.const:ti_sysbios_family_arm_exc_Exception_E_swi__C)
                  0000fc20    00000004     mss_per4ft.oer4ft (.const:ti_sysbios_family_arm_exc_Exception_E_undefinedInstruction__C)
                  0000fc24    00000004     mss_per4ft.oer4ft (.const:ti_sysbios_family_arm_exc_Exception_excHookFuncs__A)
                  0000fc28    00000004     mss_per4ft.oer4ft (.const:ti_sysbios_family_arm_exc_Exception_excHookFuncs__C)
                  0000fc2c    00000004     mss_per4ft.oer4ft (.const:ti_sysbios_family_arm_v7a_Pmu_A_invalidCounterId__C)
                  0000fc30    00000004     mss_per4ft.oer4ft (.const:ti_sysbios_family_arm_v7a_Pmu_Module__diagsEnabled__C)
                  0000fc34    00000004     mss_per4ft.oer4ft (.const:ti_sysbios_family_arm_v7a_Pmu_Module__diagsIncluded__C)
                  0000fc38    00000004     mss_per4ft.oer4ft (.const:ti_sysbios_family_arm_v7a_Pmu_Module__diagsMask__C)
                  0000fc3c    00000004     mss_per4ft.oer4ft (.const:ti_sysbios_family_arm_v7r_tms570_Core_E_mismatchedIds__C)
                  0000fc40    00000004     mss_per4ft.oer4ft (.const:ti_sysbios_family_arm_v7r_tms570_Core_id__C)
                  0000fc44    00000004     mss_per4ft.oer4ft (.const:ti_sysbios_family_arm_v7r_vim_Hwi_A_badChannelId__C)
                  0000fc48    00000004     mss_per4ft.oer4ft (.const:ti_sysbios_family_arm_v7r_vim_Hwi_E_alreadyDefined__C)
                  0000fc4c    00000004     mss_per4ft.oer4ft (.const:ti_sysbios_family_arm_v7r_vim_Hwi_E_badIntNum__C)
                  0000fc50    00000004     mss_per4ft.oer4ft (.const:ti_sysbios_family_arm_v7r_vim_Hwi_E_phantomInterrupt__C)
                  0000fc54    00000004     mss_per4ft.oer4ft (.const:ti_sysbios_family_arm_v7r_vim_Hwi_E_undefined__C)
                  0000fc58    00000004     mss_per4ft.oer4ft (.const:ti_sysbios_family_arm_v7r_vim_Hwi_E_unsupportedMaskingOption__C)
                  0000fc5c    00000004     mss_per4ft.oer4ft (.const:ti_sysbios_family_arm_v7r_vim_Hwi_LD_end__C)
                  0000fc60    00000004     mss_per4ft.oer4ft (.const:ti_sysbios_family_arm_v7r_vim_Hwi_LM_begin__C)
                  0000fc64    00000004     mss_per4ft.oer4ft (.const:ti_sysbios_family_arm_v7r_vim_Hwi_Module__diagsEnabled__C)
                  0000fc68    00000004     mss_per4ft.oer4ft (.const:ti_sysbios_family_arm_v7r_vim_Hwi_Module__diagsIncluded__C)
                  0000fc6c    00000004     mss_per4ft.oer4ft (.const:ti_sysbios_family_arm_v7r_vim_Hwi_Module__diagsMask__C)
                  0000fc70    00000004     mss_per4ft.oer4ft (.const:ti_sysbios_family_arm_v7r_vim_Hwi_Module__loggerFxn1__C)
                  0000fc74    00000004     mss_per4ft.oer4ft (.const:ti_sysbios_family_arm_v7r_vim_Hwi_Module__loggerFxn8__C)
                  0000fc78    00000004     mss_per4ft.oer4ft (.const:ti_sysbios_family_arm_v7r_vim_Hwi_Module__loggerObj__C)
                  0000fc7c    00000004     mss_per4ft.oer4ft (.const:ti_sysbios_family_arm_v7r_vim_Hwi_NUM_INTERRUPTS__C)
                  0000fc80    00000004     mss_per4ft.oer4ft (.const:ti_sysbios_family_arm_v7r_vim_Hwi_channelMap__C)
                  0000fc84    00000004     mss_per4ft.oer4ft (.const:ti_sysbios_family_arm_v7r_vim_Hwi_intReqEnaSet__C)
                  0000fc88    00000004     mss_per4ft.oer4ft (.const:ti_sysbios_family_arm_v7r_vim_Hwi_phantomFunc__C)
                  0000fc8c    00000004     mss_per4ft.oer4ft (.const:ti_sysbios_family_arm_v7r_vim_Hwi_swiDisable__C)
                  0000fc90    00000004     mss_per4ft.oer4ft (.const:ti_sysbios_family_arm_v7r_vim_Hwi_swiRestoreHwi__C)
                  0000fc94    00000004     mss_per4ft.oer4ft (.const:ti_sysbios_family_arm_v7r_vim_Hwi_taskDisable__C)
                  0000fc98    00000004     mss_per4ft.oer4ft (.const:ti_sysbios_family_arm_v7r_vim_Hwi_taskRestoreHwi__C)
                  0000fc9c    00000004     mss_per4ft.oer4ft (.const:ti_sysbios_family_arm_v7r_vim_Hwi_wakeEnaSet__C)
                  0000fca0    00000004     mss_per4ft.oer4ft (.const:ti_sysbios_gates_GateMutex_A_badContext__C)
                  0000fca4    00000004     mss_per4ft.oer4ft (.const:ti_sysbios_gates_GateMutex_Instance_State_sem__O)
                  0000fca8    00000004     mss_per4ft.oer4ft (.const:ti_sysbios_gates_GateMutex_Module__diagsEnabled__C)
                  0000fcac    00000004     mss_per4ft.oer4ft (.const:ti_sysbios_gates_GateMutex_Module__diagsIncluded__C)
                  0000fcb0    00000004     mss_per4ft.oer4ft (.const:ti_sysbios_gates_GateMutex_Module__diagsMask__C)
                  0000fcb4    00000004     mss_per4ft.oer4ft (.const:ti_sysbios_hal_Hwi_E_stackOverflow__C)
                  0000fcb8    00000004     mss_per4ft.oer4ft (.const:ti_sysbios_heaps_HeapBuf_Instance_State_freeList__O)
                  0000fcbc    00000004     mss_per4ft.oer4ft (.const:ti_sysbios_heaps_HeapBuf_Object__count__C)
                  0000fcc0    00000004     mss_per4ft.oer4ft (.const:ti_sysbios_heaps_HeapBuf_numConstructedHeaps__C)
                  0000fcc4    00000004     mss_per4ft.oer4ft (.const:ti_sysbios_heaps_HeapMem_A_align__C)
                  0000fcc8    00000004     mss_per4ft.oer4ft (.const:ti_sysbios_heaps_HeapMem_A_heapSize__C)
                  0000fccc    00000004     mss_per4ft.oer4ft (.const:ti_sysbios_heaps_HeapMem_A_invalidFree__C)
                  0000fcd0    00000004     mss_per4ft.oer4ft (.const:ti_sysbios_heaps_HeapMem_A_zeroBlock__C)
                  0000fcd4    00000004     mss_per4ft.oer4ft (.const:ti_sysbios_heaps_HeapMem_E_memory__C)
                  0000fcd8    00000004     mss_per4ft.oer4ft (.const:ti_sysbios_heaps_HeapMem_Module__diagsEnabled__C)
                  0000fcdc    00000004     mss_per4ft.oer4ft (.const:ti_sysbios_heaps_HeapMem_Module__diagsIncluded__C)
                  0000fce0    00000004     mss_per4ft.oer4ft (.const:ti_sysbios_heaps_HeapMem_Module__diagsMask__C)
                  0000fce4    00000004     mss_per4ft.oer4ft (.const:ti_sysbios_heaps_HeapMem_Module__gateObj__C)
                  0000fce8    00000004     mss_per4ft.oer4ft (.const:ti_sysbios_heaps_HeapMem_Object__count__C)
                  0000fcec    00000004     mss_per4ft.oer4ft (.const:ti_sysbios_heaps_HeapMem_reqAlign__C)
                  0000fcf0    00000004     mss_per4ft.oer4ft (.const:ti_sysbios_knl_Clock_LM_begin__C)
                  0000fcf4    00000004     mss_per4ft.oer4ft (.const:ti_sysbios_knl_Clock_LM_tick__C)
                  0000fcf8    00000004     mss_per4ft.oer4ft (.const:ti_sysbios_knl_Clock_LW_delayed__C)
                  0000fcfc    00000004     mss_per4ft.oer4ft (.const:ti_sysbios_knl_Clock_Module_State_clockQ__O)
                  0000fd00    00000004     mss_per4ft.oer4ft (.const:ti_sysbios_knl_Clock_Module__diagsEnabled__C)
                  0000fd04    00000004     mss_per4ft.oer4ft (.const:ti_sysbios_knl_Clock_Module__diagsIncluded__C)
                  0000fd08    00000004     mss_per4ft.oer4ft (.const:ti_sysbios_knl_Clock_Module__diagsMask__C)
                  0000fd0c    00000004     mss_per4ft.oer4ft (.const:ti_sysbios_knl_Clock_Module__loggerFxn1__C)
                  0000fd10    00000004     mss_per4ft.oer4ft (.const:ti_sysbios_knl_Clock_Module__loggerFxn2__C)
                  0000fd14    00000004     mss_per4ft.oer4ft (.const:ti_sysbios_knl_Clock_Module__loggerObj__C)
                  0000fd18    00000004     mss_per4ft.oer4ft (.const:ti_sysbios_knl_Idle_funcList__A)
                  0000fd1c    00000004     mss_per4ft.oer4ft (.const:ti_sysbios_knl_Semaphore_A_badContext__C)
                  0000fd20    00000004     mss_per4ft.oer4ft (.const:ti_sysbios_knl_Semaphore_A_noEvents__C)
                  0000fd24    00000004     mss_per4ft.oer4ft (.const:ti_sysbios_knl_Semaphore_A_overflow__C)
                  0000fd28    00000004     mss_per4ft.oer4ft (.const:ti_sysbios_knl_Semaphore_A_pendTaskDisabled__C)
                  0000fd2c    00000004     mss_per4ft.oer4ft (.const:ti_sysbios_knl_Semaphore_Instance_State_pendQ__O)
                  0000fd30    00000004     mss_per4ft.oer4ft (.const:ti_sysbios_knl_Semaphore_LM_pend__C)
                  0000fd34    00000004     mss_per4ft.oer4ft (.const:ti_sysbios_knl_Semaphore_LM_post__C)
                  0000fd38    00000004     mss_per4ft.oer4ft (.const:ti_sysbios_knl_Semaphore_Module__diagsEnabled__C)
                  0000fd3c    00000004     mss_per4ft.oer4ft (.const:ti_sysbios_knl_Semaphore_Module__diagsIncluded__C)
                  0000fd40    00000004     mss_per4ft.oer4ft (.const:ti_sysbios_knl_Semaphore_Module__diagsMask__C)
                  0000fd44    00000004     mss_per4ft.oer4ft (.const:ti_sysbios_knl_Semaphore_Module__loggerFxn2__C)
                  0000fd48    00000004     mss_per4ft.oer4ft (.const:ti_sysbios_knl_Semaphore_Module__loggerFxn4__C)
                  0000fd4c    00000004     mss_per4ft.oer4ft (.const:ti_sysbios_knl_Semaphore_Module__loggerObj__C)
                  0000fd50    00000004     mss_per4ft.oer4ft (.const:ti_sysbios_knl_Swi_LD_end__C)
                  0000fd54    00000004     mss_per4ft.oer4ft (.const:ti_sysbios_knl_Swi_LM_begin__C)
                  0000fd58    00000004     mss_per4ft.oer4ft (.const:ti_sysbios_knl_Swi_LM_post__C)
                  0000fd5c    00000004     mss_per4ft.oer4ft (.const:ti_sysbios_knl_Swi_Module__diagsEnabled__C)
                  0000fd60    00000004     mss_per4ft.oer4ft (.const:ti_sysbios_knl_Swi_Module__diagsIncluded__C)
                  0000fd64    00000004     mss_per4ft.oer4ft (.const:ti_sysbios_knl_Swi_Module__diagsMask__C)
                  0000fd68    00000004     mss_per4ft.oer4ft (.const:ti_sysbios_knl_Swi_Module__loggerFxn1__C)
                  0000fd6c    00000004     mss_per4ft.oer4ft (.const:ti_sysbios_knl_Swi_Module__loggerFxn4__C)
                  0000fd70    00000004     mss_per4ft.oer4ft (.const:ti_sysbios_knl_Swi_Module__loggerObj__C)
                  0000fd74    00000004     mss_per4ft.oer4ft (.const:ti_sysbios_knl_Swi_Object__count__C)
                  0000fd78    00000004     mss_per4ft.oer4ft (.const:ti_sysbios_knl_Task_A_badPriority__C)
                  0000fd7c    00000004     mss_per4ft.oer4ft (.const:ti_sysbios_knl_Task_A_badTaskState__C)
                  0000fd80    00000004     mss_per4ft.oer4ft (.const:ti_sysbios_knl_Task_A_badThreadType__C)
                  0000fd84    00000004     mss_per4ft.oer4ft (.const:ti_sysbios_knl_Task_A_badTimeout__C)
                  0000fd88    00000004     mss_per4ft.oer4ft (.const:ti_sysbios_knl_Task_A_noPendElem__C)
                  0000fd8c    00000004     mss_per4ft.oer4ft (.const:ti_sysbios_knl_Task_A_sleepTaskDisabled__C)
                  0000fd90    00000004     mss_per4ft.oer4ft (.const:ti_sysbios_knl_Task_E_spOutOfBounds__C)
                  0000fd94    00000004     mss_per4ft.oer4ft (.const:ti_sysbios_knl_Task_E_stackOverflow__C)
                  0000fd98    00000004     mss_per4ft.oer4ft (.const:ti_sysbios_knl_Task_LD_block__C)
                  0000fd9c    00000004     mss_per4ft.oer4ft (.const:ti_sysbios_knl_Task_LD_exit__C)
                  0000fda0    00000004     mss_per4ft.oer4ft (.const:ti_sysbios_knl_Task_LD_ready__C)
                  0000fda4    00000004     mss_per4ft.oer4ft (.const:ti_sysbios_knl_Task_LM_sleep__C)
                  0000fda8    00000004     mss_per4ft.oer4ft (.const:ti_sysbios_knl_Task_LM_switch__C)
                  0000fdac    00000004     mss_per4ft.oer4ft (.const:ti_sysbios_knl_Task_Module_State_inactiveQ__O)
                  0000fdb0    00000004     mss_per4ft.oer4ft (.const:ti_sysbios_knl_Task_Module__diagsEnabled__C)
                  0000fdb4    00000004     mss_per4ft.oer4ft (.const:ti_sysbios_knl_Task_Module__diagsIncluded__C)
                  0000fdb8    00000004     mss_per4ft.oer4ft (.const:ti_sysbios_knl_Task_Module__diagsMask__C)
                  0000fdbc    00000004     mss_per4ft.oer4ft (.const:ti_sysbios_knl_Task_Module__loggerFxn2__C)
                  0000fdc0    00000004     mss_per4ft.oer4ft (.const:ti_sysbios_knl_Task_Module__loggerFxn4__C)
                  0000fdc4    00000004     mss_per4ft.oer4ft (.const:ti_sysbios_knl_Task_Module__loggerObj__C)
                  0000fdc8    00000004     mss_per4ft.oer4ft (.const:ti_sysbios_knl_Task_Object__count__C)
                  0000fdcc    00000004     mss_per4ft.oer4ft (.const:ti_sysbios_knl_Task_allBlockedFunc__C)
                  0000fdd0    00000004     mss_per4ft.oer4ft (.const:ti_sysbios_knl_Task_defaultStackHeap__C)
                  0000fdd4    00000004     mss_per4ft.oer4ft (.const:ti_sysbios_knl_Task_defaultStackSize__C)
                  0000fdd8    00000004     mss_per4ft.oer4ft (.const:ti_sysbios_knl_Task_numConstructedTasks__C)
                  0000fddc    00000004     mss_per4ft.oer4ft (.const:ti_sysbios_timers_rti_Timer_E_cannotSupport__C)
                  0000fde0    00000004     mss_per4ft.oer4ft (.const:ti_sysbios_timers_rti_Timer_Module__diagsEnabled__C)
                  0000fde4    00000004     mss_per4ft.oer4ft (.const:ti_sysbios_timers_rti_Timer_Module__diagsIncluded__C)
                  0000fde8    00000004     mss_per4ft.oer4ft (.const:ti_sysbios_timers_rti_Timer_Module__diagsMask__C)
                  0000fdec    00000004     mss_per4ft.oer4ft (.const:ti_sysbios_timers_rti_Timer_numTimerDevices__C)
                  0000fdf0    00000004     mss_per4ft.oer4ft (.const:ti_sysbios_timers_rti_Timer_startupNeeded__C)
                  0000fdf4    00000004     mss_per4ft.oer4ft (.const:xdc_runtime_Assert_E_assertFailed__C)
                  0000fdf8    00000004     mss_per4ft.oer4ft (.const:xdc_runtime_Core_A_initializedParams__C)
                  0000fdfc    00000004     mss_per4ft.oer4ft (.const:xdc_runtime_Core_Module__diagsEnabled__C)
                  0000fe00    00000004     mss_per4ft.oer4ft (.const:xdc_runtime_Core_Module__diagsIncluded__C)
                  0000fe04    00000004     mss_per4ft.oer4ft (.const:xdc_runtime_Core_Module__diagsMask__C)
                  0000fe08    00000004     mss_per4ft.oer4ft (.const:xdc_runtime_Error_E_memory__C)
                  0000fe0c    00000004     mss_per4ft.oer4ft (.const:xdc_runtime_Error_Module__diagsEnabled__C)
                  0000fe10    00000004     mss_per4ft.oer4ft (.const:xdc_runtime_Error_Module__diagsIncluded__C)
                  0000fe14    00000004     mss_per4ft.oer4ft (.const:xdc_runtime_Error_Module__diagsMask__C)
                  0000fe18    00000004     mss_per4ft.oer4ft (.const:xdc_runtime_Error_Module__loggerFxn8__C)
                  0000fe1c    00000004     mss_per4ft.oer4ft (.const:xdc_runtime_Error_Module__loggerObj__C)
                  0000fe20    00000004     mss_per4ft.oer4ft (.const:xdc_runtime_Error_policyFxn__C)
                  0000fe24    00000004     mss_per4ft.oer4ft (.const:xdc_runtime_Error_policy__C)
                  0000fe28    00000004     mss_per4ft.oer4ft (.const:xdc_runtime_Error_raiseHook__C)
                  0000fe2c    00000004     mss_per4ft.oer4ft (.const:xdc_runtime_IGateProvider_Interface__BASE__C)
                  0000fe30    00000004     mss_per4ft.oer4ft (.const:xdc_runtime_IHeap_Interface__BASE__C)
                  0000fe34    00000004     mss_per4ft.oer4ft (.const:xdc_runtime_IModule_Interface__BASE__C)
                  0000fe38    00000004     mss_per4ft.oer4ft (.const:xdc_runtime_Log_L_error__C)
[...]
0000fc9c  ti_sysbios_family_arm_v7r_vim_Hwi_wakeEnaSet__C                      
0000fca0  ti_sysbios_gates_GateMutex_A_badContext__C                           
0000fca4  ti_sysbios_gates_GateMutex_Instance_State_sem__O                     
0000fca8  ti_sysbios_gates_GateMutex_Module__diagsEnabled__C                   
0000fcac  ti_sysbios_gates_GateMutex_Module__diagsIncluded__C                  
0000fcb0  ti_sysbios_gates_GateMutex_Module__diagsMask__C                      
0000fcb4  ti_sysbios_hal_Hwi_E_stackOverflow__C                                
0000fcb8  ti_sysbios_heaps_HeapBuf_Instance_State_freeList__O                  
0000fcbc  ti_sysbios_heaps_HeapBuf_Object__count__C                            
0000fcc0  ti_sysbios_heaps_HeapBuf_numConstructedHeaps__C                      
0000fcc4  ti_sysbios_heaps_HeapMem_A_align__C                                  
0000fcc8  ti_sysbios_heaps_HeapMem_A_heapSize__C                               
0000fccc  ti_sysbios_heaps_HeapMem_A_invalidFree__C                            
0000fcd0  ti_sysbios_heaps_HeapMem_A_zeroBlock__C                              
0000fcd4  ti_sysbios_heaps_HeapMem_E_memory__C                                 
0000fcd8  ti_sysbios_heaps_HeapMem_Module__diagsEnabled__C                     
0000fcdc  ti_sysbios_heaps_HeapMem_Module__diagsIncluded__C                    
0000fce0  ti_sysbios_heaps_HeapMem_Module__diagsMask__C                        
0000fce4  ti_sysbios_heaps_HeapMem_Module__gateObj__C                          
0000fce8  ti_sysbios_heaps_HeapMem_Object__count__C                            
0000fcec  ti_sysbios_heaps_HeapMem_reqAlign__C                                 
0000fcf0  ti_sysbios_knl_Clock_LM_begin__C                                     
0000fcf4  ti_sysbios_knl_Clock_LM_tick__C                                      
0000fcf8  ti_sysbios_knl_Clock_LW_delayed__C                                   
0000fcfc  ti_sysbios_knl_Clock_Module_State_clockQ__O                          
0000fd00  ti_sysbios_knl_Clock_Module__diagsEnabled__C                         
0000fd04  ti_sysbios_knl_Clock_Module__diagsIncluded__C                        
0000fd08  ti_sysbios_knl_Clock_Module__diagsMask__C                            
0000fd0c  ti_sysbios_knl_Clock_Module__loggerFxn1__C                           
0000fd10  ti_sysbios_knl_Clock_Module__loggerFxn2__C                           
0000fd14  ti_sysbios_knl_Clock_Module__loggerObj__C                            
0000fd18  ti_sysbios_knl_Idle_funcList__A                                      
0000fd1c  ti_sysbios_knl_Semaphore_A_badContext__C                             
0000fd20  ti_sysbios_knl_Semaphore_A_noEvents__C                               
0000fd24  ti_sysbios_knl_Semaphore_A_overflow__C                               
0000fd28  ti_sysbios_knl_Semaphore_A_pendTaskDisabled__C                       
0000fd2c  ti_sysbios_knl_Semaphore_Instance_State_pendQ__O                     
0000fd30  ti_sysbios_knl_Semaphore_LM_pend__C                                  
0000fd34  ti_sysbios_knl_Semaphore_LM_post__C                                  
0000fd38  ti_sysbios_knl_Semaphore_Module__diagsEnabled__C                     
0000fd3c  ti_sysbios_knl_Semaphore_Module__diagsIncluded__C                    
0000fd40  ti_sysbios_knl_Semaphore_Module__diagsMask__C                        
0000fd44  ti_sysbios_knl_Semaphore_Module__loggerFxn2__C                       
0000fd48  ti_sysbios_knl_Semaphore_Module__loggerFxn4__C                       
0000fd4c  ti_sysbios_knl_Semaphore_Module__loggerObj__C                        
0000fd50  ti_sysbios_knl_Swi_LD_end__C                                         
0000fd54  ti_sysbios_knl_Swi_LM_begin__C                                       
0000fd58  ti_sysbios_knl_Swi_LM_post__C                                        
0000fd5c  ti_sysbios_knl_Swi_Module__diagsEnabled__C                           
0000fd60  ti_sysbios_knl_Swi_Module__diagsIncluded__C                          
0000fd64  ti_sysbios_knl_Swi_Module__diagsMask__C                              
0000fd68  ti_sysbios_knl_Swi_Module__loggerFxn1__C                             
0000fd6c  ti_sysbios_knl_Swi_Module__loggerFxn4__C                             
0000fd70  ti_sysbios_knl_Swi_Module__loggerObj__C                              
0000fd74  ti_sysbios_knl_Swi_Object__count__C                                  
0000fd78  ti_sysbios_knl_Task_A_badPriority__C                                 
0000fd7c  ti_sysbios_knl_Task_A_badTaskState__C                                
0000fd80  ti_sysbios_knl_Task_A_badThreadType__C                               
0000fd84  ti_sysbios_knl_Task_A_badTimeout__C                                  
0000fd88  ti_sysbios_knl_Task_A_noPendElem__C                                  
0000fd8c  ti_sysbios_knl_Task_A_sleepTaskDisabled__C                           
0000fd90  ti_sysbios_knl_Task_E_spOutOfBounds__C                               
0000fd94  ti_sysbios_knl_Task_E_stackOverflow__C                               
0000fd98  ti_sysbios_knl_Task_LD_block__C                                      
0000fd9c  ti_sysbios_knl_Task_LD_exit__C                                       
0000fda0  ti_sysbios_knl_Task_LD_ready__C                                      
0000fda4  ti_sysbios_knl_Task_LM_sleep__C                                      
0000fda8  ti_sysbios_knl_Task_LM_switch__C                                     
0000fdac  ti_sysbios_knl_Task_Module_State_inactiveQ__O                        
0000fdb0  ti_sysbios_knl_Task_Module__diagsEnabled__C                          
0000fdb4  ti_sysbios_knl_Task_Module__diagsIncluded__C                         
0000fdb8  ti_sysbios_knl_Task_Module__diagsMask__C                             
0000fdbc  ti_sysbios_knl_Task_Module__loggerFxn2__C                            
0000fdc0  ti_sysbios_knl_Task_Module__loggerFxn4__C                            
0000fdc4  ti_sysbios_knl_Task_Module__loggerObj__C                             
0000fdc8  ti_sysbios_knl_Task_Object__count__C                                 
0000fdcc  ti_sysbios_knl_Task_allBlockedFunc__C                                
0000fdd0  ti_sysbios_knl_Task_defaultStackHeap__C                              
0000fdd4  ti_sysbios_knl_Task_defaultStackSize__C                              
0000fdd8  ti_sysbios_knl_Task_numConstructedTasks__C                           
0000fddc  ti_sysbios_timers_rti_Timer_E_cannotSupport__C                       
0000fde0  ti_sysbios_timers_rti_Timer_Module__diagsEnabled__C                  
0000fde4  ti_sysbios_timers_rti_Timer_Module__diagsIncluded__C                 
0000fde8  ti_sysbios_timers_rti_Timer_Module__diagsMask__C                     
0000fdec  ti_sysbios_timers_rti_Timer_numTimerDevices__C                       
0000fdf0  ti_sysbios_timers_rti_Timer_startupNeeded__C                         
0000fdf4  xdc_runtime_Assert_E_assertFailed__C                                 
0000fdf8  xdc_runtime_Core_A_initializedParams__C                              
0000fdfc  xdc_runtime_Core_Module__diagsEnabled__C                             
0000fe00  xdc_runtime_Core_Module__diagsIncluded__C                            
0000fe04  xdc_runtime_Core_Module__diagsMask__C                                
0000fe08  xdc_runtime_Error_E_memory__C                                        
0000fe0c  xdc_runtime_Error_Module__diagsEnabled__C                            
0000fe10  xdc_runtime_Error_Module__diagsIncluded__C                           
0000fe14  xdc_runtime_Error_Module__diagsMask__C                               
0000fe18  xdc_runtime_Error_Module__loggerFxn8__C                              
0000fe1c  xdc_runtime_Error_Module__loggerObj__C                               
0000fe20  xdc_runtime_Error_policyFxn__C                                       
0000fe24  xdc_runtime_Error_policy__C                                          
0000fe28  xdc_runtime_Error_raiseHook__C                                       
0000fe2c  xdc_runtime_IGateProvider_Interface__BASE__C                         
0000fe30  xdc_runtime_IHeap_Interface__BASE__C                                 
0000fe34  xdc_runtime_IModule_Interface__BASE__C                               
0000fe38  xdc_runtime_Log_L_error__C                                           
0000fe3c  xdc_runtime_Memory_defaultHeapInstance__C                            
0000fe40  xdc_runtime_Startup_execImpl__C                                      
0000fe44  xdc_runtime_Startup_maxPasses__C                                     
0000fe48  xdc_runtime_Startup_sfxnRts__C                                       
0000fe4c  xdc_runtime_Startup_sfxnTab__C                                       
0000fe50  xdc_runtime_System_Module__gateObj__C                                
0000fe54  xdc_runtime_System_abortFxn__C                                       
0000fe58  xdc_runtime_System_exitFxn__C                                        
0000fe5c  xdc_runtime_System_extendFxn__C                                      
0000fe60  xdc_runtime_System_maxAtexitHandlers__C                              
0000fe64  xdc_runtime_Text_charTab__C                                          
0000fe68  xdc_runtime_Text_nameEmpty__C                                        
0000fe6c  xdc_runtime_Text_nameStatic__C                                       
0000fe70  xdc_runtime_Text_nameUnknown__C                                      
0000fe74  xdc_runtime_Text_nodeTab__C                                          
0000fe78  xdc_runtime_Text_visitRopeFxn__C                                     
0000fe7c  ti_sysbios_family_arm_v7a_Pmu_Module__id__C                          
0000fe7e  ti_sysbios_family_arm_v7r_tms570_Core_Module__id__C                  
0000fe80  ti_sysbios_family_arm_v7r_vim_Hwi_Module__id__C                      
0000fe82  ti_sysbios_family_arm_v7r_vim_Hwi_Module__loggerDefined__C           
0000fe84  ti_sysbios_gates_GateMutex_Module__id__C                             
0000fe86  ti_sysbios_hal_Hwi_Module__id__C                                     
0000fe88  ti_sysbios_heaps_HeapMem_Module__id__C                               
0000fe8a  ti_sysbios_knl_Clock_Module__id__C                                   
0000fe8c  ti_sysbios_knl_Clock_Module__loggerDefined__C                        
0000fe8e  ti_sysbios_knl_Semaphore_Module__id__C                               
0000fe90  ti_sysbios_knl_Semaphore_Module__loggerDefined__C                    
0000fe92  ti_sysbios_knl_Swi_Module__id__C                                     
0000fe94  ti_sysbios_knl_Swi_Module__loggerDefined__C                          
0000fe96  ti_sysbios_knl_Task_Module__id__C                                    
0000fe98  ti_sysbios_knl_Task_Module__loggerDefined__C                         
0000fe9a  ti_sysbios_timers_rti_Timer_Module__id__C                            
0000fe9c  ti_sysbios_timers_rti_Timer_continueOnSuspend__C                     
0000fe9e  xdc_runtime_Core_Module__id__C                                       
0000fea0  xdc_runtime_Error_Module__loggerDefined__C                           
0000fea2  xdc_runtime_Error_maxDepth__C                                        
0000fea4  xdc_runtime_Main_Module__id__C                                       
0000fea6  xdc_runtime_Memory_Module__id__C                                     
0000fea8  xdc_runtime_Text_charCnt__C                                          
0000feaa  xdc_runtime_Text_isLoaded__C                                         
0000feac  xdc_runtime_Text_registryModsLastId__C                               
0000feae  xdc_runtime_Text_unnamedModsLastId__C                                
00010174  __TI_Handler_Table_Base                                              
00010180  __TI_Handler_Table_Limit                                             
000101a8  __TI_CINIT_Base                                                      
000101d8  __TI_CINIT_Limit                                                     
08000000  ti_sysbios_heaps_HeapMem_Instance_State_0_buf__A                     
0800a000  MCPI_logMessage                                                      
0800c400  ti_sysbios_family_arm_exc_Exception_Module_State_0_excStack_0__A     
0800d400  ti_sysbios_knl_Task_Instance_State_0_stack__A                        
0800dc00  __CIOBUF_                                                            
0800dd20  gMMWave_MCB                                                          
0800de20  gDPMTestMCB                                                          
0800dec4  __TI_tmpnams                                                         
0800df64  gEsmMCB                                                              
0800dfd4  gHLProfileMCB                                                        
0800e024  gLLProfileMCB                                                        
0800e070  gMMWave_DualcoreMCB                                                  
0800e078  parmbuf                                                              
0800e080  __stack                                                              
0800f080  __STACK_END                                                          
0800f080  rl_txMsg                                                             
0800f180  rl_rxMsg                                                             
0800f468  ti_sysbios_family_arm_v7r_vim_Hwi_Module_State_0_dispatchTable__A    
0800f668  _ftable                                                              
0800f758  ti_sysbios_knl_Swi_Module_State_0_readyQ__A                          
0800f7d8  ti_sysbios_knl_Task_Module_State_0_readyQ__A                         
0800f858  _device                                                              
0800f8d0  ti_sysbios_knl_Task_Object__table__V                                 
0800f92c  _stream                                                              
0800f97c  gMailboxMCB                                                          
0800f9cc  ti_sysbios_knl_Task_Module__state__V                                 
0800fa14  SOC_TranslateAddr_LUT                                                
0800fa54  ti_sysbios_gates_GateMutex_Object__table__V                          
0800fa94  ti_sysbios_timers_rti_Timer_Object__table__V                         
0800fad0  ti_sysbios_family_arm_v7r_vim_Hwi_Module__state__V                   
0800fb04  ti_sysbios_knl_Swi_Object__table__V                                  
0800fb34  ti_sysbios_family_arm_v7r_vim_Hwi_Object__table__V                   
0800fb60  ti_sysbios_knl_Clock_Module__state__V                                
0800fb8c  gHLProfileCfg                                                        
0800fbb0  gLLProfileCfg                                                        
0800fbd4  ti_sysbios_BIOS_Module__state__V                                     
0800fbf8  xdc_runtime_Error_IgnoreBlock                                        
0800fc18  xdc_runtime_System_Module_State_0_atexitHandlers__A                  
0800fc38  ti_sysbios_knl_Swi_Module__state__V                                  
0800fc54  gMailboxMssBssHwCfg                                                  
0800fc6c  gMailboxMssDssHwCfg                                                  
0800fc84  ti_sysbios_heaps_HeapMem_Object__table__V                            
0800fc9c  ti_sysbios_timers_rti_Timer_Module_State_0_device__A                 
0800fcb4  gDPMRemoteTable                                                      
0800fcc8  gSOCHwAttrib                                                         
0800fcdc  ti_sysbios_family_arm_exc_Exception_Module__state__V                 
0800fcf0  __TI_ft_end                                                          
0800fcf4  __aeabi_stdin                                                        
0800fcf8  __aeabi_stdout                                                       
0800fcfc  __aeabi_stderr                                                       
0800fd00  ti_sysbios_timers_rti_Timer_Module_State_0_intFreqs__A               
0800fd10  ti_sysbios_timers_rti_Timer_Module__state__V                         
0800fd20  MCPI_Result                                                          
0800fd24  MCPI_FailSignature                                                   
0800fd2c  __TI_cleanup_ptr                                                     
0800fd30  __TI_dtors_ptr                                                       
0800fd34  __TI_enable_exit_profile_output                                      
0800fd38  gESMHwCfgAttrs                                                       
0800fd44  ti_sysbios_family_arm_v7a_Pmu_Module__state__V                       
0800fd50  _lock                                                                
0800fd54  _unlock                                                              
0800fd58  gDPMHwAttrib                                                         
0800fd60  ti_sysbios_family_arm_v7r_vim_Hwi_Module__root__V                    
0800fd68  ti_sysbios_gates_GateHwi_Module__root__V                             
0800fd70  ti_sysbios_gates_GateMutex_Module__root__V                           
0800fd78  ti_sysbios_hal_Hwi_Object__table__V                                  
0800fd80  ti_sysbios_heaps_HeapMem_Module__root__V                             
0800fd88  ti_sysbios_knl_Queue_Module__root__V                                 
0800fd90  ti_sysbios_knl_Semaphore_Module__root__V                             
0800fd98  ti_sysbios_knl_Task_Module__root__V                                  
0800fda0  ti_sysbios_timers_rti_Timer_Module_State_0_handles__A                
0800fda8  xdc_runtime_Registry_Module__state__V                                
0800fdb0  xdc_runtime_Startup_Module__state__V                                 
0800fdb8  xdc_runtime_System_Module__state__V                                  
0800fdc0  gCRCRegister                                                         
0800fdc4  gDPM                                                                 
0800fdc8  gMCPILogMessageSize                                                  
0800fdcc  errno                                                                
0800fdd8  main_func_sp                                                         
0800fddc  ti_sysbios_family_arm_exc_Exception_Module_State_0_excContext__A     
0800fde0  ti_sysbios_family_arm_exc_Exception_Module_State_0_excStackBuffers__A
0800fde4  ti_sysbios_family_arm_exc_Exception_Module_State_0_excStack__A       
0800fde8  ti_sysbios_gates_GateHwi_Object__table__V                            
0800fdec  ti_sysbios_heaps_HeapBuf_Module__state__V                            
0800fdf0  ti_sysbios_knl_Task_Module_State_0_idleTask__A                       
0800fdf4  xdc_runtime_Memory_Module__state__V                                  
0800fdf8  ti_sysbios_family_arm_exc_Exception_Module_State_0_excActive__A      
0800fdfa  xdc_runtime_Error_Module__state__V                                   
0800fe00  ti_sysbios_family_arm_v7r_vim_Hwi_Module_State_0_fiqStack__A         
51000000  gLLOutput                                                            
fffffdec  ti_sysbios_family_arm_v7r_vim_Hwi_vim                                
ffffffff  __TI_pprof_out_hndl                                                  
ffffffff  __TI_prof_data_size                                                  
ffffffff  __TI_prof_data_start                                                 
ffffffff  __binit__                                                            
ffffffff  __c_args__                                                           
ffffffff  binit                                                                
UNDEFED   SHT$$INIT_ARRAY$$Base                                                
UNDEFED   SHT$$INIT_ARRAY$$Limit                                               

[811 symbols]
