******************************************************************************
               TMS320C6x Linker Unix v8.3.3                    
******************************************************************************
>> Linked Mon Mar 30 20:57:23 2020

OUTPUT FILE NAME:   <test/xwr16xx/test_mss_dss_msg_exchange/xwr16xx_mailbox_dss.xe674>
ENTRY POINT SYMBOL: "_c_int00"  address: 007f26e0


MEMORY CONFIGURATION

         name            origin    length      used     unused   attr    fill
----------------------  --------  ---------  --------  --------  ----  --------
PAGE 0:
  L2SRAM_UMAP1          007e0000   00020000  00016060  00009fa0  RWIX
  L2SRAM_UMAP0          00800000   00020000  00011070  0000ef90  RWIX
  L1PSRAM               00e00000   00004000  00000000  00004000  RWIX
  L1DSRAM               00f00000   00004000  00000000  00004000  RWIX
  L3SRAM                20000000   000c0000  00000000  000c0000  RWIX
  HSRAM                 21080000   00008000  00000000  00008000  RWIX

PAGE 1:
  L3SRAM                20000000   000c0000  00000000  000c0000  RWIX


SEGMENT ALLOCATION MAP

run origin  load origin   length   init length attrs members
----------  ----------- ---------- ----------- ----- -------
007e0000    007e0000    00016060   00016060    r-x
  007e0000    007e0000    00000200   00000200    r-x .vecs
  007e0200    007e0200    00015e60   00015e60    r-x .text
00800000    00800000    0000a400   00000000    rw-
  00800000    00800000    00008000   00000000    rw- systemHeap
  00808000    00808000    00002400   00000000    rw- .MCPILogBuffer
0080a400    0080a400    0000352a   0000352a    r--
  0080a400    0080a400    0000352a   0000352a    r-- .const
0080d92c    0080d92c    00000004   00000000    rw-
  0080d92c    0080d92c    00000004   00000000    rw- .bss
0080d930    0080d930    00002988   00000000    rw-
  0080d930    0080d930    00001988   00000000    rw- .far
  0080f2b8    0080f2b8    00001000   00000000    rw- .stack
008102b8    008102b8    00000d48   00000c22    rw-
  008102b8    008102b8    00000c22   00000c22    rw- .fardata
  00810ee0    00810ee0    00000120   00000000    rw- .cio
00811000    00811000    00000040   00000040    rw-
  00811000    00811000    00000040   00000040    rw- .neardata
00811040    00811040    00000038   00000038    r--
  00811040    00811040    00000038   00000038    r-- .switch


SECTION ALLOCATION MAP

 output                                  attributes/
section   page    origin      length       input sections
--------  ----  ----------  ----------   ----------------
xdc.meta   0    00000000    00000128     COPY SECTION
                  00000000    00000128     dss_pe674.oe674 (xdc.meta)

.vecs      0    007e0000    00000200     
                  007e0000    00000200     dss_pe674.oe674 (.vecs)

systemHeap 
*          0    00800000    00008000     UNINITIALIZED
                  00800000    00008000     dss_pe674.oe674 (systemHeap)

.MCPILogBuffer 
*          0    00808000    00002400     UNINITIALIZED
                  00808000    00002400     main_dss.oe674 (.MCPILogBuffer)

.bss       0    0080d92c    00000004     UNINITIALIZED
                  0080d92c    00000004     (.common:socHandle)

.stack     0    0080f2b8    00001000     UNINITIALIZED
                  0080f2b8    00000008     boot.ae674 : boot.oe674 (.stack)
                  0080f2c0    00000ff8     --HOLE--

.neardata 
*          0    00811000    00000040     
                  00811000    00000034     main_dss.oe674 (.neardata)
                  00811034    0000000c     libtestlogger_xwr16xx.ae674 : logger.oe674 (.neardata)

.cinit     0    00800000    00000000     UNINITIALIZED

.far       0    0080d930    00001988     UNINITIALIZED
                  0080d930    00000800     dss_pe674.oe674 (.far:taskStackSection)
                  0080e130    000007fc     (.common:rxBigData)
                  0080e92c    00000004     --HOLE--
                  0080e930    000007fc     (.common:txBigData)
                  0080f12c    00000004     --HOLE--
                  0080f130    00000140     (.common:__TI_tmpnams)
                  0080f270    00000020     (.common:handleArray)
                  0080f290    0000001c     (.common:multiChTaskHandle)
                  0080f2ac    00000004     --HOLE--
                  0080f2b0    00000008     (.common:parmbuf)

.text      0    007e0200    00015e60     
                  007e0200    00001fe0     rts6740_elf.lib : _printfi.c.obj (.text:__TI_printfi)
                  007e21e0    00000e80     main_dss.oe674 (.text:multiChannelTest)
                  007e3060    000008a0     ti.targets.rts6000.ae674 : System.oe674 (.text:xdc_runtime_System_doPrint__I)
                  007e3900    000007c0     sysbios.ae674 : BIOS.obj (.text:ti_sysbios_knl_Semaphore_pend__E)
                  007e40c0    00000780                   : BIOS.obj (.text:ti_sysbios_family_c64p_Exception_handler__I)
                  007e4840    00000720     main_dss.oe674 (.text:Test_initTask)
                  007e4f60    00000660     rts6740_elf.lib : _printfi.c.obj (.text:_pconv_a)
                  007e55c0    00000620     sysbios.ae674 : BIOS.obj (.text:ti_sysbios_heaps_HeapMem_allocUnprotected__E)
                  007e5be0    00000600     rts6740_elf.lib : divd.c.obj (.text:__c6xabi_divd)
                  007e61e0    000005c0     sysbios.ae674 : BIOS.obj (.text:ti_sysbios_heaps_HeapMem_freeUnprotected__E)
                  007e67a0    00000520                   : BIOS.obj (.text:ti_sysbios_knl_Task_Instance_finalize__E)
                  007e6cc0    000004e0                   : BIOS.obj (.text:ti_sysbios_knl_Task_sleep__E)
                  007e71a0    00000440                   : BIOS.obj (.text:ti_sysbios_timers_rti_Timer_Module_startup__E)
                  007e75e0    00000420     mailbox.oe674 (.text:Mailbox_open)
                  007e7a00    00000400     rts6740_elf.lib : _printfi.c.obj (.text:_pconv_g)
                  007e7e00    000003e0     sysbios.ae674 : BIOS.obj (.text:ti_sysbios_knl_Task_Module_startup__E)
                  007e81e0    000003c0                   : BIOS.obj (.text:ti_sysbios_knl_Task_Instance_init__E)
                  007e85a0    00000360                   : BIOS.obj (.text:ti_sysbios_knl_Semaphore_post__E)
                  007e8900    00000320     rts6740_elf.lib : fputs.c.obj (.text:fputs)
                  007e8c20    000002e0     sysbios.ae674 : BIOS.obj (.text:ti_sysbios_heaps_HeapMem_Instance_init__E)
                  007e8f00    000002c0                   : BIOS.obj (.text:ti_sysbios_knl_Clock_workFunc__E)
                  007e91c0    000002a0     rts6740_elf.lib : _printfi.c.obj (.text:_pconv_e)
                  007e9460    000002a0                     : _printfi.c.obj (.text:fcvt)
                  007e9700    00000280     main_dss.oe674 (.text:bigTransferTest)
                  007e9980    00000280     sysbios.ae674 : BIOS.obj (.text:ti_sysbios_family_c64p_Cache_Module_startup__E)
                  007e9c00    00000260     libtestlogger_xwr16xx.ae674 : logger.oe674 (.text:MCPI_setFeatureTestResult)
                  007e9e60    00000260     rts6740_elf.lib : imath64.c.obj (.text:__c6xabi_divull)
                  007ea0c0    00000260     sysbios.ae674 : BIOS.obj (.text:ti_sysbios_family_c64p_Cache_block__I)
                  007ea320    00000260                   : BIOS.obj (.text:ti_sysbios_family_c64p_Hwi_dispatchCore__I)
                  007ea580    00000260     ti.targets.rts6000.ae674 : Startup.oe674 (.text:xdc_runtime_Startup_startMods__I)
                  007ea7e0    00000240     sysbios.ae674 : BIOS.obj (.text:ti_sysbios_family_c64p_EventCombiner_dispatch__E)
                  007eaa20    00000240                   : BIOS.obj (.text:ti_sysbios_family_c64p_Exception_internalHandler__I)
                  007eac60    00000240                   : BIOS.obj (.text:ti_sysbios_timers_rti_Timer_getFreq__E)
                  007eaea0    00000240     ti.targets.rts6000.ae674 : Core-mem.oe674 (.text:xdc_runtime_Core_createObject__I)
                  007eb0e0    00000240     dss_pe674.oe674 (.text:xdc_runtime_System_printfExtend__I)
                  007eb320    00000220     mailbox.oe674 (.text:Mailbox_write)
                  007eb540    00000220     sysbios.ae674 : BIOS.obj (.text:ti_sysbios_family_c64p_Hwi_reconfig__E)
                  007eb760    00000220                   : BIOS.obj (.text:ti_sysbios_knl_Swi_run__I)
                  007eb980    00000200     rts6740_elf.lib : _printfi.c.obj (.text:_ltostr)
                  007ebb80    00000200     sysbios.ae674 : c64p_Hwi_disp_always.obj (.text:_ti_sysbios_family_c64p_Hwi_dispatchAlways)
                  007ebd80    00000200     ti.targets.rts6000.ae674 : Error.oe674 (.text:xdc_runtime_Error_policyDefault__E)
                  007ebf80    000001e0     sysbios.ae674 : BIOS.obj (.text:ti_sysbios_family_c64p_EventCombiner_dispatchPlug__E)
                  007ec160    000001e0                   : BIOS.obj (.text:ti_sysbios_gates_GateMutex_enter__E)
                  007ec340    000001e0                   : BIOS.obj (.text:ti_sysbios_knl_Task_exit__E)
                  007ec520    000001e0     ti.targets.rts6000.ae674 : Text.oe674 (.text:xdc_runtime_Text_putSite__E)
                  007ec700    000001c0     mailbox.oe674 (.text:Mailbox_read)
                  007ec8c0    000001c0     rts6740_elf.lib : imath40.c.obj (.text:__c6xabi_divul)
                  007eca80    000001c0                     : fputc.c.obj (.text:fputc)
                  007ecc40    000001c0                     : frexp.c.obj (.text:frexp)
                  007ece00    000001c0                     : ldexp.c.obj (.text:ldexp)
                  007ecfc0    000001c0                     : setvbuf.c.obj (.text:setvbuf)
                  007ed180    000001c0     sysbios.ae674 : BIOS.obj (.text:ti_sysbios_knl_Task_checkStacks__E)
                  007ed340    000001c0                   : BIOS.obj (.text:ti_sysbios_knl_Task_yield__E)
                  007ed500    000001a0     rts6740_elf.lib : hostrename.c.obj (.text:HOSTrename)
                  007ed6a0    000001a0     sysbios.ae674 : BIOS.obj (.text:ti_sysbios_family_c64p_Cache_getL2InitSize__I)
                  007ed840    000001a0                   : BIOS.obj (.text:ti_sysbios_family_c64p_EventCombiner_disableEvent__E)
                  007ed9e0    000001a0                   : BIOS.obj (.text:ti_sysbios_family_c64p_EventCombiner_enableEvent__E)
                  007edb80    000001a0                   : BIOS.obj (.text:ti_sysbios_heaps_HeapBuf_Module_startup__E)
                  007edd20    000001a0                   : BIOS.obj (.text:ti_sysbios_knl_Task_schedule__I)
                  007edec0    000001a0                   : BIOS.obj (.text:ti_sysbios_timers_rti_Timer_startup__E)
                  007ee060    000001a0     ti.targets.rts6000.ae674 : Core-smem.oe674 (.text:xdc_runtime_Core_constructObject__I)
                  007ee200    00000180     sysbios.ae674 : c64p_Exception_asm.obj (.text)
                  007ee380    00000180                   : BIOS.obj (.text:ti_sysbios_knl_Task_postInit__I)
                  007ee500    00000180                   : BIOS.obj (.text:ti_sysbios_knl_Task_startCore__E)
                  007ee680    00000160     mailbox.oe674 (.text:Mailbox_close)
                  007ee7e0    00000160     sysbios.ae674 : BIOS.obj (.text:ti_sysbios_family_c64p_Hwi_Module_startup__E)
                  007ee940    00000160                   : BIOS.obj (.text:ti_sysbios_knl_Swi_post__E)
                  007eeaa0    00000160     ti.targets.rts6000.ae674 : Text.oe674 (.text:xdc_runtime_Text_putMod__E)
                  007eec00    00000140     libsoc_xwr16xx.ae674 : soc.oe674 (.text:SOC_init)
                  007eed40    00000140     sysbios.ae674 : BIOS.obj (.text:ti_sysbios_family_c64p_Cache_getL1DInitSize__I)
                  007eee80    00000140                   : BIOS.obj (.text:ti_sysbios_family_c64p_Cache_getL1PInitSize__I)
                  007eefc0    00000140                   : BIOS.obj (.text:ti_sysbios_knl_Semaphore_Instance_init__E)
                  007ef100    00000140                   : BIOS.obj (.text:ti_sysbios_knl_Task_blockI__E)
                  007ef240    00000140                   : BIOS.obj (.text:ti_sysbios_timers_rti_Timer_initDevice__I)
                  007ef380    00000140     ti.targets.rts6000.ae674 : Core-mem.oe674 (.text:xdc_runtime_Core_deleteObject__I)
                  007ef4c0    00000140                              : Text.oe674 (.text:xdc_runtime_Text_putLab__E)
                  007ef600    00000120     boot.ae674 : autoinit.oe674 (.text:_auto_init_elf)
                  007ef720    00000120     rts6740_elf.lib : _printfi.c.obj (.text:_pconv_f)
                  007ef840    00000120                     : getdevice.c.obj (.text:getdevice)
                  007ef960    00000120     sysbios.ae674 : BIOS.obj (.text:ti_sysbios_family_c64p_Hwi_Instance_init__E)
                  007efa80    00000120                   : BIOS.obj (.text:ti_sysbios_knl_Swi_restoreHwi__E)
                  007efba0    00000120                   : BIOS.obj (.text:ti_sysbios_knl_Task_unblockI__E)
                  007efcc0    00000100     mailbox.oe674 (.text:Mailbox_readFlush)
                  007efdc0    00000100     libsoc_xwr16xx.ae674 : soc_xwr16xx_dss.oe674 (.text:SOC_deviceInit)
                  007efec0    00000100     main_dss.oe674 (.text:Test_channel1Task)
                  007effc0    00000100     main_dss.oe674 (.text:Test_channel3Task)
                  007f00c0    00000100     rts6740_elf.lib : fclose.c.obj (.text:__TI_closefile)
                  007f01c0    00000100                     : _printfi.c.obj (.text:_mcpy)
                  007f02c0    00000100                     : atoi.c.obj (.text:atoi)
                  007f03c0    00000100                     : fflush.c.obj (.text:fflush)
                  007f04c0    00000100                     : fseek.c.obj (.text:fseek)
                  007f05c0    00000100     sysbios.ae674 : BIOS.obj (.text:ti_sysbios_family_c64p_Hwi_Instance_finalize__E)
                  007f06c0    00000100                   : BIOS.obj (.text:ti_sysbios_knl_Swi_schedule__I)
                  007f07c0    00000100     ti.targets.rts6000.ae674 : Error.oe674 (.text:xdc_runtime_Error_print__E)
                  007f08c0    00000100                              : Memory.oe674 (.text:xdc_runtime_Memory_alloc__E)
                  007f09c0    00000100                              : Startup.oe674 (.text:xdc_runtime_Startup_exec__E)
                  007f0ac0    000000e0     rts6740_elf.lib : hostlseek.c.obj (.text:HOSTlseek)
                  007f0ba0    000000e0                     : hostopen.c.obj (.text:HOSTopen)
                  007f0c80    000000e0                     : hostwrite.c.obj (.text:HOSTwrite)
                  007f0d60    000000e0     mailbox.oe674 (.text:Mailbox_boxFullISRMssDss)
                  007f0e40    000000e0     mailbox.oe674 (.text:Mailbox_init)
                  007f0f20    000000e0     rts6740_elf.lib : _ltoa.c.obj (.text:__TI_ltoa)
                  007f1000    000000e0                     : _io_perm.c.obj (.text:__TI_wrt_ok)
                  007f10e0    000000e0                     : close.c.obj (.text:close)
                  007f11c0    000000e0                     : exit.c.obj (.text:exit)
                  007f12a0    000000e0     main_dss.oe674 (.text:main)
                  007f1380    000000e0     rts6740_elf.lib : memset.c.obj (.text:memset)
                  007f1460    000000e0                     : printf.c.obj (.text:printf)
                  007f1540    000000e0     sysbios.ae674 : BIOS.obj (.text:ti_sysbios_heaps_HeapMem_alloc__E)
                  007f1620    000000e0                   : BIOS.obj (.text:ti_sysbios_knl_Swi_runLoop__I)
                  007f1700    000000e0                   : BIOS.obj (.text:ti_sysbios_knl_Swi_startup__E)
                  007f17e0    000000e0     ti.targets.rts6000.ae674 : Text.oe674 (.text:xdc_runtime_Text_visitRope2__I)
                  007f18c0    000000c0     rts6740_elf.lib : hostread.c.obj (.text:HOSTread)
                  007f1980    000000c0                     : hostunlink.c.obj (.text:HOSTunlink)
                  007f1a40    000000c0     mailbox.oe674 (.text:Mailbox_boxFullISRProcessing)
                  007f1b00    000000c0     main_dss.oe674 (.text:Test_channel4Task)
                  007f1bc0    000000c0     rts6740_elf.lib : divu.asm.obj (.text:__divu)
                  007f1c80    000000c0     dss_pe674.oe674 (.text:ti_sysbios_family_c64p_Hwi_create)
                  007f1d40    000000c0     sysbios.ae674 : BIOS.obj (.text:ti_sysbios_heaps_HeapMem_getStats__E)
                  007f1e00    000000c0                   : BIOS.obj (.text:ti_sysbios_knl_Clock_logTick__E)
                  007f1ec0    000000c0                   : BIOS.obj (.text:ti_sysbios_knl_Task_allBlockedFunction__I)
                  007f1f80    000000c0     dss_pe674.oe674 (.text:ti_sysbios_knl_Task_create)
                  007f2040    000000c0     rts6740_elf.lib : tls.c.obj (.text:tls:init:__TI_tls_init)
                  007f2100    000000c0     ti.targets.rts6000.ae674 : Assert.oe674 (.text:xdc_runtime_Assert_raise__I)
                  007f21c0    000000c0                              : Error.oe674 (.text:xdc_runtime_Error_setX__E)
                  007f2280    000000a0     rts6740_elf.lib : hostclose.c.obj (.text:HOSTclose)
                  007f2320    000000a0     mailbox.oe674 (.text:Mailbox_boxEmptyISRProcessing)
                  007f23c0    000000a0     libsoc_xwr16xx.ae674 : soc.oe674 (.text:SOC_SystemISR)
                  007f2460    000000a0     main_dss.oe674 (.text:Test_dssWaitSync)
                  007f2500    000000a0     rts6740_elf.lib : fopen.c.obj (.text:__TI_cleanup)
                  007f25a0    000000a0                     : fflush.c.obj (.text:__TI_doflush)
                  007f2640    000000a0                     : remu.asm.obj (.text:__remu)
                  007f26e0    000000a0     boot.ae674 : boot.oe674 (.text:_c_int00)
                  007f2780    000000a0     rts6740_elf.lib : _printfi.c.obj (.text:_ecpy)
                  007f2820    000000a0     sysbios.ae674 : c64p_Hwi_asm.obj (.text:_ti_sysbios_family_c64p_Hwi_plug__E)
                  007f28c0    000000a0     rts6740_elf.lib : getdevice.c.obj (.text:finddevice)
                  007f2960    000000a0                     : memcpy64.asm.obj (.text:memcpy)
                  007f2a00    000000a0     sysbios.ae674 : BIOS.obj (.text:ti_sysbios_family_c64p_Exception_Module_startup__E)
                  007f2aa0    000000a0                   : BIOS.obj (.text:ti_sysbios_family_c64p_Hwi_dispatchC__I)
                  007f2b40    000000a0                   : BIOS.obj (.text:ti_sysbios_family_c64p_Hwi_eventMap__E)
                  007f2be0    000000a0                   : BIOS.obj (.text:ti_sysbios_family_c64p_Hwi_getStackInfo__E)
                  007f2c80    000000a0     ti.targets.rts6000.ae674 : Core-params.oe674 (.text:xdc_runtime_Core_assignParams__I)
                  007f2d20    000000a0                              : System.oe674 (.text:xdc_runtime_System_formatNum__I)
                  007f2dc0    000000a0                              : System.oe674 (.text:xdc_runtime_System_putchar__I)
                  007f2e60    000000a0                              : Text.oe674 (.text:xdc_runtime_Text_printVisFxn__I)
                  007f2f00    000000a0                              : Text.oe674 (.text:xdc_runtime_Text_xprintf__I)
                  007f2fa0    00000080     libosal_xwr16xx.ae674 : SemaphoreP_tirtos.oe674 (.text:SemaphoreP_create)
                  007f3020    00000080     rts6740_elf.lib : trgmsg.c.obj (.text:__TI_readmsg)
                  007f30a0    00000080                     : llshift.c.obj (.text:__c6xabi_llshl)
                  007f3120    00000080                     : snprintf.c.obj (.text:_outs)
                  007f31a0    00000080     sysbios.ae674 : c62_TaskSupport_asm.obj (.text:_ti_sysbios_family_c62_TaskSupport_swap__E)
                  007f3220    00000080     rts6740_elf.lib : snprintf.c.obj (.text:snprintf)
                  007f32a0    00000080     dss_pe674.oe674 (.text:ti_sysbios_BIOS_atExitFunc__I)
                  007f3320    00000080     dss_pe674.oe674 (.text:ti_sysbios_BIOS_registerRTSLock__I)
                  007f33a0    00000080     sysbios.ae674 : BIOS.obj (.text:ti_sysbios_family_c64p_Cache_invL1pAll__E)
                  007f3420    00000080     dss_pe674.oe674 (.text:ti_sysbios_gates_GateHwi_Object__create__S)
                  007f34a0    00000080     dss_pe674.oe674 (.text:ti_sysbios_gates_GateMutex_Object__create__S)
                  007f3520    00000080     sysbios.ae674 : BIOS.obj (.text:ti_sysbios_hal_Hwi_checkStack)
                  007f35a0    00000080     dss_pe674.oe674 (.text:ti_sysbios_heaps_HeapMem_Object__create__S)
                  007f3620    00000080     sysbios.ae674 : BIOS.obj (.text:ti_sysbios_heaps_HeapMem_init__I)
                  007f36a0    00000080     dss_pe674.oe674 (.text:ti_sysbios_knl_Clock_doTick__I)
                  007f3720    00000080     sysbios.ae674 : BIOS.obj (.text:ti_sysbios_knl_Idle_run__E)
                  007f37a0    00000080     dss_pe674.oe674 (.text:ti_sysbios_knl_Semaphore_create)
                  007f3820    00000080     sysbios.ae674 : BIOS.obj (.text:ti_sysbios_knl_Semaphore_pendTimeout__I)
                  007f38a0    00000080                   : BIOS.obj (.text:ti_sysbios_knl_Task_processVitalTaskFlag__I)
                  007f3920    00000080     dss_pe674.oe674 (.text:ti_sysbios_rts_MemAlloc_alloc)
                  007f39a0    00000080     sysbios.ae674 : BIOS.obj (.text:ti_sysbios_timers_rti_Timer_stop__E)
                  007f3a20    00000080     rts6740_elf.lib : unlink.c.obj (.text:unlink)
                  007f3aa0    00000080     ti.targets.rts6000.ae674 : Core-label.oe674 (.text:xdc_runtime_Core_assignLabel__I)
                  007f3b20    00000080                              : SysStd.oe674 (.text:xdc_runtime_SysStd_abort__E)
                  007f3ba0    00000080                              : System.oe674 (.text:xdc_runtime_System_atexit__E)
                  007f3c20    00000080                              : System.oe674 (.text:xdc_runtime_System_avprintf__E)
                  007f3ca0    00000080                              : System.oe674 (.text:xdc_runtime_System_processAtExit__E)
                  007f3d20    00000080                              : System.oe674 (.text:xdc_runtime_System_vprintf__E)
                  007f3da0    00000060     mailbox.oe674 (.text:Mailbox_Config_init)
                  007f3e00    00000060     libsoc_xwr16xx.ae674 : soc_xwr16xx.oe674 (.text:SOC_setMMWaveDSSLinkState)
                  007f3e60    00000060                          : soc_xwr16xx.oe674 (.text:SOC_setMMWaveMSSLinkState)
                  007f3ec0    00000060                          : soc.oe674 (.text:SOC_unhaltBSS)
                  007f3f20    00000060     rts6740_elf.lib : trgmsg.c.obj (.text:__TI_writemsg)
                  007f3f80    00000060                     : llshift.c.obj (.text:__c6xabi_llshru)
                  007f3fe0    00000060                     : imath64.c.obj (.text:_subcull)
                  007f4040    00000060     sysbios.ae674 : c64p_Hwi_asm_switch.obj (.text:_ti_sysbios_family_c64p_Hwi_switchAndDispatch__I)
                  007f40a0    00000060                   : c64p_Hwi_asm_switch.obj (.text:_ti_sysbios_family_xxx_Hwi_switchAndRunFunc)
                  007f4100    00000060     rts6740_elf.lib : lseek.c.obj (.text:lseek)
                  007f4160    00000060                     : memccpy.c.obj (.text:memccpy)
                  007f41c0    00000060     dss_pe674.oe674 (.text:ti_sysbios_BIOS_errorRaiseHook__I)
                  007f4220    00000060     dss_pe674.oe674 (.text:ti_sysbios_BIOS_removeRTSLock__I)
                  007f4280    00000060     dss_pe674.oe674 (.text:ti_sysbios_BIOS_startFunc__I)
                  007f42e0    00000060     sysbios.ae674 : BIOS.obj (.text:ti_sysbios_family_c62_TaskSupport_start__E)
                  007f4340    00000060                   : BIOS.obj (.text:ti_sysbios_family_c64p_Cache_setMar__E)
                  007f43a0    00000060                   : BIOS.obj (.text:ti_sysbios_family_c64p_EventCombiner_Module_startup__E)
                  007f4400    00000060                   : BIOS.obj (.text:ti_sysbios_family_c64p_EventCombiner_unused__E)
                  007f4460    00000060     dss_pe674.oe674 (.text:ti_sysbios_gates_GateMutex_Object__delete__S)
                  007f44c0    00000060     sysbios.ae674 : BIOS.obj (.text:ti_sysbios_hal_Hwi_initStack)
                  007f4520    00000060                   : BIOS.obj (.text:ti_sysbios_heaps_HeapMem_free__E)
                  007f4580    00000060                   : BIOS.obj (.text:ti_sysbios_knl_Clock_Module_startup__E)
                  007f45e0    00000060     dss_pe674.oe674 (.text:ti_sysbios_knl_Queue_construct)
                  007f4640    00000060     dss_pe674.oe674 (.text:ti_sysbios_knl_Semaphore_Object__delete__S)
                  007f46a0    00000060     dss_pe674.oe674 (.text:ti_sysbios_knl_Semaphore_construct)
                  007f4700    00000060     sysbios.ae674 : BIOS.obj (.text:ti_sysbios_knl_Swi_Module_startup__E)
                  007f4760    00000060     dss_pe674.oe674 (.text:ti_sysbios_knl_Task_Object__delete__S)
                  007f47c0    00000060     sysbios.ae674 : BIOS.obj (.text:ti_sysbios_knl_Task_enter__I)
                  007f4820    00000060     rts6740_elf.lib : write.c.obj (.text:write)
                  007f4880    00000060     ti.targets.rts6000.ae674 : Memory.oe674 (.text:xdc_runtime_Memory_valloc__E)
                  007f48e0    00000060                              : Text.oe674 (.text:xdc_runtime_Text_cordText__E)
                  007f4940    00000040     libsoc_xwr16xx.ae674 : soc.oe674 (.text:CSL_FEXTR)
                  007f4980    00000040                          : soc_xwr16xx.oe674 (.text:CSL_FEXTR)
                  007f49c0    00000040                          : soc.oe674 (.text:CSL_FINSR)
                  007f4a00    00000040                          : soc_xwr16xx.oe674 (.text:CSL_FINSR)
                  007f4a40    00000040                          : soc_xwr16xx_dss.oe674 (.text:CSL_FINSR)
                  007f4a80    00000040     mailbox.oe674 (.text:CSL_FINSR)
                  007f4ac0    00000040     libosal_xwr16xx.ae674 : HwiP_tirtos.oe674 (.text:HwiP_create)
                  007f4b00    00000040                           : HwiP_tirtos.oe674 (.text:HwiP_delete)
                  007f4b40    00000040     libtestlogger_xwr16xx.ae674 : logger.oe674 (.text:MCPI_Initialize)
                  007f4b80    00000040     mailbox.oe674 (.text:Mailbox_boxEmptyISRBss)
                  007f4bc0    00000040     mailbox.oe674 (.text:Mailbox_boxEmptyISRMssDss)
                  007f4c00    00000040     mailbox.oe674 (.text:Mailbox_boxFullISRBss)
                  007f4c40    00000040     libsoc_xwr16xx.ae674 : soc_xwr16xx.oe674 (.text:SOC_isMMWaveMSSOperational)
                  007f4c80    00000040     rts6740_elf.lib : frcmpyd_div.c.obj (.text:__TI_frcmpyd_div)
                  007f4cc0    00000040                     : isinf.c.obj (.text:__c6xabi_isinf)
                  007f4d00    00000040                     : _printfi.c.obj (.text:__c6xabi_isnan)
                  007f4d40    00000040                     : args_main.c.obj (.text:_args_main)
                  007f4d80    00000040                     : snprintf.c.obj (.text:_outc)
                  007f4dc0    00000040     sysbios.ae674 : c62_TaskSupport_asm.obj (.text:_ti_sysbios_family_c62_TaskSupport_buildTaskStack)
                  007f4e00    00000040     dss_pe674.oe674 (.text:free)
                  007f4e40    00000040     dss_pe674.oe674 (.text:ti_sysbios_BIOS_exitFunc__I)
                  007f4e80    00000040     dss_pe674.oe674 (.text:ti_sysbios_BIOS_rtsLock__I)
                  007f4ec0    00000040     dss_pe674.oe674 (.text:ti_sysbios_BIOS_rtsUnlock__I)
                  007f4f00    00000040     sysbios.ae674 : BIOS.obj (.text:ti_sysbios_family_c64p_Hwi_disableInterrupt__E)
                  007f4f40    00000040                   : BIOS.obj (.text:ti_sysbios_family_c64p_Hwi_enableInterrupt__E)
                  007f4f80    00000040     dss_pe674.oe674 (.text:ti_sysbios_gates_GateHwi_Handle__label__S)
                  007f4fc0    00000040     dss_pe674.oe674 (.text:ti_sysbios_gates_GateHwi_Object__delete__S)
                  007f5000    00000040     dss_pe674.oe674 (.text:ti_sysbios_gates_GateMutex_Handle__label__S)
                  007f5040    00000040     sysbios.ae674 : BIOS.obj (.text:ti_sysbios_gates_GateMutex_Instance_init__E)
                  007f5080    00000040                   : BIOS.obj (.text:ti_sysbios_gates_GateMutex_leave__E)
                  007f50c0    00000040     dss_pe674.oe674 (.text:ti_sysbios_heaps_HeapMem_Handle__label__S)
                  007f5100    00000040     dss_pe674.oe674 (.text:ti_sysbios_heaps_HeapMem_Object__delete__S)
                  007f5140    00000040     dss_pe674.oe674 (.text:ti_sysbios_heaps_HeapMem_Object__get__S)
                  007f5180    00000040     dss_pe674.oe674 (.text:ti_sysbios_knl_Semaphore_destruct)
                  007f51c0    00000040     dss_pe674.oe674 (.text:ti_sysbios_knl_Swi_Object__get__S)
                  007f5200    00000040     dss_pe674.oe674 (.text:ti_sysbios_knl_Task_Object__get__S)
                  007f5240    00000040     sysbios.ae674 : BIOS.obj (.text:ti_sysbios_knl_Task_sleepTimeout__I)
                  007f5280    00000040                   : BIOS.obj (.text:ti_sysbios_timers_rti_Timer_periodicStub__E)
                  007f52c0    00000040     rts6740_elf.lib : wcslen.c.obj (.text:wcslen)
                  007f5300    00000040     ti.targets.rts6000.ae674 : Error.oe674 (.text:xdc_runtime_Error_check__E)
                  007f5340    00000040                              : Error.oe674 (.text:xdc_runtime_Error_init__E)
                  007f5380    00000040                              : Registry.oe674 (.text:xdc_runtime_Registry_findById__E)
                  007f53c0    00000040                              : System.oe674 (.text:xdc_runtime_System_abort__E)
                  007f5400    00000040     dss_pe674.oe674 (.text:xdc_runtime_System_aprintf__E)
                  007f5440    00000040     ti.targets.rts6000.ae674 : System.oe674 (.text:xdc_runtime_System_exit__E)
                  007f5480    00000040     dss_pe674.oe674 (.text:xdc_runtime_System_printf__E)
                  007f54c0    00000020     libosal_xwr16xx.ae674 : HwiP_tirtos.oe674 (.text:HwiP_Params_init)
                  007f54e0    00000020                           : HwiP_tirtos.oe674 (.text:HwiP_disable)
                  007f5500    00000020                           : HwiP_tirtos.oe674 (.text:HwiP_disableInterrupt)
                  007f5520    00000020                           : HwiP_tirtos.oe674 (.text:HwiP_restore)
                  007f5540    00000020     libtestlogger_xwr16xx.ae674 : logger.oe674 (.text:MCPI_setTestResult)
                  007f5560    00000020     libosal_xwr16xx.ae674 : MemoryP_tirtos.oe674 (.text:MemoryP_ctrlAlloc)
                  007f5580    00000020                           : MemoryP_tirtos.oe674 (.text:MemoryP_ctrlFree)
                  007f55a0    00000020     libsoc_xwr16xx.ae674 : soc_xwr16xx.oe674 (.text:SOC_ungateClock)
                  007f55c0    00000020     libosal_xwr16xx.ae674 : SemaphoreP_tirtos.oe674 (.text:SemaphoreP_Params_init)
                  007f55e0    00000020                           : SemaphoreP_tirtos.oe674 (.text:SemaphoreP_delete)
                  007f5600    00000020                           : SemaphoreP_tirtos.oe674 (.text:SemaphoreP_pend)
                  007f5620    00000020                           : SemaphoreP_tirtos.oe674 (.text:SemaphoreP_post)
                  007f5640    00000020     main_dss.oe674 (.text:Test_appCallbackFunction1)
                  007f5660    00000020     main_dss.oe674 (.text:Test_appCallbackFunction3)
                  007f5680    00000020     main_dss.oe674 (.text:Test_appCallbackFunction)
                  007f56a0    00000020     libosal_xwr16xx.ae674 : DebugP_tirtos.oe674 (.text:_DebugP_assert)
                  007f56c0    00000020     rts6740_elf.lib : errno.c.obj (.text:__c6xabi_errno_addr)
                  007f56e0    00000020                     : push.asm.obj (.text:__pop_rts)
                  007f5700    00000020                     : push.asm.obj (.text:__push_rts)
                  007f5720    00000020                     : _lock.c.obj (.text:_nop)
                  007f5740    00000020                     : printf.c.obj (.text:_outc)
                  007f5760    00000020                     : printf.c.obj (.text:_outs)
                  007f5780    00000020                     : _lock.c.obj (.text:_register_lock)
                  007f57a0    00000020                     : _lock.c.obj (.text:_register_unlock)
                  007f57c0    00000020                     : signbit.c.obj (.text:_signbit)
                  007f57e0    00000020     sysbios.ae674 : c62_TaskSupport_asm.obj (.text:_ti_sysbios_family_c62_TaskSupport_glue)
                  007f5800    00000020     rts6740_elf.lib : exit.c.obj (.text:abort)
                  007f5820    00000020                     : fputc.c.obj (.text:putchar)
                  007f5840    00000020     dss_pe674.oe674 (.text:ti_sysbios_BIOS_RtsGateProxy_enter__E)
                  007f5860    00000020     dss_pe674.oe674 (.text:ti_sysbios_BIOS_RtsGateProxy_leave__E)
                  007f5880    00000020     sysbios.ae674 : BIOS.obj (.text:ti_sysbios_BIOS_exit__E)
                  007f58a0    00000020                   : BIOS.obj (.text:ti_sysbios_BIOS_linkedWithIncorrectBootLibrary__E)
                  007f58c0    00000020     dss_pe674.oe674 (.text:ti_sysbios_BIOS_nullFunc__I)
                  007f58e0    00000020     sysbios.ae674 : BIOS.obj (.text:ti_sysbios_BIOS_setThreadType__E)
                  007f5900    00000020                   : BIOS.obj (.text:ti_sysbios_BIOS_start__E)
                  007f5920    00000020     dss_pe674.oe674 (.text:ti_sysbios_family_c62_TaskSupport_Module__startupDone__S)
                  007f5940    00000020     sysbios.ae674 : BIOS.obj (.text:ti_sysbios_family_c62_TaskSupport_checkStack__E)
                  007f5960    00000020                   : BIOS.obj (.text:ti_sysbios_family_c62_TaskSupport_getStackAlignment__E)
                  007f5980    00000020                   : BIOS.obj (.text:ti_sysbios_family_c64p_Cache_wbInv__E)
                  007f59a0    00000020     dss_pe674.oe674 (.text:ti_sysbios_family_c64p_Hwi_Module__startupDone__F)
                  007f59c0    00000020     dss_pe674.oe674 (.text:ti_sysbios_family_c64p_Hwi_Params__init__S)
                  007f59e0    00000020     sysbios.ae674 : BIOS.obj (.text:ti_sysbios_family_c64p_Hwi_clearInterrupt__E)
                  007f5a00    00000020                   : BIOS.obj (.text:ti_sysbios_family_c64p_Hwi_startup__E)
                  007f5a20    00000020                   : BIOS.obj (.text:ti_sysbios_family_c64p_Hwi_switchFromBootStack__E)
                  007f5a40    00000020                   : BIOS.obj (.text:ti_sysbios_family_c64p_Hwi_unPluggedInterrupt__I)
                  007f5a60    00000020                   : BIOS.obj (.text:ti_sysbios_gates_GateHwi_Instance_init__E)
                  007f5a80    00000020                   : BIOS.obj (.text:ti_sysbios_gates_GateHwi_enter__E)
                  007f5aa0    00000020                   : BIOS.obj (.text:ti_sysbios_gates_GateHwi_leave__E)
                  007f5ac0    00000020                   : BIOS.obj (.text:ti_sysbios_gates_GateHwi_query__E)
                  007f5ae0    00000020                   : BIOS.obj (.text:ti_sysbios_gates_GateMutex_Instance_finalize__E)
                  007f5b00    00000020                   : BIOS.obj (.text:ti_sysbios_gates_GateMutex_query__E)
                  007f5b20    00000020                   : BIOS.obj (.text:ti_sysbios_hal_Hwi_Module_startup__E)
                  007f5b40    00000020     dss_pe674.oe674 (.text:ti_sysbios_heaps_HeapBuf_Object__get__S)
                  007f5b60    00000020     dss_pe674.oe674 (.text:ti_sysbios_heaps_HeapMem_Module_GateProxy_enter__E)
                  007f5b80    00000020     dss_pe674.oe674 (.text:ti_sysbios_heaps_HeapMem_Module_GateProxy_leave__E)
                  007f5ba0    00000020     sysbios.ae674 : BIOS.obj (.text:ti_sysbios_heaps_HeapMem_isBlocking__E)
                  007f5bc0    00000020     dss_pe674.oe674 (.text:ti_sysbios_knl_Clock_TimerProxy_getMaxTicks__E)
                  007f5be0    00000020     sysbios.ae674 : BIOS.obj (.text:ti_sysbios_knl_Idle_loop__E)
                  007f5c00    00000020                   : BIOS.obj (.text:ti_sysbios_knl_Queue_Instance_init__E)
                  007f5c20    00000020     dss_pe674.oe674 (.text:ti_sysbios_knl_Queue_Object__get__S)
                  007f5c40    00000020     dss_pe674.oe674 (.text:ti_sysbios_knl_Queue_destruct)
                  007f5c60    00000020     sysbios.ae674 : BIOS.obj (.text:ti_sysbios_knl_Queue_empty__E)
                  007f5c80    00000020                   : BIOS.obj (.text:ti_sysbios_knl_Semaphore_Instance_finalize__E)
                  007f5ca0    00000020     dss_pe674.oe674 (.text:ti_sysbios_knl_Semaphore_Params__init__S)
                  007f5cc0    00000020     dss_pe674.oe674 (.text:ti_sysbios_knl_Semaphore_delete)
                  007f5ce0    00000020     sysbios.ae674 : BIOS.obj (.text:ti_sysbios_knl_Swi_disable__E)
                  007f5d00    00000020     dss_pe674.oe674 (.text:ti_sysbios_knl_Task_Params__init__S)
                  007f5d20    00000020     dss_pe674.oe674 (.text:ti_sysbios_knl_Task_delete)
                  007f5d40    00000020     sysbios.ae674 : BIOS.obj (.text:ti_sysbios_knl_Task_disable__E)
                  007f5d60    00000020                   : BIOS.obj (.text:ti_sysbios_knl_Task_startup__E)
                  007f5d80    00000020     dss_pe674.oe674 (.text:ti_sysbios_timers_rti_Timer_Module__startupDone__F)
                  007f5da0    00000020     sysbios.ae674 : BIOS.obj (.text:ti_sysbios_timers_rti_Timer_getMaxTicks__E)
                  007f5dc0    00000020     ti.targets.rts6000.ae674 : Error.oe674 (.text:xdc_runtime_Error_getSite__E)
                  007f5de0    00000020                              : Error.oe674 (.text:xdc_runtime_Error_raiseX__E)
                  007f5e00    00000020                              : Gate.oe674 (.text:xdc_runtime_Gate_enterSystem__E)
                  007f5e20    00000020                              : Gate.oe674 (.text:xdc_runtime_Gate_leaveSystem__E)
                  007f5e40    00000020     dss_pe674.oe674 (.text:xdc_runtime_IHeap_alloc)
                  007f5e60    00000020     dss_pe674.oe674 (.text:xdc_runtime_IHeap_free)
                  007f5e80    00000020     ti.targets.rts6000.ae674 : Memory.oe674 (.text:xdc_runtime_Memory_calloc__E)
                  007f5ea0    00000020                              : Memory.oe674 (.text:xdc_runtime_Memory_free__E)
                  007f5ec0    00000020                              : Memory.oe674 (.text:xdc_runtime_Memory_getMaxDefaultTypeAlign__E)
                  007f5ee0    00000020     dss_pe674.oe674 (.text:xdc_runtime_Startup_exec__I)
                  007f5f00    00000020     dss_pe674.oe674 (.text:xdc_runtime_Startup_reset__I)
                  007f5f20    00000020     ti.targets.rts6000.ae674 : Startup.oe674 (.text:xdc_runtime_Startup_rtsDone__E)
                  007f5f40    00000020                              : SysStd.oe674 (.text:xdc_runtime_SysStd_exit__E)
                  007f5f60    00000020                              : SysStd.oe674 (.text:xdc_runtime_SysStd_putch__E)
                  007f5f80    00000020                              : SysStd.oe674 (.text:xdc_runtime_SysStd_ready__E)
                  007f5fa0    00000020     dss_pe674.oe674 (.text:xdc_runtime_System_Module_GateProxy_enter__E)
                  007f5fc0    00000020     dss_pe674.oe674 (.text:xdc_runtime_System_Module_GateProxy_leave__E)
                  007f5fe0    00000020     ti.targets.rts6000.ae674 : System.oe674 (.text:xdc_runtime_System_Module_startup__E)
                  007f6000    00000020                              : System.oe674 (.text:xdc_runtime_System_vsnprintf__E)
                  007f6020    00000020                              : Text.oe674 (.text:xdc_runtime_Text_ropeText__E)
                  007f6040    00000020     dss_pe674.oe674 (.text:xdc_runtime_Text_visitRope__I)

.const     0    0080a400    0000352a     
                  0080a400    000019be     dss_pe674.oe674 (.const:xdc_runtime_Text_charTab__A)
                  0080bdbe    00000002     dss_pe674.oe674 (.const:ti_sysbios_family_c64p_Cache_Module__id__C)
                  0080bdc0    00000c0c     main_dss.oe674 (.const:.string)
                  0080c9cc    00000518     sysbios.ae674 : BIOS.obj (.const:.string)
                  0080cee4    00000004     ti.targets.rts6000.ae674 : Assert.oe674 (.const:.string)
                  0080cee8    00000101     rts6740_elf.lib : ctype.c.obj (.const:.string:_ctypes_)
                  0080cfe9    00000001     --HOLE-- [fill = 0]
                  0080cfea    00000002     dss_pe674.oe674 (.const:ti_sysbios_family_c64p_EventCombiner_Module__id__C)
                  0080cfec    00000004     dss_pe674.oe674 (.const:ti_sysbios_family_c62_TaskSupport_stackAlignment__C)
                  0080cff0    000000c8     dss_pe674.oe674 (.const:xdc_runtime_Text_nodeTab__A)
                  0080d0b8    00000094     libtestlogger_xwr16xx.ae674 : logger.oe674 (.const:.string)
                  0080d14c    00000074     dss_pe674.oe674 (.const:.string)
                  0080d1c0    00000058     ti.targets.rts6000.ae674 : Error.oe674 (.const:.string)
                  0080d218    0000004c     mailbox.oe674 (.const:.string)
                  0080d264    00000044     dss_pe674.oe674 (.const:ti_sysbios_knl_Task_Object__PARAMS__C)
                  0080d2a8    00000040     ti.targets.rts6000.ae674 : Text.oe674 (.const:.string)
                  0080d2e8    0000003c     libsoc_xwr16xx.ae674 : soc_xwr16xx_dss.oe674 (.const:.string)
                  0080d324    00000030     dss_pe674.oe674 (.const:ti_sysbios_family_c64p_Hwi_Object__PARAMS__C)
                  0080d354    0000002c     ti.targets.rts6000.ae674 : Startup.oe674 (.const:.string)
                  0080d380    0000002c     dss_pe674.oe674 (.const:xdc_runtime_Startup_sfxnTab__A)
                  0080d3ac    00000028     dss_pe674.oe674 (.const:ti_sysbios_heaps_HeapMem_Module__FXNS__C)
                  0080d3d4    00000024     rts6740_elf.lib : _printfi.c.obj (.const:.string)
                  0080d3f8    00000024     mailbox.oe674 (.const:Mailbox_defaultCfg)
                  0080d41c    00000024     dss_pe674.oe674 (.const:ti_sysbios_gates_GateHwi_Module__FXNS__C)
                  0080d440    00000024     dss_pe674.oe674 (.const:ti_sysbios_gates_GateMutex_Module__FXNS__C)
                  0080d464    00000024     dss_pe674.oe674 (.const:ti_sysbios_heaps_HeapMem_Object__PARAMS__C)
                  0080d488    00000024     dss_pe674.oe674 (.const:ti_sysbios_knl_Semaphore_Object__PARAMS__C)
                  0080d4ac    00000020     libosal_xwr16xx.ae674 : SemaphoreP_tirtos.oe674 (.const:.string)
                  0080d4cc    00000020     dss_pe674.oe674 (.const:ti_sysbios_family_c64p_Hwi_Object__DESC__C)
                  0080d4ec    00000020     dss_pe674.oe674 (.const:ti_sysbios_gates_GateHwi_Object__DESC__C)
                  0080d50c    00000020     dss_pe674.oe674 (.const:ti_sysbios_gates_GateMutex_Object__DESC__C)
                  0080d52c    00000020     dss_pe674.oe674 (.const:ti_sysbios_heaps_HeapMem_Object__DESC__C)
                  0080d54c    00000020     dss_pe674.oe674 (.const:ti_sysbios_knl_Queue_Object__DESC__C)
                  0080d56c    00000020     dss_pe674.oe674 (.const:ti_sysbios_knl_Semaphore_Object__DESC__C)
                  0080d58c    00000020     dss_pe674.oe674 (.const:ti_sysbios_knl_Task_Object__DESC__C)
                  0080d5ac    0000001c     libosal_xwr16xx.ae674 : HwiP_tirtos.oe674 (.const:.string)
                  0080d5c8    00000018     ti.targets.rts6000.ae674 : System.oe674 (.const:.string)
                  0080d5e0    00000018     dss_pe674.oe674 (.const:ti_sysbios_gates_GateHwi_Object__PARAMS__C)
                  0080d5f8    00000018     dss_pe674.oe674 (.const:ti_sysbios_gates_GateMutex_Object__PARAMS__C)
                  0080d610    00000018     dss_pe674.oe674 (.const:ti_sysbios_knl_Queue_Object__PARAMS__C)
                  0080d628    00000016     dss_pe674.oe674 (.const:xdc_runtime_Startup_sfxnRts__A)
                  0080d63e    00000002     dss_pe674.oe674 (.const:ti_sysbios_family_c64p_Exception_Module__id__C)
                  0080d640    00000010     dss_pe674.oe674 (.const:ti_sysbios_family_c64p_EventCombiner_EVTMASK__C)
                  0080d650    00000008     dss_pe674.oe674 (.const:ti_sysbios_knl_Idle_funcList__C)
                  0080d658    00000008     dss_pe674.oe674 (.const:xdc_runtime_Startup_firstFxns__A)
                  0080d660    00000008     dss_pe674.oe674 (.const:xdc_runtime_Startup_firstFxns__C)
                  0080d668    00000008     dss_pe674.oe674 (.const:xdc_runtime_Startup_lastFxns__C)
                  0080d670    00000004     dss_pe674.oe674 (.const:ti_sysbios_family_c64p_Cache_EMIFA_BASE__C)
                  0080d674    00000004     dss_pe674.oe674 (.const:ti_sysbios_family_c64p_Cache_EMIFA_CFG__C)
                  0080d678    00000004     dss_pe674.oe674 (.const:ti_sysbios_family_c64p_Cache_EMIFA_LENGTH__C)
                  0080d67c    00000004     dss_pe674.oe674 (.const:ti_sysbios_family_c64p_Cache_EMIFB_BASE__C)
                  0080d680    00000004     dss_pe674.oe674 (.const:ti_sysbios_family_c64p_Cache_EMIFB_CFG__C)
                  0080d684    00000004     dss_pe674.oe674 (.const:ti_sysbios_family_c64p_Cache_EMIFB_LENGTH__C)
                  0080d688    00000004     dss_pe674.oe674 (.const:ti_sysbios_family_c64p_Cache_EMIFC_BASE__C)
                  0080d68c    00000004     dss_pe674.oe674 (.const:ti_sysbios_family_c64p_Cache_EMIFC_CFG__C)
                  0080d690    00000004     dss_pe674.oe674 (.const:ti_sysbios_family_c64p_Cache_EMIFC_LENGTH__C)
                  0080d694    00000004     dss_pe674.oe674 (.const:ti_sysbios_family_c64p_Cache_E_invalidL1CacheSize__C)
                  0080d698    00000004     dss_pe674.oe674 (.const:ti_sysbios_family_c64p_Cache_E_invalidL2CacheSize__C)
                  0080d69c    00000004     dss_pe674.oe674 (.const:ti_sysbios_family_c64p_Cache_MAR0_31__C)
                  0080d6a0    00000004     dss_pe674.oe674 (.const:ti_sysbios_family_c64p_Cache_MAR128_159__C)
                  0080d6a4    00000004     dss_pe674.oe674 (.const:ti_sysbios_family_c64p_Cache_MAR160_191__C)
                  0080d6a8    00000004     dss_pe674.oe674 (.const:ti_sysbios_family_c64p_Cache_MAR192_223__C)
                  0080d6ac    00000004     dss_pe674.oe674 (.const:ti_sysbios_family_c64p_Cache_MAR224_255__C)
                  0080d6b0    00000004     dss_pe674.oe674 (.const:ti_sysbios_family_c64p_Cache_MAR32_63__C)
                  0080d6b4    00000004     dss_pe674.oe674 (.const:ti_sysbios_family_c64p_Cache_MAR64_95__C)
                  0080d6b8    00000004     dss_pe674.oe674 (.const:ti_sysbios_family_c64p_Cache_MAR96_127__C)
                  0080d6bc    00000004     dss_pe674.oe674 (.const:ti_sysbios_family_c64p_EventCombiner_A_invalidEventId__C)
                  0080d6c0    00000004     dss_pe674.oe674 (.const:ti_sysbios_family_c64p_EventCombiner_EVTRegs__C)
                  0080d6c4    00000004     dss_pe674.oe674 (.const:ti_sysbios_family_c64p_EventCombiner_E_unpluggedEvent__C)
                  0080d6c8    00000004     dss_pe674.oe674 (.const:ti_sysbios_family_c64p_EventCombiner_Module__diagsEnabled__C)
                  0080d6cc    00000004     dss_pe674.oe674 (.const:ti_sysbios_family_c64p_EventCombiner_Module__diagsIncluded__C)
                  0080d6d0    00000004     dss_pe674.oe674 (.const:ti_sysbios_family_c64p_EventCombiner_Module__diagsMask__C)
                  0080d6d4    00000004     dss_pe674.oe674 (.const:ti_sysbios_family_c64p_Exception_E_exceptionMax__C)
                  0080d6d8    00000004     dss_pe674.oe674 (.const:ti_sysbios_family_c64p_Exception_exceptionHook__C)
                  0080d6dc    00000004     dss_pe674.oe674 (.const:ti_sysbios_family_c64p_Exception_externalHook__C)
                  0080d6e0    00000004     dss_pe674.oe674 (.const:ti_sysbios_family_c64p_Exception_internalHook__C)
                  0080d6e4    00000004     dss_pe674.oe674 (.const:ti_sysbios_family_c64p_Exception_nmiHook__C)
                  0080d6e8    00000004     dss_pe674.oe674 (.const:ti_sysbios_family_c64p_Hwi_E_alreadyDefined__C)
                  0080d6ec    00000004     dss_pe674.oe674 (.const:ti_sysbios_family_c64p_Hwi_E_handleNotFound__C)
                  0080d6f0    00000004     dss_pe674.oe674 (.const:ti_sysbios_family_c64p_Hwi_E_invalidIntNum__C)
                  0080d6f4    00000004     dss_pe674.oe674 (.const:ti_sysbios_family_c64p_Hwi_INTRMUX1Address__C)
                  0080d6f8    00000004     dss_pe674.oe674 (.const:ti_sysbios_family_c64p_Hwi_LD_end__C)
                  0080d6fc    00000004     dss_pe674.oe674 (.const:ti_sysbios_family_c64p_Hwi_LM_begin__C)
                  0080d700    00000004     dss_pe674.oe674 (.const:ti_sysbios_family_c64p_Hwi_Module__diagsEnabled__C)
                  0080d704    00000004     dss_pe674.oe674 (.const:ti_sysbios_family_c64p_Hwi_Module__diagsIncluded__C)
                  0080d708    00000004     dss_pe674.oe674 (.const:ti_sysbios_family_c64p_Hwi_Module__diagsMask__C)
                  0080d70c    00000004     dss_pe674.oe674 (.const:ti_sysbios_family_c64p_Hwi_Module__loggerFxn1__C)
                  0080d710    00000004     dss_pe674.oe674 (.const:ti_sysbios_family_c64p_Hwi_Module__loggerFxn8__C)
                  0080d714    00000004     dss_pe674.oe674 (.const:ti_sysbios_family_c64p_Hwi_Module__loggerObj__C)
                  0080d718    00000004     dss_pe674.oe674 (.const:ti_sysbios_gates_GateMutex_A_badContext__C)
                  0080d71c    00000004     dss_pe674.oe674 (.const:ti_sysbios_gates_GateMutex_Instance_State_sem__O)
                  0080d720    00000004     dss_pe674.oe674 (.const:ti_sysbios_gates_GateMutex_Module__diagsEnabled__C)
                  0080d724    00000004     dss_pe674.oe674 (.const:ti_sysbios_gates_GateMutex_Module__diagsIncluded__C)
                  0080d728    00000004     dss_pe674.oe674 (.const:ti_sysbios_gates_GateMutex_Module__diagsMask__C)
                  0080d72c    00000004     dss_pe674.oe674 (.const:ti_sysbios_hal_Hwi_E_stackOverflow__C)
                  0080d730    00000004     dss_pe674.oe674 (.const:ti_sysbios_heaps_HeapBuf_Instance_State_freeList__O)
                  0080d734    00000004     dss_pe674.oe674 (.const:ti_sysbios_heaps_HeapBuf_Object__count__C)
                  0080d738    00000004     dss_pe674.oe674 (.const:ti_sysbios_heaps_HeapBuf_numConstructedHeaps__C)
                  0080d73c    00000004     dss_pe674.oe674 (.const:ti_sysbios_heaps_HeapMem_A_align__C)
                  0080d740    00000004     dss_pe674.oe674 (.const:ti_sysbios_heaps_HeapMem_A_heapSize__C)
                  0080d744    00000004     dss_pe674.oe674 (.const:ti_sysbios_heaps_HeapMem_A_invalidFree__C)
                  0080d748    00000004     dss_pe674.oe674 (.const:ti_sysbios_heaps_HeapMem_A_zeroBlock__C)
                  0080d74c    00000004     dss_pe674.oe674 (.const:ti_sysbios_heaps_HeapMem_E_memory__C)
                  0080d750    00000004     dss_pe674.oe674 (.const:ti_sysbios_heaps_HeapMem_Module__diagsEnabled__C)
                  0080d754    00000004     dss_pe674.oe674 (.const:ti_sysbios_heaps_HeapMem_Module__diagsIncluded__C)
                  0080d758    00000004     dss_pe674.oe674 (.const:ti_sysbios_heaps_HeapMem_Module__diagsMask__C)
                  0080d75c    00000004     dss_pe674.oe674 (.const:ti_sysbios_heaps_HeapMem_Module__gateObj__C)
                  0080d760    00000004     dss_pe674.oe674 (.const:ti_sysbios_heaps_HeapMem_Object__count__C)
                  0080d764    00000004     dss_pe674.oe674 (.const:ti_sysbios_heaps_HeapMem_reqAlign__C)
                  0080d768    00000004     dss_pe674.oe674 (.const:ti_sysbios_knl_Clock_LM_begin__C)
                  0080d76c    00000004     dss_pe674.oe674 (.const:ti_sysbios_knl_Clock_LM_tick__C)
                  0080d770    00000004     dss_pe674.oe674 (.const:ti_sysbios_knl_Clock_LW_delayed__C)
                  0080d774    00000004     dss_pe674.oe674 (.const:ti_sysbios_knl_Clock_Module_State_clockQ__O)
                  0080d778    00000004     dss_pe674.oe674 (.const:ti_sysbios_knl_Clock_Module__diagsEnabled__C)
                  0080d77c    00000004     dss_pe674.oe674 (.const:ti_sysbios_knl_Clock_Module__diagsIncluded__C)
                  0080d780    00000004     dss_pe674.oe674 (.const:ti_sysbios_knl_Clock_Module__diagsMask__C)
                  0080d784    00000004     dss_pe674.oe674 (.const:ti_sysbios_knl_Clock_Module__loggerFxn1__C)
                  0080d788    00000004     dss_pe674.oe674 (.const:ti_sysbios_knl_Clock_Module__loggerFxn2__C)
                  0080d78c    00000004     dss_pe674.oe674 (.const:ti_sysbios_knl_Clock_Module__loggerObj__C)
                  0080d790    00000004     dss_pe674.oe674 (.const:ti_sysbios_knl_Idle_funcList__A)
                  0080d794    00000004     dss_pe674.oe674 (.const:ti_sysbios_knl_Semaphore_A_badContext__C)
                  0080d798    00000004     dss_pe674.oe674 (.const:ti_sysbios_knl_Semaphore_A_noEvents__C)
                  0080d79c    00000004     dss_pe674.oe674 (.const:ti_sysbios_knl_Semaphore_A_overflow__C)
                  0080d7a0    00000004     dss_pe674.oe674 (.const:ti_sysbios_knl_Semaphore_A_pendTaskDisabled__C)
                  0080d7a4    00000004     dss_pe674.oe674 (.const:ti_sysbios_knl_Semaphore_Instance_State_pendQ__O)
                  0080d7a8    00000004     dss_pe674.oe674 (.const:ti_sysbios_knl_Semaphore_LM_pend__C)
                  0080d7ac    00000004     dss_pe674.oe674 (.const:ti_sysbios_knl_Semaphore_LM_post__C)
                  0080d7b0    00000004     dss_pe674.oe674 (.const:ti_sysbios_knl_Semaphore_Module__diagsEnabled__C)
                  0080d7b4    00000004     dss_pe674.oe674 (.const:ti_sysbios_knl_Semaphore_Module__diagsIncluded__C)
                  0080d7b8    00000004     dss_pe674.oe674 (.const:ti_sysbios_knl_Semaphore_Module__diagsMask__C)
                  0080d7bc    00000004     dss_pe674.oe674 (.const:ti_sysbios_knl_Semaphore_Module__loggerFxn2__C)
                  0080d7c0    00000004     dss_pe674.oe674 (.const:ti_sysbios_knl_Semaphore_Module__loggerFxn4__C)
                  0080d7c4    00000004     dss_pe674.oe674 (.const:ti_sysbios_knl_Semaphore_Module__loggerObj__C)
                  0080d7c8    00000004     dss_pe674.oe674 (.const:ti_sysbios_knl_Swi_LD_end__C)
                  0080d7cc    00000004     dss_pe674.oe674 (.const:ti_sysbios_knl_Swi_LM_begin__C)
                  0080d7d0    00000004     dss_pe674.oe674 (.const:ti_sysbios_knl_Swi_LM_post__C)
                  0080d7d4    00000004     dss_pe674.oe674 (.const:ti_sysbios_knl_Swi_Module__diagsEnabled__C)
                  0080d7d8    00000004     dss_pe674.oe674 (.const:ti_sysbios_knl_Swi_Module__diagsIncluded__C)
                  0080d7dc    00000004     dss_pe674.oe674 (.const:ti_sysbios_knl_Swi_Module__diagsMask__C)
                  0080d7e0    00000004     dss_pe674.oe674 (.const:ti_sysbios_knl_Swi_Module__loggerFxn1__C)
                  0080d7e4    00000004     dss_pe674.oe674 (.const:ti_sysbios_knl_Swi_Module__loggerFxn4__C)
                  0080d7e8    00000004     dss_pe674.oe674 (.const:ti_sysbios_knl_Swi_Module__loggerObj__C)
                  0080d7ec    00000004     dss_pe674.oe674 (.const:ti_sysbios_knl_Swi_Object__count__C)
                  0080d7f0    00000004     dss_pe674.oe674 (.const:ti_sysbios_knl_Task_A_badPriority__C)
                  0080d7f4    00000004     dss_pe674.oe674 (.const:ti_sysbios_knl_Task_A_badTaskState__C)
                  0080d7f8    00000004     dss_pe674.oe674 (.const:ti_sysbios_knl_Task_A_badThreadType__C)
                  0080d7fc    00000004     dss_pe674.oe674 (.const:ti_sysbios_knl_Task_A_badTimeout__C)
                  0080d800    00000004     dss_pe674.oe674 (.const:ti_sysbios_knl_Task_A_noPendElem__C)
                  0080d804    00000004     dss_pe674.oe674 (.const:ti_sysbios_knl_Task_A_sleepTaskDisabled__C)
                  0080d808    00000004     dss_pe674.oe674 (.const:ti_sysbios_knl_Task_E_spOutOfBounds__C)
                  0080d80c    00000004     dss_pe674.oe674 (.const:ti_sysbios_knl_Task_E_stackOverflow__C)
                  0080d810    00000004     dss_pe674.oe674 (.const:ti_sysbios_knl_Task_LD_block__C)
                  0080d814    00000004     dss_pe674.oe674 (.const:ti_sysbios_knl_Task_LD_exit__C)
                  0080d818    00000004     dss_pe674.oe674 (.const:ti_sysbios_knl_Task_LD_ready__C)
                  0080d81c    00000004     dss_pe674.oe674 (.const:ti_sysbios_knl_Task_LM_sleep__C)
                  0080d820    00000004     dss_pe674.oe674 (.const:ti_sysbios_knl_Task_LM_switch__C)
                  0080d824    00000004     dss_pe674.oe674 (.const:ti_sysbios_knl_Task_LM_yield__C)
                  0080d828    00000004     dss_pe674.oe674 (.const:ti_sysbios_knl_Task_Module_State_inactiveQ__O)
                  0080d82c    00000004     dss_pe674.oe674 (.const:ti_sysbios_knl_Task_Module__diagsEnabled__C)
                  0080d830    00000004     dss_pe674.oe674 (.const:ti_sysbios_knl_Task_Module__diagsIncluded__C)
                  0080d834    00000004     dss_pe674.oe674 (.const:ti_sysbios_knl_Task_Module__diagsMask__C)
                  0080d838    00000004     dss_pe674.oe674 (.const:ti_sysbios_knl_Task_Module__loggerFxn2__C)
                  0080d83c    00000004     dss_pe674.oe674 (.const:ti_sysbios_knl_Task_Module__loggerFxn4__C)
                  0080d840    00000004     dss_pe674.oe674 (.const:ti_sysbios_knl_Task_Module__loggerObj__C)
                  0080d844    00000004     dss_pe674.oe674 (.const:ti_sysbios_knl_Task_Object__count__C)
                  0080d848    00000004     dss_pe674.oe674 (.const:ti_sysbios_knl_Task_allBlockedFunc__C)
                  0080d84c    00000004     dss_pe674.oe674 (.const:ti_sysbios_knl_Task_defaultStackHeap__C)
                  0080d850    00000004     dss_pe674.oe674 (.const:ti_sysbios_knl_Task_defaultStackSize__C)
                  0080d854    00000004     dss_pe674.oe674 (.const:ti_sysbios_knl_Task_numConstructedTasks__C)
                  0080d858    00000004     dss_pe674.oe674 (.const:ti_sysbios_timers_rti_Timer_E_cannotSupport__C)
                  0080d85c    00000004     dss_pe674.oe674 (.const:ti_sysbios_timers_rti_Timer_Module__diagsEnabled__C)
                  0080d860    00000004     dss_pe674.oe674 (.const:ti_sysbios_timers_rti_Timer_Module__diagsIncluded__C)
                  0080d864    00000004     dss_pe674.oe674 (.const:ti_sysbios_timers_rti_Timer_Module__diagsMask__C)
                  0080d868    00000004     dss_pe674.oe674 (.const:ti_sysbios_timers_rti_Timer_numTimerDevices__C)
                  0080d86c    00000004     dss_pe674.oe674 (.const:ti_sysbios_timers_rti_Timer_startupNeeded__C)
                  0080d870    00000004     dss_pe674.oe674 (.const:xdc_runtime_Assert_E_assertFailed__C)
                  0080d874    00000004     dss_pe674.oe674 (.const:xdc_runtime_Core_A_initializedParams__C)
                  0080d878    00000004     dss_pe674.oe674 (.const:xdc_runtime_Core_Module__diagsEnabled__C)
                  0080d87c    00000004     dss_pe674.oe674 (.const:xdc_runtime_Core_Module__diagsIncluded__C)
                  0080d880    00000004     dss_pe674.oe674 (.const:xdc_runtime_Core_Module__diagsMask__C)
                  0080d884    00000004     dss_pe674.oe674 (.const:xdc_runtime_Error_E_memory__C)
                  0080d888    00000004     dss_pe674.oe674 (.const:xdc_runtime_Error_Module__diagsEnabled__C)
                  0080d88c    00000004     dss_pe674.oe674 (.const:xdc_runtime_Error_Module__diagsIncluded__C)
                  0080d890    00000004     dss_pe674.oe674 (.const:xdc_runtime_Error_Module__diagsMask__C)
                  0080d894    00000004     dss_pe674.oe674 (.const:xdc_runtime_Error_Module__loggerFxn8__C)
                  0080d898    00000004     dss_pe674.oe674 (.const:xdc_runtime_Error_Module__loggerObj__C)
                  0080d89c    00000004     dss_pe674.oe674 (.const:xdc_runtime_Error_policyFxn__C)
                  0080d8a0    00000004     dss_pe674.oe674 (.const:xdc_runtime_Error_policy__C)
                  0080d8a4    00000004     dss_pe674.oe674 (.const:xdc_runtime_Error_raiseHook__C)
                  0080d8a8    00000004     dss_pe674.oe674 (.const:xdc_runtime_IGateProvider_Interface__BASE__C)
                  0080d8ac    00000004     dss_pe674.oe674 (.const:xdc_runtime_IHeap_Interface__BASE__C)
                  0080d8b0    00000004     dss_pe674.oe674 (.const:xdc_runtime_IModule_Interface__BASE__C)
                  0080d8b4    00000004     dss_pe674.oe674 (.const:xdc_runtime_Log_L_error__C)
                  0080d8b8    00000004     dss_pe674.oe674 (.const:xdc_runtime_Memory_defaultHeapInstance__C)
                  0080d8bc    00000004     dss_pe674.oe674 (.const:xdc_runtime_Startup_execImpl__C)
                  0080d8c0    00000004     dss_pe674.oe674 (.const:xdc_runtime_Startup_maxPasses__C)
                  0080d8c4    00000004     dss_pe674.oe674 (.const:xdc_runtime_Startup_sfxnRts__C)
                  0080d8c8    00000004     dss_pe674.oe674 (.const:xdc_runtime_Startup_sfxnTab__C)
                  0080d8cc    00000004     dss_pe674.oe674 (.const:xdc_runtime_System_Module__gateObj__C)
                  0080d8d0    00000004     dss_pe674.oe674 (.const:xdc_runtime_System_abortFxn__C)
                  0080d8d4    00000004     dss_pe674.oe674 (.const:xdc_runtime_System_exitFxn__C)
                  0080d8d8    00000004     dss_pe674.oe674 (.const:xdc_runtime_System_extendFxn__C)
                  0080d8dc    00000004     dss_pe674.oe674 (.const:xdc_runtime_System_maxAtexitHandlers__C)
                  0080d8e0    00000004     dss_pe674.oe674 (.const:xdc_runtime_Text_charTab__C)
                  0080d8e4    00000004     dss_pe674.oe674 (.const:xdc_runtime_Text_nameEmpty__C)
                  0080d8e8    00000004     dss_pe674.oe674 (.const:xdc_runtime_Text_nameStatic__C)
                  0080d8ec    00000004     dss_pe674.oe674 (.const:xdc_runtime_Text_nameUnknown__C)
                  0080d8f0    00000004     dss_pe674.oe674 (.const:xdc_runtime_Text_nodeTab__C)
                  0080d8f4    00000004     dss_pe674.oe674 (.const:xdc_runtime_Text_visitRopeFxn__C)
                  0080d8f8    00000002     dss_pe674.oe674 (.const:ti_sysbios_family_c64p_Exception_useInternalBuffer__C)
                  0080d8fa    00000002     dss_pe674.oe674 (.const:ti_sysbios_family_c64p_Hwi_Module__id__C)
                  0080d8fc    00000002     dss_pe674.oe674 (.const:ti_sysbios_family_c64p_Hwi_Module__loggerDefined__C)
                  0080d8fe    00000002     dss_pe674.oe674 (.const:ti_sysbios_gates_GateMutex_Module__id__C)
                  0080d900    00000002     dss_pe674.oe674 (.const:ti_sysbios_hal_Hwi_Module__id__C)
                  0080d902    00000002     dss_pe674.oe674 (.const:ti_sysbios_heaps_HeapMem_Module__id__C)
                  0080d904    00000002     dss_pe674.oe674 (.const:ti_sysbios_knl_Clock_Module__id__C)
                  0080d906    00000002     dss_pe674.oe674 (.const:ti_sysbios_knl_Clock_Module__loggerDefined__C)
                  0080d908    00000002     dss_pe674.oe674 (.const:ti_sysbios_knl_Semaphore_Module__id__C)
                  0080d90a    00000002     dss_pe674.oe674 (.const:ti_sysbios_knl_Semaphore_Module__loggerDefined__C)
                  0080d90c    00000002     dss_pe674.oe674 (.const:ti_sysbios_knl_Swi_Module__id__C)
                  0080d90e    00000002     dss_pe674.oe674 (.const:ti_sysbios_knl_Swi_Module__loggerDefined__C)
                  0080d910    00000002     dss_pe674.oe674 (.const:ti_sysbios_knl_Task_Module__id__C)
                  0080d912    00000002     dss_pe674.oe674 (.const:ti_sysbios_knl_Task_Module__loggerDefined__C)
                  0080d914    00000002     dss_pe674.oe674 (.const:ti_sysbios_timers_rti_Timer_Module__id__C)
                  0080d916    00000002     dss_pe674.oe674 (.const:ti_sysbios_timers_rti_Timer_continueOnSuspend__C)
                  0080d918    00000002     dss_pe674.oe674 (.const:xdc_runtime_Core_Module__id__C)
                  0080d91a    00000002     dss_pe674.oe674 (.const:xdc_runtime_Error_Module__loggerDefined__C)
                  0080d91c    00000002     dss_pe674.oe674 (.const:xdc_runtime_Error_maxDepth__C)
                  0080d91e    00000002     dss_pe674.oe674 (.const:xdc_runtime_Main_Module__id__C)
                  0080d920    00000002     dss_pe674.oe674 (.const:xdc_runtime_Memory_Module__id__C)
                  0080d922    00000002     dss_pe674.oe674 (.const:xdc_runtime_Text_charCnt__C)
                  0080d924    00000002     dss_pe674.oe674 (.const:xdc_runtime_Text_isLoaded__C)
                  0080d926    00000002     dss_pe674.oe674 (.const:xdc_runtime_Text_registryModsLastId__C)
                  0080d928    00000002     dss_pe674.oe674 (.const:xdc_runtime_Text_unnamedModsLastId__C)

.fardata   0    008102b8    00000c22     
                  008102b8    00000400     dss_pe674.oe674 (.fardata:ti_sysbios_family_c64p_EventCombiner_Module__state__V)
                  008106b8    000001e0     rts6740_elf.lib : defs.c.obj (.fardata:_ftable)
                  00810898    000000a0                     : write.c.obj (.fardata:_stream)
                  00810938    00000080     dss_pe674.oe674 (.fardata:ti_sysbios_knl_Swi_Module_State_0_readyQ__A)
                  008109b8    00000080     dss_pe674.oe674 (.fardata:ti_sysbios_knl_Task_Module_State_0_readyQ__A)
                  00810a38    00000078     rts6740_elf.lib : write.c.obj (.fardata:_device)
                  00810ab0    0000006c     dss_pe674.oe674 (.fardata:ti_sysbios_family_c64p_Hwi_Module__state__V)
                  00810b1c    00000004     rts6740_elf.lib : _lock.c.obj (.fardata:_lock)
                  00810b20    0000005c     dss_pe674.oe674 (.fardata:ti_sysbios_knl_Task_Object__table__V)
                  00810b7c    00000050     mailbox.oe674 (.fardata:gMailboxMCB)
                  00810bcc    00000048     dss_pe674.oe674 (.fardata:ti_sysbios_knl_Task_Module__state__V)
                  00810c14    00000004     rts6740_elf.lib : _lock.c.obj (.fardata:_unlock)
                  00810c18    00000040     dss_pe674.oe674 (.fardata:ti_sysbios_gates_GateMutex_Object__table__V)
                  00810c58    0000003c     dss_pe674.oe674 (.fardata:ti_sysbios_timers_rti_Timer_Object__table__V)
                  00810c94    00000030     dss_pe674.oe674 (.fardata:ti_sysbios_family_c64p_Exception_Module__state__V)
                  00810cc4    00000004     rts6740_elf.lib : defs.c.obj (.fardata)
                  00810cc8    00000030     dss_pe674.oe674 (.fardata:ti_sysbios_knl_Swi_Object__table__V)
                  00810cf8    0000002c     dss_pe674.oe674 (.fardata:ti_sysbios_knl_Clock_Module__state__V)
                  00810d24    00000024     dss_pe674.oe674 (.fardata:ti_sysbios_BIOS_Module__state__V)
                  00810d48    00000020     dss_pe674.oe674 (.fardata:xdc_runtime_Error_IgnoreBlock)
                  00810d68    00000020     dss_pe674.oe674 (.fardata:xdc_runtime_System_Module_State_0_atexitHandlers__A)
                  00810d88    0000001c     dss_pe674.oe674 (.fardata:ti_sysbios_knl_Swi_Module__state__V)
                  00810da4    00000018     mailbox_xwr16xx.oe674 (.fardata:gMailboxDssBssHwCfg)
                  00810dbc    00000018     mailbox_xwr16xx.oe674 (.fardata:gMailboxDssMssHwCfg)
                  00810dd4    00000018     libsoc_xwr16xx.ae674 : soc_xwr16xx_dss.oe674 (.fardata:gSOCHwAttrib)
                  00810dec    00000004     rts6740_elf.lib : errno.c.obj (.fardata)
                  00810df0    00000018     dss_pe674.oe674 (.fardata:ti_sysbios_family_c64p_Hwi_Object__table__V)
                  00810e08    00000018     dss_pe674.oe674 (.fardata:ti_sysbios_heaps_HeapMem_Object__table__V)
                  00810e20    00000018     dss_pe674.oe674 (.fardata:ti_sysbios_timers_rti_Timer_Module_State_0_device__A)
                  00810e38    00000010     dss_pe674.oe674 (.fardata:ti_sysbios_timers_rti_Timer_Module_State_0_intFreqs__A)
                  00810e48    00000010     dss_pe674.oe674 (.fardata:ti_sysbios_timers_rti_Timer_Module__state__V)
                  00810e58    0000000c     rts6740_elf.lib : exit.c.obj (.fardata)
                  00810e64    00000008     dss_pe674.oe674 (.fardata:ti_sysbios_family_c64p_Hwi_Module__root__V)
                  00810e6c    00000008     dss_pe674.oe674 (.fardata:ti_sysbios_gates_GateHwi_Module__root__V)
                  00810e74    00000008     dss_pe674.oe674 (.fardata:ti_sysbios_gates_GateMutex_Module__root__V)
                  00810e7c    00000004     dss_pe674.oe674 (.fardata:ti_sysbios_family_c64p_Cache_Module__state__V)
                  00810e80    00000008     dss_pe674.oe674 (.fardata:ti_sysbios_hal_Hwi_Object__table__V)
                  00810e88    00000008     dss_pe674.oe674 (.fardata:ti_sysbios_heaps_HeapMem_Module__root__V)
                  00810e90    00000008     dss_pe674.oe674 (.fardata:ti_sysbios_knl_Queue_Module__root__V)
                  00810e98    00000008     dss_pe674.oe674 (.fardata:ti_sysbios_knl_Semaphore_Module__root__V)
                  00810ea0    00000008     dss_pe674.oe674 (.fardata:ti_sysbios_knl_Task_Module__root__V)
                  00810ea8    00000008     dss_pe674.oe674 (.fardata:ti_sysbios_timers_rti_Timer_Module_State_0_handles__A)
                  00810eb0    00000008     dss_pe674.oe674 (.fardata:xdc_runtime_Registry_Module__state__V)
                  00810eb8    00000008     dss_pe674.oe674 (.fardata:xdc_runtime_Startup_Module__state__V)
                  00810ec0    00000008     dss_pe674.oe674 (.fardata:xdc_runtime_System_Module__state__V)
                  00810ec8    00000004     dss_pe674.oe674 (.fardata:ti_sysbios_gates_GateHwi_Object__table__V)
                  00810ecc    00000004     dss_pe674.oe674 (.fardata:ti_sysbios_heaps_HeapBuf_Module__state__V)
                  00810ed0    00000004     dss_pe674.oe674 (.fardata:ti_sysbios_knl_Task_Module_State_0_idleTask__A)
                  00810ed4    00000004     dss_pe674.oe674 (.fardata:xdc_runtime_Memory_Module__state__V)
                  00810ed8    00000002     dss_pe674.oe674 (.fardata:xdc_runtime_Error_Module__state__V)

.cio       0    00810ee0    00000120     UNINITIALIZED
                  00810ee0    00000120     rts6740_elf.lib : trgmsg.c.obj (.cio)

.switch    0    00811040    00000038     
                  00811040    00000038     rts6740_elf.lib : _printfi.c.obj (.switch:__TI_printfi)

MODULE SUMMARY

       Module                     code    ro data   rw data
       ------                     ----    -------   -------
    /home/gtbldadm/nightlybuilds/mmwave_sdk/ti/drivers/mailbox/test/xwr16xx/test_mss_dss_msg_exchange/dss_configPkg_xwr16xx/package/cfg/
       dss_pe674.oe674            4992    8324      36982  
    +--+--------------------------+-------+---------+---------+
       Total:                     4992    8324      36982  
                                                           
    obj_xwr16xx/
       main_dss.oe674             7360    3084      13420  
       mailbox.oe674              3808    112       80     
       mailbox_xwr16xx.oe674      0       0         48     
    +--+--------------------------+-------+---------+---------+
       Total:                     11168   3196      13548  
                                                           
    /home/gtbldadm/nightlybuilds/mmwave_sdk/scripts/jenkins/../../ti/drivers/osal/lib/libosal_xwr16xx.ae674
       SemaphoreP_tirtos.oe674    256     32        0      
       HwiP_tirtos.oe674          256     28        0      
       MemoryP_tirtos.oe674       64      0         0      
       DebugP_tirtos.oe674        32      0         0      
    +--+--------------------------+-------+---------+---------+
       Total:                     608     60        0      
                                                           
    /home/gtbldadm/nightlybuilds/mmwave_sdk/scripts/jenkins/../../ti/drivers/soc/lib/libsoc_xwr16xx.ae674
       soc.oe674                  704     0         0      
       soc_xwr16xx.oe674          416     0         0      
       soc_xwr16xx_dss.oe674      320     60        24     
    +--+--------------------------+-------+---------+---------+
       Total:                     1440    60        24     
                                                           
    /home/gtbldadm/nightlybuilds/mmwave_sdk/scripts/jenkins/../../ti/utils/testlogger/lib/libtestlogger_xwr16xx.ae674
       logger.oe674               704     148       12     
    +--+--------------------------+-------+---------+---------+
       Total:                     704     148       12     
                                                           
    /home/gtbldadm/nightlybuilds/mmwave_sdk/ti/drivers/mailbox/test/xwr16xx/test_mss_dss_msg_exchange/dss_configPkg_xwr16xx/package/cfg/dss_pe674.src/sysbios/sysbios.ae674
       BIOS.obj                   33696   1304      0      
       c64p_Hwi_disp_always.obj   512     0         0      
       c64p_Exception_asm.obj     384     0         0      
       c62_TaskSupport_asm.obj    224     0         0      
       c64p_Hwi_asm_switch.obj    192     0         0      
       c64p_Hwi_asm.obj           160     0         0      
    +--+--------------------------+-------+---------+---------+
       Total:                     35168   1304      0      
                                                           
    /opt/ti/bios_6_73_01_01/packages/ti/targets/rts6000/lib/boot.ae674
       autoinit.oe674             288     0         0      
       boot.oe674                 160     0         0      
    +--+--------------------------+-------+---------+---------+
       Total:                     448     0         0      
                                                           
    /opt/ti/bios_6_73_01_01/packages/ti/targets/rts6000/lib/ti.targets.rts6000.ae674
       System.oe674               3232    24        0      
       Text.oe674                 1824    64        0      
       Error.oe674                1152    88        0      
       Startup.oe674              896     44        0      
       Core-mem.oe674             896     0         0      
       Memory.oe674               448     0         0      
       Core-smem.oe674            416     0         0      
       SysStd.oe674               224     0         0      
       Assert.oe674               192     4         0      
       Core-params.oe674          160     0         0      
       Core-label.oe674           128     0         0      
       Gate.oe674                 64      0         0      
       Registry.oe674             64      0         0      
    +--+--------------------------+-------+---------+---------+
       Total:                     9696    224       0      
                                                           
    /opt/ti/ti-cgt-c6000_8.3.3/lib/rts6740_elf.lib
       _printfi.c.obj             13440   92        0      
       divd.c.obj                 1536    0         0      
       defs.c.obj                 0       0         804    
       fputs.c.obj                800     0         0      
       imath64.c.obj              704     0         0      
       trgmsg.c.obj               224     0         288    
       fputc.c.obj                480     0         0      
       frexp.c.obj                448     0         0      
       getdevice.c.obj            448     0         0      
       imath40.c.obj              448     0         0      
       ldexp.c.obj                448     0         0      
       setvbuf.c.obj              448     0         0      
       fflush.c.obj               416     0         0      
       hostrename.c.obj           416     0         0      
       write.c.obj                96      0         280    
       snprintf.c.obj             320     0         0      
       printf.c.obj               288     0         0      
       exit.c.obj                 256     0         12     
       ctype.c.obj                0       257       0      
       atoi.c.obj                 256     0         0      
       fclose.c.obj               256     0         0      
       fseek.c.obj                256     0         0      
       hostopen.c.obj             224     0         8      
       _io_perm.c.obj             224     0         0      
       _ltoa.c.obj                224     0         0      
       close.c.obj                224     0         0      
       hostlseek.c.obj            224     0         0      
       hostwrite.c.obj            224     0         0      
       llshift.c.obj              224     0         0      
       memset.c.obj               224     0         0      
       divu.asm.obj               192     0         0      
       hostread.c.obj             192     0         0      
       hostunlink.c.obj           192     0         0      
       tls.c.obj                  192     0         0      
       fopen.c.obj                160     0         0      
       hostclose.c.obj            160     0         0      
       memcpy64.asm.obj           160     0         0      
       remu.asm.obj               160     0         0      
       unlink.c.obj               128     0         0      
       _lock.c.obj                96      0         8      
       lseek.c.obj                96      0         0      
       memccpy.c.obj              96      0         0      
       args_main.c.obj            64      0         0      
       frcmpyd_div.c.obj          64      0         0      
       isinf.c.obj                64      0         0      
       push.asm.obj               64      0         0      
       wcslen.c.obj               64      0         0      
       errno.c.obj                32      0         4      
       signbit.c.obj              32      0         0      
    +--+--------------------------+-------+---------+---------+
       Total:                     25984   349       1404   
                                                           
       Stack:                     0       0         4096   
    +--+--------------------------+-------+---------+---------+
       Grand Total:               90208   13665     56066  


GLOBAL SYMBOLS: SORTED ALPHABETICALLY BY Name 

address   name                                                         
-------   ----                                                         
[...]
0080d680  ti_sysbios_family_c64p_Cache_EMIFB_CFG__C                    
0080d684  ti_sysbios_family_c64p_Cache_EMIFB_LENGTH__C                 
0080d688  ti_sysbios_family_c64p_Cache_EMIFC_BASE__C                   
0080d68c  ti_sysbios_family_c64p_Cache_EMIFC_CFG__C                    
0080d690  ti_sysbios_family_c64p_Cache_EMIFC_LENGTH__C                 
0080d694  ti_sysbios_family_c64p_Cache_E_invalidL1CacheSize__C         
0080d698  ti_sysbios_family_c64p_Cache_E_invalidL2CacheSize__C         
0080d69c  ti_sysbios_family_c64p_Cache_MAR0_31__C                      
0080d6a0  ti_sysbios_family_c64p_Cache_MAR128_159__C                   
0080d6a4  ti_sysbios_family_c64p_Cache_MAR160_191__C                   
0080d6a8  ti_sysbios_family_c64p_Cache_MAR192_223__C                   
0080d6ac  ti_sysbios_family_c64p_Cache_MAR224_255__C                   
0080d6b0  ti_sysbios_family_c64p_Cache_MAR32_63__C                     
0080d6b4  ti_sysbios_family_c64p_Cache_MAR64_95__C                     
0080d6b8  ti_sysbios_family_c64p_Cache_MAR96_127__C                    
0080d6bc  ti_sysbios_family_c64p_EventCombiner_A_invalidEventId__C     
0080d6c0  ti_sysbios_family_c64p_EventCombiner_EVTRegs__C              
0080d6c4  ti_sysbios_family_c64p_EventCombiner_E_unpluggedEvent__C     
0080d6c8  ti_sysbios_family_c64p_EventCombiner_Module__diagsEnabled__C 
0080d6cc  ti_sysbios_family_c64p_EventCombiner_Module__diagsIncluded__C
0080d6d0  ti_sysbios_family_c64p_EventCombiner_Module__diagsMask__C    
0080d6d4  ti_sysbios_family_c64p_Exception_E_exceptionMax__C           
0080d6d8  ti_sysbios_family_c64p_Exception_exceptionHook__C            
0080d6dc  ti_sysbios_family_c64p_Exception_externalHook__C             
0080d6e0  ti_sysbios_family_c64p_Exception_internalHook__C             
0080d6e4  ti_sysbios_family_c64p_Exception_nmiHook__C                  
0080d6e8  ti_sysbios_family_c64p_Hwi_E_alreadyDefined__C               
0080d6ec  ti_sysbios_family_c64p_Hwi_E_handleNotFound__C               
0080d6f0  ti_sysbios_family_c64p_Hwi_E_invalidIntNum__C                
0080d6f4  ti_sysbios_family_c64p_Hwi_INTRMUX1Address__C                
0080d6f8  ti_sysbios_family_c64p_Hwi_LD_end__C                         
0080d6fc  ti_sysbios_family_c64p_Hwi_LM_begin__C                       
0080d700  ti_sysbios_family_c64p_Hwi_Module__diagsEnabled__C           
0080d704  ti_sysbios_family_c64p_Hwi_Module__diagsIncluded__C          
0080d708  ti_sysbios_family_c64p_Hwi_Module__diagsMask__C              
0080d70c  ti_sysbios_family_c64p_Hwi_Module__loggerFxn1__C             
0080d710  ti_sysbios_family_c64p_Hwi_Module__loggerFxn8__C             
0080d714  ti_sysbios_family_c64p_Hwi_Module__loggerObj__C              
0080d718  ti_sysbios_gates_GateMutex_A_badContext__C                   
0080d71c  ti_sysbios_gates_GateMutex_Instance_State_sem__O             
0080d720  ti_sysbios_gates_GateMutex_Module__diagsEnabled__C           
0080d724  ti_sysbios_gates_GateMutex_Module__diagsIncluded__C          
0080d728  ti_sysbios_gates_GateMutex_Module__diagsMask__C              
0080d72c  ti_sysbios_hal_Hwi_E_stackOverflow__C                        
0080d730  ti_sysbios_heaps_HeapBuf_Instance_State_freeList__O          
0080d734  ti_sysbios_heaps_HeapBuf_Object__count__C                    
0080d738  ti_sysbios_heaps_HeapBuf_numConstructedHeaps__C              
0080d73c  ti_sysbios_heaps_HeapMem_A_align__C                          
0080d740  ti_sysbios_heaps_HeapMem_A_heapSize__C                       
0080d744  ti_sysbios_heaps_HeapMem_A_invalidFree__C                    
0080d748  ti_sysbios_heaps_HeapMem_A_zeroBlock__C                      
0080d74c  ti_sysbios_heaps_HeapMem_E_memory__C                         
0080d750  ti_sysbios_heaps_HeapMem_Module__diagsEnabled__C             
0080d754  ti_sysbios_heaps_HeapMem_Module__diagsIncluded__C            
0080d758  ti_sysbios_heaps_HeapMem_Module__diagsMask__C                
0080d75c  ti_sysbios_heaps_HeapMem_Module__gateObj__C                  
0080d760  ti_sysbios_heaps_HeapMem_Object__count__C                    
0080d764  ti_sysbios_heaps_HeapMem_reqAlign__C                         
0080d768  ti_sysbios_knl_Clock_LM_begin__C                             
0080d76c  ti_sysbios_knl_Clock_LM_tick__C                              
0080d770  ti_sysbios_knl_Clock_LW_delayed__C                           
0080d774  ti_sysbios_knl_Clock_Module_State_clockQ__O                  
0080d778  ti_sysbios_knl_Clock_Module__diagsEnabled__C                 
0080d77c  ti_sysbios_knl_Clock_Module__diagsIncluded__C                
0080d780  ti_sysbios_knl_Clock_Module__diagsMask__C                    
0080d784  ti_sysbios_knl_Clock_Module__loggerFxn1__C                   
0080d788  ti_sysbios_knl_Clock_Module__loggerFxn2__C                   
0080d78c  ti_sysbios_knl_Clock_Module__loggerObj__C                    
0080d790  ti_sysbios_knl_Idle_funcList__A                              
0080d794  ti_sysbios_knl_Semaphore_A_badContext__C                     
0080d798  ti_sysbios_knl_Semaphore_A_noEvents__C                       
0080d79c  ti_sysbios_knl_Semaphore_A_overflow__C                       
0080d7a0  ti_sysbios_knl_Semaphore_A_pendTaskDisabled__C               
0080d7a4  ti_sysbios_knl_Semaphore_Instance_State_pendQ__O             
0080d7a8  ti_sysbios_knl_Semaphore_LM_pend__C                          
0080d7ac  ti_sysbios_knl_Semaphore_LM_post__C                          
0080d7b0  ti_sysbios_knl_Semaphore_Module__diagsEnabled__C             
0080d7b4  ti_sysbios_knl_Semaphore_Module__diagsIncluded__C            
0080d7b8  ti_sysbios_knl_Semaphore_Module__diagsMask__C                
0080d7bc  ti_sysbios_knl_Semaphore_Module__loggerFxn2__C               
0080d7c0  ti_sysbios_knl_Semaphore_Module__loggerFxn4__C               
0080d7c4  ti_sysbios_knl_Semaphore_Module__loggerObj__C                
0080d7c8  ti_sysbios_knl_Swi_LD_end__C                                 
0080d7cc  ti_sysbios_knl_Swi_LM_begin__C                               
0080d7d0  ti_sysbios_knl_Swi_LM_post__C                                
0080d7d4  ti_sysbios_knl_Swi_Module__diagsEnabled__C                   
0080d7d8  ti_sysbios_knl_Swi_Module__diagsIncluded__C                  
0080d7dc  ti_sysbios_knl_Swi_Module__diagsMask__C                      
0080d7e0  ti_sysbios_knl_Swi_Module__loggerFxn1__C                     
0080d7e4  ti_sysbios_knl_Swi_Module__loggerFxn4__C                     
0080d7e8  ti_sysbios_knl_Swi_Module__loggerObj__C                      
0080d7ec  ti_sysbios_knl_Swi_Object__count__C                          
0080d7f0  ti_sysbios_knl_Task_A_badPriority__C                         
0080d7f4  ti_sysbios_knl_Task_A_badTaskState__C                        
0080d7f8  ti_sysbios_knl_Task_A_badThreadType__C                       
0080d7fc  ti_sysbios_knl_Task_A_badTimeout__C                          
0080d800  ti_sysbios_knl_Task_A_noPendElem__C                          
0080d804  ti_sysbios_knl_Task_A_sleepTaskDisabled__C                   
0080d808  ti_sysbios_knl_Task_E_spOutOfBounds__C                       
0080d80c  ti_sysbios_knl_Task_E_stackOverflow__C                       
0080d810  ti_sysbios_knl_Task_LD_block__C                              
0080d814  ti_sysbios_knl_Task_LD_exit__C                               
0080d818  ti_sysbios_knl_Task_LD_ready__C                              
0080d81c  ti_sysbios_knl_Task_LM_sleep__C                              
0080d820  ti_sysbios_knl_Task_LM_switch__C                             
0080d824  ti_sysbios_knl_Task_LM_yield__C                              
0080d828  ti_sysbios_knl_Task_Module_State_inactiveQ__O                
0080d82c  ti_sysbios_knl_Task_Module__diagsEnabled__C                  
0080d830  ti_sysbios_knl_Task_Module__diagsIncluded__C                 
0080d834  ti_sysbios_knl_Task_Module__diagsMask__C                     
0080d838  ti_sysbios_knl_Task_Module__loggerFxn2__C                    
0080d83c  ti_sysbios_knl_Task_Module__loggerFxn4__C                    
0080d840  ti_sysbios_knl_Task_Module__loggerObj__C                     
0080d844  ti_sysbios_knl_Task_Object__count__C                         
0080d848  ti_sysbios_knl_Task_allBlockedFunc__C                        
0080d84c  ti_sysbios_knl_Task_defaultStackHeap__C                      
0080d850  ti_sysbios_knl_Task_defaultStackSize__C                      
0080d854  ti_sysbios_knl_Task_numConstructedTasks__C                   
0080d858  ti_sysbios_timers_rti_Timer_E_cannotSupport__C               
0080d85c  ti_sysbios_timers_rti_Timer_Module__diagsEnabled__C          
0080d860  ti_sysbios_timers_rti_Timer_Module__diagsIncluded__C         
0080d864  ti_sysbios_timers_rti_Timer_Module__diagsMask__C             
0080d868  ti_sysbios_timers_rti_Timer_numTimerDevices__C               
0080d86c  ti_sysbios_timers_rti_Timer_startupNeeded__C                 
0080d870  xdc_runtime_Assert_E_assertFailed__C                         
0080d874  xdc_runtime_Core_A_initializedParams__C                      
0080d878  xdc_runtime_Core_Module__diagsEnabled__C                     
0080d87c  xdc_runtime_Core_Module__diagsIncluded__C                    
0080d880  xdc_runtime_Core_Module__diagsMask__C                        
0080d884  xdc_runtime_Error_E_memory__C                                
0080d888  xdc_runtime_Error_Module__diagsEnabled__C                    
0080d88c  xdc_runtime_Error_Module__diagsIncluded__C                   
0080d890  xdc_runtime_Error_Module__diagsMask__C                       
0080d894  xdc_runtime_Error_Module__loggerFxn8__C                      
0080d898  xdc_runtime_Error_Module__loggerObj__C                       
0080d89c  xdc_runtime_Error_policyFxn__C                               
0080d8a0  xdc_runtime_Error_policy__C                                  
0080d8a4  xdc_runtime_Error_raiseHook__C                               
0080d8a8  xdc_runtime_IGateProvider_Interface__BASE__C                 
0080d8ac  xdc_runtime_IHeap_Interface__BASE__C                         
0080d8b0  xdc_runtime_IModule_Interface__BASE__C                       
0080d8b4  xdc_runtime_Log_L_error__C                                   
0080d8b8  xdc_runtime_Memory_defaultHeapInstance__C                    
0080d8bc  xdc_runtime_Startup_execImpl__C                              
0080d8c0  xdc_runtime_Startup_maxPasses__C                             
0080d8c4  xdc_runtime_Startup_sfxnRts__C                               
0080d8c8  xdc_runtime_Startup_sfxnTab__C                               
0080d8cc  xdc_runtime_System_Module__gateObj__C                        
0080d8d0  xdc_runtime_System_abortFxn__C                               
0080d8d4  xdc_runtime_System_exitFxn__C                                
0080d8d8  xdc_runtime_System_extendFxn__C                              
0080d8dc  xdc_runtime_System_maxAtexitHandlers__C                      
0080d8e0  xdc_runtime_Text_charTab__C                                  
0080d8e4  xdc_runtime_Text_nameEmpty__C                                
0080d8e8  xdc_runtime_Text_nameStatic__C                               
0080d8ec  xdc_runtime_Text_nameUnknown__C                              
0080d8f0  xdc_runtime_Text_nodeTab__C                                  
0080d8f4  xdc_runtime_Text_visitRopeFxn__C                             
0080d8f8  ti_sysbios_family_c64p_Exception_useInternalBuffer__C        
0080d8fa  ti_sysbios_family_c64p_Hwi_Module__id__C                     
0080d8fc  ti_sysbios_family_c64p_Hwi_Module__loggerDefined__C          
0080d8fe  ti_sysbios_gates_GateMutex_Module__id__C                     
0080d900  ti_sysbios_hal_Hwi_Module__id__C                             
0080d902  ti_sysbios_heaps_HeapMem_Module__id__C                       
0080d904  ti_sysbios_knl_Clock_Module__id__C                           
0080d906  ti_sysbios_knl_Clock_Module__loggerDefined__C                
0080d908  ti_sysbios_knl_Semaphore_Module__id__C                       
0080d90a  ti_sysbios_knl_Semaphore_Module__loggerDefined__C            
0080d90c  ti_sysbios_knl_Swi_Module__id__C                             
0080d90e  ti_sysbios_knl_Swi_Module__loggerDefined__C                  
0080d910  ti_sysbios_knl_Task_Module__id__C                            
0080d912  ti_sysbios_knl_Task_Module__loggerDefined__C                 
0080d914  ti_sysbios_timers_rti_Timer_Module__id__C                    
0080d916  ti_sysbios_timers_rti_Timer_continueOnSuspend__C             
0080d918  xdc_runtime_Core_Module__id__C                               
0080d91a  xdc_runtime_Error_Module__loggerDefined__C                   
0080d91c  xdc_runtime_Error_maxDepth__C                                
0080d91e  xdc_runtime_Main_Module__id__C                               
0080d920  xdc_runtime_Memory_Module__id__C                             
0080d922  xdc_runtime_Text_charCnt__C                                  
0080d924  xdc_runtime_Text_isLoaded__C                                 
0080d926  xdc_runtime_Text_registryModsLastId__C                       
0080d928  xdc_runtime_Text_unnamedModsLastId__C                        
0080d92c  __TI_STATIC_BASE                                             
0080d92c  socHandle                                                    
0080d930  ti_sysbios_knl_Task_Instance_State_0_stack__A                
0080e130  rxBigData                                                    
0080e930  txBigData                                                    
0080f130  __TI_tmpnams                                                 
0080f270  handleArray                                                  
0080f290  multiChTaskHandle                                            
0080f2b0  parmbuf                                                      
0080f2b8  _stack                                                       
008102b8  __TI_STACK_END                                               
008102b8  ti_sysbios_family_c64p_EventCombiner_Module__state__V        
008106b8  _ftable                                                      
00810898  _stream                                                      
00810938  ti_sysbios_knl_Swi_Module_State_0_readyQ__A                  
008109b8  ti_sysbios_knl_Task_Module_State_0_readyQ__A                 
00810a38  _device                                                      
00810ab0  ti_sysbios_family_c64p_Hwi_Module__state__V                  
00810b1c  _lock                                                        
00810b20  ti_sysbios_knl_Task_Object__table__V                         
00810b7c  gMailboxMCB                                                  
00810bcc  ti_sysbios_knl_Task_Module__state__V                         
00810c14  _unlock                                                      
00810c18  ti_sysbios_gates_GateMutex_Object__table__V                  
00810c58  ti_sysbios_timers_rti_Timer_Object__table__V                 
00810c94  ti_sysbios_family_c64p_Exception_Module__state__V            
00810cc4  __TI_ft_end                                                  
00810cc8  ti_sysbios_knl_Swi_Object__table__V                          
00810cf8  ti_sysbios_knl_Clock_Module__state__V                        
00810d24  ti_sysbios_BIOS_Module__state__V                             
00810d48  xdc_runtime_Error_IgnoreBlock                                
00810d68  xdc_runtime_System_Module_State_0_atexitHandlers__A          
00810d88  ti_sysbios_knl_Swi_Module__state__V                          
00810da4  gMailboxDssBssHwCfg                                          
00810dbc  gMailboxDssMssHwCfg                                          
00810dd4  gSOCHwAttrib                                                 
00810dec  __errno                                                      
00810dec  errno                                                        
00810df0  ti_sysbios_family_c64p_Hwi_Object__table__V                  
00810e08  ti_sysbios_heaps_HeapMem_Object__table__V                    
00810e20  ti_sysbios_timers_rti_Timer_Module_State_0_device__A         
00810e38  ti_sysbios_timers_rti_Timer_Module_State_0_intFreqs__A       
00810e48  ti_sysbios_timers_rti_Timer_Module__state__V                 
00810e58  __TI_cleanup_ptr                                             
00810e5c  __TI_dtors_ptr                                               
00810e60  __TI_enable_exit_profile_output                              
00810e64  ti_sysbios_family_c64p_Hwi_Module__root__V                   
00810e6c  ti_sysbios_gates_GateHwi_Module__root__V                     
00810e74  ti_sysbios_gates_GateMutex_Module__root__V                   
00810e7c  ti_sysbios_family_c64p_Cache_Module__state__V                
00810e80  ti_sysbios_hal_Hwi_Object__table__V                          
00810e88  ti_sysbios_heaps_HeapMem_Module__root__V                     
00810e90  ti_sysbios_knl_Queue_Module__root__V                         
00810e98  ti_sysbios_knl_Semaphore_Module__root__V                     
00810ea0  ti_sysbios_knl_Task_Module__root__V                          
00810ea8  ti_sysbios_timers_rti_Timer_Module_State_0_handles__A        
00810eb0  xdc_runtime_Registry_Module__state__V                        
00810eb8  xdc_runtime_Startup_Module__state__V                         
00810ec0  xdc_runtime_System_Module__state__V                          
00810ec8  ti_sysbios_gates_GateHwi_Object__table__V                    
00810ecc  ti_sysbios_heaps_HeapBuf_Module__state__V                    
00810ed0  ti_sysbios_knl_Task_Module_State_0_idleTask__A               
00810ed4  xdc_runtime_Memory_Module__state__V                          
00810ed8  xdc_runtime_Error_Module__state__V                           
00810ee0  __CIOBUF_                                                    
00811000  gMCPILogMessageSize                                          
00811004  testAppCallbackFlag                                          
00811008  testAppCallbackFlag1                                         
0081100c  testAppCallbackFlag3                                         
00811010  gTestPatternWordSend_0                                       
00811014  gTestPatternWordSend_1                                       
00811018  gTestPatternWordSend_2                                       
0081101c  gTestPatternWordSend_3                                       
00811020  gTestPatternWordReceive_0                                    
00811024  gTestPatternWordReceive_1                                    
00811028  gTestPatternWordReceive_2                                    
0081102c  gTestPatternWordReceive_3                                    
00811030  gTestFailFlag                                                
00811034  MCPI_Result                                                  
00811038  MCPI_FailSignature                                           
ffffffff  __TI_pprof_out_hndl                                          
ffffffff  __TI_prof_data_size                                          
ffffffff  __TI_prof_data_start                                         
ffffffff  __binit__                                                    
ffffffff  __c_args__                                                   
ffffffff  binit                                                        
UNDEFED   __TI_CINIT_Base                                              
UNDEFED   __TI_CINIT_Limit                                             
UNDEFED   __TI_Handler_Table_Base                                      
UNDEFED   __TI_Handler_Table_Limit                                     
UNDEFED   __TI_INITARRAY_Base                                          
UNDEFED   __TI_INITARRAY_Limit                                         
UNDEFED   __TI_TLS_INIT_Base                                           
UNDEFED   __TI_TLS_INIT_Limit                                          

[717 symbols]
