******************************************************************************
               TMS320C6x Linker Unix v8.3.3                    
******************************************************************************
>> Linked Tue Mar 31 00:39:43 2020

OUTPUT FILE NAME:   <test/xwr68xx/full/xwr68xx_mmwave_full_dss.xe674>
ENTRY POINT SYMBOL: "_c_int00"  address: 007fdc00


MEMORY CONFIGURATION

         name            origin    length      used     unused   attr    fill
----------------------  --------  ---------  --------  --------  ----  --------
PAGE 0:
  L2SRAM_UMAP1          007e0000   00020000  00020000  00000000  RWIX
  L2SRAM_UMAP0          00800000   00020000  00013f35  0000c0cb  RWIX
  L1PSRAM               00e00000   00004000  00000000  00004000  RWIX
  L1DSRAM               00f00000   00004000  00000000  00004000  RWIX
  L3SRAM                20000000   000c0000  00000000  000c0000  RWIX
  HWA_RAM               21030000   00010000  00000000  00010000  RWIX
  HSRAM                 21080000   00008000  00000000  00008000  RWIX

PAGE 1:
  L3SRAM                20000000   000c0000  00000000  000c0000  RWIX


SEGMENT ALLOCATION MAP

run origin  load origin   length   init length attrs members
----------  ----------- ---------- ----------- ----- -------
007e0000    007e0000    00020000   00020000    r-x
  007e0000    007e0000    00000200   00000200    r-x .vecs
  007e0200    007e0200    0001fe00   0001fe00    r-x .text.1
00800000    00800000    0000a400   00000000    rw-
  00800000    00800000    00008000   00000000    rw- systemHeap
  00808000    00808000    00002400   00000000    rw- .MCPILogBuffer
0080a400    0080a400    00006ea8   00006ea8    r-x
  0080a400    0080a400    00002be0   00002be0    r-x .text.2
  0080cfe0    0080cfe0    000042c2   000042c2    r-- .const
  008112a4    008112a4    00000004   00000004    r-- .rodata
008112a8    008112a8    00002b88   00001012    rw-
  008112a8    008112a8    00001012   00001012    rw- .fardata
  008122c0    008122c0    00001000   00000000    rw- .stack
  008132c0    008132c0    00000a50   00000000    rw- .far
  00813d10    00813d10    00000120   00000000    rw- .cio
00813e30    00813e30    000000d4   000000d4    r--
  00813e30    00813e30    000000d4   000000d4    r-- .switch
00813f04    00813f04    00000039   0000002c    rw-
  00813f04    00813f04    0000002c   0000002c    rw- .neardata
  00813f30    00813f30    0000000d   00000000    rw- .bss


SECTION ALLOCATION MAP

 output                                  attributes/
section   page    origin      length       input sections
--------  ----  ----------  ----------   ----------------
xdc.meta   0    00000000    00000110     COPY SECTION
                  00000000    00000110     dss_pe674.oe674 (xdc.meta)

.vecs      0    007e0000    00000200     
                  007e0000    00000200     dss_pe674.oe674 (.vecs)

systemHeap 
*          0    00800000    00008000     UNINITIALIZED
                  00800000    00008000     dss_pe674.oe674 (systemHeap)

.MCPILogBuffer 
*          0    00808000    00002400     UNINITIALIZED
                  00808000    00002400     main_full_dss.oe674 (.MCPILogBuffer)

.rodata    0    008112a4    00000004     
                  008112a4    00000004     dss_pe674.oe674 (.rodata)

.stack     0    008122c0    00001000     UNINITIALIZED
                  008122c0    00000008     boot.ae674 : boot.oe674 (.stack)
                  008122c8    00000ff8     --HOLE--

.neardata 
*          0    00813f04    0000002c     
                  00813f04    0000001c     main_full_dss.oe674 (.neardata)
                  00813f20    0000000c     libtestlogger_xwr68xx.ae674 : logger.oe674 (.neardata)
                  00813f2c    00000004     libcrc_xwr68xx.ae674 : crc_xwr68xx.oe674 (.neardata)

.bss       0    00813f30    0000000d     UNINITIALIZED
                  00813f30    00000004     (.common:gMMWaveHandle)
                  00813f34    00000004     (.common:gTestSelection)
                  00813f38    00000004     (.common:socHandle)
                  00813f3c    00000001     (.common:gSaveRestoreChoice)

.cinit     0    00800000    00000000     UNINITIALIZED

.far       0    008132c0    00000a50     UNINITIALIZED
                  008132c0    00000800     dss_pe674.oe674 (.far:taskStackSection)
                  00813ac0    00000140     (.common:__TI_tmpnams)
                  00813c00    00000100     (.common:gMMWave_MCB)
                  00813d00    00000008     (.common:gMMWave_DualcoreMCB)
                  00813d08    00000008     (.common:parmbuf)

.text.1    0    007e0200    0001fe00     
                  007e0200    00001fe0     rts6740_elf.lib : _printfi.c.obj (.text:__TI_printfi)
                  007e21e0    00000b20     common_full.oe674 (.text:Test_mmWaveFullAPI)
                  007e2d00    000008a0     ti.targets.rts6000.ae674 : System.oe674 (.text:xdc_runtime_System_doPrint__I)
                  007e35a0    000007c0     sysbios.ae674 : BIOS.obj (.text:ti_sysbios_knl_Semaphore_pend__E)
                  007e3d60    000007a0     main_full_dss.oe674 (.text:Test9)
                  007e4500    00000780     sysbios.ae674 : BIOS.obj (.text:ti_sysbios_family_c64p_Exception_handler__I)
                  007e4c80    00000700     common_full.oe674 (.text:Mmwave_populateDefaultChirpControlCfg)
                  007e5380    00000660     rts6740_elf.lib : _printfi.c.obj (.text:_pconv_a)
                  007e59e0    00000620     sysbios.ae674 : BIOS.obj (.text:ti_sysbios_heaps_HeapMem_allocUnprotected__E)
                  007e6000    00000600     rts6740_elf.lib : divd.c.obj (.text:__c6xabi_divd)
                  007e6600    000005c0     sysbios.ae674 : BIOS.obj (.text:ti_sysbios_heaps_HeapMem_freeUnprotected__E)
                  007e6bc0    00000520                   : BIOS.obj (.text:ti_sysbios_knl_Task_Instance_finalize__E)
                  007e70e0    00000500     libmmwave_xwr68xx.ae674 : mmwave_dualcore.oe674 (.text:MMWave_deviceExecuteFxn)
                  007e75e0    00000500     main_full_dss.oe674 (.text:Test7)
                  007e7ae0    000004e0     main_full_dss.oe674 (.text:Test4)
                  007e7fc0    000004e0     sysbios.ae674 : BIOS.obj (.text:ti_sysbios_knl_Task_sleep__E)
                  007e84a0    000004c0     common_full.oe674 (.text:Mmwave_cfgFxn)
                  007e8960    000004a0     common_full.oe674 (.text:Mmwave_advancedFrameCfgFxn)
                  007e8e00    00000440     sysbios.ae674 : BIOS.obj (.text:ti_sysbios_timers_rti_Timer_Module_startup__E)
                  007e9240    00000420     libmailbox_xwr68xx.ae674 : mailbox.oe674 (.text:Mailbox_open)
                  007e9660    00000420     main_full_dss.oe674 (.text:Test2)
                  007e9a80    00000400     rts6740_elf.lib : _printfi.c.obj (.text:_pconv_g)
                  007e9e80    00000400     libmmwavelink_xwr68xx.ae674 : rl_driver.oe674 (.text:rlDriverRxHdrRead)
                  007ea280    000003e0     sysbios.ae674 : BIOS.obj (.text:ti_sysbios_knl_Task_Module_startup__E)
                  007ea660    000003c0     rts6740_elf.lib : fwrite.c.obj (.text:fwrite)
                  007eaa20    000003c0     sysbios.ae674 : BIOS.obj (.text:ti_sysbios_knl_Task_Instance_init__E)
                  007eade0    000003a0     libmmwave_xwr68xx.ae674 : mmwave_link.oe674 (.text:MMWave_openLink)
                  007eb180    00000360     libcrc_xwr68xx.ae674 : crc.oe674 (.text:CRC_open)
                  007eb4e0    00000360     libmmwavelink_xwr68xx.ae674 : rl_driver.oe674 (.text:rlDriverMsgRead)
                  007eb840    00000360     sysbios.ae674 : BIOS.obj (.text:ti_sysbios_knl_Semaphore_post__E)
                  007ebba0    00000340     main_full_dss.oe674 (.text:Test3)
                  007ebee0    00000340     main_full_dss.oe674 (.text:Test6)
                  007ec220    00000340     rts6740_elf.lib : fgets.c.obj (.text:_dofgets)
                  007ec560    00000320                     : fputs.c.obj (.text:fputs)
                  007ec880    00000300     libmmwave_xwr68xx.ae674 : mmwave_dualcore.oe674 (.text:MMWave_serializeCfg)
                  007ecb80    000002e0     libmmwavelink_xwr68xx.ae674 : rl_driver.oe674 (.text:rlDriverCmdSendRetry)
                  007ece60    000002e0     sysbios.ae674 : BIOS.obj (.text:ti_sysbios_heaps_HeapMem_Instance_init__E)
                  007ed140    000002c0     libmmwavelink_xwr68xx.ae674 : rl_driver.oe674 (.text:rlDriverCmdInvoke)
                  007ed400    000002c0     sysbios.ae674 : BIOS.obj (.text:ti_sysbios_knl_Clock_workFunc__E)
                  007ed6c0    000002a0     libcrc_xwr68xx.ae674 : crc.oe674 (.text:CRC_computeSignature)
                  007ed960    000002a0     main_full_dss.oe674 (.text:Test8)
                  007edc00    000002a0     rts6740_elf.lib : _printfi.c.obj (.text:_pconv_e)
                  007edea0    000002a0                     : _printfi.c.obj (.text:fcvt)
                  007ee140    00000280     sysbios.ae674 : BIOS.obj (.text:ti_sysbios_family_c64p_Cache_Module_startup__E)
                  007ee3c0    00000260     libtestlogger_xwr68xx.ae674 : logger.oe674 (.text:MCPI_setFeatureTestResult)
                  007ee620    00000260     rts6740_elf.lib : imath64.c.obj (.text:__c6xabi_divull)
                  007ee880    00000260     libmmwavelink_xwr68xx.ae674 : rl_driver.oe674 (.text:rlDriverInit)
                  007eeae0    00000260     sysbios.ae674 : BIOS.obj (.text:ti_sysbios_family_c64p_Cache_block__I)
                  007eed40    00000260                   : BIOS.obj (.text:ti_sysbios_family_c64p_Hwi_dispatchCore__I)
                  007eefa0    00000260     ti.targets.rts6000.ae674 : Startup.oe674 (.text:xdc_runtime_Startup_startMods__I)
                  007ef200    00000240     libmmwave_xwr68xx.ae674 : mmwave_link.oe674 (.text:MMWave_startLink)
                  007ef440    00000240     common_full.oe674 (.text:Mmwave_populateDefaultAdvancedControlCfg)
                  007ef680    00000240     rts6740_elf.lib : fread.c.obj (.text:fread)
                  007ef8c0    00000240     sysbios.ae674 : BIOS.obj (.text:ti_sysbios_family_c64p_EventCombiner_dispatch__E)
                  007efb00    00000240                   : BIOS.obj (.text:ti_sysbios_family_c64p_Exception_internalHandler__I)
                  007efd40    00000240                   : BIOS.obj (.text:ti_sysbios_timers_rti_Timer_getFreq__E)
                  007eff80    00000240     ti.targets.rts6000.ae674 : Core-mem.oe674 (.text:xdc_runtime_Core_createObject__I)
                  007f01c0    00000240     dss_pe674.oe674 (.text:xdc_runtime_System_printfExtend__I)
                  007f0400    00000220     libmailbox_xwr68xx.ae674 : mailbox.oe674 (.text:Mailbox_write)
                  007f0620    00000220     main_full_dss.oe674 (.text:Test5)
                  007f0840    00000220     rts6740_elf.lib : open.c.obj (.text:open)
                  007f0a60    00000220     sysbios.ae674 : BIOS.obj (.text:ti_sysbios_family_c64p_Hwi_reconfig__E)
                  007f0c80    00000220                   : BIOS.obj (.text:ti_sysbios_knl_Swi_run__I)
                  007f0ea0    00000200     libmmwave_xwr68xx.ae674 : mmwave_link.oe674 (.text:MMWave_initMMWaveLink)
                  007f10a0    00000200     rts6740_elf.lib : _printfi.c.obj (.text:_ltostr)
                  007f12a0    00000200     sysbios.ae674 : c64p_Hwi_disp_always.obj (.text:_ti_sysbios_family_c64p_Hwi_dispatchAlways)
                  007f14a0    00000200     libmmwavelink_xwr68xx.ae674 : rl_sensor.oe674 (.text:rlRfPhShiftCalibDataStore)
                  007f16a0    00000200     ti.targets.rts6000.ae674 : Error.oe674 (.text:xdc_runtime_Error_policyDefault__E)
                  007f18a0    000001e0     libmmwavelink_xwr68xx.ae674 : rl_driver.oe674 (.text:rlDriverRdVerifyMsg)
                  007f1a80    000001e0     sysbios.ae674 : BIOS.obj (.text:ti_sysbios_family_c64p_EventCombiner_dispatchPlug__E)
                  007f1c60    000001e0                   : BIOS.obj (.text:ti_sysbios_gates_GateMutex_enter__E)
                  007f1e40    000001e0                   : BIOS.obj (.text:ti_sysbios_knl_Task_exit__E)
                  007f2020    000001e0     ti.targets.rts6000.ae674 : Text.oe674 (.text:xdc_runtime_Text_putSite__E)
                  007f2200    000001c0     libmmwave_xwr68xx.ae674 : mmwave_link.oe674 (.text:MMWave_asyncEventHandler)
                  007f23c0    000001c0                             : mmwave_dualcore.oe674 (.text:MMWave_deviceInitFxn)
                  007f2580    000001c0     libmailbox_xwr68xx.ae674 : mailbox.oe674 (.text:Mailbox_read)
                  007f2740    000001c0     rts6740_elf.lib : imath40.c.obj (.text:__c6xabi_divul)
                  007f2900    000001c0                     : fopen.c.obj (.text:_openfile)
                  007f2ac0    000001c0                     : fputc.c.obj (.text:fputc)
                  007f2c80    000001c0                     : frexp.c.obj (.text:frexp)
                  007f2e40    000001c0                     : ldexp.c.obj (.text:ldexp)
                  007f3000    000001c0                     : setvbuf.c.obj (.text:setvbuf)
                  007f31c0    000001c0     sysbios.ae674 : BIOS.obj (.text:ti_sysbios_knl_Task_checkStacks__E)
                  007f3380    000001a0     rts6740_elf.lib : hostrename.c.obj (.text:HOSTrename)
                  007f3520    000001a0     libmmwavelink_xwr68xx.ae674 : rl_driver.oe674 (.text:rlDriverDeInit)
                  007f36c0    000001a0                                 : rl_driver.oe674 (.text:rlDriverMsgCmdReply)
                  007f3860    000001a0                                 : rl_driver.oe674 (.text:rlDriverMsgWrite)
                  007f3a00    000001a0                                 : rl_sensor.oe674 (.text:rlRfCalibDataStore)
                  007f3ba0    000001a0                                 : rl_sensor.oe674 (.text:rlRfPhShiftCalibDataRestore)
                  007f3d40    000001a0                                 : rl_sensor.oe674 (.text:rlSetChirpConfig)
                  007f3ee0    000001a0                                 : rl_sensor.oe674 (.text:rlSetMultiBpmChirpConfig)
                  007f4080    000001a0     sysbios.ae674 : BIOS.obj (.text:ti_sysbios_family_c64p_Cache_getL2InitSize__I)
                  007f4220    000001a0                   : BIOS.obj (.text:ti_sysbios_family_c64p_EventCombiner_disableEvent__E)
                  007f43c0    000001a0                   : BIOS.obj (.text:ti_sysbios_family_c64p_EventCombiner_enableEvent__E)
                  007f4560    000001a0                   : BIOS.obj (.text:ti_sysbios_heaps_HeapBuf_Module_startup__E)
                  007f4700    000001a0                   : BIOS.obj (.text:ti_sysbios_knl_Task_schedule__I)
                  007f48a0    000001a0                   : BIOS.obj (.text:ti_sysbios_timers_rti_Timer_startup__E)
                  007f4a40    000001a0     ti.targets.rts6000.ae674 : Core-smem.oe674 (.text:xdc_runtime_Core_constructObject__I)
                  007f4be0    00000180     libmmwave_xwr68xx.ae674 : mmwave_fullcfg.oe674 (.text:MMWave_flushCfg)
                  007f4d60    00000180                             : mmwave_fullcfg.oe674 (.text:MMWave_getChirpHandle)
                  007f4ee0    00000180                             : mmwave.oe674 (.text:MMWave_start)
                  007f5060    00000180     libmmwavelink_xwr68xx.ae674 : rl_sensor.oe674 (.text:rlSetProfileConfig)
                  007f51e0    00000180     sysbios.ae674 : c64p_Exception_asm.obj (.text)
                  007f5360    00000180                   : BIOS.obj (.text:ti_sysbios_knl_Task_postInit__I)
                  007f54e0    00000180                   : BIOS.obj (.text:ti_sysbios_knl_Task_startCore__E)
                  007f5660    00000160     libmmwave_xwr68xx.ae674 : mmwave_link.oe674 (.text:MMWave_computeCRC)
                  007f57c0    00000160                             : mmwave_link.oe674 (.text:MMWave_configBPM)
                  007f5920    00000160                             : mmwave_link.oe674 (.text:MMWave_configLink)
                  007f5a80    00000160                             : mmwave_link.oe674 (.text:MMWave_configureProfileChirp)
                  007f5be0    00000160     libmailbox_xwr68xx.ae674 : mailbox.oe674 (.text:Mailbox_close)
                  007f5d40    00000160     main_full_dss.oe674 (.text:MmwaveLink_initTask)
                  007f5ea0    00000160     libsoc_xwr68xx.ae674 : soc_xwr68xx.oe674 (.text:SOC_ungateClock)
                  007f6000    00000160     rts6740_elf.lib : _bufread.c.obj (.text:__TI_buff_read)
                  007f6160    00000160     libmmwavelink_xwr68xx.ae674 : rl_driver.oe674 (.text:rlDriverMsgReadCmdCtx)
                  007f62c0    00000160                                 : rl_driver.oe674 (.text:rlDriverWaitForResponse)
                  007f6420    00000160                                 : rl_sensor.oe674 (.text:rlRfCalibDataRestore)
                  007f6580    00000160                                 : rl_sensor.oe674 (.text:rlSetFrameConfig)
                  007f66e0    00000160     sysbios.ae674 : BIOS.obj (.text:ti_sysbios_family_c64p_Hwi_Module_startup__E)
                  007f6840    00000160                   : BIOS.obj (.text:ti_sysbios_knl_Swi_post__E)
                  007f69a0    00000160     ti.targets.rts6000.ae674 : Text.oe674 (.text:xdc_runtime_Text_putMod__E)
                  007f6b00    00000140     libmmwave_xwr68xx.ae674 : mmwave_fullcfg.oe674 (.text:MMWave_addChirp)
                  007f6c40    00000140                             : mmwave_fullcfg.oe674 (.text:MMWave_getBpmChirpHandle)
                  007f6d80    00000140                             : mmwave.oe674 (.text:MMWave_init)
                  007f6ec0    00000140     libsoc_xwr68xx.ae674 : soc.oe674 (.text:SOC_init)
                  007f7000    00000140     libmmwavelink_xwr68xx.ae674 : rl_device.oe674 (.text:rlDevicePowerOn)
                  007f7140    00000140                                 : rl_driver.oe674 (.text:rlDriverMsgReadSpawnCtx)
                  007f7280    00000140                                 : rl_sensor.oe674 (.text:rlSetAdvFrameConfig)
                  007f73c0    00000140     sysbios.ae674 : BIOS.obj (.text:ti_sysbios_family_c64p_Cache_getL1DInitSize__I)
                  007f7500    00000140                   : BIOS.obj (.text:ti_sysbios_family_c64p_Cache_getL1PInitSize__I)
                  007f7640    00000140                   : BIOS.obj (.text:ti_sysbios_knl_Semaphore_Instance_init__E)
                  007f7780    00000140                   : BIOS.obj (.text:ti_sysbios_knl_Task_blockI__E)
                  007f78c0    00000140                   : BIOS.obj (.text:ti_sysbios_timers_rti_Timer_initDevice__I)
                  007f7a00    00000140     ti.targets.rts6000.ae674 : Core-mem.oe674 (.text:xdc_runtime_Core_deleteObject__I)
                  007f7b40    00000140                              : Text.oe674 (.text:xdc_runtime_Text_putLab__E)
                  007f7c80    00000120     libmmwave_xwr68xx.ae674 : mmwave.oe674 (.text:MMWave_config)
                  007f7da0    00000120     common_full.oe674 (.text:Mmwave_populateDefaultAdvancedFrameProfileCfg)
                  007f7ec0    00000120     boot.ae674 : autoinit.oe674 (.text:_auto_init_elf)
                  007f7fe0    00000120     rts6740_elf.lib : _printfi.c.obj (.text:_pconv_f)
                  007f8100    00000120                     : fopen.c.obj (.text:fopen)
                  007f8220    00000120                     : getdevice.c.obj (.text:getdevice)
                  007f8340    00000120     libmmwavelink_xwr68xx.ae674 : rl_driver.oe674 (.text:rlDriverAsyncEventHandler)
                  007f8460    00000120                                 : rl_driver.oe674 (.text:rlDriverProcRdMsg)
                  007f8580    00000120     sysbios.ae674 : BIOS.obj (.text:ti_sysbios_family_c64p_Hwi_Instance_init__E)
                  007f86a0    00000120                   : BIOS.obj (.text:ti_sysbios_knl_Swi_restoreHwi__E)
                  007f87c0    00000120                   : BIOS.obj (.text:ti_sysbios_knl_Task_unblockI__E)
                  007f88e0    00000100     libmmwave_xwr68xx.ae674 : mmwave_fullcfg.oe674 (.text:MMWave_addBpmChirp)
                  007f89e0    00000100                             : mmwave_fullcfg.oe674 (.text:MMWave_addProfile)
                  007f8ae0    00000100                             : mmwave_link.oe674 (.text:MMWave_deinitLink)
                  007f8be0    00000100                             : mmwave_fullcfg.oe674 (.text:MMWave_delChirp)
                  007f8ce0    00000100                             : mmwave_fullcfg.oe674 (.text:MMWave_delProfile)
                  007f8de0    00000100                             : mmwave_dualcore.oe674 (.text:MMWave_deviceCfgAsyncEvent)
                  007f8ee0    00000100                             : mmwave_fullcfg.oe674 (.text:MMWave_getChirpCfg)
                  007f8fe0    00000100                             : mmwave_fullcfg.oe674 (.text:MMWave_getNumBpmChirp)
                  007f90e0    00000100                             : mmwave_fullcfg.oe674 (.text:MMWave_getNumProfiles)
                  007f91e0    00000100                             : mmwave_fullcfg.oe674 (.text:MMWave_getProfileHandle)
                  007f92e0    00000100                             : mmwave.oe674 (.text:MMWave_open)
                  007f93e0    00000100     libmailbox_xwr68xx.ae674 : mailbox.oe674 (.text:Mailbox_readFlush)
                  007f94e0    00000100     common_full.oe674 (.text:Mmwave_openFxn)
                  007f95e0    00000100     common_full.oe674 (.text:Mmwave_populateDefaultAdvancedFrameCfg)
                  007f96e0    00000100     libsoc_xwr68xx.ae674 : soc_xwr68xx_dss.oe674 (.text:SOC_deviceInit)
                  007f97e0    00000100     rts6740_elf.lib : fclose.c.obj (.text:__TI_closefile)
                  007f98e0    00000100                     : _printfi.c.obj (.text:_mcpy)
                  007f99e0    00000100                     : atoi.c.obj (.text:atoi)
                  007f9ae0    00000100                     : fflush.c.obj (.text:fflush)
                  007f9be0    00000100                     : fseek.c.obj (.text:fseek)
                  007f9ce0    00000100     main_full_dss.oe674 (.text:main)
                  007f9de0    00000100     libmmwavelink_xwr68xx.ae674 : rl_device.oe674 (.text:rlDeviceGetVersion)
                  007f9ee0    00000100                                 : rl_device.oe674 (.text:rlDevicePowerOff)
                  007f9fe0    00000100                                 : rl_driver.oe674 (.text:rlDriverClientCbCheck)
                  007fa0e0    00000100                                 : rl_driver.oe674 (.text:rlDriverOsiCbCheck)
                  007fa1e0    00000100     sysbios.ae674 : BIOS.obj (.text:ti_sysbios_family_c64p_Hwi_Instance_finalize__E)
                  007fa2e0    00000100                   : BIOS.obj (.text:ti_sysbios_knl_Swi_schedule__I)
                  007fa3e0    00000100     ti.targets.rts6000.ae674 : Error.oe674 (.text:xdc_runtime_Error_print__E)
                  007fa4e0    00000100                              : Memory.oe674 (.text:xdc_runtime_Memory_alloc__E)
                  007fa5e0    00000100                              : Startup.oe674 (.text:xdc_runtime_Startup_exec__E)
                  007fa6e0    000000e0     libcrc_xwr68xx.ae674 : crc.oe674 (.text:CRC_getTransactionId)
                  007fa7c0    000000e0     rts6740_elf.lib : hostlseek.c.obj (.text:HOSTlseek)
                  007fa8a0    000000e0                     : hostopen.c.obj (.text:HOSTopen)
                  007fa980    000000e0                     : hostwrite.c.obj (.text:HOSTwrite)
                  007faa60    000000e0     libmmwave_xwr68xx.ae674 : mmwave_fullcfg.oe674 (.text:MMWave_delBpmChirp)
                  007fab40    000000e0                             : mmwave_dualcore.oe674 (.text:MMWave_deviceCfgFxn)
                  007fac20    000000e0                             : mmwave_dualcore.oe674 (.text:MMWave_deviceOpenFxn)
                  007fad00    000000e0                             : mmwave_dualcore.oe674 (.text:MMWave_deviceStartFxn)
                  007fade0    000000e0                             : mmwave_fullcfg.oe674 (.text:MMWave_getProfileCfg)
                  007faec0    000000e0                             : mmwave_link.oe674 (.text:MMWave_stopLink)
                  007fafa0    000000e0     libmailbox_xwr68xx.ae674 : mailbox.oe674 (.text:Mailbox_boxFullISRMssDss)
                  007fb080    000000e0                              : mailbox.oe674 (.text:Mailbox_init)
                  007fb160    000000e0     rts6740_elf.lib : _ltoa.c.obj (.text:__TI_ltoa)
                  007fb240    000000e0                     : _io_perm.c.obj (.text:__TI_wrt_ok)
                  007fb320    000000e0                     : close.c.obj (.text:close)
                  007fb400    000000e0                     : exit.c.obj (.text:exit)
                  007fb4e0    000000e0                     : memset.c.obj (.text:memset)
                  007fb5c0    000000e0                     : printf.c.obj (.text:printf)
                  007fb6a0    000000e0     libmmwavelink_xwr68xx.ae674 : rl_driver.oe674 (.text:rlDriverHostIrqHandler)
                  007fb780    000000e0                                 : rl_driver.oe674 (.text:rlDriverValidateHdr)
                  007fb860    000000e0     sysbios.ae674 : BIOS.obj (.text:ti_sysbios_heaps_HeapMem_alloc__E)
                  007fb940    000000e0                   : BIOS.obj (.text:ti_sysbios_knl_Swi_runLoop__I)
                  007fba20    000000e0                   : BIOS.obj (.text:ti_sysbios_knl_Swi_startup__E)
                  007fbb00    000000e0     ti.targets.rts6000.ae674 : Text.oe674 (.text:xdc_runtime_Text_visitRope2__I)
                  007fbbe0    000000c0     libcrc_xwr68xx.ae674 : crc.oe674 (.text:CRC_getSignature)
                  007fbca0    000000c0     rts6740_elf.lib : hostread.c.obj (.text:HOSTread)
                  007fbd60    000000c0                     : hostunlink.c.obj (.text:HOSTunlink)
                  007fbe20    000000c0     libmmwave_xwr68xx.ae674 : mmwave.oe674 (.text:MMWave_close)
                  007fbee0    000000c0                             : mmwave.oe674 (.text:MMWave_deinit)
                  007fbfa0    000000c0                             : mmwave_dualcore.oe674 (.text:MMWave_deviceCloseFxn)
                  007fc060    000000c0                             : mmwave_dualcore.oe674 (.text:MMWave_deviceDeinitFxn)
                  007fc120    000000c0                             : mmwave_dualcore.oe674 (.text:MMWave_deviceEventFxn)
                  007fc1e0    000000c0                             : mmwave_dualcore.oe674 (.text:MMWave_deviceStopFxn)
                  007fc2a0    000000c0                             : mmwave_fullcfg.oe674 (.text:MMWave_getBpmChirpCfg)
                  007fc360    000000c0                             : mmwave_fullcfg.oe674 (.text:MMWave_getNumChirps)
                  007fc420    000000c0                             : mmwave_link.oe674 (.text:MMWave_initCRC)
                  007fc4e0    000000c0                             : mmwave_link.oe674 (.text:MMWave_initLink)
                  007fc5a0    000000c0                             : mmwave_link.oe674 (.text:MMWave_spawn)
                  007fc660    000000c0                             : mmwave.oe674 (.text:MMWave_stop)
                  007fc720    000000c0     libmailbox_xwr68xx.ae674 : mailbox.oe674 (.text:Mailbox_boxFullISRProcessing)
                  007fc7e0    000000c0     common_full.oe674 (.text:Mmwave_startFxn)
                  007fc8a0    000000c0     main_full_dss.oe674 (.text:Test_setupEventCombiner)
                  007fc960    000000c0     rts6740_elf.lib : divu.asm.obj (.text:__divu)
                  007fca20    000000c0                     : remi.asm.obj (.text:__remi)
                  007fcae0    000000c0     libmmwavelink_xwr68xx.ae674 : rl_driver.oe674 (.text:rlDriverCalChkSum)
                  007fcba0    000000c0                                 : rl_driver.oe674 (.text:rlDriverExecuteGetApi)
                  007fcc60    000000c0                                 : rl_driver.oe674 (.text:rlDriverExecuteSetApi)
                  007fcd20    000000c0                                 : rl_controller.oe674 (.text:rlGetSubBlock)
                  007fcde0    000000c0     dss_pe674.oe674 (.text:ti_sysbios_family_c64p_Hwi_create)
                  007fcea0    000000c0     sysbios.ae674 : BIOS.obj (.text:ti_sysbios_heaps_HeapMem_getStats__E)
                  007fcf60    000000c0                   : BIOS.obj (.text:ti_sysbios_knl_Clock_logTick__E)
                  007fd020    000000c0                   : BIOS.obj (.text:ti_sysbios_knl_Task_allBlockedFunction__I)
                  007fd0e0    000000c0     dss_pe674.oe674 (.text:ti_sysbios_knl_Task_create)
                  007fd1a0    000000c0     rts6740_elf.lib : tls.c.obj (.text:tls:init:__TI_tls_init)
                  007fd260    000000c0     ti.targets.rts6000.ae674 : Assert.oe674 (.text:xdc_runtime_Assert_raise__I)
                  007fd320    000000c0                              : Error.oe674 (.text:xdc_runtime_Error_setX__E)
                  007fd3e0    000000a0     rts6740_elf.lib : hostclose.c.obj (.text:HOSTclose)
                  007fd480    000000a0     libmmwave_xwr68xx.ae674 : mmwave.oe674 (.text:MMWave_execute)
                  007fd520    000000a0                             : mmwave_link.oe674 (.text:MMWave_executeLink)
                  007fd5c0    000000a0                             : mmwave_link.oe674 (.text:MMWave_mboxOpen)
                  007fd660    000000a0                             : mmwave.oe674 (.text:MMWave_sync)
                  007fd700    000000a0     libmailbox_xwr68xx.ae674 : mailbox.oe674 (.text:Mailbox_boxEmptyISRProcessing)
                  007fd7a0    000000a0     common_full.oe674 (.text:Mmwave_populateDefaultOpenCfg)
                  007fd840    000000a0     common_full.oe674 (.text:Mmwave_populateDefaultProfileCfg)
                  007fd8e0    000000a0     libsoc_xwr68xx.ae674 : soc.oe674 (.text:SOC_SystemISR)
                  007fd980    000000a0     rts6740_elf.lib : fopen.c.obj (.text:__TI_cleanup)
                  007fda20    000000a0                     : fflush.c.obj (.text:__TI_doflush)
                  007fdac0    000000a0                     : _io_perm.c.obj (.text:__TI_rd_ok)
                  007fdb60    000000a0                     : remu.asm.obj (.text:__remu)
                  007fdc00    000000a0     boot.ae674 : boot.oe674 (.text:_c_int00)
                  007fdca0    000000a0     rts6740_elf.lib : _printfi.c.obj (.text:_ecpy)
                  007fdd40    000000a0     sysbios.ae674 : c64p_Hwi_asm.obj (.text:_ti_sysbios_family_c64p_Hwi_plug__E)
                  007fdde0    000000a0     rts6740_elf.lib : getdevice.c.obj (.text:finddevice)
                  007fde80    000000a0                     : memcpy64.asm.obj (.text:memcpy)
                  007fdf20    000000a0     libmmwavelink_xwr68xx.ae674 : rl_controller.oe674 (.text:rlAppendSubBlock)
                  007fdfc0    000000a0                                 : rl_driver.oe674 (.text:rlDriverVerifyCRC)
                  007fe060    000000a0     sysbios.ae674 : BIOS.obj (.text:ti_sysbios_family_c64p_Exception_Module_startup__E)
                  007fe100    000000a0                   : BIOS.obj (.text:ti_sysbios_family_c64p_Hwi_dispatchC__I)
                  007fe1a0    000000a0                   : BIOS.obj (.text:ti_sysbios_family_c64p_Hwi_eventMap__E)
                  007fe240    000000a0                   : BIOS.obj (.text:ti_sysbios_family_c64p_Hwi_getStackInfo__E)
                  007fe2e0    000000a0     ti.targets.rts6000.ae674 : Core-params.oe674 (.text:xdc_runtime_Core_assignParams__I)
                  007fe380    000000a0                              : System.oe674 (.text:xdc_runtime_System_formatNum__I)
                  007fe420    000000a0                              : System.oe674 (.text:xdc_runtime_System_putchar__I)
                  007fe4c0    000000a0                              : Text.oe674 (.text:xdc_runtime_Text_printVisFxn__I)
                  007fe560    000000a0                              : Text.oe674 (.text:xdc_runtime_Text_xprintf__I)
                  007fe600    00000080     libmmwave_xwr68xx.ae674 : mmwave_link.oe674 (.text:MMWave_mboxWrite)
                  007fe680    00000080     libmailbox_xwr68xx.ae674 : mailbox.oe674 (.text:Mailbox_writeReset)
                  007fe700    00000080     common_full.oe674 (.text:Mmwave_eventFxn)
                  007fe780    00000080     common_full.oe674 (.text:Mmwave_populateDefaultAdvancedFrameChirpCfg)
                  007fe800    00000080     libosal_xwr68xx.ae674 : SemaphoreP_tirtos.oe674 (.text:SemaphoreP_create)
                  007fe880    00000080     rts6740_elf.lib : trgmsg.c.obj (.text:__TI_readmsg)
                  007fe900    00000080                     : llshift.c.obj (.text:__c6xabi_llshl)
                  007fe980    00000080                     : snprintf.c.obj (.text:_outs)
                  007fea00    00000080     sysbios.ae674 : c62_TaskSupport_asm.obj (.text:_ti_sysbios_family_c62_TaskSupport_swap__E)
                  007fea80    00000080     rts6740_elf.lib : fclose.c.obj (.text:fclose)
                  007feb00    00000080     libmmwavelink_xwr68xx.ae674 : rl_driver.oe674 (.text:rlDeviceIdentifyCmdDir)
                  007feb80    00000080                                 : rl_driver.oe674 (.text:rlDriverOsiInit)
                  007fec00    00000080     rts6740_elf.lib : snprintf.c.obj (.text:snprintf)
                  007fec80    00000080     dss_pe674.oe674 (.text:ti_sysbios_BIOS_atExitFunc__I)
                  007fed00    00000080     dss_pe674.oe674 (.text:ti_sysbios_BIOS_registerRTSLock__I)
                  007fed80    00000080     sysbios.ae674 : BIOS.obj (.text:ti_sysbios_family_c64p_Cache_invL1pAll__E)
                  007fee00    00000080     dss_pe674.oe674 (.text:ti_sysbios_gates_GateHwi_Object__create__S)
                  007fee80    00000080     dss_pe674.oe674 (.text:ti_sysbios_gates_GateMutex_Object__create__S)
                  007fef00    00000080     sysbios.ae674 : BIOS.obj (.text:ti_sysbios_hal_Hwi_checkStack)
                  007fef80    00000080     dss_pe674.oe674 (.text:ti_sysbios_heaps_HeapMem_Object__create__S)
                  007ff000    00000080     sysbios.ae674 : BIOS.obj (.text:ti_sysbios_heaps_HeapMem_init__I)
                  007ff080    00000080     dss_pe674.oe674 (.text:ti_sysbios_knl_Clock_doTick__I)
                  007ff100    00000080     sysbios.ae674 : BIOS.obj (.text:ti_sysbios_knl_Idle_run__E)
                  007ff180    00000080     dss_pe674.oe674 (.text:ti_sysbios_knl_Semaphore_create)
                  007ff200    00000080     sysbios.ae674 : BIOS.obj (.text:ti_sysbios_knl_Semaphore_pendTimeout__I)
                  007ff280    00000080                   : BIOS.obj (.text:ti_sysbios_knl_Task_processVitalTaskFlag__I)
                  007ff300    00000080     dss_pe674.oe674 (.text:ti_sysbios_rts_MemAlloc_alloc)
                  007ff380    00000080     sysbios.ae674 : BIOS.obj (.text:ti_sysbios_timers_rti_Timer_stop__E)
                  007ff400    00000080     rts6740_elf.lib : unlink.c.obj (.text:unlink)
                  007ff480    00000080     ti.targets.rts6000.ae674 : Core-label.oe674 (.text:xdc_runtime_Core_assignLabel__I)
                  007ff500    00000080                              : SysStd.oe674 (.text:xdc_runtime_SysStd_abort__E)
                  007ff580    00000080                              : System.oe674 (.text:xdc_runtime_System_atexit__E)
                  007ff600    00000080                              : System.oe674 (.text:xdc_runtime_System_avprintf__E)
                  007ff680    00000080                              : System.oe674 (.text:xdc_runtime_System_processAtExit__E)
                  007ff700    00000080                              : System.oe674 (.text:xdc_runtime_System_vprintf__E)
                  007ff780    00000060     libcrc_xwr68xx.ae674 : crc.oe674 (.text:CRC_close)
                  007ff7e0    00000060                          : crc.oe674 (.text:CRC_getCRCDataSelectBitValue)
                  007ff840    00000060                          : crc.oe674 (.text:CRC_getCRCTypeBitValue)
                  007ff8a0    00000060                          : crc.oe674 (.text:CRC_isTransactionIdValid)
                  007ff900    00000060                          : crc.oe674 (.text:CRC_resetSignature)
                  007ff960    00000060     libmmwave_xwr68xx.ae674 : mmwave.oe674 (.text:MMWave_decodeError)
                  007ff9c0    00000060                             : mmwave_listlib.oe674 (.text:MMWave_listCat)
                  007ffa20    00000060                             : mmwave_listlib.oe674 (.text:MMWave_listRemoveNode)
                  007ffa80    00000060                             : mmwave_osal.oe674 (.text:MMWave_osalMutexCreate)
                  007ffae0    00000060                             : mmwave_osal.oe674 (.text:MMWave_osalSemCreate)
                  007ffb40    00000060     libmailbox_xwr68xx.ae674 : mailbox.oe674 (.text:Mailbox_Config_init)
                  007ffba0    00000060     common_full.oe674 (.text:Mmwave_populateDefaultChirpCfg)
                  007ffc00    00000060     libsoc_xwr68xx.ae674 : soc_xwr68xx.oe674 (.text:SOC_setMMWaveDSSLinkState)
                  007ffc60    00000060                          : soc_xwr68xx.oe674 (.text:SOC_setMMWaveMSSLinkState)
                  007ffcc0    00000060                          : soc.oe674 (.text:SOC_unhaltBSS)
                  007ffd20    00000060                          : soc_xwr68xx_dss.oe674 (.text:SOC_waitBSSPowerUp)
                  007ffd80    00000060     rts6740_elf.lib : trgmsg.c.obj (.text:__TI_writemsg)
                  007ffde0    00000060                     : llshift.c.obj (.text:__c6xabi_llshru)
                  007ffe40    00000060                     : imath64.c.obj (.text:_subcull)
                  007ffea0    00000060     sysbios.ae674 : c64p_Hwi_asm_switch.obj (.text:_ti_sysbios_family_c64p_Hwi_switchAndDispatch__I)
                  007fff00    00000060                   : c64p_Hwi_asm_switch.obj (.text:_ti_sysbios_family_xxx_Hwi_switchAndRunFunc)
                  007fff60    00000060     rts6740_elf.lib : lseek.c.obj (.text:lseek)
                  007fffc0    00000040     libcrc_xwr68xx.ae674 : crc.oe674 (.text:CRC_getSignatureRegister)

.text.2    0    0080a400    00002be0     
                  0080a400    00000060     rts6740_elf.lib : memccpy.c.obj (.text:memccpy)
                  0080a460    00000060                     : read.c.obj (.text:read)
                  0080a4c0    00000060     libmmwavelink_xwr68xx.ae674 : rl_device.oe674 (.text:rlDeviceGetMssVersion)
                  0080a520    00000060                                 : rl_driver.oe674 (.text:rlDriverConstructInMsg)
                  0080a580    00000060                                 : rl_sensor.oe674 (.text:rlEnableContMode)
                  0080a5e0    00000060                                 : rl_sensor.oe674 (.text:rlRfInitCalibConfig)
                  0080a640    00000060                                 : rl_sensor.oe674 (.text:rlRfRunTimeCalibConfig)
                  0080a6a0    00000060                                 : rl_sensor.oe674 (.text:rlRfSetCalMonFreqLimitConfig)
                  0080a700    00000060                                 : rl_sensor.oe674 (.text:rlRfSetCalMonTimeUnitConfig)
                  0080a760    00000060                                 : rl_sensor.oe674 (.text:rlRfSetDeviceCfg)
                  0080a7c0    00000060                                 : rl_sensor.oe674 (.text:rlSensorStart)
                  0080a820    00000060                                 : rl_sensor.oe674 (.text:rlSensorStop)
                  0080a880    00000060                                 : rl_sensor.oe674 (.text:rlSetAdcOutConfig)
                  0080a8e0    00000060                                 : rl_sensor.oe674 (.text:rlSetBpmCommonConfig)
                  0080a940    00000060                                 : rl_sensor.oe674 (.text:rlSetChannelConfig)
                  0080a9a0    00000060                                 : rl_sensor.oe674 (.text:rlSetContModeConfig)
                  0080aa00    00000060                                 : rl_sensor.oe674 (.text:rlSetLowPowerModeConfig)
                  0080aa60    00000060     dss_pe674.oe674 (.text:ti_sysbios_BIOS_errorRaiseHook__I)
                  0080aac0    00000060     dss_pe674.oe674 (.text:ti_sysbios_BIOS_removeRTSLock__I)
                  0080ab20    00000060     dss_pe674.oe674 (.text:ti_sysbios_BIOS_startFunc__I)
                  0080ab80    00000060     sysbios.ae674 : BIOS.obj (.text:ti_sysbios_family_c62_TaskSupport_start__E)
                  0080abe0    00000060                   : BIOS.obj (.text:ti_sysbios_family_c64p_Cache_setMar__E)
                  0080ac40    00000060                   : BIOS.obj (.text:ti_sysbios_family_c64p_EventCombiner_Module_startup__E)
                  0080aca0    00000060                   : BIOS.obj (.text:ti_sysbios_family_c64p_EventCombiner_unused__E)
                  0080ad00    00000060     dss_pe674.oe674 (.text:ti_sysbios_gates_GateMutex_Object__delete__S)
                  0080ad60    00000060     sysbios.ae674 : BIOS.obj (.text:ti_sysbios_hal_Hwi_initStack)
                  0080adc0    00000060                   : BIOS.obj (.text:ti_sysbios_heaps_HeapMem_free__E)
                  0080ae20    00000060                   : BIOS.obj (.text:ti_sysbios_knl_Clock_Module_startup__E)
                  0080ae80    00000060     dss_pe674.oe674 (.text:ti_sysbios_knl_Queue_construct)
                  0080aee0    00000060     dss_pe674.oe674 (.text:ti_sysbios_knl_Semaphore_Object__delete__S)
                  0080af40    00000060     dss_pe674.oe674 (.text:ti_sysbios_knl_Semaphore_construct)
                  0080afa0    00000060     sysbios.ae674 : BIOS.obj (.text:ti_sysbios_knl_Swi_Module_startup__E)
                  0080b000    00000060                   : BIOS.obj (.text:ti_sysbios_knl_Task_enter__I)
                  0080b060    00000060     rts6740_elf.lib : write.c.obj (.text:write)
                  0080b0c0    00000060     ti.targets.rts6000.ae674 : Memory.oe674 (.text:xdc_runtime_Memory_valloc__E)
                  0080b120    00000060                              : Text.oe674 (.text:xdc_runtime_Text_cordText__E)
                  0080b180    00000040     libcrc_xwr68xx.ae674 : crc.oe674 (.text:CRC_releaseTransactionId)
                  0080b1c0    00000040     libmmwave_xwr68xx.ae674 : mmwave.oe674 (.text:CSL_FEXTR)
                  0080b200    00000040     libsoc_xwr68xx.ae674 : soc.oe674 (.text:CSL_FEXTR)
                  0080b240    00000040                          : soc_xwr68xx.oe674 (.text:CSL_FEXTR)
                  0080b280    00000040     libcrc_xwr68xx.ae674 : crc.oe674 (.text:CSL_FINSR)
                  0080b2c0    00000040     libmailbox_xwr68xx.ae674 : mailbox.oe674 (.text:CSL_FINSR)
                  0080b300    00000040     libsoc_xwr68xx.ae674 : soc.oe674 (.text:CSL_FINSR)
                  0080b340    00000040                          : soc_xwr68xx.oe674 (.text:CSL_FINSR)
                  0080b380    00000040                          : soc_xwr68xx_dss.oe674 (.text:CSL_FINSR)
                  0080b3c0    00000040     libosal_xwr68xx.ae674 : HwiP_tirtos.oe674 (.text:HwiP_create)
                  0080b400    00000040                           : HwiP_tirtos.oe674 (.text:HwiP_delete)
                  0080b440    00000040     libtestlogger_xwr68xx.ae674 : logger.oe674 (.text:MCPI_Initialize)
                  0080b480    00000040     libmmwave_xwr68xx.ae674 : mmwave_dualcore.oe674 (.text:MMWave_deviceSyncFxn)
                  0080b4c0    00000040                             : mmwave.oe674 (.text:MMWave_encodeError)
                  0080b500    00000040                             : mmwave_listlib.oe674 (.text:MMWave_listAdd)
                  0080b540    00000040                             : mmwave_listlib.oe674 (.text:MMWave_listRemove)
                  0080b580    00000040                             : mmwave_osal.oe674 (.text:MMWave_osalMutexLock)
                  0080b5c0    00000040                             : mmwave_osal.oe674 (.text:MMWave_osalSemWait)
                  0080b600    00000040     libmailbox_xwr68xx.ae674 : mailbox.oe674 (.text:Mailbox_boxEmptyISRBss)
                  0080b640    00000040                              : mailbox.oe674 (.text:Mailbox_boxEmptyISRMssDss)
                  0080b680    00000040                              : mailbox.oe674 (.text:Mailbox_boxFullISRBss)
                  0080b6c0    00000040     common_full.oe674 (.text:Mmwave_ctrlTask)
                  0080b700    00000040     libsoc_xwr68xx.ae674 : soc_xwr68xx.oe674 (.text:SOC_isMMWaveDSSOperational)
                  0080b740    00000040                          : soc_xwr68xx.oe674 (.text:SOC_isMMWaveMSSOperational)
                  0080b780    00000040     rts6740_elf.lib : frcmpyd_div.c.obj (.text:__TI_frcmpyd_div)
                  0080b7c0    00000040                     : isinf.c.obj (.text:__c6xabi_isinf)
                  0080b800    00000040                     : _printfi.c.obj (.text:__c6xabi_isnan)
                  0080b840    00000040                     : strasg.asm.obj (.text:__strasgi_64plus)
                  0080b880    00000040                     : args_main.c.obj (.text:_args_main)
                  0080b8c0    00000040                     : snprintf.c.obj (.text:_outc)
                  0080b900    00000040     sysbios.ae674 : c62_TaskSupport_asm.obj (.text:_ti_sysbios_family_c62_TaskSupport_buildTaskStack)
                  0080b940    00000040     dss_pe674.oe674 (.text:free)
                  0080b980    00000040     libmmwavelink_xwr68xx.ae674 : rl_controller.oe674 (.text:rlAppendDummy)
                  0080b9c0    00000040                                 : rl_device.oe674 (.text:rlDeviceGetRfVersion)
                  0080ba00    00000040                                 : rl_driver.oe674 (.text:rlDriverFillPayload)
                  0080ba40    00000040                                 : rl_sensor.oe674 (.text:rlRfInit)
                  0080ba80    00000040     dss_pe674.oe674 (.text:ti_sysbios_BIOS_exitFunc__I)
                  0080bac0    00000040     dss_pe674.oe674 (.text:ti_sysbios_BIOS_rtsLock__I)
                  0080bb00    00000040     dss_pe674.oe674 (.text:ti_sysbios_BIOS_rtsUnlock__I)
                  0080bb40    00000040     sysbios.ae674 : BIOS.obj (.text:ti_sysbios_family_c64p_Hwi_disableInterrupt__E)
                  0080bb80    00000040                   : BIOS.obj (.text:ti_sysbios_family_c64p_Hwi_enableInterrupt__E)
                  0080bbc0    00000040     dss_pe674.oe674 (.text:ti_sysbios_gates_GateHwi_Handle__label__S)
                  0080bc00    00000040     dss_pe674.oe674 (.text:ti_sysbios_gates_GateHwi_Object__delete__S)
                  0080bc40    00000040     dss_pe674.oe674 (.text:ti_sysbios_gates_GateMutex_Handle__label__S)
                  0080bc80    00000040     sysbios.ae674 : BIOS.obj (.text:ti_sysbios_gates_GateMutex_Instance_init__E)
                  0080bcc0    00000040                   : BIOS.obj (.text:ti_sysbios_gates_GateMutex_leave__E)
                  0080bd00    00000040     dss_pe674.oe674 (.text:ti_sysbios_heaps_HeapMem_Handle__label__S)
                  0080bd40    00000040     dss_pe674.oe674 (.text:ti_sysbios_heaps_HeapMem_Object__delete__S)
                  0080bd80    00000040     dss_pe674.oe674 (.text:ti_sysbios_heaps_HeapMem_Object__get__S)
                  0080bdc0    00000040     dss_pe674.oe674 (.text:ti_sysbios_knl_Semaphore_destruct)
                  0080be00    00000040     dss_pe674.oe674 (.text:ti_sysbios_knl_Swi_Object__get__S)
                  0080be40    00000040     dss_pe674.oe674 (.text:ti_sysbios_knl_Task_Object__get__S)
                  0080be80    00000040     sysbios.ae674 : BIOS.obj (.text:ti_sysbios_knl_Task_sleepTimeout__I)
                  0080bec0    00000040                   : BIOS.obj (.text:ti_sysbios_timers_rti_Timer_periodicStub__E)
                  0080bf00    00000040     rts6740_elf.lib : wcslen.c.obj (.text:wcslen)
                  0080bf40    00000040     ti.targets.rts6000.ae674 : Error.oe674 (.text:xdc_runtime_Error_check__E)
                  0080bf80    00000040                              : Error.oe674 (.text:xdc_runtime_Error_init__E)
                  0080bfc0    00000040                              : Registry.oe674 (.text:xdc_runtime_Registry_findById__E)
                  0080c000    00000040                              : System.oe674 (.text:xdc_runtime_System_abort__E)
                  0080c040    00000040     dss_pe674.oe674 (.text:xdc_runtime_System_aprintf__E)
                  0080c080    00000040     ti.targets.rts6000.ae674 : System.oe674 (.text:xdc_runtime_System_exit__E)
                  0080c0c0    00000040     dss_pe674.oe674 (.text:xdc_runtime_System_printf__E)
                  0080c100    00000020     libcrc_xwr68xx.ae674 : crc.oe674 (.text:CRC_initConfigParams)
                  0080c120    00000020     libsoc_xwr68xx.ae674 : soc_xwr68xx_dss.oe674 (.text:CSL_FEXTR)
                  0080c140    00000020     libosal_xwr68xx.ae674 : HwiP_tirtos.oe674 (.text:HwiP_Params_init)
                  0080c160    00000020                           : HwiP_tirtos.oe674 (.text:HwiP_disable)
                  0080c180    00000020                           : HwiP_tirtos.oe674 (.text:HwiP_disableInterrupt)
                  0080c1a0    00000020                           : HwiP_tirtos.oe674 (.text:HwiP_restore)
                  0080c1c0    00000020     libtestlogger_xwr68xx.ae674 : logger.oe674 (.text:MCPI_setTestResult)
                  0080c1e0    00000020     libmmwave_xwr68xx.ae674 : mmwave_link.oe674 (.text:MMWave_closeLink)
                  0080c200    00000020                             : mmwave.oe674 (.text:MMWave_decodeErrorLevel)
                  0080c220    00000020                             : mmwave_dualcore.oe674 (.text:MMWave_deviceGetDeviceInfo)
                  0080c240    00000020                             : mmwave_dualcore.oe674 (.text:MMWave_deviceMailboxCallbackFxn)
                  0080c260    00000020                             : mmwave_link.oe674 (.text:MMWave_disableDevice)
                  0080c280    00000020                             : mmwave_link.oe674 (.text:MMWave_enableDevice)
                  0080c2a0    00000020                             : mmwave_listlib.oe674 (.text:MMWave_listGetHead)
                  0080c2c0    00000020                             : mmwave_listlib.oe674 (.text:MMWave_listGetNext)
                  0080c2e0    00000020                             : mmwave_link.oe674 (.text:MMWave_maskHostIRQ)
                  0080c300    00000020                             : mmwave_link.oe674 (.text:MMWave_mboxCallbackFxn)
                  0080c320    00000020                             : mmwave_link.oe674 (.text:MMWave_mboxClose)
                  0080c340    00000020                             : mmwave_link.oe674 (.text:MMWave_mboxRead)
                  0080c360    00000020                             : mmwave_osal.oe674 (.text:MMWave_osalMutexDelete)
                  0080c380    00000020                             : mmwave_osal.oe674 (.text:MMWave_osalMutexUnlock)
                  0080c3a0    00000020                             : mmwave_osal.oe674 (.text:MMWave_osalSemDelete)
                  0080c3c0    00000020                             : mmwave_osal.oe674 (.text:MMWave_osalSemSignal)
                  0080c3e0    00000020                             : mmwave_link.oe674 (.text:MMWave_registerInterruptHandler)
                  0080c400    00000020                             : mmwave_link.oe674 (.text:MMWave_unmaskHostIRQ)
                  0080c420    00000020                             : mmwave_link.oe674 (.text:MMWave_waitIRQStatus)
                  0080c440    00000020     libosal_xwr68xx.ae674 : MemoryP_tirtos.oe674 (.text:MemoryP_ctrlAlloc)
                  0080c460    00000020                           : MemoryP_tirtos.oe674 (.text:MemoryP_ctrlFree)
                  0080c480    00000020     common_full.oe674 (.text:Mmwave_closeFxn)
                  0080c4a0    00000020     common_full.oe674 (.text:Mmwave_populateDefaultCalibrationCfg)
                  0080c4c0    00000020     common_full.oe674 (.text:Mmwave_stopFxn)
                  0080c4e0    00000020     libosal_xwr68xx.ae674 : SemaphoreP_tirtos.oe674 (.text:SemaphoreP_Params_init)
                  0080c500    00000020                           : SemaphoreP_tirtos.oe674 (.text:SemaphoreP_delete)
                  0080c520    00000020                           : SemaphoreP_tirtos.oe674 (.text:SemaphoreP_pend)
                  0080c540    00000020                           : SemaphoreP_tirtos.oe674 (.text:SemaphoreP_post)
                  0080c560    00000020                           : DebugP_tirtos.oe674 (.text:_DebugP_assert)
                  0080c580    00000020     rts6740_elf.lib : errno.c.obj (.text:__c6xabi_errno_addr)
                  0080c5a0    00000020                     : push.asm.obj (.text:__pop_rts)
                  0080c5c0    00000020                     : push.asm.obj (.text:__push_rts)
                  0080c5e0    00000020                     : _lock.c.obj (.text:_nop)
                  0080c600    00000020                     : printf.c.obj (.text:_outc)
                  0080c620    00000020                     : printf.c.obj (.text:_outs)
                  0080c640    00000020                     : _lock.c.obj (.text:_register_lock)
                  0080c660    00000020                     : _lock.c.obj (.text:_register_unlock)
                  0080c680    00000020                     : signbit.c.obj (.text:_signbit)
                  0080c6a0    00000020     sysbios.ae674 : c62_TaskSupport_asm.obj (.text:_ti_sysbios_family_c62_TaskSupport_glue)
                  0080c6c0    00000020     rts6740_elf.lib : exit.c.obj (.text:abort)
                  0080c6e0    00000020                     : fgets.c.obj (.text:fgets)
                  0080c700    00000020                     : fputc.c.obj (.text:putchar)
                  0080c720    00000020     libmmwavelink_xwr68xx.ae674 : rl_driver.oe674 (.text:rlDriverConstructOutMsg)
                  0080c740    00000020                                 : rl_driver.oe674 (.text:rlDriverGetHandle)
                  0080c760    00000020                                 : rl_driver.oe674 (.text:rlDriverGetPlatformId)
                  0080c780    00000020                                 : rl_driver.oe674 (.text:rlDriverIsDeviceMapValid)
                  0080c7a0    00000020                                 : rl_controller.oe674 (.text:rlGetSubBlockId)
                  0080c7c0    00000020                                 : rl_controller.oe674 (.text:rlGetSubBlockLen)
                  0080c7e0    00000020     dss_pe674.oe674 (.text:ti_sysbios_BIOS_RtsGateProxy_enter__E)
                  0080c800    00000020     dss_pe674.oe674 (.text:ti_sysbios_BIOS_RtsGateProxy_leave__E)
                  0080c820    00000020     sysbios.ae674 : BIOS.obj (.text:ti_sysbios_BIOS_exit__E)
                  0080c840    00000020                   : BIOS.obj (.text:ti_sysbios_BIOS_linkedWithIncorrectBootLibrary__E)
                  0080c860    00000020     dss_pe674.oe674 (.text:ti_sysbios_BIOS_nullFunc__I)
                  0080c880    00000020     sysbios.ae674 : BIOS.obj (.text:ti_sysbios_BIOS_setThreadType__E)
                  0080c8a0    00000020                   : BIOS.obj (.text:ti_sysbios_BIOS_start__E)
                  0080c8c0    00000020     dss_pe674.oe674 (.text:ti_sysbios_family_c62_TaskSupport_Module__startupDone__S)
                  0080c8e0    00000020     sysbios.ae674 : BIOS.obj (.text:ti_sysbios_family_c62_TaskSupport_checkStack__E)
                  0080c900    00000020                   : BIOS.obj (.text:ti_sysbios_family_c62_TaskSupport_getStackAlignment__E)
                  0080c920    00000020                   : BIOS.obj (.text:ti_sysbios_family_c64p_Cache_wbInv__E)
                  0080c940    00000020     dss_pe674.oe674 (.text:ti_sysbios_family_c64p_Hwi_Module__startupDone__F)
                  0080c960    00000020     dss_pe674.oe674 (.text:ti_sysbios_family_c64p_Hwi_Params__init__S)
                  0080c980    00000020     sysbios.ae674 : BIOS.obj (.text:ti_sysbios_family_c64p_Hwi_clearInterrupt__E)
                  0080c9a0    00000020                   : BIOS.obj (.text:ti_sysbios_family_c64p_Hwi_startup__E)
                  0080c9c0    00000020                   : BIOS.obj (.text:ti_sysbios_family_c64p_Hwi_switchFromBootStack__E)
                  0080c9e0    00000020                   : BIOS.obj (.text:ti_sysbios_family_c64p_Hwi_unPluggedInterrupt__I)
                  0080ca00    00000020                   : BIOS.obj (.text:ti_sysbios_gates_GateHwi_Instance_init__E)
                  0080ca20    00000020                   : BIOS.obj (.text:ti_sysbios_gates_GateHwi_enter__E)
                  0080ca40    00000020                   : BIOS.obj (.text:ti_sysbios_gates_GateHwi_leave__E)
                  0080ca60    00000020                   : BIOS.obj (.text:ti_sysbios_gates_GateHwi_query__E)
                  0080ca80    00000020                   : BIOS.obj (.text:ti_sysbios_gates_GateMutex_Instance_finalize__E)
                  0080caa0    00000020                   : BIOS.obj (.text:ti_sysbios_gates_GateMutex_query__E)
                  0080cac0    00000020                   : BIOS.obj (.text:ti_sysbios_hal_Hwi_Module_startup__E)
                  0080cae0    00000020     dss_pe674.oe674 (.text:ti_sysbios_heaps_HeapBuf_Object__get__S)
                  0080cb00    00000020     dss_pe674.oe674 (.text:ti_sysbios_heaps_HeapMem_Module_GateProxy_enter__E)
                  0080cb20    00000020     dss_pe674.oe674 (.text:ti_sysbios_heaps_HeapMem_Module_GateProxy_leave__E)
                  0080cb40    00000020     sysbios.ae674 : BIOS.obj (.text:ti_sysbios_heaps_HeapMem_isBlocking__E)
                  0080cb60    00000020     dss_pe674.oe674 (.text:ti_sysbios_knl_Clock_TimerProxy_getMaxTicks__E)
                  0080cb80    00000020     sysbios.ae674 : BIOS.obj (.text:ti_sysbios_knl_Idle_loop__E)
                  0080cba0    00000020                   : BIOS.obj (.text:ti_sysbios_knl_Queue_Instance_init__E)
                  0080cbc0    00000020     dss_pe674.oe674 (.text:ti_sysbios_knl_Queue_Object__get__S)
                  0080cbe0    00000020     dss_pe674.oe674 (.text:ti_sysbios_knl_Queue_destruct)
                  0080cc00    00000020     sysbios.ae674 : BIOS.obj (.text:ti_sysbios_knl_Queue_empty__E)
                  0080cc20    00000020                   : BIOS.obj (.text:ti_sysbios_knl_Semaphore_Instance_finalize__E)
                  0080cc40    00000020     dss_pe674.oe674 (.text:ti_sysbios_knl_Semaphore_Params__init__S)
                  0080cc60    00000020     dss_pe674.oe674 (.text:ti_sysbios_knl_Semaphore_delete)
                  0080cc80    00000020     sysbios.ae674 : BIOS.obj (.text:ti_sysbios_knl_Swi_disable__E)
                  0080cca0    00000020     dss_pe674.oe674 (.text:ti_sysbios_knl_Task_Params__init__S)
                  0080ccc0    00000020     sysbios.ae674 : BIOS.obj (.text:ti_sysbios_knl_Task_disable__E)
                  0080cce0    00000020                   : BIOS.obj (.text:ti_sysbios_knl_Task_startup__E)
                  0080cd00    00000020     dss_pe674.oe674 (.text:ti_sysbios_timers_rti_Timer_Module__startupDone__F)
                  0080cd20    00000020     sysbios.ae674 : BIOS.obj (.text:ti_sysbios_timers_rti_Timer_getMaxTicks__E)
                  0080cd40    00000020     ti.targets.rts6000.ae674 : Error.oe674 (.text:xdc_runtime_Error_getSite__E)
                  0080cd60    00000020                              : Error.oe674 (.text:xdc_runtime_Error_raiseX__E)
                  0080cd80    00000020                              : Gate.oe674 (.text:xdc_runtime_Gate_enterSystem__E)
                  0080cda0    00000020                              : Gate.oe674 (.text:xdc_runtime_Gate_leaveSystem__E)
                  0080cdc0    00000020     dss_pe674.oe674 (.text:xdc_runtime_IHeap_alloc)
                  0080cde0    00000020     dss_pe674.oe674 (.text:xdc_runtime_IHeap_free)
                  0080ce00    00000020     ti.targets.rts6000.ae674 : Memory.oe674 (.text:xdc_runtime_Memory_calloc__E)
                  0080ce20    00000020                              : Memory.oe674 (.text:xdc_runtime_Memory_free__E)
                  0080ce40    00000020                              : Memory.oe674 (.text:xdc_runtime_Memory_getMaxDefaultTypeAlign__E)
                  0080ce60    00000020     dss_pe674.oe674 (.text:xdc_runtime_Startup_exec__I)
                  0080ce80    00000020     dss_pe674.oe674 (.text:xdc_runtime_Startup_reset__I)
                  0080cea0    00000020     ti.targets.rts6000.ae674 : Startup.oe674 (.text:xdc_runtime_Startup_rtsDone__E)
                  0080cec0    00000020                              : SysStd.oe674 (.text:xdc_runtime_SysStd_exit__E)
                  0080cee0    00000020                              : SysStd.oe674 (.text:xdc_runtime_SysStd_putch__E)
                  0080cf00    00000020                              : SysStd.oe674 (.text:xdc_runtime_SysStd_ready__E)
                  0080cf20    00000020     dss_pe674.oe674 (.text:xdc_runtime_System_Module_GateProxy_enter__E)
                  0080cf40    00000020     dss_pe674.oe674 (.text:xdc_runtime_System_Module_GateProxy_leave__E)
                  0080cf60    00000020     ti.targets.rts6000.ae674 : System.oe674 (.text:xdc_runtime_System_Module_startup__E)
                  0080cf80    00000020                              : System.oe674 (.text:xdc_runtime_System_vsnprintf__E)
                  0080cfa0    00000020                              : Text.oe674 (.text:xdc_runtime_Text_ropeText__E)
                  0080cfc0    00000020     dss_pe674.oe674 (.text:xdc_runtime_Text_visitRope__I)

.const     0    0080cfe0    000042c2     
                  0080cfe0    000019be     dss_pe674.oe674 (.const:xdc_runtime_Text_charTab__A)
                  0080e99e    00000002     dss_pe674.oe674 (.const:ti_sysbios_family_c64p_Cache_Module__id__C)
                  0080e9a0    00000e58     common_full.oe674 (.const:.string)
                  0080f7f8    00000888     main_full_dss.oe674 (.const:.string)
                  00810080    00000518     sysbios.ae674 : BIOS.obj (.const:.string)
                  00810598    00000101     rts6740_elf.lib : ctype.c.obj (.const:.string:_ctypes_)
                  00810699    00000001     --HOLE-- [fill = 0]
                  0081069a    00000004     libmmwavelink_xwr68xx.ae674 : rl_sensor.oe674 (.const:$P$T46$47)
                  0081069e    00000002     dss_pe674.oe674 (.const:ti_sysbios_family_c64p_EventCombiner_Module__id__C)
                  008106a0    000000c8     dss_pe674.oe674 (.const:xdc_runtime_Text_nodeTab__A)
                  00810768    00000094     libtestlogger_xwr68xx.ae674 : logger.oe674 (.const:.string)
                  008107fc    00000074     dss_pe674.oe674 (.const:.string)
                  00810870    0000006c     libmmwavelink_xwr68xx.ae674 : rl_driver.oe674 (.const:.string)
                  008108dc    00000058     ti.targets.rts6000.ae674 : Error.oe674 (.const:.string)
                  00810934    0000004c     libmailbox_xwr68xx.ae674 : mailbox.oe674 (.const:.string)
                  00810980    00000044     dss_pe674.oe674 (.const:ti_sysbios_knl_Task_Object__PARAMS__C)
                  008109c4    00000040     ti.targets.rts6000.ae674 : Text.oe674 (.const:.string)
                  00810a04    0000003c     libsoc_xwr68xx.ae674 : soc_xwr68xx_dss.oe674 (.const:.string)
                  00810a40    00000034     libmmwave_xwr68xx.ae674 : mmwave_dualcore.oe674 (.const:.string)
                  00810a74    00000030     dss_pe674.oe674 (.const:ti_sysbios_family_c64p_Hwi_Object__PARAMS__C)
                  00810aa4    0000002c     ti.targets.rts6000.ae674 : Startup.oe674 (.const:.string)
                  00810ad0    0000002c     dss_pe674.oe674 (.const:xdc_runtime_Startup_sfxnTab__A)
                  00810afc    00000028     libmmwave_xwr68xx.ae674 : mmwave.oe674 (.const:.string)
                  00810b24    00000028     dss_pe674.oe674 (.const:ti_sysbios_heaps_HeapMem_Module__FXNS__C)
                  00810b4c    00000024     rts6740_elf.lib : _printfi.c.obj (.const:.string)
                  00810b70    00000024     libmailbox_xwr68xx.ae674 : mailbox.oe674 (.const:Mailbox_defaultCfg)
                  00810b94    00000024     dss_pe674.oe674 (.const:ti_sysbios_gates_GateHwi_Module__FXNS__C)
                  00810bb8    00000024     dss_pe674.oe674 (.const:ti_sysbios_gates_GateMutex_Module__FXNS__C)
                  00810bdc    00000024     dss_pe674.oe674 (.const:ti_sysbios_heaps_HeapMem_Object__PARAMS__C)
                  00810c00    00000024     dss_pe674.oe674 (.const:ti_sysbios_knl_Semaphore_Object__PARAMS__C)
                  00810c24    00000020     libosal_xwr68xx.ae674 : SemaphoreP_tirtos.oe674 (.const:.string)
                  00810c44    00000020     dss_pe674.oe674 (.const:ti_sysbios_family_c64p_Hwi_Object__DESC__C)
                  00810c64    00000020     dss_pe674.oe674 (.const:ti_sysbios_gates_GateHwi_Object__DESC__C)
                  00810c84    00000020     dss_pe674.oe674 (.const:ti_sysbios_gates_GateMutex_Object__DESC__C)
                  00810ca4    00000020     dss_pe674.oe674 (.const:ti_sysbios_heaps_HeapMem_Object__DESC__C)
                  00810cc4    00000020     dss_pe674.oe674 (.const:ti_sysbios_knl_Queue_Object__DESC__C)
                  00810ce4    00000020     dss_pe674.oe674 (.const:ti_sysbios_knl_Semaphore_Object__DESC__C)
                  00810d04    00000020     dss_pe674.oe674 (.const:ti_sysbios_knl_Task_Object__DESC__C)
                  00810d24    0000001c     libosal_xwr68xx.ae674 : HwiP_tirtos.oe674 (.const:.string)
                  00810d40    00000018     libmmwave_xwr68xx.ae674 : mmwave_fullcfg.oe674 (.const:.string)
                  00810d58    00000018     ti.targets.rts6000.ae674 : System.oe674 (.const:.string)
                  00810d70    00000018     dss_pe674.oe674 (.const:ti_sysbios_gates_GateHwi_Object__PARAMS__C)
                  00810d88    00000018     dss_pe674.oe674 (.const:ti_sysbios_gates_GateMutex_Object__PARAMS__C)
                  00810da0    00000018     dss_pe674.oe674 (.const:ti_sysbios_knl_Queue_Object__PARAMS__C)
                  00810db8    00000016     dss_pe674.oe674 (.const:xdc_runtime_Startup_sfxnRts__A)
                  00810dce    00000002     dss_pe674.oe674 (.const:ti_sysbios_family_c64p_Exception_Module__id__C)
                  00810dd0    00000014     libmmwave_xwr68xx.ae674 : mmwave_link.oe674 (.const:.string)
                  00810de4    00000010     libmmwavelink_xwr68xx.ae674 : rl_driver.oe674 (.const:$P$T0$1)
                  00810df4    00000010                                 : rl_sensor.oe674 (.const:$P$T0$1)
                  00810e04    00000004                                 : rl_sensor.oe674 (.const:$P$T55$56)
                  00810e08    00000010                                 : rl_driver.oe674 (.const:$P$T1$2)
                  00810e18    00000010                                 : rl_sensor.oe674 (.const:$P$T1$2)
                  00810e28    00000010                                 : rl_driver.oe674 (.const:$P$T10$11)
                  00810e38    00000010                                 : rl_sensor.oe674 (.const:$P$T12$13)
                  00810e48    00000010                                 : rl_sensor.oe674 (.const:$P$T13$14)
                  00810e58    00000010                                 : rl_sensor.oe674 (.const:$P$T2$3)
                  00810e68    00000010                                 : rl_sensor.oe674 (.const:$P$T20$21)
                  00810e78    00000010                                 : rl_sensor.oe674 (.const:$P$T21$22)
                  00810e88    00000010                                 : rl_driver.oe674 (.const:$P$T3$4)
                  00810e98    00000010                                 : rl_sensor.oe674 (.const:$P$T38$39)
                  00810ea8    00000010                                 : rl_sensor.oe674 (.const:$P$T39$40)
                  00810eb8    00000010                                 : rl_sensor.oe674 (.const:$P$T42$43)
                  00810ec8    00000010                                 : rl_sensor.oe674 (.const:$P$T43$44)
                  00810ed8    00000010                                 : rl_sensor.oe674 (.const:$P$T47$48)
                  00810ee8    00000010                                 : rl_sensor.oe674 (.const:$P$T48$49)
                  00810ef8    00000010                                 : rl_driver.oe674 (.const:$P$T5$6)
                  00810f08    00000010                                 : rl_sensor.oe674 (.const:$P$T51$52)
                  00810f18    00000010                                 : rl_sensor.oe674 (.const:$P$T52$53)
                  00810f28    00000010                                 : rl_driver.oe674 (.const:$P$T6$7)
                  00810f38    00000010                                 : rl_sensor.oe674 (.const:$P$T7$8)
                  00810f48    00000010                                 : rl_driver.oe674 (.const:$P$T9$10)
                  00810f58    00000010     dss_pe674.oe674 (.const:ti_sysbios_family_c64p_EventCombiner_EVTMASK__C)
                  00810f68    0000000c     libcrc_xwr68xx.ae674 : crc.oe674 (.const:.string)
                  00810f74    00000008     libmmwavelink_xwr68xx.ae674 : rl_sensor.oe674 (.const:$P$T14$15)
                  00810f7c    00000008                                 : rl_sensor.oe674 (.const:$P$T22$23)
                  00810f84    00000008                                 : rl_sensor.oe674 (.const:$P$T40$41)
                  00810f8c    00000008                                 : rl_sensor.oe674 (.const:$P$T41$42)
                  00810f94    00000008                                 : rl_sensor.oe674 (.const:$P$T44$45)
                  00810f9c    00000008                                 : rl_sensor.oe674 (.const:$P$T45$46)
                  00810fa4    00000008                                 : rl_sensor.oe674 (.const:$P$T49$50)
                  00810fac    00000008                                 : rl_sensor.oe674 (.const:$P$T50$51)
                  00810fb4    00000008                                 : rl_sensor.oe674 (.const:$P$T53$54)
                  00810fbc    00000008                                 : rl_sensor.oe674 (.const:$P$T54$55)
                  00810fc4    00000008     dss_pe674.oe674 (.const:ti_sysbios_knl_Idle_funcList__C)
                  00810fcc    00000004     ti.targets.rts6000.ae674 : Assert.oe674 (.const:.string)
                  00810fd0    00000008     dss_pe674.oe674 (.const:xdc_runtime_Startup_firstFxns__A)
                  00810fd8    00000008     dss_pe674.oe674 (.const:xdc_runtime_Startup_firstFxns__C)
                  00810fe0    00000008     dss_pe674.oe674 (.const:xdc_runtime_Startup_lastFxns__C)
                  00810fe8    00000004     dss_pe674.oe674 (.const:ti_sysbios_family_c62_TaskSupport_stackAlignment__C)
                  00810fec    00000004     dss_pe674.oe674 (.const:ti_sysbios_family_c64p_Cache_EMIFA_BASE__C)
                  00810ff0    00000004     dss_pe674.oe674 (.const:ti_sysbios_family_c64p_Cache_EMIFA_CFG__C)
                  00810ff4    00000004     dss_pe674.oe674 (.const:ti_sysbios_family_c64p_Cache_EMIFA_LENGTH__C)
                  00810ff8    00000004     dss_pe674.oe674 (.const:ti_sysbios_family_c64p_Cache_EMIFB_BASE__C)
                  00810ffc    00000004     dss_pe674.oe674 (.const:ti_sysbios_family_c64p_Cache_EMIFB_CFG__C)
                  00811000    00000004     dss_pe674.oe674 (.const:ti_sysbios_family_c64p_Cache_EMIFB_LENGTH__C)
                  00811004    00000004     dss_pe674.oe674 (.const:ti_sysbios_family_c64p_Cache_EMIFC_BASE__C)
                  00811008    00000004     dss_pe674.oe674 (.const:ti_sysbios_family_c64p_Cache_EMIFC_CFG__C)
                  0081100c    00000004     dss_pe674.oe674 (.const:ti_sysbios_family_c64p_Cache_EMIFC_LENGTH__C)
                  00811010    00000004     dss_pe674.oe674 (.const:ti_sysbios_family_c64p_Cache_E_invalidL1CacheSize__C)
                  00811014    00000004     dss_pe674.oe674 (.const:ti_sysbios_family_c64p_Cache_E_invalidL2CacheSize__C)
                  00811018    00000004     dss_pe674.oe674 (.const:ti_sysbios_family_c64p_Cache_MAR0_31__C)
                  0081101c    00000004     dss_pe674.oe674 (.const:ti_sysbios_family_c64p_Cache_MAR128_159__C)
                  00811020    00000004     dss_pe674.oe674 (.const:ti_sysbios_family_c64p_Cache_MAR160_191__C)
                  00811024    00000004     dss_pe674.oe674 (.const:ti_sysbios_family_c64p_Cache_MAR192_223__C)
                  00811028    00000004     dss_pe674.oe674 (.const:ti_sysbios_family_c64p_Cache_MAR224_255__C)
                  0081102c    00000004     dss_pe674.oe674 (.const:ti_sysbios_family_c64p_Cache_MAR32_63__C)
                  00811030    00000004     dss_pe674.oe674 (.const:ti_sysbios_family_c64p_Cache_MAR64_95__C)
                  00811034    00000004     dss_pe674.oe674 (.const:ti_sysbios_family_c64p_Cache_MAR96_127__C)
                  00811038    00000004     dss_pe674.oe674 (.const:ti_sysbios_family_c64p_EventCombiner_A_invalidEventId__C)
                  0081103c    00000004     dss_pe674.oe674 (.const:ti_sysbios_family_c64p_EventCombiner_EVTRegs__C)
                  00811040    00000004     dss_pe674.oe674 (.const:ti_sysbios_family_c64p_EventCombiner_E_unpluggedEvent__C)
                  00811044    00000004     dss_pe674.oe674 (.const:ti_sysbios_family_c64p_EventCombiner_Module__diagsEnabled__C)
                  00811048    00000004     dss_pe674.oe674 (.const:ti_sysbios_family_c64p_EventCombiner_Module__diagsIncluded__C)
                  0081104c    00000004     dss_pe674.oe674 (.const:ti_sysbios_family_c64p_EventCombiner_Module__diagsMask__C)
                  00811050    00000004     dss_pe674.oe674 (.const:ti_sysbios_family_c64p_Exception_E_exceptionMax__C)
                  00811054    00000004     dss_pe674.oe674 (.const:ti_sysbios_family_c64p_Exception_exceptionHook__C)
                  00811058    00000004     dss_pe674.oe674 (.const:ti_sysbios_family_c64p_Exception_externalHook__C)
                  0081105c    00000004     dss_pe674.oe674 (.const:ti_sysbios_family_c64p_Exception_internalHook__C)
                  00811060    00000004     dss_pe674.oe674 (.const:ti_sysbios_family_c64p_Exception_nmiHook__C)
                  00811064    00000004     dss_pe674.oe674 (.const:ti_sysbios_family_c64p_Hwi_E_alreadyDefined__C)
                  00811068    00000004     dss_pe674.oe674 (.const:ti_sysbios_family_c64p_Hwi_E_handleNotFound__C)
                  0081106c    00000004     dss_pe674.oe674 (.const:ti_sysbios_family_c64p_Hwi_E_invalidIntNum__C)
                  00811070    00000004     dss_pe674.oe674 (.const:ti_sysbios_family_c64p_Hwi_INTRMUX1Address__C)
                  00811074    00000004     dss_pe674.oe674 (.const:ti_sysbios_family_c64p_Hwi_LD_end__C)
                  00811078    00000004     dss_pe674.oe674 (.const:ti_sysbios_family_c64p_Hwi_LM_begin__C)
                  0081107c    00000004     dss_pe674.oe674 (.const:ti_sysbios_family_c64p_Hwi_Module__diagsEnabled__C)
                  00811080    00000004     dss_pe674.oe674 (.const:ti_sysbios_family_c64p_Hwi_Module__diagsIncluded__C)
                  00811084    00000004     dss_pe674.oe674 (.const:ti_sysbios_family_c64p_Hwi_Module__diagsMask__C)
                  00811088    00000004     dss_pe674.oe674 (.const:ti_sysbios_family_c64p_Hwi_Module__loggerFxn1__C)
                  0081108c    00000004     dss_pe674.oe674 (.const:ti_sysbios_family_c64p_Hwi_Module__loggerFxn8__C)
                  00811090    00000004     dss_pe674.oe674 (.const:ti_sysbios_family_c64p_Hwi_Module__loggerObj__C)
                  00811094    00000004     dss_pe674.oe674 (.const:ti_sysbios_gates_GateMutex_A_badContext__C)
                  00811098    00000004     dss_pe674.oe674 (.const:ti_sysbios_gates_GateMutex_Instance_State_sem__O)
                  0081109c    00000004     dss_pe674.oe674 (.const:ti_sysbios_gates_GateMutex_Module__diagsEnabled__C)
                  008110a0    00000004     dss_pe674.oe674 (.const:ti_sysbios_gates_GateMutex_Module__diagsIncluded__C)
                  008110a4    00000004     dss_pe674.oe674 (.const:ti_sysbios_gates_GateMutex_Module__diagsMask__C)
                  008110a8    00000004     dss_pe674.oe674 (.const:ti_sysbios_hal_Hwi_E_stackOverflow__C)
                  008110ac    00000004     dss_pe674.oe674 (.const:ti_sysbios_heaps_HeapBuf_Instance_State_freeList__O)
                  008110b0    00000004     dss_pe674.oe674 (.const:ti_sysbios_heaps_HeapBuf_Object__count__C)
                  008110b4    00000004     dss_pe674.oe674 (.const:ti_sysbios_heaps_HeapBuf_numConstructedHeaps__C)
                  008110b8    00000004     dss_pe674.oe674 (.const:ti_sysbios_heaps_HeapMem_A_align__C)
                  008110bc    00000004     dss_pe674.oe674 (.const:ti_sysbios_heaps_HeapMem_A_heapSize__C)
                  008110c0    00000004     dss_pe674.oe674 (.const:ti_sysbios_heaps_HeapMem_A_invalidFree__C)
                  008110c4    00000004     dss_pe674.oe674 (.const:ti_sysbios_heaps_HeapMem_A_zeroBlock__C)
                  008110c8    00000004     dss_pe674.oe674 (.const:ti_sysbios_heaps_HeapMem_E_memory__C)
                  008110cc    00000004     dss_pe674.oe674 (.const:ti_sysbios_heaps_HeapMem_Module__diagsEnabled__C)
                  008110d0    00000004     dss_pe674.oe674 (.const:ti_sysbios_heaps_HeapMem_Module__diagsIncluded__C)
                  008110d4    00000004     dss_pe674.oe674 (.const:ti_sysbios_heaps_HeapMem_Module__diagsMask__C)
                  008110d8    00000004     dss_pe674.oe674 (.const:ti_sysbios_heaps_HeapMem_Module__gateObj__C)
                  008110dc    00000004     dss_pe674.oe674 (.const:ti_sysbios_heaps_HeapMem_Object__count__C)
                  008110e0    00000004     dss_pe674.oe674 (.const:ti_sysbios_heaps_HeapMem_reqAlign__C)
                  008110e4    00000004     dss_pe674.oe674 (.const:ti_sysbios_knl_Clock_LM_begin__C)
                  008110e8    00000004     dss_pe674.oe674 (.const:ti_sysbios_knl_Clock_LM_tick__C)
                  008110ec    00000004     dss_pe674.oe674 (.const:ti_sysbios_knl_Clock_LW_delayed__C)
                  008110f0    00000004     dss_pe674.oe674 (.const:ti_sysbios_knl_Clock_Module_State_clockQ__O)
                  008110f4    00000004     dss_pe674.oe674 (.const:ti_sysbios_knl_Clock_Module__diagsEnabled__C)
[...]
00810ff4  ti_sysbios_family_c64p_Cache_EMIFA_LENGTH__C                 
00810ff8  ti_sysbios_family_c64p_Cache_EMIFB_BASE__C                   
00810ffc  ti_sysbios_family_c64p_Cache_EMIFB_CFG__C                    
00811000  ti_sysbios_family_c64p_Cache_EMIFB_LENGTH__C                 
00811004  ti_sysbios_family_c64p_Cache_EMIFC_BASE__C                   
00811008  ti_sysbios_family_c64p_Cache_EMIFC_CFG__C                    
0081100c  ti_sysbios_family_c64p_Cache_EMIFC_LENGTH__C                 
00811010  ti_sysbios_family_c64p_Cache_E_invalidL1CacheSize__C         
00811014  ti_sysbios_family_c64p_Cache_E_invalidL2CacheSize__C         
00811018  ti_sysbios_family_c64p_Cache_MAR0_31__C                      
0081101c  ti_sysbios_family_c64p_Cache_MAR128_159__C                   
00811020  ti_sysbios_family_c64p_Cache_MAR160_191__C                   
00811024  ti_sysbios_family_c64p_Cache_MAR192_223__C                   
00811028  ti_sysbios_family_c64p_Cache_MAR224_255__C                   
0081102c  ti_sysbios_family_c64p_Cache_MAR32_63__C                     
00811030  ti_sysbios_family_c64p_Cache_MAR64_95__C                     
00811034  ti_sysbios_family_c64p_Cache_MAR96_127__C                    
00811038  ti_sysbios_family_c64p_EventCombiner_A_invalidEventId__C     
0081103c  ti_sysbios_family_c64p_EventCombiner_EVTRegs__C              
00811040  ti_sysbios_family_c64p_EventCombiner_E_unpluggedEvent__C     
00811044  ti_sysbios_family_c64p_EventCombiner_Module__diagsEnabled__C 
00811048  ti_sysbios_family_c64p_EventCombiner_Module__diagsIncluded__C
0081104c  ti_sysbios_family_c64p_EventCombiner_Module__diagsMask__C    
00811050  ti_sysbios_family_c64p_Exception_E_exceptionMax__C           
00811054  ti_sysbios_family_c64p_Exception_exceptionHook__C            
00811058  ti_sysbios_family_c64p_Exception_externalHook__C             
0081105c  ti_sysbios_family_c64p_Exception_internalHook__C             
00811060  ti_sysbios_family_c64p_Exception_nmiHook__C                  
00811064  ti_sysbios_family_c64p_Hwi_E_alreadyDefined__C               
00811068  ti_sysbios_family_c64p_Hwi_E_handleNotFound__C               
0081106c  ti_sysbios_family_c64p_Hwi_E_invalidIntNum__C                
00811070  ti_sysbios_family_c64p_Hwi_INTRMUX1Address__C                
00811074  ti_sysbios_family_c64p_Hwi_LD_end__C                         
00811078  ti_sysbios_family_c64p_Hwi_LM_begin__C                       
0081107c  ti_sysbios_family_c64p_Hwi_Module__diagsEnabled__C           
00811080  ti_sysbios_family_c64p_Hwi_Module__diagsIncluded__C          
00811084  ti_sysbios_family_c64p_Hwi_Module__diagsMask__C              
00811088  ti_sysbios_family_c64p_Hwi_Module__loggerFxn1__C             
0081108c  ti_sysbios_family_c64p_Hwi_Module__loggerFxn8__C             
00811090  ti_sysbios_family_c64p_Hwi_Module__loggerObj__C              
00811094  ti_sysbios_gates_GateMutex_A_badContext__C                   
00811098  ti_sysbios_gates_GateMutex_Instance_State_sem__O             
0081109c  ti_sysbios_gates_GateMutex_Module__diagsEnabled__C           
008110a0  ti_sysbios_gates_GateMutex_Module__diagsIncluded__C          
008110a4  ti_sysbios_gates_GateMutex_Module__diagsMask__C              
008110a8  ti_sysbios_hal_Hwi_E_stackOverflow__C                        
008110ac  ti_sysbios_heaps_HeapBuf_Instance_State_freeList__O          
008110b0  ti_sysbios_heaps_HeapBuf_Object__count__C                    
008110b4  ti_sysbios_heaps_HeapBuf_numConstructedHeaps__C              
008110b8  ti_sysbios_heaps_HeapMem_A_align__C                          
008110bc  ti_sysbios_heaps_HeapMem_A_heapSize__C                       
008110c0  ti_sysbios_heaps_HeapMem_A_invalidFree__C                    
008110c4  ti_sysbios_heaps_HeapMem_A_zeroBlock__C                      
008110c8  ti_sysbios_heaps_HeapMem_E_memory__C                         
008110cc  ti_sysbios_heaps_HeapMem_Module__diagsEnabled__C             
008110d0  ti_sysbios_heaps_HeapMem_Module__diagsIncluded__C            
008110d4  ti_sysbios_heaps_HeapMem_Module__diagsMask__C                
008110d8  ti_sysbios_heaps_HeapMem_Module__gateObj__C                  
008110dc  ti_sysbios_heaps_HeapMem_Object__count__C                    
008110e0  ti_sysbios_heaps_HeapMem_reqAlign__C                         
008110e4  ti_sysbios_knl_Clock_LM_begin__C                             
008110e8  ti_sysbios_knl_Clock_LM_tick__C                              
008110ec  ti_sysbios_knl_Clock_LW_delayed__C                           
008110f0  ti_sysbios_knl_Clock_Module_State_clockQ__O                  
008110f4  ti_sysbios_knl_Clock_Module__diagsEnabled__C                 
008110f8  ti_sysbios_knl_Clock_Module__diagsIncluded__C                
008110fc  ti_sysbios_knl_Clock_Module__diagsMask__C                    
00811100  ti_sysbios_knl_Clock_Module__loggerFxn1__C                   
00811104  ti_sysbios_knl_Clock_Module__loggerFxn2__C                   
00811108  ti_sysbios_knl_Clock_Module__loggerObj__C                    
0081110c  ti_sysbios_knl_Semaphore_A_badContext__C                     
00811110  ti_sysbios_knl_Idle_funcList__A                              
00811114  ti_sysbios_knl_Semaphore_A_noEvents__C                       
00811118  ti_sysbios_knl_Semaphore_A_overflow__C                       
0081111c  ti_sysbios_knl_Semaphore_A_pendTaskDisabled__C               
00811120  ti_sysbios_knl_Semaphore_Instance_State_pendQ__O             
00811124  ti_sysbios_knl_Semaphore_LM_pend__C                          
00811128  ti_sysbios_knl_Semaphore_LM_post__C                          
0081112c  ti_sysbios_knl_Semaphore_Module__diagsEnabled__C             
00811130  ti_sysbios_knl_Semaphore_Module__diagsIncluded__C            
00811134  ti_sysbios_knl_Semaphore_Module__diagsMask__C                
00811138  ti_sysbios_knl_Semaphore_Module__loggerFxn2__C               
0081113c  ti_sysbios_knl_Semaphore_Module__loggerFxn4__C               
00811140  ti_sysbios_knl_Semaphore_Module__loggerObj__C                
00811144  ti_sysbios_knl_Swi_LD_end__C                                 
00811148  ti_sysbios_knl_Swi_LM_begin__C                               
0081114c  ti_sysbios_knl_Swi_LM_post__C                                
00811150  ti_sysbios_knl_Swi_Module__diagsEnabled__C                   
00811154  ti_sysbios_knl_Swi_Module__diagsIncluded__C                  
00811158  ti_sysbios_knl_Swi_Module__diagsMask__C                      
0081115c  ti_sysbios_knl_Swi_Module__loggerFxn1__C                     
00811160  ti_sysbios_knl_Swi_Module__loggerFxn4__C                     
00811164  ti_sysbios_knl_Swi_Module__loggerObj__C                      
00811168  ti_sysbios_knl_Swi_Object__count__C                          
0081116c  ti_sysbios_knl_Task_A_badPriority__C                         
00811170  ti_sysbios_knl_Task_A_badTaskState__C                        
00811174  ti_sysbios_knl_Task_A_badThreadType__C                       
00811178  ti_sysbios_knl_Task_A_badTimeout__C                          
0081117c  ti_sysbios_knl_Task_A_noPendElem__C                          
00811180  ti_sysbios_knl_Task_A_sleepTaskDisabled__C                   
00811184  ti_sysbios_knl_Task_E_spOutOfBounds__C                       
00811188  ti_sysbios_knl_Task_E_stackOverflow__C                       
0081118c  ti_sysbios_knl_Task_LD_block__C                              
00811190  ti_sysbios_knl_Task_LD_exit__C                               
00811194  ti_sysbios_knl_Task_LD_ready__C                              
00811198  ti_sysbios_knl_Task_LM_sleep__C                              
0081119c  ti_sysbios_knl_Task_LM_switch__C                             
008111a0  ti_sysbios_knl_Task_Module_State_inactiveQ__O                
008111a4  ti_sysbios_knl_Task_Module__diagsEnabled__C                  
008111a8  ti_sysbios_knl_Task_Module__diagsIncluded__C                 
008111ac  ti_sysbios_knl_Task_Module__diagsMask__C                     
008111b0  ti_sysbios_knl_Task_Module__loggerFxn2__C                    
008111b4  ti_sysbios_knl_Task_Module__loggerFxn4__C                    
008111b8  ti_sysbios_knl_Task_Module__loggerObj__C                     
008111bc  ti_sysbios_knl_Task_Object__count__C                         
008111c0  ti_sysbios_knl_Task_allBlockedFunc__C                        
008111c4  ti_sysbios_knl_Task_defaultStackHeap__C                      
008111c8  ti_sysbios_knl_Task_defaultStackSize__C                      
008111cc  ti_sysbios_knl_Task_numConstructedTasks__C                   
008111d0  ti_sysbios_timers_rti_Timer_E_cannotSupport__C               
008111d4  ti_sysbios_timers_rti_Timer_Module__diagsEnabled__C          
008111d8  ti_sysbios_timers_rti_Timer_Module__diagsIncluded__C         
008111dc  ti_sysbios_timers_rti_Timer_Module__diagsMask__C             
008111e0  ti_sysbios_timers_rti_Timer_numTimerDevices__C               
008111e4  ti_sysbios_timers_rti_Timer_startupNeeded__C                 
008111e8  xdc_runtime_Assert_E_assertFailed__C                         
008111ec  xdc_runtime_Core_A_initializedParams__C                      
008111f0  xdc_runtime_Core_Module__diagsEnabled__C                     
008111f4  xdc_runtime_Core_Module__diagsIncluded__C                    
008111f8  xdc_runtime_Core_Module__diagsMask__C                        
008111fc  xdc_runtime_Error_E_memory__C                                
00811200  xdc_runtime_Error_Module__diagsEnabled__C                    
00811204  xdc_runtime_Error_Module__diagsIncluded__C                   
00811208  xdc_runtime_Error_Module__diagsMask__C                       
0081120c  xdc_runtime_Error_Module__loggerFxn8__C                      
00811210  xdc_runtime_Error_Module__loggerObj__C                       
00811214  xdc_runtime_Error_policyFxn__C                               
00811218  xdc_runtime_Error_policy__C                                  
0081121c  xdc_runtime_Error_raiseHook__C                               
00811220  xdc_runtime_IGateProvider_Interface__BASE__C                 
00811224  xdc_runtime_IHeap_Interface__BASE__C                         
00811228  xdc_runtime_IModule_Interface__BASE__C                       
0081122c  xdc_runtime_Log_L_error__C                                   
00811230  xdc_runtime_Memory_defaultHeapInstance__C                    
00811234  xdc_runtime_Startup_execImpl__C                              
00811238  xdc_runtime_Startup_maxPasses__C                             
0081123c  xdc_runtime_Startup_sfxnRts__C                               
00811240  xdc_runtime_Startup_sfxnTab__C                               
00811244  xdc_runtime_System_Module__gateObj__C                        
00811248  xdc_runtime_System_abortFxn__C                               
0081124c  xdc_runtime_System_exitFxn__C                                
00811250  xdc_runtime_System_extendFxn__C                              
00811254  xdc_runtime_System_maxAtexitHandlers__C                      
00811258  xdc_runtime_Text_charTab__C                                  
0081125c  xdc_runtime_Text_nameEmpty__C                                
00811260  xdc_runtime_Text_nameStatic__C                               
00811264  xdc_runtime_Text_nameUnknown__C                              
00811268  xdc_runtime_Text_nodeTab__C                                  
0081126c  xdc_runtime_Text_visitRopeFxn__C                             
00811270  ti_sysbios_family_c64p_Exception_useInternalBuffer__C        
00811272  ti_sysbios_family_c64p_Hwi_Module__id__C                     
00811274  ti_sysbios_family_c64p_Hwi_Module__loggerDefined__C          
00811276  ti_sysbios_gates_GateMutex_Module__id__C                     
00811278  ti_sysbios_hal_Hwi_Module__id__C                             
0081127a  ti_sysbios_heaps_HeapMem_Module__id__C                       
0081127c  ti_sysbios_knl_Clock_Module__id__C                           
0081127e  ti_sysbios_knl_Clock_Module__loggerDefined__C                
00811280  ti_sysbios_knl_Semaphore_Module__id__C                       
00811282  ti_sysbios_knl_Semaphore_Module__loggerDefined__C            
00811284  ti_sysbios_knl_Swi_Module__id__C                             
00811286  ti_sysbios_knl_Swi_Module__loggerDefined__C                  
00811288  ti_sysbios_knl_Task_Module__id__C                            
0081128a  ti_sysbios_knl_Task_Module__loggerDefined__C                 
0081128c  ti_sysbios_timers_rti_Timer_Module__id__C                    
0081128e  ti_sysbios_timers_rti_Timer_continueOnSuspend__C             
00811290  xdc_runtime_Core_Module__id__C                               
00811292  xdc_runtime_Error_Module__loggerDefined__C                   
00811294  xdc_runtime_Error_maxDepth__C                                
00811296  xdc_runtime_Main_Module__id__C                               
00811298  xdc_runtime_Memory_Module__id__C                             
0081129a  xdc_runtime_Text_charCnt__C                                  
0081129c  xdc_runtime_Text_isLoaded__C                                 
0081129e  xdc_runtime_Text_registryModsLastId__C                       
008112a0  xdc_runtime_Text_unnamedModsLastId__C                        
008112a4  __TI_STATIC_BASE                                             
008112a4  heap0                                                        
008112a8  ti_sysbios_family_c64p_EventCombiner_Module__state__V        
00811890  _ftable                                                      
00811a70  rl_rxMsg                                                     
00811b70  rl_txMsg                                                     
00811c70  _stream                                                      
00811d10  ti_sysbios_knl_Swi_Module_State_0_readyQ__A                  
00811d90  ti_sysbios_knl_Task_Module_State_0_readyQ__A                 
00811e10  _device                                                      
00811e88  ti_sysbios_family_c64p_Hwi_Module__state__V                  
00811ef4  _lock                                                        
00811ef8  ti_sysbios_knl_Task_Object__table__V                         
00811f54  gMailboxMCB                                                  
00811fa4  ti_sysbios_knl_Task_Module__state__V                         
00811fec  _unlock                                                      
00811ff0  ti_sysbios_gates_GateMutex_Object__table__V                  
00812030  ti_sysbios_timers_rti_Timer_Object__table__V                 
0081206c  ti_sysbios_family_c64p_Exception_Module__state__V            
0081209c  __TI_ft_end                                                  
008120a0  ti_sysbios_knl_Swi_Object__table__V                          
008120d0  ti_sysbios_knl_Clock_Module__state__V                        
008120fc  ti_sysbios_BIOS_Module__state__V                             
00812120  xdc_runtime_Error_IgnoreBlock                                
00812140  xdc_runtime_System_Module_State_0_atexitHandlers__A          
00812160  ti_sysbios_knl_Swi_Module__state__V                          
0081217c  gMailboxDssBssHwCfg                                          
00812194  gMailboxDssMssHwCfg                                          
008121ac  gSOCHwAttrib                                                 
008121c4  __errno                                                      
008121c4  errno                                                        
008121c8  ti_sysbios_family_c64p_Hwi_Object__table__V                  
008121e0  ti_sysbios_heaps_HeapMem_Object__table__V                    
008121f8  ti_sysbios_timers_rti_Timer_Module_State_0_device__A         
00812210  ti_sysbios_timers_rti_Timer_Module_State_0_intFreqs__A       
00812220  ti_sysbios_timers_rti_Timer_Module__state__V                 
00812230  __TI_cleanup_ptr                                             
00812234  __TI_dtors_ptr                                               
00812238  __TI_enable_exit_profile_output                              
0081223c  ti_sysbios_family_c64p_Hwi_Module__root__V                   
00812244  ti_sysbios_gates_GateHwi_Module__root__V                     
0081224c  ti_sysbios_gates_GateMutex_Module__root__V                   
00812258  ti_sysbios_hal_Hwi_Object__table__V                          
00812260  ti_sysbios_heaps_HeapMem_Module__root__V                     
00812268  ti_sysbios_knl_Queue_Module__root__V                         
00812270  ti_sysbios_knl_Semaphore_Module__root__V                     
00812278  ti_sysbios_knl_Task_Module__root__V                          
00812280  ti_sysbios_timers_rti_Timer_Module_State_0_handles__A        
00812288  xdc_runtime_Registry_Module__state__V                        
00812290  xdc_runtime_Startup_Module__state__V                         
00812298  xdc_runtime_System_Module__state__V                          
008122a4  ti_sysbios_family_c64p_Cache_Module__state__V                
008122a8  ti_sysbios_gates_GateHwi_Object__table__V                    
008122ac  ti_sysbios_heaps_HeapBuf_Module__state__V                    
008122b0  ti_sysbios_knl_Task_Module_State_0_idleTask__A               
008122b4  xdc_runtime_Memory_Module__state__V                          
008122b8  xdc_runtime_Error_Module__state__V                           
008122c0  _stack                                                       
008132c0  __TI_STACK_END                                               
008132c0  ti_sysbios_knl_Task_Instance_State_0_stack__A                
00813ac0  __TI_tmpnams                                                 
00813c00  gMMWave_MCB                                                  
00813d00  gMMWave_DualcoreMCB                                          
00813d08  parmbuf                                                      
00813d10  __CIOBUF_                                                    
00813f04  gConfigDetected                                              
00813f08  gStartDetected                                               
00813f0c  gStopDetected                                                
00813f10  gOpenDetected                                                
00813f14  gCloseDetected                                               
00813f18  gMCPIEnable                                                  
00813f1c  gMCPILogMessageSize                                          
00813f20  MCPI_Result                                                  
00813f24  MCPI_FailSignature                                           
00813f2c  gCRCRegister                                                 
00813f30  gMMWaveHandle                                                
00813f34  gTestSelection                                               
00813f38  socHandle                                                    
00813f3c  gSaveRestoreChoice                                           
ffffffff  __TI_pprof_out_hndl                                          
ffffffff  __TI_prof_data_size                                          
ffffffff  __TI_prof_data_start                                         
ffffffff  __binit__                                                    
ffffffff  __c_args__                                                   
ffffffff  binit                                                        
UNDEFED   __TI_CINIT_Base                                              
UNDEFED   __TI_CINIT_Limit                                             
UNDEFED   __TI_Handler_Table_Base                                      
UNDEFED   __TI_Handler_Table_Limit                                     
UNDEFED   __TI_INITARRAY_Base                                          
UNDEFED   __TI_INITARRAY_Limit                                         
UNDEFED   __TI_TLS_INIT_Base                                           
UNDEFED   __TI_TLS_INIT_Limit                                          

[865 symbols]
