******************************************************************************
                  TI ARM Linker Unix v16.9.6                   
******************************************************************************
>> Linked Mon Mar 30 22:54:20 2020

OUTPUT FILE NAME:   <test/xwr18xx_aoaprochwa_mss.xer4f>
ENTRY POINT SYMBOL: "_c_int00"  address: 0000fc08


MEMORY CONFIGURATION

         name            origin    length      used     unused   attr    fill
----------------------  --------  ---------  --------  --------  ----  --------
PAGE 0:
  VECTORS               00000000   00000100  0000003c  000000c4     X
  PROG_RAM              00000100   0007ff00  000153a0  0006ab60  R  X
  DATA_RAM              08000000   00030000  0001cbe4  0001341c  RW  
  L3_RAM                51000000   00100000  00100000  00000000  RW  
  HWA_RAM               52030000   00010000  00000000  00010000  RW  
  HS_RAM                52080000   00008000  00000000  00008000  RW  

PAGE 1:
  L3_RAM                51000000   00100000  00000000  00100000  RW  


SEGMENT ALLOCATION MAP

run origin  load origin   length   init length attrs members
----------  ----------- ---------- ----------- ----- -------
00000000    00000000    0000003c   0000003c    r--
  00000000    00000000    0000003c   0000003c    r-- .vecs
00000100    00000100    000153a8   000153a8    r-x
  00000100    00000100    00012af2   00012af2    r-x .text
  00012bf8    00012bf8    000025c6   000025c6    r-- .const
  000151c0    000151c0    000002e8   000002e8    r-- .cinit
08000000    08000000    0001cbe4   00000000    rw-
  08000000    08000000    00015188   00000000    rw- .tcmb
  08015188    08015188    00005bf8   00000000    rw- .bss
  0801ad80    0801ad80    00001000   00000000    rw- .stack
  0801bd80    0801bd80    00000de4   00000000    rw- .data
  0801cb64    0801cb64    00000080   00000000    rw- .MCPILogBuffer
51000000    51000000    00100000   00000000    rw-
  51000000    51000000    00100000   00000000    rw- .l3ram


SECTION ALLOCATION MAP

 output                                  attributes/
section   page    origin      length       input sections
--------  ----  ----------  ----------   ----------------
.vecs      0    00000000    0000003c     
                  00000000    0000003c     mss_per4ft.oer4ft (.vecs)

xdc.meta   0    00000000    00000109     COPY SECTION
                  00000000    00000109     mss_per4ft.oer4ft (xdc.meta)

.text      0    00000100    00012af2     
                  00000100    0000107a     rtsv7R4_T_le_v3D16_eabi.lib : _printfi.obj (.text)
                  0000117a    00000002     libhwa_xwr18xx.aer4f : hwa.oer4f (.text:HWA_init)
                  0000117c    00001020     aoaprochwa_test_main.oer4f (.text:Test_printResults)
                  0000219c    00000f18     aoaprochwa_test_main.oer4f (.text:Test_task)
                  000030b4    00000af4     aoaprochwa_test_main.oer4f (.text:Test_aoaDpu_cubaDataGen)
                  00003ba8    00000778     rtsv7R4_T_le_v3D16_eabi.lib : s_cosf.obj (.text)
                  00004320    000006e4                                 : s_sinf.obj (.text)
                  00004a04    000005fc                                 : k_rem_pio2.obj (.text)
                  00005000    00000578     libhwa_xwr18xx.aer4f : hwa.oer4f (.text:HWA_configParamSet)
                  00005578    00000008     libaoaproc_hwa_xwr18xx.aer4f : aoaprochwa.oer4f (.text:AOAProcHWADoneIsrCallback)
                  00005580    000004e1     sysbios.aer4ft : BIOS.obj (.text:xdc_runtime_System_doPrint__I)
                  00005a61    00000001     --HOLE-- [fill = 0]
                  00005a62    00000492     aoaprochwa_test_main.oer4f (.text:Test_aoaDpu_cfarListGen)
                  00005ef4    0000044a     libaoaproc_hwa_xwr18xx.aer4f : aoaprochwa.oer4f (.text:AoAProcHWA_config_EDMA)
                  0000633e    0000044a                                  : aoaprochwa.oer4f (.text:HWAutil_configHWA_extendedVelocityScheme)
                  00006788    000003f4     rtsv7R4_T_le_v3D16_eabi.lib : s_cos.obj (.text)
                  00006b7c    000003f4                                 : s_sin.obj (.text)
                  00006f70    0000039c     aoaprochwa_test_main.oer4f (.text:Test_updateProfile)
                  0000730c    00000350     libaoaproc_hwa_xwr18xx.aer4f : aoaprochwa.oer4f (.text:DPU_AoAProcHWA_process)
                  0000765c    00000308     libsoc_xwr18xx.aer4f : soc_xwr18xx_mss.oer4f (.text:SOC_deviceInit)
                  00007964    000002fc     aoaprochwa_test_main.oer4f (.text:Test_setProfile)
                  00007c60    000002fc     aoaprochwa_test_main.oer4f (.text:aoaProc_test_dpuConfig)
                  00007f5c    000002ec     rtsv7R4_T_le_v3D16_eabi.lib : ll_div32.obj (.text)
                  00008248    00000008     aoaprochwa_test_main.oer4f (.text:Cycleprofiler_init)
                  00008250    000002e4     sysbios.aer4ft : BIOS.obj (.text:ti_sysbios_knl_Semaphore_pend__E)
                  00008534    000002b8     rtsv7R4_T_le_v3D16_eabi.lib : ull_div32.obj (.text)
                  000087ec    000002a4                                 : e_asin.obj (.text)
                  00008a90    000002a4     sysbios.aer4ft : BIOS.obj (.text:ti_sysbios_heaps_HeapMem_freeUnprotected__E)
                  00008d34    0000000c     libedma_xwr18xx.aer4f : edma_low_level.oer4f (.text:EDMA3ChannelToParamMap)
                  00008d40    00000280     sysbios.aer4ft : BIOS.obj (.text:ti_sysbios_family_arm_exc_Exception_excDumpContext__I)
                  00008fc0    00000264     rtsv7R4_T_le_v3D16_eabi.lib : e_log.obj (.text)
                  00009224    0000000c     libedma_xwr18xx.aer4f : edma_low_level.oer4f (.text:EDMAsetRegion)
                  00009230    0000022c     sysbios.aer4ft : BIOS.obj (.text:ti_sysbios_knl_Task_Instance_finalize__E)
                  0000945c    00000004     libedma_xwr18xx.aer4f : edma.oer4f (.text:EDMA_getNumInstances)
                  00009460    00000228     sysbios.aer4ft : BIOS.obj (.text:ti_sysbios_heaps_HeapMem_allocUnprotected__E)
                  00009688    0000021c     libaoaproc_hwa_xwr18xx.aer4f : aoaprochwa.oer4f (.text:AoAProcHWA_XYZestimation)
                  000098a4    00000208                                  : aoaprochwa.oer4f (.text:DPU_AoAProcHWA_config)
                  00009aac    00000200     libedma_xwr18xx.aer4f : edma.oer4f (.text:EDMA_configChannel)
                  00009cac    000001fa     libaoaproc_hwa_xwr18xx.aer4f : aoaprochwa.oer4f (.text:HWAutil_configHWA_azimuthHeatMap)
                  00009ea6    000001f2     libhwa_xwr18xx.aer4f : hwa.oer4f (.text:HWA_configCommon)
                  0000a098    00000008     libosal_xwr18xx.aer4f : HwiP_tirtos.oer4f (.text:HwiP_disable)
                  0000a0a0    000001d8     sysbios.aer4ft : BIOS.obj (.text:ti_sysbios_knl_Task_Module_startup__E)
                  0000a278    000001d4     mss_per4ft.oer4ft (.text:xdc_runtime_System_printfExtend__I)
                  0000a44c    000001c8     rtsv7R4_T_le_v3D16_eabi.lib : fopen.obj (.text)
                  0000a614    0000000c     sysbios.aer4ft : arm_IntrinsicsSupport_asm.obj (.text:_ti_sysbios_family_arm_IntrinsicsSupport_maxbitA)
                  0000a620    000001c8                    : BIOS.obj (.text:ti_sysbios_knl_Task_Instance_init__E)
                  0000a7e8    000001bc     libedma_xwr18xx.aer4f : edma.oer4f (.text:EDMA_open)
                  0000a9a4    000001b4     rtsv7R4_T_le_v3D16_eabi.lib : e_atan2.obj (.text)
                  0000ab58    000001b0     aoaprochwa_test_main.oer4f (.text:aoaProc_test_hwaEdmainit)
                  0000ad08    000001a8     rtsv7R4_T_le_v3D16_eabi.lib : s_atan.obj (.text)
                  0000aeb0    0000018c     libaoaproc_hwa_xwr18xx.aer4f : aoaprochwa.oer4f (.text:aoaHwa_dopplerCompensation)
                  0000b03c    00000188     libhwa_xwr18xx.aer4f : hwa.oer4f (.text:HWA_open)
                  0000b1c4    00000182     libaoaproc_hwa_xwr18xx.aer4f : aoaprochwa.oer4f (.text:AoAProcHWA_angleEstimationAzimElev)
                  0000b346    0000000a     libosal_xwr18xx.aer4f : MemoryP_tirtos.oer4f (.text:MemoryP_ctrlFree)
                  0000b350    0000017c     sysbios.aer4ft : BIOS.obj (.text:ti_sysbios_family_arm_exc_Exception_excHandler__I)
                  0000b4cc    0000016a     libaoaproc_hwa_xwr18xx.aer4f : aoaprochwa.oer4f (.text:AoAProcHWA_config_azimuthHeatMap_EDMA)
                  0000b636    00000002     rtsv7R4_T_le_v3D16_eabi.lib : i_div0.obj (.text)
                  0000b638    00000160     aoaprochwa_test_main.oer4f (.text:Test_window2DCoef_gen)
                  0000b798    00000008     libosal_xwr18xx.aer4f : SemaphoreP_tirtos.oer4f (.text:SemaphoreP_Params_init)
                  0000b7a0    00000160     sysbios.aer4ft : BIOS.obj (.text:ti_sysbios_family_arm_v7r_vim_Hwi_reconfig__E)
                  0000b900    00000148     libedma_xwr18xx.aer4f : edma.oer4f (.text:EDMA_setSourceAddress)
                  0000ba48    00000008     sysbios.aer4ft : BIOS.obj (.text:ti_sysbios_family_arm_v7a_Pmu_getEnabled__E)
                  0000ba50    00000144                    : BIOS.obj (.text:ti_sysbios_timers_rti_Timer_Module_startup__E)
                  0000bb94    0000000c     rtsv7R4_T_le_v3D16_eabi.lib : copy_zero_init.obj (.text:decompress:ZI)
                  0000bba0    00000140     sysbios.aer4ft : BIOS.obj (.text:ti_sysbios_heaps_HeapMem_Instance_init__E)
                  0000bce0    00000140                    : BIOS.obj (.text:xdc_runtime_Core_createObject__I)
                  0000be20    0000013c                    : BIOS.obj (.text:ti_sysbios_family_arm_v7r_vim_Hwi_dispatchIRQC__I)
                  0000bf5c    00000138     rtsv7R4_T_le_v3D16_eabi.lib : fputs.obj (.text)
                  0000c094    0000000c     sysbios.aer4ft : BIOS.obj (.text:ti_sysbios_family_arm_v7a_Pmu_configureCounterI__I)
                  0000c0a0    00000134                    : BIOS.obj (.text:xdc_runtime_Startup_startMods__I)
                  0000c1d4    0000000c                    : BIOS.obj (.text:ti_sysbios_family_arm_v7a_Pmu_getCountI__E)
                  0000c1e0    00000130                    : BIOS.obj (.text:xdc_runtime_Error_policyDefault__E)
                  0000c310    0000012c     aoaprochwa_test_main.oer4f (.text:main)
                  0000c43c    0000012a     libedma_xwr18xx.aer4f : edma.oer4f (.text:EDMA_check4kSiErrata)
                  0000c566    00000128     libaoaproc_hwa_xwr18xx.aer4f : aoaprochwa.oer4f (.text:AoAProcHWA_PrepareRangeAzimuthHeatmap)
                  0000c68e    00000002     rtsv7R4_T_le_v3D16_eabi.lib : l_div0.obj (.text)
                  0000c690    00000124     libedma_xwr18xx.aer4f : edma.oer4f (.text:EDMA_init)
                  0000c7b4    00000124     gen_rand_data.oer4f (.text:GaussianNoise)
                  0000c8d8    00000120     libtestlogger_xwr18xx.aer4f : logger.oer4f (.text:MCPI_setFeatureTestResult)
                  0000c9f8    00000114     libedma_xwr18xx.aer4f : edma.oer4f (.text:EDMA_configErrorMonitoring)
                  0000cb0c    00000110                           : edma.oer4f (.text:EDMA_transferComplete_isr)
                  0000cc1c    0000010c     libdpedma_hwa_xwr18xx.aer4f : dpedma.oer4f (.text:DPEDMA_configSyncAB)
                  0000cd28    00000006     libosal_xwr18xx.aer4f : CycleprofilerP_tirtos.oer4f (.text:CycleprofilerP_getTimeStamp)
                  0000cd2e    00000002     mss_per4ft.oer4ft (.text:ti_sysbios_BIOS_nullFunc__I)
                  0000cd30    0000010c     sysbios.aer4ft : BIOS.obj (.text:xdc_runtime_Core_constructObject__I)
                  0000ce3c    00000004     libosal_xwr18xx.aer4f : HwiP_tirtos.oer4f (.text:HwiP_disableInterrupt)
                  0000ce40    00000104     sysbios.aer4ft : BIOS.obj (.text:ti_sysbios_timers_rti_Timer_getFreq__E)
                  0000cf44    000000f4     libaoaproc_hwa_xwr18xx.aer4f : aoaprochwa.oer4f (.text:DPU_AoAProcHWA_init)
                  0000d038    000000ec     libedma_xwr18xx.aer4f : edma.oer4f (.text:EDMA_configParamSet)
                  0000d124    000000ec     rtsv7R4_T_le_v3D16_eabi.lib : s_scalbn.obj (.text)
                  0000d210    000000ec     sysbios.aer4ft : BIOS.obj (.text:ti_sysbios_heaps_HeapBuf_Module_startup__E)
                  0000d2fc    00000004     libosal_xwr18xx.aer4f : HwiP_tirtos.oer4f (.text:HwiP_enableInterrupt)
                  0000d300    000000e8     sysbios.aer4ft : BIOS.obj (.text:ti_sysbios_family_arm_v7r_vim_Hwi_Instance_init__E)
                  0000d3e8    000000e2     libedma_xwr18xx.aer4f : edma.oer4f (.text:EDMA_paramConfig_assist)
                  0000d4ca    00000002     mss_per4ft.oer4ft (.text:xdc_runtime_Startup_reset__I)
                  0000d4cc    000000e0     rtsv7R4_T_le_v3D16_eabi.lib : s_floor.obj (.text)
                  0000d5ac    000000dc                                 : setvbuf.obj (.text)
                  0000d688    00000006     libedma_xwr18xx.aer4f : edma_low_level.oer4f (.text:EDMA3ClrCCErr)
                  0000d68e    00000002     --HOLE-- [fill = 0]
                  0000d690    000000dc     sysbios.aer4ft : BIOS.obj (.text:ti_sysbios_knl_Semaphore_post__E)
                  0000d76c    000000d0                    : exc_Exception_asm.obj (.text:ti_sysbios_family_arm_exc_Exception_excHandlerAsm__I)
                  0000d83c    000000cc     libhwa_xwr18xx.aer4f : hwa.oer4f (.text:HWA_enableParamSetInterrupt)
                  0000d908    000000cc     rtsv7R4_T_le_v3D16_eabi.lib : fflush.obj (.text)
                  0000d9d4    0000000c     mss_per4ft.oer4ft (.text:ti_sysbios_knl_Queue_Object__get__S)
                  0000d9e0    000000cc     sysbios.aer4ft : BIOS.obj (.text:ti_sysbios_knl_Task_checkStacks__E)
                  0000daac    000000ca     libdpedma_hwa_xwr18xx.aer4f : dpedmahwa.oer4f (.text:DPEDMAHWA_configOneHotSignature)
                  0000db76    0000000a     libosal_xwr18xx.aer4f : SemaphoreP_tirtos.oer4f (.text:SemaphoreP_post)
                  0000db80    000000c4     sysbios.aer4ft : BIOS.obj (.text:ti_sysbios_family_arm_v7a_Pmu_configureCounter__E)
                  0000dc44    0000000a                    : tms570_Core_asm.obj (.text:ti_sysbios_family_arm_v7r_tms570_Core_getId__E)
                  0000dc4e    00000002     --HOLE-- [fill = 0]
                  0000dc50    000000c4                    : BIOS.obj (.text:ti_sysbios_family_arm_v7r_vim_Hwi_Module_startup__E)
                  0000dd14    0000000a     mss_per4ft.oer4ft (.text:xdc_runtime_IHeap_alloc)
                  0000dd1e    00000002     --HOLE-- [fill = 0]
                  0000dd20    000000c4     sysbios.aer4ft : BIOS.obj (.text:ti_sysbios_knl_Task_postInit__I)
                  0000dde4    0000000a     mss_per4ft.oer4ft (.text:xdc_runtime_IHeap_free)
                  0000ddee    00000002     --HOLE-- [fill = 0]
                  0000ddf0    000000c0     sysbios.aer4ft : BIOS.obj (.text:ti_sysbios_timers_rti_Timer_startup__E)
                  0000deb0    000000bc     rtsv7R4_T_le_v3D16_eabi.lib : open.obj (.text)
                  0000df6c    000000b8                                 : k_cos.obj (.text)
                  0000e024    000000b6     libsoc_xwr18xx.aer4f : soc_mpu.o (.text)
                  0000e0da    00000006     libedma_xwr18xx.aer4f : edma_low_level.oer4f (.text:EDMA3ErrIntrHighStatusGet)
                  0000e0e0    000000b4     sysbios.aer4ft : BIOS.obj (.text:ti_sysbios_gates_GateMutex_enter__E)
                  0000e194    00000006     libedma_xwr18xx.aer4f : edma_low_level.oer4f (.text:EDMA3GetCCErrStatus)
                  0000e19a    00000006                           : edma_low_level.oer4f (.text:EDMA3GetErrIntrStatus)
                  0000e1a0    000000b0     sysbios.aer4ft : BIOS.obj (.text:ti_sysbios_knl_Swi_restoreHwi__E)
                  0000e250    000000b0                    : BIOS.obj (.text:ti_sysbios_knl_Task_exit__E)
                  0000e300    000000b0                    : BIOS.obj (.text:xdc_runtime_Text_putMod__E)
                  0000e3b0    000000ae     rtsv7R4_T_le_v3D16_eabi.lib : _io_perm.obj (.text)
                  0000e45e    00000002     --HOLE-- [fill = 0]
                  0000e460    000000ac     libaoaproc_hwa_xwr18xx.aer4f : aoaprochwa.oer4f (.text:AoAProcHWA_ConvertFov)
                  0000e50c    000000ac                                  : aoaprochwa.oer4f (.text:AoAProcHWA_rxChanPhaseBiasCompensation)
                  0000e5b8    000000ac     libesm_xwr18xx.aer4f : esm.oer4f (.text:ESM_processInterrupt)
                  0000e664    000000a8     libedma_xwr18xx.aer4f : edma_low_level.oer4f (.text:EDMA3Init)
                  0000e70c    000000a4     libesm_xwr18xx.aer4f : esm.oer4f (.text:ESM_init)
                  0000e7b0    000000a4     libsoc_xwr18xx.aer4f : soc_xwr18xx_mss.oer4f (.text:SOC_unhaltDSS)
                  0000e854    000000a4     rtsv7R4_T_le_v3D16_eabi.lib : k_sin.obj (.text)
                  0000e8f8    00000006     libedma_xwr18xx.aer4f : edma_low_level.oer4f (.text:EDMA3QdmaGetErrIntrStatus)
                  0000e8fe    00000002     --HOLE-- [fill = 0]
                  0000e900    000000a2     sysbios.aer4ft : BIOS.obj (.text:xdc_runtime_Text_putSite__E)
                  0000e9a2    00000002     --HOLE-- [fill = 0]
                  0000e9a4    000000a0     auto_init.aer4ft : auto_init.oer4ft (.text)
                  0000ea44    0000009c     rtsv7R4_T_le_v3D16_eabi.lib : memcpy_t2.obj (.text)
                  0000eae0    0000009c     sysbios.aer4ft : BIOS.obj (.text:ti_sysbios_family_arm_v7r_vim_Hwi_initIntController__I)
                  0000eb7c    00000004     libsoc_xwr18xx.aer4f : soc_xwr18xx.oer4f (.text:SOC_ungateClock)
                  0000eb80    0000009c     sysbios.aer4ft : BIOS.obj (.text:ti_sysbios_family_arm_v7r_vim_Hwi_mapChannel__I)
                  0000ec1c    00000004     mss_per4ft.oer4ft (.text:ti_sysbios_BIOS_RtsGateProxy_enter__E)
                  0000ec20    0000009c     sysbios.aer4ft : BIOS.obj (.text:ti_sysbios_knl_Semaphore_Instance_init__E)
                  0000ecbc    00000004     mss_per4ft.oer4ft (.text:ti_sysbios_BIOS_RtsGateProxy_leave__E)
                  0000ecc0    0000009c     sysbios.aer4ft : BIOS.obj (.text:ti_sysbios_knl_Swi_runLoop__I)
                  0000ed5c    00000098     rtsv7R4_T_le_v3D16_eabi.lib : fclose.obj (.text)
                  0000edf4    00000098                                 : fputc.obj (.text)
                  0000ee8c    00000098     sysbios.aer4ft : vim_Hwi_asm_switch.obj (.text)
                  0000ef24    00000096     libedma_xwr18xx.aer4f : edma.oer4f (.text:EDMA_getErrorStatusInfo)
                  0000efba    00000096     libhwa_xwr18xx.aer4f : hwa.oer4f (.text:HWA_configRam)
                  0000f050    00000094     rtsv7R4_T_le_v3D16_eabi.lib : snprintf.obj (.text)
                  0000f0e4    00000094     sysbios.aer4ft : vim_Hwi_asm.obj (.text:ti_sysbios_family_arm_v7r_vim_Hwi_dispatchIRQ__I)
                  0000f178    00000006     libosal_xwr18xx.aer4f : HwiP_tirtos.oer4f (.text:HwiP_restore)
                  0000f17e    00000002     --HOLE-- [fill = 0]
                  0000f180    00000090     sysbios.aer4ft : BIOS.obj (.text:ti_sysbios_family_arm_v7a_Pmu_startCounter__E)
                  0000f210    0000008e     libaoaproc_hwa_xwr18xx.aer4f : aoaprochwa.oer4f (.text:AoAProcHWA_cfgAndTrigger_EDMA_2DFFT)
                  0000f29e    00000002     --HOLE-- [fill = 0]
                  0000f2a0    0000008c     libsoc_xwr18xx.aer4f : soc_xwr18xx.oer4f (.text:SOC_translateAddress)
                  0000f32c    00000004     mss_per4ft.oer4ft (.text:ti_sysbios_family_arm_TaskSupport_Module__startupDone__S)
                  0000f330    0000008c     sysbios.aer4ft : BIOS.obj (.text:ti_sysbios_family_arm_v7a_Pmu_getCount__E)
                  0000f3bc    00000004     mss_per4ft.oer4ft (.text:ti_sysbios_family_arm_v7r_vim_Hwi_delete)
                  0000f3c0    0000008c     sysbios.aer4ft : BIOS.obj (.text:ti_sysbios_family_arm_v7r_vim_Hwi_Instance_finalize__E)
                  0000f44c    00000004     mss_per4ft.oer4ft (.text:ti_sysbios_heaps_HeapMem_Module_GateProxy_enter__E)
                  0000f450    0000008c     sysbios.aer4ft : BIOS.obj (.text:xdc_runtime_Memory_alloc__E)
                  0000f4dc    0000008a     aoaprochwa_test_main.oer4f (.text:MmwDemo_EDMA_errorCallbackFxn)
                  0000f566    00000002     --HOLE-- [fill = 0]
                  0000f568    0000008a     aoaprochwa_test_main.oer4f (.text:MmwDemo_EDMA_transferControllerErrorCallbackFxn)
                  0000f5f2    00000088     libhwa_xwr18xx.aer4f : hwa.oer4f (.text:HWA_disableParamSetInterrupt)
                  0000f67a    00000004     mss_per4ft.oer4ft (.text:ti_sysbios_heaps_HeapMem_Module_GateProxy_leave__E)
                  0000f67e    00000002     --HOLE-- [fill = 0]
                  0000f680    00000085     sysbios.aer4ft : BIOS.obj (.text:xdc_runtime_System_formatNum__I)
                  0000f705    00000003     --HOLE-- [fill = 0]
                  0000f708    00000084     libsoc_xwr18xx.aer4f : soc.oer4f (.text:SOC_init)
                  0000f78c    00000082     libhwa_xwr18xx.aer4f : hwa.oer4f (.text:HWA_paramDoneISR)
                  0000f80e    00000002     --HOLE-- [fill = 0]
                  0000f810    00000080     sysbios.aer4ft : BIOS.obj (.text:ti_sysbios_timers_rti_Timer_initDevice__I)
                  0000f890    0000007e     libosal_xwr18xx.aer4f : HwiP_tirtos.oer4f (.text:HwiP_create)
                  0000f90e    0000007c     libedma_xwr18xx.aer4f : edma.oer4f (.text:EDMA_clearErrors)
                  0000f98a    00000002     --HOLE-- [fill = 0]
                  0000f98c    0000007c     sysbios.aer4ft : arm_TaskSupport_asm.obj (.text:_ti_sysbios_family_arm_TaskSupport_buildTaskStack)
                  0000fa08    00000004     mss_per4ft.oer4ft (.text:ti_sysbios_knl_Clock_TimerProxy_getMaxTicks__E)
                  0000fa0c    00000004     mss_per4ft.oer4ft (.text:xdc_runtime_System_Module_GateProxy_enter__E)
                  0000fa10    0000007c     sysbios.aer4ft : BIOS.obj (.text:ti_sysbios_knl_Clock_workFunc__E)
                  0000fa8c    00000004     mss_per4ft.oer4ft (.text:xdc_runtime_System_Module_GateProxy_leave__E)
                  0000fa90    0000007c     sysbios.aer4ft : BIOS.obj (.text:ti_sysbios_timers_rti_Timer_setPeriodMicroSecs__E)
                  0000fb0c    00000004     --HOLE-- [fill = 0]
                  0000fb10    0000007c                    : BIOS.obj (.text:xdc_runtime_Core_deleteObject__I)
                  0000fb8c    0000007a     rtsv7R4_T_le_v3D16_eabi.lib : memset_t2.obj (.text)
                  0000fc06    00000002     --HOLE-- [fill = 0]
                  0000fc08    00000074     boot.aer4ft : boot.oer4ft (.text)
                  0000fc7c    00000074     rtsv7R4_T_le_v3D16_eabi.lib : getdevice.obj (.text)
                  0000fcf0    00000074                                 : s_frexp.obj (.text)
                  0000fd64    00000070     libedma_xwr18xx.aer4f : edma.oer4f (.text:EDMA_error_isr)
                  0000fdd4    00000070     libhwa_xwr18xx.aer4f : hwa.oer4f (.text:HWA_close)
                  0000fe44    00000070                          : hwa.oer4f (.text:HWA_getDriverAccess)
                  0000feb4    00000070     rtsv7R4_T_le_v3D16_eabi.lib : printf.obj (.text)
                  0000ff24    0000000c     --HOLE-- [fill = 0]
                  0000ff30    00000070     sysbios.aer4ft : BIOS.obj (.text:xdc_runtime_Error_print__E)
                  0000ffa0    00000070                    : BIOS.obj (.text:xdc_runtime_Text_visitRope2__I)
                  00010010    0000006c     rtsv7R4_T_le_v3D16_eabi.lib : copy_decompress_lzss.obj (.text:decompress:lzss)
                  0001007c    0000006c                                 : trgmsg.obj (.text)
                  000100e8    00000068                                 : hostlseek.obj (.text)
                  00010150    00000068                                 : hostrename.obj (.text)
                  000101b8    00000064     libedma_xwr18xx.aer4f : edma.oer4f (.text:EDMA_getTransferControllerErrorStatusInfo)
                  0001021c    00000064                           : edma.oer4f (.text:EDMA_isTransferComplete)
                  00010280    00000064                           : edma.oer4f (.text:EDMA_startDmaTransfer)
                  000102e4    00000064     libhwa_xwr18xx.aer4f : hwa.oer4f (.text:HWA_getDMAChanIndex)
                  00010348    00000064     libosal_xwr18xx.aer4f : SemaphoreP_tirtos.oer4f (.text:SemaphoreP_create)
                  000103ac    00000064     rtsv7R4_T_le_v3D16_eabi.lib : fseek.obj (.text)
                  00010410    00000064                                 : sprintf.obj (.text)
                  00010474    00000064     sysbios.aer4ft : exc_Exception_asm.obj (.text:ti_sysbios_family_arm_exc_Exception_initCore0__I)
                  000104d8    00000008     --HOLE-- [fill = 0]
                  000104e0    00000064                    : BIOS.obj (.text:ti_sysbios_family_arm_v7r_vim_Hwi_phantomIntHandler__I)
                  00010544    0000000c     --HOLE-- [fill = 0]
                  00010550    00000064                    : BIOS.obj (.text:ti_sysbios_knl_Task_schedule__I)
                  000105b4    0000000c     --HOLE-- [fill = 0]
                  000105c0    00000064                    : BIOS.obj (.text:xdc_runtime_Startup_exec__E)
                  00010624    00000060     libedma_xwr18xx.aer4f : edma.oer4f (.text:EDMA_close)
                  00010684    00000060     aoaprochwa_test_main.oer4f (.text:Test_setAzim)
                  000106e4    0000000c     --HOLE-- [fill = 0]
                  000106f0    00000060     sysbios.aer4ft : BIOS.obj (.text:ti_sysbios_heaps_HeapMem_alloc__E)
                  00010750    00000060                    : BIOS.obj (.text:xdc_runtime_Assert_raise__I)
                  000107b0    0000005f                    : BIOS.obj (.text:xdc_runtime_Text_putLab__E)
                  0001080f    00000001     --HOLE-- [fill = 0]
                  00010810    0000005c     rtsv7R4_T_le_v3D16_eabi.lib : hostopen.obj (.text)
                  0001086c    0000005c                                 : hostread.obj (.text)
                  000108c8    00000008     --HOLE-- [fill = 0]
                  000108d0    0000005c     sysbios.aer4ft : BIOS.obj (.text:ti_sysbios_knl_Swi_schedule__I)
                  0001092c    00000058     libedma_xwr18xx.aer4f : edma_low_level.oer4f (.text:EDMA3EnableChInShadowReg)
                  00010984    00000058     libesm_xwr18xx.aer4f : esm.oer4f (.text:ESM_highpriority_FIQ)
                  000109dc    00000058     libhwa_xwr18xx.aer4f : hwa.oer4f (.text:HWA_getDMAconfig)
                  00010a34    00000058     rtsv7R4_T_le_v3D16_eabi.lib : close.obj (.text)
                  00010a8c    00000058                                 : hostwrite.obj (.text)
                  00010ae4    00000056     libedma_xwr18xx.aer4f : edma.oer4f (.text:EDMA_check4kSiErrata_boundaryCheckUtilType1)
                  00010b3a    00000054     rtsv7R4_T_le_v3D16_eabi.lib : ltoa.obj (.text)
                  00010b8e    00000002     --HOLE-- [fill = 0]
                  00010b90    00000054     mss_per4ft.oer4ft (.text:ti_sysbios_family_arm_v7r_vim_Hwi_create)
                  00010be4    0000000c     --HOLE-- [fill = 0]
                  00010bf0    00000054     sysbios.aer4ft : BIOS.obj (.text:ti_sysbios_heaps_HeapMem_getStats__E)
                  00010c44    0000000c     --HOLE-- [fill = 0]
                  00010c50    00000054                    : BIOS.obj (.text:ti_sysbios_knl_Task_startCore__E)
                  00010ca4    0000000c     --HOLE-- [fill = 0]
                  00010cb0    00000054                    : BIOS.obj (.text:xdc_runtime_Core_assignLabel__I)
                  00010d04    00000052     libdpedma_hwa_xwr18xx.aer4f : dpedma.oer4f (.text:DPEDMA_setup_shadow_link)
                  00010d56    00000050     libaoaproc_hwa_xwr18xx.aer4f : aoaprochwa.oer4f (.text:AoAProc_HWAutil_configCommon)
                  00010da6    00000050     libedma_xwr18xx.aer4f : edma_low_level.oer4f (.text:EDMA3MapChToEvtQ)
                  00010df6    00000002     --HOLE-- [fill = 0]
                  00010df8    00000050     rtsv7R4_T_le_v3D16_eabi.lib : atoi.obj (.text)
                  00010e48    00000050                                 : exit.obj (.text)
                  00010e98    00000050                                 : u_div32.obj (.text)
                  00010ee8    00000008     --HOLE-- [fill = 0]
                  00010ef0    00000050     sysbios.aer4ft : BIOS.obj (.text:xdc_runtime_System_exit__E)
                  00010f40    0000004c     libedma_xwr18xx.aer4f : edma.oer4f (.text:EDMA_disableChannel)
                  00010f8c    0000004c                           : edma.oer4f (.text:EDMA_enableChannel)
                  00010fd8    0000004c     libhwa_xwr18xx.aer4f : hwa.oer4f (.text:HWA_enableDoneInterrupt)
                  00011024    0000004c     rtsv7R4_T_le_v3D16_eabi.lib : cpy_tbl.obj (.text)
                  00011070    0000004c     sysbios.aer4ft : BIOS.obj (.text:ti_sysbios_family_arm_v7r_vim_Hwi_getStackInfo__E)
                  000110bc    0000004c     mss_per4ft.oer4ft (.text:ti_sysbios_knl_Task_create)
                  00011108    00000008     --HOLE-- [fill = 0]
                  00011110    0000004a     sysbios.aer4ft : BIOS.obj (.text:xdc_runtime_Core_assignParams__I)
                  0001115a    00000006     --HOLE-- [fill = 0]
                  00011160    0000004a                    : BIOS.obj (.text:xdc_runtime_Text_xprintf__I)
                  000111aa    00000002     --HOLE-- [fill = 0]
                  000111ac    00000048     libhwa_xwr18xx.aer4f : hwa.oer4f (.text:HWA_deleteInstance)
                  000111f4    00000044     libedma_xwr18xx.aer4f : edma.oer4f (.text:EDMA_linkParamSets)
                  00011238    00000044     libsoc_xwr18xx.aer4f : soc_xwr18xx_mss.oer4f (.text:SOC_resetDMA)
                  0001127c    00000044     rtsv7R4_T_le_v3D16_eabi.lib : hostclose.obj (.text)
                  000112c0    00000044                                 : hostunlink.obj (.text)
                  00011304    0000000c     --HOLE-- [fill = 0]
                  00011310    00000044     sysbios.aer4ft : BIOS.obj (.text:ti_sysbios_family_arm_v7r_tms570_Core_Module_startup__E)
                  00011354    0000000c     --HOLE-- [fill = 0]
                  00011360    00000044                    : BIOS.obj (.text:ti_sysbios_knl_Task_allBlockedFunction__I)
                  000113a4    0000000c     --HOLE-- [fill = 0]
                  000113b0    00000044                    : BIOS.obj (.text:xdc_runtime_System_atexit__E)
                  000113f4    00000042     libedma_xwr18xx.aer4f : edma.oer4f (.text:EDMA_transferController_error_isr)
                  00011436    00000040     libhwa_xwr18xx.aer4f : hwa.oer4f (.text:HWA_getHWAMemInfo)
                  00011476    0000000a     --HOLE-- [fill = 0]
                  00011480    00000040     sysbios.aer4ft : BIOS.obj (.text:ti_sysbios_family_arm_v7r_vim_Hwi_setType__E)
                  000114c0    00000040                    : BIOS.obj (.text:ti_sysbios_knl_Swi_post__E)
                  00011500    00000040                    : BIOS.obj (.text:ti_sysbios_timers_rti_Timer_stop__E)
                  00011540    0000003e     libhwa_xwr18xx.aer4f : hwa.oer4f (.text:CSL_FINSR)
                  0001157e    0000003e     libsoc_xwr18xx.aer4f : soc.oer4f (.text:CSL_FINSR)
                  000115bc    0000003e                          : soc_xwr18xx.oer4f (.text:CSL_FINSR)
                  000115fa    0000003e                          : soc_xwr18xx_mss.oer4f (.text:CSL_FINSR)
                  00011638    0000003e     libhwa_xwr18xx.aer4f : hwa.oer4f (.text:HWA_enable)
                  00011676    00000002     --HOLE-- [fill = 0]
                  00011678    0000003c     gen_rand_data.oer4f (.text:RandSimple)
                  000116b4    0000003c     libsoc_xwr18xx.aer4f : soc.oer4f (.text:SOC_unhaltBSS)
                  000116f0    0000003c     sysbios.aer4ft : vim_Hwi_asm.obj (.text:ti_sysbios_family_arm_v7r_vim_Hwi_init__I)
                  0001172c    00000004     --HOLE-- [fill = 0]
                  00011730    0000003c                    : BIOS.obj (.text:ti_sysbios_hal_Hwi_checkStack)
                  0001176c    00000004     --HOLE-- [fill = 0]
                  00011770    0000003c                    : BIOS.obj (.text:ti_sysbios_heaps_HeapMem_init__I)
                  000117ac    00000004     --HOLE-- [fill = 0]
                  000117b0    0000003c                    : BIOS.obj (.text:ti_sysbios_knl_Swi_startup__E)
                  000117ec    00000004     --HOLE-- [fill = 0]
                  000117f0    0000003c                    : BIOS.obj (.text:ti_sysbios_timers_rti_Timer_setPeriod__E)
                  0001182c    0000003a     libosal_xwr18xx.aer4f : HwiP_tirtos.oer4f (.text:HwiP_delete)
                  00011866    00000002     --HOLE-- [fill = 0]
                  00011868    00000038     libedma_xwr18xx.aer4f : edma_low_level.oer4f (.text:EDMA3ClrMissEvt)
                  000118a0    00000036     rtsv7R4_T_le_v3D16_eabi.lib : strncpy.obj (.text)
                  000118d6    00000034     libedma_xwr18xx.aer4f : edma.oer4f (.text:EDMA_configTransferControllerError)
                  0001190a    00000002     --HOLE-- [fill = 0]
                  0001190c    00000034     libhwa_xwr18xx.aer4f : hwa.oer4f (.text:HWA_disableDoneInterrupt)
                  00011940    00000034     libsoc_xwr18xx.aer4f : soc_xwr18xx.oer4f (.text:SOC_enableHWA)
                  00011974    00000034     mss_per4ft.oer4ft (.text:ti_sysbios_knl_Semaphore_create)
                  000119a8    00000008     --HOLE-- [fill = 0]
                  000119b0    00000034     sysbios.aer4ft : BIOS.obj (.text:ti_sysbios_knl_Task_processVitalTaskFlag__I)
                  000119e4    00000032     libedma_xwr18xx.aer4f : edma.oer4f (.text:EDMA_configQueueThreshold)
                  00011a16    00000002     --HOLE-- [fill = 0]
                  00011a18    00000032     libhwa_xwr18xx.aer4f : hwa.oer4f (.text:HWA_allParamDoneISR)
                  00011a4a    00000006     --HOLE-- [fill = 0]
                  00011a50    00000032     sysbios.aer4ft : BIOS.obj (.text:ti_sysbios_hal_Hwi_initStack)
                  00011a82    00000030     aoaprochwa_test_main.oer4f (.text:test_modCalc)
                  00011ab2    00000002     --HOLE-- [fill = 0]
                  00011ab4    00000030     mss_per4ft.oer4ft (.text:ti_sysbios_BIOS_atExitFunc__I)
                  00011ae4    00000030     mss_per4ft.oer4ft (.text:ti_sysbios_BIOS_startFunc__I)
                  00011b14    0000000c     --HOLE-- [fill = 0]
                  00011b20    00000030     sysbios.aer4ft : BIOS.obj (.text:ti_sysbios_family_arm_TaskSupport_start__E)
                  00011b50    00000030     mss_per4ft.oer4ft (.text:ti_sysbios_gates_GateHwi_Object__create__S)
                  00011b80    00000030     mss_per4ft.oer4ft (.text:ti_sysbios_gates_GateMutex_Object__create__S)
                  00011bb0    00000030     mss_per4ft.oer4ft (.text:ti_sysbios_heaps_HeapMem_Object__create__S)
                  00011be0    00000030     sysbios.aer4ft : BIOS.obj (.text:ti_sysbios_heaps_HeapMem_free__E)
                  00011c10    00000030     mss_per4ft.oer4ft (.text:ti_sysbios_knl_Semaphore_construct)
                  00011c40    0000002f     sysbios.aer4ft : BIOS.obj (.text:xdc_runtime_Text_printVisFxn__I)
                  00011c6f    00000001     --HOLE-- [fill = 0]
                  00011c70    0000002e     mss_per4ft.oer4ft (.text:ti_sysbios_rts_MemAlloc_alloc)
                  00011c9e    00000002     --HOLE-- [fill = 0]
                  00011ca0    0000002c     libedma_xwr18xx.aer4f : edma.oer4f (.text:EDMA_validate_channelIdchannelType)
                  00011ccc    0000002c     aoaprochwa_test_main.oer4f (.text:aoaProc_test_dpuInit)
                  00011cf8    0000002c     rtsv7R4_T_le_v3D16_eabi.lib : e_sqrt.obj (.text)
                  00011d24    0000002c                                 : unlink.obj (.text)
                  00011d50    0000002c     mss_per4ft.oer4ft (.text:ti_sysbios_knl_Clock_doTick__I)
                  00011d7c    0000002c     mss_per4ft.oer4ft (.text:ti_sysbios_knl_Queue_construct)
                  00011da8    00000008     --HOLE-- [fill = 0]
                  00011db0    0000002c     sysbios.aer4ft : BIOS.obj (.text:ti_sysbios_knl_Semaphore_pendTimeout__I)
                  00011ddc    00000004     --HOLE-- [fill = 0]
                  00011de0    0000002c                    : BIOS.obj (.text:ti_sysbios_knl_Swi_Module_startup__E)
                  00011e0c    00000004     --HOLE-- [fill = 0]
                  00011e10    0000002c                    : BIOS.obj (.text:ti_sysbios_knl_Task_unblockI__E)
                  00011e3c    00000004     --HOLE-- [fill = 0]
                  00011e40    0000002c                    : BIOS.obj (.text:ti_sysbios_timers_rti_Timer_periodicStub__E)
                  00011e6c    0000002a     libsoc_xwr18xx.aer4f : soc.oer4f (.text:SOC_SystemISR)
                  00011e96    00000002     --HOLE-- [fill = 0]
                  00011e98    00000028     rtsv7R4_T_le_v3D16_eabi.lib : e_sqrtf.obj (.text)
                  00011ec0    00000028                                 : lseek.obj (.text)
                  00011ee8    00000028                                 : write.obj (.text)
                  00011f10    00000028     sysbios.aer4ft : BIOS.obj (.text:ti_sysbios_knl_Idle_run__E)
                  00011f38    00000008     --HOLE-- [fill = 0]
                  00011f40    00000028                    : BIOS.obj (.text:ti_sysbios_knl_Task_restore__E)
                  00011f68    00000008     --HOLE-- [fill = 0]
                  00011f70    00000028                    : BIOS.obj (.text:xdc_runtime_SysStd_abort__E)
                  00011f98    00000008     --HOLE-- [fill = 0]
                  00011fa0    00000028                    : BIOS.obj (.text:xdc_runtime_System_aprintf_va__F)
                  00011fc8    00000008     --HOLE-- [fill = 0]
                  00011fd0    00000026                    : BIOS.obj (.text:xdc_runtime_System_printf_va__F)
                  00011ff6    00000002     --HOLE-- [fill = 0]
                  00011ff8    00000024     libedma_xwr18xx.aer4f : edma_low_level.oer4f (.text:EDMA3ClrEvt)
                  0001201c    00000024                           : edma_low_level.oer4f (.text:EDMA3ClrIntr)
                  00012040    00000024                           : edma_low_level.oer4f (.text:EDMA3DisableEvtIntr)
                  00012064    00000024                           : edma_low_level.oer4f (.text:EDMA3EnableDmaEvt)
                  00012088    00000024                           : edma_low_level.oer4f (.text:EDMA3EnableEvtIntr)
                  000120ac    00000024                           : edma_low_level.oer4f (.text:EDMA3SetEvt)
                  000120d0    00000024                           : edma.oer4f (.text:EDMA_clearTransferControllerErrors)
                  000120f4    00000024     libtestlogger_xwr18xx.aer4f : logger.oer4f (.text:MCPI_Initialize)
                  00012118    00000024     mss_per4ft.oer4ft (.text:ti_sysbios_BIOS_errorRaiseHook__I)
                  0001213c    00000024     mss_per4ft.oer4ft (.text:ti_sysbios_BIOS_registerRTSLock__I)
                  00012160    00000024     mss_per4ft.oer4ft (.text:ti_sysbios_BIOS_removeRTSLock__I)
                  00012184    00000024     mss_per4ft.oer4ft (.text:ti_sysbios_gates_GateMutex_Object__delete__S)
                  000121a8    00000008     --HOLE-- [fill = 0]
                  000121b0    00000024     sysbios.aer4ft : BIOS.obj (.text:ti_sysbios_knl_Clock_Module_startup__E)
                  000121d4    0000000c     --HOLE-- [fill = 0]
                  000121e0    00000024                    : BIOS.obj (.text:ti_sysbios_knl_Task_restoreHwi__E)
                  00012204    00000022     mathutils.oer4f (.text:mathUtils_ceilLog2)
                  00012226    00000002     --HOLE-- [fill = 0]
                  00012228    00000020     libedma_xwr18xx.aer4f : edma_low_level.oer4f (.text:EDMA3DisableDmaEvt)
                  00012248    00000020                           : edma_low_level.oer4f (.text:EDMA3QdmaClrMissEvt)
                  00012268    00000020     libesm_xwr18xx.aer4f : esm.oer4f (.text:ESM_lowpriority_IRQ)
                  00012288    00000020     rtsv7R4_T_le_v3D16_eabi.lib : memchr.obj (.text)
                  000122a8    00000008     --HOLE-- [fill = 0]
                  000122b0    00000020     sysbios.aer4ft : BIOS.obj (.text:ti_sysbios_family_arm_v7a_Pmu_Module_startup__E)
                  000122d0    00000020     mss_per4ft.oer4ft (.text:ti_sysbios_family_arm_v7r_vim_Hwi_Object__delete__S)
                  000122f0    00000020     sysbios.aer4ft : BIOS.obj (.text:ti_sysbios_family_arm_v7r_vim_Hwi_disableInterrupt__E)
                  00012310    00000020                    : BIOS.obj (.text:ti_sysbios_family_arm_v7r_vim_Hwi_enableInterrupt__E)
                  00012330    00000020     mss_per4ft.oer4ft (.text:ti_sysbios_gates_GateHwi_Object__delete__S)
                  00012350    00000020     mss_per4ft.oer4ft (.text:ti_sysbios_heaps_HeapMem_Object__delete__S)
                  00012370    00000020     mss_per4ft.oer4ft (.text:ti_sysbios_knl_Semaphore_destruct)
                  00012390    0000001e     libaoaproc_hwa_xwr18xx.aer4f : aoaprochwa.oer4f (.text:AOAHWA_waitEdma)
                  000123ae    0000001e     libsoc_xwr18xx.aer4f : soc_xwr18xx_mss.oer4f (.text:SOC_getOutAddr_LUTType)
                  000123cc    0000001e     rtsv7R4_T_le_v3D16_eabi.lib : strcat.obj (.text)
                  000123ea    0000001c     libhwa_xwr18xx.aer4f : hwa.oer4f (.text:CSL_FEXTR)
                  00012406    0000001c     libsoc_xwr18xx.aer4f : soc.oer4f (.text:CSL_FEXTR)
                  00012422    0000001c                          : soc_xwr18xx_mss.oer4f (.text:CSL_FEXTR)
                  0001243e    00000002     --HOLE-- [fill = 0]
                  00012440    0000001c     libaoaproc_hwa_xwr18xx.aer4f : aoaprochwa.oer4f (.text:DPU_AoAProcHWA_deinit)
                  0001245c    0000001c     libsoc_xwr18xx.aer4f : soc_xwr18xx_mss.oer4f (.text:SOC_getInAddr_LUTType)
                  00012478    0000001c     sysbios.aer4ft : arm_TaskSupport_asm.obj (.text:_ti_sysbios_family_arm_TaskSupport_glue)
                  00012494    0000001c                    : arm_TaskSupport_asm.obj (.text:_ti_sysbios_family_arm_TaskSupport_swap__E)
                  000124b0    0000001c     rtsv7R4_T_le_v3D16_eabi.lib : memccpy.obj (.text)
                  000124cc    0000001c     mss_per4ft.oer4ft (.text:ti_sysbios_BIOS_rtsLock__I)
                  000124e8    00000008     --HOLE-- [fill = 0]
                  000124f0    0000001c     sysbios.aer4ft : BIOS.obj (.text:ti_sysbios_gates_GateMutex_Instance_init__E)
                  0001250c    00000004     --HOLE-- [fill = 0]
                  00012510    0000001c                    : BIOS.obj (.text:ti_sysbios_gates_GateMutex_leave__E)
                  0001252c    0000001c     mss_per4ft.oer4ft (.text:ti_sysbios_knl_Queue_destruct)
                  00012548    0000001a     libedma_xwr18xx.aer4f : edma_low_level.oer4f (.text:EDMA3SetPaRAM)
                  00012562    0000001a     mss_per4ft.oer4ft (.text:free)
                  0001257c    0000001a     libedma_xwr18xx.aer4f : edma.oer4f (.text:isAcntInList1)
                  00012596    0000001a     rtsv7R4_T_le_v3D16_eabi.lib : s_copysign.obj (.text)
                  000125b0    0000001a     mss_per4ft.oer4ft (.text:ti_sysbios_gates_GateHwi_Handle__label__S)
                  000125ca    0000001a     mss_per4ft.oer4ft (.text:ti_sysbios_gates_GateMutex_Handle__label__S)
                  000125e4    0000001a     mss_per4ft.oer4ft (.text:ti_sysbios_heaps_HeapMem_Handle__label__S)
                  000125fe    0000001a     mss_per4ft.oer4ft (.text:xdc_runtime_System_aprintf__E)
                  00012618    0000001a     mss_per4ft.oer4ft (.text:xdc_runtime_System_printf__E)
                  00012632    00000002     --HOLE-- [fill = 0]
                  00012634    00000018     libedma_xwr18xx.aer4f : edma_low_level.oer4f (.text:EDMA3DisableQdmaEvt)
                  0001264c    00000018                           : edma_low_level.oer4f (.text:EDMA3EnableQdmaEvt)
                  00012664    00000018     rtsv7R4_T_le_v3D16_eabi.lib : args_main.obj (.text)
                  0001267c    00000018                                 : ll_mul_t2.obj (.text)
                  00012694    00000018                                 : strcmp.obj (.text)
                  000126ac    00000018     mss_per4ft.oer4ft (.text:ti_sysbios_BIOS_rtsUnlock__I)
                  000126c4    00000018     sysbios.aer4ft : BIOS.obj (.text:ti_sysbios_family_arm_v7a_Pmu_initCounters__I)
                  000126dc    00000018     mss_per4ft.oer4ft (.text:ti_sysbios_family_arm_v7r_vim_Hwi_Module__startupDone__F)
                  000126f4    00000018     mss_per4ft.oer4ft (.text:ti_sysbios_family_arm_v7r_vim_Hwi_Params__init__S)
                  0001270c    00000004     --HOLE-- [fill = 0]
                  00012710    00000018     sysbios.aer4ft : BIOS.obj (.text:ti_sysbios_family_arm_v7r_vim_Hwi_clearInterrupt__E)
                  00012728    00000018     mss_per4ft.oer4ft (.text:ti_sysbios_knl_Semaphore_Params__init__S)
                  00012740    00000018     mss_per4ft.oer4ft (.text:ti_sysbios_knl_Task_Params__init__S)
                  00012758    00000008     --HOLE-- [fill = 0]
                  00012760    00000018     sysbios.aer4ft : BIOS.obj (.text:ti_sysbios_knl_Task_enter__I)
                  00012778    00000018     mss_per4ft.oer4ft (.text:ti_sysbios_timers_rti_Timer_Module__startupDone__F)
                  00012790    00000018     sysbios.aer4ft : BIOS.obj (.text:xdc_runtime_Error_init__E)
                  000127a8    00000016     rtsv7R4_T_le_v3D16_eabi.lib : strchr.obj (.text)
                  000127be    00000016                                 : strlen.obj (.text)
                  000127d4    00000016     mss_per4ft.oer4ft (.text:ti_sysbios_BIOS_exitFunc__I)
                  000127ea    00000006     --HOLE-- [fill = 0]
                  000127f0    00000016     sysbios.aer4ft : BIOS.obj (.text:ti_sysbios_knl_Idle_loop__E)
                  00012806    00000016     aoaprochwa_test_main.oer4f (.text:ti_sysbios_knl_Task_Params_init)
                  0001281c    00000014     libosal_xwr18xx.aer4f : CycleprofilerP_tirtos.oer4f (.text:CycleprofilerP_init)
                  00012830    00000014     libedma_xwr18xx.aer4f : edma_low_level.oer4f (.text:EDMA3GetIntrStatus)
                  00012844    00000014                           : edma_low_level.oer4f (.text:EDMA3IntrStatusHighGet)
                  00012858    00000014                           : edma_low_level.oer4f (.text:EDMA3MapQdmaChToPaRAM)
                  0001286c    00000014     libosal_xwr18xx.aer4f : HwiP_tirtos.oer4f (.text:HwiP_Params_init)
                  00012880    00000014     libtestlogger_xwr18xx.aer4f : logger.oer4f (.text:MCPI_setTestResult)
                  00012894    00000014     libosal_xwr18xx.aer4f : DebugP_tirtos.oer4f (.text:_DebugP_assert)
                  000128a8    00000014     mathutils.oer4f (.text:mathUtils_floorLog2)
                  000128bc    00000014     rtsv7R4_T_le_v3D16_eabi.lib : _lock.obj (.text)
                  000128d0    00000014                                 : strcpy.obj (.text)
                  000128e4    00000014     mss_per4ft.oer4ft (.text:ti_sysbios_heaps_HeapMem_Object__get__S)
                  000128f8    00000014     mss_per4ft.oer4ft (.text:ti_sysbios_knl_Swi_Object__get__S)
                  0001290c    00000012     libedma_xwr18xx.aer4f : edma_low_level.oer4f (.text:EDMA3SetQdmaTrigWord)
                  0001291e    00000012     libosal_xwr18xx.aer4f : MemoryP_tirtos.oer4f (.text:MemoryP_ctrlAlloc)
                  00012930    00000012                           : SemaphoreP_tirtos.oer4f (.text:SemaphoreP_pend)
                  00012942    0000000e     rtsv7R4_T_le_v3D16_eabi.lib : copy_decompress_none.obj (.text:decompress:none)
                  00012950    00000012     sysbios.aer4ft : BIOS.obj (.text:ti_sysbios_hal_Hwi_Module_startup__E)
                  00012962    00000012     mss_per4ft.oer4ft (.text:xdc_runtime_Startup_exec__I)
                  00012974    00000010     libaoaproc_hwa_xwr18xx.aer4f : aoaprochwa.oer4f (.text:AoAProcHWA_trigger_EDMA_3DFFT)
                  00012984    00000010                                  : aoaprochwa.oer4f (.text:DPU_AoAProcHWA_getNumHwaParamSets)
                  00012994    0000000c     --HOLE-- [fill = 0]
                  000129a0    00000010     sysbios.aer4ft : BIOS.obj (.text:ti_sysbios_BIOS_exit__E)
                  000129b0    00000010                    : BIOS.obj (.text:ti_sysbios_BIOS_setThreadType__E)
                  000129c0    00000010                    : BIOS.obj (.text:ti_sysbios_BIOS_start__E)
                  000129d0    00000010                    : BIOS.obj (.text:ti_sysbios_family_arm_v7a_Pmu_disableInterruptI__E)
                  000129e0    00000010                    : BIOS.obj (.text:ti_sysbios_family_arm_v7a_Pmu_enableInterruptI__E)
                  000129f0    00000010                    : BIOS.obj (.text:ti_sysbios_family_arm_v7a_Pmu_getNumCounters__E)
                  00012a00    00000010                    : BIOS.obj (.text:ti_sysbios_family_arm_v7a_Pmu_startCounterI__E)
                  00012a10    00000010                    : BIOS.obj (.text:ti_sysbios_family_arm_v7a_Pmu_stopCounterI__E)
                  00012a20    00000010                    : BIOS.obj (.text:ti_sysbios_gates_GateMutex_Instance_finalize__E)
                  00012a30    00000010     mss_per4ft.oer4ft (.text:ti_sysbios_heaps_HeapBuf_Object__get__S)
                  00012a40    00000010     sysbios.aer4ft : BIOS.obj (.text:ti_sysbios_knl_Semaphore_Instance_finalize__E)
                  00012a50    00000010                    : BIOS.obj (.text:ti_sysbios_knl_Swi_disable__E)
                  00012a60    00000010     mss_per4ft.oer4ft (.text:ti_sysbios_knl_Task_Object__get__S)
                  00012a70    00000010     sysbios.aer4ft : BIOS.obj (.text:ti_sysbios_knl_Task_disable__E)
                  00012a80    00000010                    : BIOS.obj (.text:xdc_runtime_Memory_free__E)
                  00012a90    00000010     mss_per4ft.oer4ft (.text:xdc_runtime_Text_visitRope__I)
                  00012aa0    0000000e     sysbios.aer4ft : BIOS.obj (.text:ti_sysbios_knl_Queue_empty__E)
                  00012aae    00000002     --HOLE-- [fill = 0]
                  00012ab0    0000000c                    : BIOS.obj (.text:ti_sysbios_family_arm_TaskSupport_checkStack__E)
                  00012abc    00000004     --HOLE-- [fill = 0]
                  00012ac0    0000000c                    : BIOS.obj (.text:ti_sysbios_family_arm_TaskSupport_getStackAlignment__E)
                  00012acc    00000004     --HOLE-- [fill = 0]
                  00012ad0    0000000c                    : BIOS.obj (.text:ti_sysbios_family_arm_exc_Exception_Module_startup__E)
                  00012adc    00000004     --HOLE-- [fill = 0]
                  00012ae0    0000000c                    : BIOS.obj (.text:ti_sysbios_family_arm_v7r_vim_Hwi_switchFromBootStack__E)
                  00012aec    00000004     --HOLE-- [fill = 0]
                  00012af0    0000000c                    : BIOS.obj (.text:xdc_runtime_Startup_rtsDone__E)
                  00012afc    00000004     --HOLE-- [fill = 0]
                  00012b00    0000000c                    : BIOS.obj (.text:xdc_runtime_SysStd_exit__E)
                  00012b0c    00000004     --HOLE-- [fill = 0]
                  00012b10    00000008                    : BIOS.obj (.text:ti_sysbios_gates_GateHwi_enter__E)
                  00012b18    00000008     --HOLE-- [fill = 0]
                  00012b20    00000006                    : BIOS.obj (.text:ti_sysbios_family_arm_v7r_vim_Hwi_startup__E)
                  00012b26    0000000a     --HOLE-- [fill = 0]
                  00012b30    00000006                    : BIOS.obj (.text:ti_sysbios_gates_GateHwi_leave__E)
                  00012b36    0000000a     --HOLE-- [fill = 0]
                  00012b40    00000006                    : BIOS.obj (.text:ti_sysbios_heaps_HeapMem_isBlocking__E)
                  00012b46    0000000a     --HOLE-- [fill = 0]
                  00012b50    00000006                    : BIOS.obj (.text:ti_sysbios_knl_Queue_Instance_init__E)
                  00012b56    0000000a     --HOLE-- [fill = 0]
                  00012b60    00000006                    : BIOS.obj (.text:xdc_runtime_System_Module_startup__E)
                  00012b66    0000000a     --HOLE-- [fill = 0]
                  00012b70    00000004                    : BIOS.obj (.text:ti_sysbios_gates_GateHwi_query__E)
                  00012b74    0000000c     --HOLE-- [fill = 0]
                  00012b80    00000004                    : BIOS.obj (.text:ti_sysbios_gates_GateMutex_query__E)
                  00012b84    0000000c     --HOLE-- [fill = 0]
                  00012b90    00000004                    : BIOS.obj (.text:ti_sysbios_knl_Task_startup__E)
                  00012b94    0000000c     --HOLE-- [fill = 0]
                  00012ba0    00000004                    : BIOS.obj (.text:ti_sysbios_timers_rti_Timer_getMaxTicks__E)
                  00012ba4    0000000c     --HOLE-- [fill = 0]
                  00012bb0    00000004                    : BIOS.obj (.text:xdc_runtime_SysStd_putch__E)
                  00012bb4    0000000c     --HOLE-- [fill = 0]
                  00012bc0    00000004                    : BIOS.obj (.text:xdc_runtime_SysStd_ready__E)
                  00012bc4    0000000c     --HOLE-- [fill = 0]
                  00012bd0    00000002                    : BIOS.obj (.text:ti_sysbios_BIOS_linkedWithIncorrectBootLibrary__E)
                  00012bd2    0000000e     --HOLE-- [fill = 0]
                  00012be0    00000002                    : BIOS.obj (.text:ti_sysbios_gates_GateHwi_Instance_init__E)
                  00012be2    0000000e     --HOLE-- [fill = 0]
                  00012bf0    00000002                    : BIOS.obj (.text:ti_sysbios_knl_Clock_logTick__E)

.const     0    00012bf8    000025c6     
                  00012bf8    00001b6f     mss_per4ft.oer4ft (.const:xdc_runtime_Text_charTab__A)
                  00014767    00000001     --HOLE-- [fill = 0]
                  00014768    00000158     rtsv7R4_T_le_v3D16_eabi.lib : k_rem_pio2.obj (.const:$O1$$)
                  000148c0    00000101                                 : ctype.obj (.const:.string:_ctypes_)
                  000149c1    00000001     --HOLE-- [fill = 0]
                  000149c2    000000d8     mss_per4ft.oer4ft (.const:xdc_runtime_Text_nodeTab__A)
                  00014a9a    00000002     mss_per4ft.oer4ft (.const:ti_sysbios_family_arm_exc_Exception_Module__id__C)
                  00014a9c    00000004     mss_per4ft.oer4ft (.const:ti_sysbios_family_arm_TaskSupport_stackAlignment__C)
                  00014aa0    00000098     rtsv7R4_T_le_v3D16_eabi.lib : s_atan.obj (.const:$O1$$)
                  00014b38    00000080     mss_per4ft.oer4ft (.const:ti_sysbios_family_arm_v7r_vim_Hwi_channelMap__A)
                  00014bb8    00000058     mss_per4ft.oer4ft (.const:.string)
                  00014c10    00000044     mss_per4ft.oer4ft (.const:ti_sysbios_knl_Task_Object__PARAMS__C)
                  00014c54    00000040     libhwa_xwr18xx.aer4f : hwa.oer4f (.const:gHwaTrigSignatures)
                  00014c94    00000038     libedma_xwr18xx.aer4f : edma_xwr1xxx.oer4f (.const:gEdmaHwAttrs)
                  00014ccc    00000030     mss_per4ft.oer4ft (.const:ti_sysbios_family_arm_v7r_vim_Hwi_Object__PARAMS__C)
                  00014cfc    0000002c     mss_per4ft.oer4ft (.const:xdc_runtime_Startup_sfxnTab__A)
                  00014d28    00000028     mss_per4ft.oer4ft (.const:ti_sysbios_heaps_HeapMem_Module__FXNS__C)
                  00014d50    00000024     aoaprochwa_test_main.oer4f (.const:$P$T1$2)
                  00014d74    00000024     mss_per4ft.oer4ft (.const:ti_sysbios_gates_GateHwi_Module__FXNS__C)
                  00014d98    00000024     mss_per4ft.oer4ft (.const:ti_sysbios_gates_GateMutex_Module__FXNS__C)
                  00014dbc    00000024     mss_per4ft.oer4ft (.const:ti_sysbios_heaps_HeapMem_Object__PARAMS__C)
                  00014de0    00000024     mss_per4ft.oer4ft (.const:ti_sysbios_knl_Semaphore_Object__PARAMS__C)
                  00014e04    00000020     libhwa_xwr18xx.aer4f : hwa.oer4f (.const:$P$T0$1)
                  00014e24    00000020     mss_per4ft.oer4ft (.const:ti_sysbios_family_arm_v7r_vim_Hwi_Object__DESC__C)
                  00014e44    00000020     mss_per4ft.oer4ft (.const:ti_sysbios_gates_GateHwi_Object__DESC__C)
                  00014e64    00000020     mss_per4ft.oer4ft (.const:ti_sysbios_gates_GateMutex_Object__DESC__C)
                  00014e84    00000020     mss_per4ft.oer4ft (.const:ti_sysbios_heaps_HeapMem_Object__DESC__C)
                  00014ea4    00000020     mss_per4ft.oer4ft (.const:ti_sysbios_knl_Queue_Object__DESC__C)
                  00014ec4    00000020     mss_per4ft.oer4ft (.const:ti_sysbios_knl_Semaphore_Object__DESC__C)
                  00014ee4    00000020     mss_per4ft.oer4ft (.const:ti_sysbios_knl_Task_Object__DESC__C)
                  00014f04    0000001c     aoaprochwa_test_main.oer4f (.const:$P$T2$3)
                  00014f20    00000018     mss_per4ft.oer4ft (.const:ti_sysbios_gates_GateHwi_Object__PARAMS__C)
                  00014f38    00000018     mss_per4ft.oer4ft (.const:ti_sysbios_gates_GateMutex_Object__PARAMS__C)
                  00014f50    00000018     mss_per4ft.oer4ft (.const:ti_sysbios_knl_Queue_Object__PARAMS__C)
                  00014f68    00000016     mss_per4ft.oer4ft (.const:xdc_runtime_Startup_sfxnRts__A)
                  00014f7e    00000014     aoaprochwa_test_main.oer4f (.const:$P$T0$1)
                  00014f92    00000002     mss_per4ft.oer4ft (.const:ti_sysbios_family_arm_v7a_Pmu_Module__id__C)
                  00014f94    00000010     libedma_xwr18xx.aer4f : edma.oer4f (.const:EDMA_config$1)
                  00014fa4    00000010     mss_per4ft.oer4ft (.const:ti_sysbios_family_arm_v7r_vim_Hwi_intReqEnaSet__A)
                  00014fb4    00000010     mss_per4ft.oer4ft (.const:ti_sysbios_family_arm_v7r_vim_Hwi_wakeEnaSet__A)
                  00014fc4    00000008     mss_per4ft.oer4ft (.const:ti_sysbios_knl_Idle_funcList__C)
                  00014fcc    00000008     mss_per4ft.oer4ft (.const:xdc_runtime_Startup_firstFxns__A)
                  00014fd4    00000008     mss_per4ft.oer4ft (.const:xdc_runtime_Startup_firstFxns__C)
                  00014fdc    00000008     mss_per4ft.oer4ft (.const:xdc_runtime_Startup_lastFxns__C)
                  00014fe4    00000004     mss_per4ft.oer4ft (.const:ti_sysbios_family_arm_exc_Exception_E_dataAbort__C)
                  00014fe8    00000004     mss_per4ft.oer4ft (.const:ti_sysbios_family_arm_exc_Exception_E_prefetchAbort__C)
                  00014fec    00000004     mss_per4ft.oer4ft (.const:ti_sysbios_family_arm_exc_Exception_E_swi__C)
                  00014ff0    00000004     mss_per4ft.oer4ft (.const:ti_sysbios_family_arm_exc_Exception_E_undefinedInstruction__C)
                  00014ff4    00000004     mss_per4ft.oer4ft (.const:ti_sysbios_family_arm_exc_Exception_excHookFuncs__A)
                  00014ff8    00000004     mss_per4ft.oer4ft (.const:ti_sysbios_family_arm_exc_Exception_excHookFuncs__C)
                  00014ffc    00000004     mss_per4ft.oer4ft (.const:ti_sysbios_family_arm_v7a_Pmu_A_invalidCounterId__C)
                  00015000    00000004     mss_per4ft.oer4ft (.const:ti_sysbios_family_arm_v7a_Pmu_Module__diagsEnabled__C)
                  00015004    00000004     mss_per4ft.oer4ft (.const:ti_sysbios_family_arm_v7a_Pmu_Module__diagsIncluded__C)
                  00015008    00000004     mss_per4ft.oer4ft (.const:ti_sysbios_family_arm_v7a_Pmu_Module__diagsMask__C)
                  0001500c    00000004     mss_per4ft.oer4ft (.const:ti_sysbios_family_arm_v7r_tms570_Core_E_mismatchedIds__C)
                  00015010    00000004     mss_per4ft.oer4ft (.const:ti_sysbios_family_arm_v7r_tms570_Core_id__C)
                  00015014    00000004     mss_per4ft.oer4ft (.const:ti_sysbios_family_arm_v7r_vim_Hwi_A_badChannelId__C)
                  00015018    00000004     mss_per4ft.oer4ft (.const:ti_sysbios_family_arm_v7r_vim_Hwi_E_alreadyDefined__C)
                  0001501c    00000004     mss_per4ft.oer4ft (.const:ti_sysbios_family_arm_v7r_vim_Hwi_E_badIntNum__C)
                  00015020    00000004     mss_per4ft.oer4ft (.const:ti_sysbios_family_arm_v7r_vim_Hwi_E_phantomInterrupt__C)
                  00015024    00000004     mss_per4ft.oer4ft (.const:ti_sysbios_family_arm_v7r_vim_Hwi_E_undefined__C)
                  00015028    00000004     mss_per4ft.oer4ft (.const:ti_sysbios_family_arm_v7r_vim_Hwi_E_unsupportedMaskingOption__C)
                  0001502c    00000004     mss_per4ft.oer4ft (.const:ti_sysbios_family_arm_v7r_vim_Hwi_Module__diagsEnabled__C)
                  00015030    00000004     mss_per4ft.oer4ft (.const:ti_sysbios_family_arm_v7r_vim_Hwi_Module__diagsIncluded__C)
                  00015034    00000004     mss_per4ft.oer4ft (.const:ti_sysbios_family_arm_v7r_vim_Hwi_Module__diagsMask__C)
                  00015038    00000004     mss_per4ft.oer4ft (.const:ti_sysbios_family_arm_v7r_vim_Hwi_NUM_INTERRUPTS__C)
                  0001503c    00000004     mss_per4ft.oer4ft (.const:ti_sysbios_family_arm_v7r_vim_Hwi_channelMap__C)
                  00015040    00000004     mss_per4ft.oer4ft (.const:ti_sysbios_family_arm_v7r_vim_Hwi_intReqEnaSet__C)
                  00015044    00000004     mss_per4ft.oer4ft (.const:ti_sysbios_family_arm_v7r_vim_Hwi_phantomFunc__C)
                  00015048    00000004     mss_per4ft.oer4ft (.const:ti_sysbios_family_arm_v7r_vim_Hwi_swiDisable__C)
                  0001504c    00000004     mss_per4ft.oer4ft (.const:ti_sysbios_family_arm_v7r_vim_Hwi_swiRestoreHwi__C)
                  00015050    00000004     mss_per4ft.oer4ft (.const:ti_sysbios_family_arm_v7r_vim_Hwi_taskDisable__C)
                  00015054    00000004     mss_per4ft.oer4ft (.const:ti_sysbios_family_arm_v7r_vim_Hwi_taskRestoreHwi__C)
                  00015058    00000004     mss_per4ft.oer4ft (.const:ti_sysbios_family_arm_v7r_vim_Hwi_wakeEnaSet__C)
                  0001505c    00000004     mss_per4ft.oer4ft (.const:ti_sysbios_gates_GateMutex_A_badContext__C)
                  00015060    00000004     mss_per4ft.oer4ft (.const:ti_sysbios_gates_GateMutex_Instance_State_sem__O)
                  00015064    00000004     mss_per4ft.oer4ft (.const:ti_sysbios_gates_GateMutex_Module__diagsEnabled__C)
                  00015068    00000004     mss_per4ft.oer4ft (.const:ti_sysbios_gates_GateMutex_Module__diagsIncluded__C)
                  0001506c    00000004     mss_per4ft.oer4ft (.const:ti_sysbios_gates_GateMutex_Module__diagsMask__C)
                  00015070    00000004     mss_per4ft.oer4ft (.const:ti_sysbios_hal_Hwi_E_stackOverflow__C)
                  00015074    00000004     mss_per4ft.oer4ft (.const:ti_sysbios_heaps_HeapBuf_Instance_State_freeList__O)
                  00015078    00000004     mss_per4ft.oer4ft (.const:ti_sysbios_heaps_HeapBuf_Object__count__C)
                  0001507c    00000004     mss_per4ft.oer4ft (.const:ti_sysbios_heaps_HeapBuf_numConstructedHeaps__C)
                  00015080    00000004     mss_per4ft.oer4ft (.const:ti_sysbios_heaps_HeapMem_A_align__C)
                  00015084    00000004     mss_per4ft.oer4ft (.const:ti_sysbios_heaps_HeapMem_A_heapSize__C)
                  00015088    00000004     mss_per4ft.oer4ft (.const:ti_sysbios_heaps_HeapMem_A_invalidFree__C)
                  0001508c    00000004     mss_per4ft.oer4ft (.const:ti_sysbios_heaps_HeapMem_A_zeroBlock__C)
                  00015090    00000004     mss_per4ft.oer4ft (.const:ti_sysbios_heaps_HeapMem_E_memory__C)
                  00015094    00000004     mss_per4ft.oer4ft (.const:ti_sysbios_heaps_HeapMem_Module__diagsEnabled__C)
                  00015098    00000004     mss_per4ft.oer4ft (.const:ti_sysbios_heaps_HeapMem_Module__diagsIncluded__C)
                  0001509c    00000004     mss_per4ft.oer4ft (.const:ti_sysbios_heaps_HeapMem_Module__diagsMask__C)
                  000150a0    00000004     mss_per4ft.oer4ft (.const:ti_sysbios_heaps_HeapMem_Module__gateObj__C)
                  000150a4    00000004     mss_per4ft.oer4ft (.const:ti_sysbios_heaps_HeapMem_Object__count__C)
                  000150a8    00000004     mss_per4ft.oer4ft (.const:ti_sysbios_heaps_HeapMem_reqAlign__C)
                  000150ac    00000004     mss_per4ft.oer4ft (.const:ti_sysbios_knl_Clock_Module_State_clockQ__O)
                  000150b0    00000004     mss_per4ft.oer4ft (.const:ti_sysbios_knl_Idle_funcList__A)
                  000150b4    00000004     mss_per4ft.oer4ft (.const:ti_sysbios_knl_Semaphore_A_badContext__C)
                  000150b8    00000004     mss_per4ft.oer4ft (.const:ti_sysbios_knl_Semaphore_A_noEvents__C)
                  000150bc    00000004     mss_per4ft.oer4ft (.const:ti_sysbios_knl_Semaphore_A_overflow__C)
                  000150c0    00000004     mss_per4ft.oer4ft (.const:ti_sysbios_knl_Semaphore_A_pendTaskDisabled__C)
                  000150c4    00000004     mss_per4ft.oer4ft (.const:ti_sysbios_knl_Semaphore_Instance_State_pendQ__O)
                  000150c8    00000004     mss_per4ft.oer4ft (.const:ti_sysbios_knl_Semaphore_Module__diagsEnabled__C)
                  000150cc    00000004     mss_per4ft.oer4ft (.const:ti_sysbios_knl_Semaphore_Module__diagsIncluded__C)
                  000150d0    00000004     mss_per4ft.oer4ft (.const:ti_sysbios_knl_Semaphore_Module__diagsMask__C)
                  000150d4    00000004     mss_per4ft.oer4ft (.const:ti_sysbios_knl_Swi_Object__count__C)
                  000150d8    00000004     mss_per4ft.oer4ft (.const:ti_sysbios_knl_Task_A_badPriority__C)
                  000150dc    00000004     mss_per4ft.oer4ft (.const:ti_sysbios_knl_Task_A_badTaskState__C)
                  000150e0    00000004     mss_per4ft.oer4ft (.const:ti_sysbios_knl_Task_A_badThreadType__C)
                  000150e4    00000004     mss_per4ft.oer4ft (.const:ti_sysbios_knl_Task_A_noPendElem__C)
                  000150e8    00000004     mss_per4ft.oer4ft (.const:ti_sysbios_knl_Task_E_spOutOfBounds__C)
                  000150ec    00000004     mss_per4ft.oer4ft (.const:ti_sysbios_knl_Task_E_stackOverflow__C)
                  000150f0    00000004     mss_per4ft.oer4ft (.const:ti_sysbios_knl_Task_Module_State_inactiveQ__O)
                  000150f4    00000004     mss_per4ft.oer4ft (.const:ti_sysbios_knl_Task_Module__diagsEnabled__C)
                  000150f8    00000004     mss_per4ft.oer4ft (.const:ti_sysbios_knl_Task_Module__diagsIncluded__C)
                  000150fc    00000004     mss_per4ft.oer4ft (.const:ti_sysbios_knl_Task_Module__diagsMask__C)
                  00015100    00000004     mss_per4ft.oer4ft (.const:ti_sysbios_knl_Task_Object__count__C)
                  00015104    00000004     mss_per4ft.oer4ft (.const:ti_sysbios_knl_Task_allBlockedFunc__C)
                  00015108    00000004     mss_per4ft.oer4ft (.const:ti_sysbios_knl_Task_defaultStackHeap__C)
                  0001510c    00000004     mss_per4ft.oer4ft (.const:ti_sysbios_knl_Task_defaultStackSize__C)
                  00015110    00000004     mss_per4ft.oer4ft (.const:ti_sysbios_knl_Task_numConstructedTasks__C)
                  00015114    00000004     mss_per4ft.oer4ft (.const:ti_sysbios_timers_rti_Timer_E_cannotSupport__C)
                  00015118    00000004     mss_per4ft.oer4ft (.const:ti_sysbios_timers_rti_Timer_Module__diagsEnabled__C)
                  0001511c    00000004     mss_per4ft.oer4ft (.const:ti_sysbios_timers_rti_Timer_Module__diagsIncluded__C)
                  00015120    00000004     mss_per4ft.oer4ft (.const:ti_sysbios_timers_rti_Timer_Module__diagsMask__C)
                  00015124    00000004     mss_per4ft.oer4ft (.const:ti_sysbios_timers_rti_Timer_numTimerDevices__C)
                  00015128    00000004     mss_per4ft.oer4ft (.const:ti_sysbios_timers_rti_Timer_startupNeeded__C)
                  0001512c    00000004     mss_per4ft.oer4ft (.const:xdc_runtime_Assert_E_assertFailed__C)
                  00015130    00000004     mss_per4ft.oer4ft (.const:xdc_runtime_Core_A_initializedParams__C)
                  00015134    00000004     mss_per4ft.oer4ft (.const:xdc_runtime_Core_Module__diagsEnabled__C)
                  00015138    00000004     mss_per4ft.oer4ft (.const:xdc_runtime_Core_Module__diagsIncluded__C)
                  0001513c    00000004     mss_per4ft.oer4ft (.const:xdc_runtime_Core_Module__diagsMask__C)
                  00015140    00000004     mss_per4ft.oer4ft (.const:xdc_runtime_Error_E_memory__C)
                  00015144    00000004     mss_per4ft.oer4ft (.const:xdc_runtime_Error_policyFxn__C)
                  00015148    00000004     mss_per4ft.oer4ft (.const:xdc_runtime_Error_policy__C)
                  0001514c    00000004     mss_per4ft.oer4ft (.const:xdc_runtime_Error_raiseHook__C)
                  00015150    00000004     mss_per4ft.oer4ft (.const:xdc_runtime_IGateProvider_Interface__BASE__C)
                  00015154    00000004     mss_per4ft.oer4ft (.const:xdc_runtime_IHeap_Interface__BASE__C)
                  00015158    00000004     mss_per4ft.oer4ft (.const:xdc_runtime_IModule_Interface__BASE__C)
                  0001515c    00000004     mss_per4ft.oer4ft (.const:xdc_runtime_Memory_defaultHeapInstance__C)
                  00015160    00000004     mss_per4ft.oer4ft (.const:xdc_runtime_Startup_execImpl__C)
                  00015164    00000004     mss_per4ft.oer4ft (.const:xdc_runtime_Startup_maxPasses__C)
                  00015168    00000004     mss_per4ft.oer4ft (.const:xdc_runtime_Startup_sfxnRts__C)
                  0001516c    00000004     mss_per4ft.oer4ft (.const:xdc_runtime_Startup_sfxnTab__C)
                  00015170    00000004     mss_per4ft.oer4ft (.const:xdc_runtime_System_Module__gateObj__C)
                  00015174    00000004     mss_per4ft.oer4ft (.const:xdc_runtime_System_abortFxn__C)
                  00015178    00000004     mss_per4ft.oer4ft (.const:xdc_runtime_System_exitFxn__C)
                  0001517c    00000004     mss_per4ft.oer4ft (.const:xdc_runtime_System_extendFxn__C)
                  00015180    00000004     mss_per4ft.oer4ft (.const:xdc_runtime_System_maxAtexitHandlers__C)
                  00015184    00000004     mss_per4ft.oer4ft (.const:xdc_runtime_Text_charTab__C)
                  00015188    00000004     mss_per4ft.oer4ft (.const:xdc_runtime_Text_nameEmpty__C)
                  0001518c    00000004     mss_per4ft.oer4ft (.const:xdc_runtime_Text_nameStatic__C)
                  00015190    00000004     mss_per4ft.oer4ft (.const:xdc_runtime_Text_nameUnknown__C)
                  00015194    00000004     mss_per4ft.oer4ft (.const:xdc_runtime_Text_nodeTab__C)
                  00015198    00000004     mss_per4ft.oer4ft (.const:xdc_runtime_Text_visitRopeFxn__C)
                  0001519c    00000002     mss_per4ft.oer4ft (.const:ti_sysbios_family_arm_v7r_tms570_Core_Module__id__C)
                  0001519e    00000002     mss_per4ft.oer4ft (.const:ti_sysbios_family_arm_v7r_vim_Hwi_Module__id__C)
                  000151a0    00000002     mss_per4ft.oer4ft (.const:ti_sysbios_gates_GateMutex_Module__id__C)
                  000151a2    00000002     mss_per4ft.oer4ft (.const:ti_sysbios_hal_Hwi_Module__id__C)
                  000151a4    00000002     mss_per4ft.oer4ft (.const:ti_sysbios_heaps_HeapMem_Module__id__C)
                  000151a6    00000002     mss_per4ft.oer4ft (.const:ti_sysbios_knl_Semaphore_Module__id__C)
                  000151a8    00000002     mss_per4ft.oer4ft (.const:ti_sysbios_knl_Task_Module__id__C)
                  000151aa    00000002     mss_per4ft.oer4ft (.const:ti_sysbios_timers_rti_Timer_Module__id__C)
                  000151ac    00000002     mss_per4ft.oer4ft (.const:ti_sysbios_timers_rti_Timer_continueOnSuspend__C)
                  000151ae    00000002     mss_per4ft.oer4ft (.const:xdc_runtime_Core_Module__id__C)
                  000151b0    00000002     mss_per4ft.oer4ft (.const:xdc_runtime_Error_maxDepth__C)
                  000151b2    00000002     mss_per4ft.oer4ft (.const:xdc_runtime_Main_Module__id__C)
                  000151b4    00000002     mss_per4ft.oer4ft (.const:xdc_runtime_Memory_Module__id__C)
                  000151b6    00000002     mss_per4ft.oer4ft (.const:xdc_runtime_Text_charCnt__C)
                  000151b8    00000002     mss_per4ft.oer4ft (.const:xdc_runtime_Text_isLoaded__C)
                  000151ba    00000002     mss_per4ft.oer4ft (.const:xdc_runtime_Text_registryModsLastId__C)
                  000151bc    00000002     mss_per4ft.oer4ft (.const:xdc_runtime_Text_unnamedModsLastId__C)

.cinit     0    000151c0    000002e8     
                  000151c0    00000291     (.cinit..data.load) [load image, compression = lzss]
                  00015451    00000003     --HOLE-- [fill = 0]
                  00015454    0000000c     (__TI_handler_table)
                  00015460    00000008     (.cinit..MCPILogBuffer.load) [load image, compression = zero_init]
                  00015468    00000008     (.cinit..bss.load) [load image, compression = zero_init]
                  00015470    00000008     (.cinit..l3ram.load) [load image, compression = zero_init]
                  00015478    00000008     (.cinit..tcmb.load) [load image, compression = zero_init]
                  00015480    00000028     (__TI_cinit_table)

.bss       0    08015188    00005bf8     UNINITIALIZED
                  08015188    00004000     (.common:ti_sysbios_heaps_HeapMem_Instance_State_0_buf__A)
                  08019188    00001000     (.common:ti_sysbios_family_arm_exc_Exception_Module_State_0_excStack_0__A)
                  0801a188    00000400     mss_per4ft.oer4ft (.bss:taskStackSection)
                  0801a588    00000400     (.common:ti_sysbios_family_arm_v7r_vim_Hwi_Module_State_0_fiqStack__A)
                  0801a988    00000120     rtsv7R4_T_le_v3D16_eabi.lib : trgmsg.obj (.bss:_CIOBUF_)
                  0801aaa8    000000d8     (.common:aoaCfg)
                  0801ab80    000000a0     (.common:__TI_tmpnams)
                  0801ac20    00000070     (.common:gEsmMCB)
                  0801ac90    0000006e     (.common:aoaTestCfg)
                  0801acfe    00000001     (.common:extMaxVelCfg)
                  0801acff    00000001     (.common:finalResults)
                  0801ad00    00000034     (.common:aoaDynOutCompRxCfg)
                  0801ad34    00000010     (.common:aoaDynFovCfg)
                  0801ad44    0000000c     (.common:outAoaProc)
                  0801ad50    00000008     (.common:aoaDynBmCfg)
                  0801ad58    00000008     (.common:parmbuf)
                  0801ad60    00000004     (.common:aoaProcHandle)
                  0801ad64    00000004     (.common:edmaHandle)
                  0801ad68    00000004     (.common:hwaHandle)
                  0801ad6c    00000004     (.common:pAoaDetObj)
                  0801ad70    00000004     (.common:pCfarDetObjList)
                  0801ad74    00000004     (.common:pTestDopplerWindow)
                  0801ad78    00000004     (.common:socHandle)
                  0801ad7c    00000004     (.common:testCount)

.stack     0    0801ad80    00001000     UNINITIALIZED
                  0801ad80    00001000     --HOLE--

.data      0    0801bd80    00000de4     UNINITIALIZED
                  0801bd80    000004ec     libedma_xwr18xx.aer4f : edma.oer4f (.data:$O1$$)
                  0801c26c    00000200     mss_per4ft.oer4ft (.data:ti_sysbios_family_arm_v7r_vim_Hwi_Module_State_0_dispatchTable__A)
                  0801c46c    000000f0     rtsv7R4_T_le_v3D16_eabi.lib : defs.obj (.data:_ftable)
                  0801c55c    00000080     mss_per4ft.oer4ft (.data:ti_sysbios_knl_Swi_Module_State_0_readyQ__A)
                  0801c5dc    00000080     mss_per4ft.oer4ft (.data:ti_sysbios_knl_Task_Module_State_0_readyQ__A)
                  0801c65c    00000078     rtsv7R4_T_le_v3D16_eabi.lib : write.obj (.data:_device)
                  0801c6d4    0000005c     mss_per4ft.oer4ft (.data:ti_sysbios_knl_Task_Object__table__V)
                  0801c730    00000050     rtsv7R4_T_le_v3D16_eabi.lib : write.obj (.data:_stream)
                  0801c780    00000048     mss_per4ft.oer4ft (.data:ti_sysbios_knl_Task_Module__state__V)
                  0801c7c8    00000040     libsoc_xwr18xx.aer4f : soc_xwr18xx.oer4f (.data:SOC_TranslateAddr_LUT)
                  0801c808    00000040     mss_per4ft.oer4ft (.data:ti_sysbios_gates_GateMutex_Object__table__V)
                  0801c848    0000003c     mss_per4ft.oer4ft (.data:ti_sysbios_timers_rti_Timer_Object__table__V)
                  0801c884    00000034     mss_per4ft.oer4ft (.data:ti_sysbios_family_arm_v7r_vim_Hwi_Module__state__V)
                  0801c8b8    00000030     libhwa_xwr18xx.aer4f : hwa_xwr18xx.oer4f (.data:gHWAHwCfg)
                  0801c8e8    00000030     mss_per4ft.oer4ft (.data:ti_sysbios_knl_Swi_Object__table__V)
                  0801c918    0000002c     mss_per4ft.oer4ft (.data:ti_sysbios_family_arm_v7r_vim_Hwi_Object__table__V)
                  0801c944    0000002c     mss_per4ft.oer4ft (.data:ti_sysbios_knl_Clock_Module__state__V)
                  0801c970    00000024     mss_per4ft.oer4ft (.data:ti_sysbios_BIOS_Module__state__V)
                  0801c994    00000020     mss_per4ft.oer4ft (.data:xdc_runtime_Error_IgnoreBlock)
                  0801c9b4    00000020     mss_per4ft.oer4ft (.data:xdc_runtime_System_Module_State_0_atexitHandlers__A)
                  0801c9d4    0000001c     mss_per4ft.oer4ft (.data:ti_sysbios_knl_Swi_Module__state__V)
                  0801c9f0    00000018     mss_per4ft.oer4ft (.data:ti_sysbios_heaps_HeapMem_Object__table__V)
                  0801ca08    00000018     mss_per4ft.oer4ft (.data:ti_sysbios_timers_rti_Timer_Module_State_0_device__A)
                  0801ca20    00000014     libsoc_xwr18xx.aer4f : soc_xwr18xx_mss.oer4f (.data:gSOCHwAttrib)
                  0801ca34    00000014     mss_per4ft.oer4ft (.data:ti_sysbios_family_arm_exc_Exception_Module__state__V)
                  0801ca48    00000010     libhwa_xwr18xx.aer4f : hwa.oer4f (.data:gHwaEDMAChanMapping)
                  0801ca58    00000010     rtsv7R4_T_le_v3D16_eabi.lib : defs.obj (.data)
                  0801ca68    00000010     mss_per4ft.oer4ft (.data:ti_sysbios_timers_rti_Timer_Module_State_0_intFreqs__A)
                  0801ca78    00000010     mss_per4ft.oer4ft (.data:ti_sysbios_timers_rti_Timer_Module__state__V)
                  0801ca88    0000000c     libtestlogger_xwr18xx.aer4f : logger.oer4f (.data:$O1$$)
[...]
00014fc4  ti_sysbios_knl_Idle_funcList__C                                      
00014fcc  xdc_runtime_Startup_firstFxns__A                                     
00014fd4  xdc_runtime_Startup_firstFxns__C                                     
00014fdc  xdc_runtime_Startup_lastFxns__C                                      
00014fe4  ti_sysbios_family_arm_exc_Exception_E_dataAbort__C                   
00014fe8  ti_sysbios_family_arm_exc_Exception_E_prefetchAbort__C               
00014fec  ti_sysbios_family_arm_exc_Exception_E_swi__C                         
00014ff0  ti_sysbios_family_arm_exc_Exception_E_undefinedInstruction__C        
00014ff4  ti_sysbios_family_arm_exc_Exception_excHookFuncs__A                  
00014ff8  ti_sysbios_family_arm_exc_Exception_excHookFuncs__C                  
00014ffc  ti_sysbios_family_arm_v7a_Pmu_A_invalidCounterId__C                  
00015000  ti_sysbios_family_arm_v7a_Pmu_Module__diagsEnabled__C                
00015004  ti_sysbios_family_arm_v7a_Pmu_Module__diagsIncluded__C               
00015008  ti_sysbios_family_arm_v7a_Pmu_Module__diagsMask__C                   
0001500c  ti_sysbios_family_arm_v7r_tms570_Core_E_mismatchedIds__C             
00015010  ti_sysbios_family_arm_v7r_tms570_Core_id__C                          
00015014  ti_sysbios_family_arm_v7r_vim_Hwi_A_badChannelId__C                  
00015018  ti_sysbios_family_arm_v7r_vim_Hwi_E_alreadyDefined__C                
0001501c  ti_sysbios_family_arm_v7r_vim_Hwi_E_badIntNum__C                     
00015020  ti_sysbios_family_arm_v7r_vim_Hwi_E_phantomInterrupt__C              
00015024  ti_sysbios_family_arm_v7r_vim_Hwi_E_undefined__C                     
00015028  ti_sysbios_family_arm_v7r_vim_Hwi_E_unsupportedMaskingOption__C      
0001502c  ti_sysbios_family_arm_v7r_vim_Hwi_Module__diagsEnabled__C            
00015030  ti_sysbios_family_arm_v7r_vim_Hwi_Module__diagsIncluded__C           
00015034  ti_sysbios_family_arm_v7r_vim_Hwi_Module__diagsMask__C               
00015038  ti_sysbios_family_arm_v7r_vim_Hwi_NUM_INTERRUPTS__C                  
0001503c  ti_sysbios_family_arm_v7r_vim_Hwi_channelMap__C                      
00015040  ti_sysbios_family_arm_v7r_vim_Hwi_intReqEnaSet__C                    
00015044  ti_sysbios_family_arm_v7r_vim_Hwi_phantomFunc__C                     
00015048  ti_sysbios_family_arm_v7r_vim_Hwi_swiDisable__C                      
0001504c  ti_sysbios_family_arm_v7r_vim_Hwi_swiRestoreHwi__C                   
00015050  ti_sysbios_family_arm_v7r_vim_Hwi_taskDisable__C                     
00015054  ti_sysbios_family_arm_v7r_vim_Hwi_taskRestoreHwi__C                  
00015058  ti_sysbios_family_arm_v7r_vim_Hwi_wakeEnaSet__C                      
0001505c  ti_sysbios_gates_GateMutex_A_badContext__C                           
00015060  ti_sysbios_gates_GateMutex_Instance_State_sem__O                     
00015064  ti_sysbios_gates_GateMutex_Module__diagsEnabled__C                   
00015068  ti_sysbios_gates_GateMutex_Module__diagsIncluded__C                  
0001506c  ti_sysbios_gates_GateMutex_Module__diagsMask__C                      
00015070  ti_sysbios_hal_Hwi_E_stackOverflow__C                                
00015074  ti_sysbios_heaps_HeapBuf_Instance_State_freeList__O                  
00015078  ti_sysbios_heaps_HeapBuf_Object__count__C                            
0001507c  ti_sysbios_heaps_HeapBuf_numConstructedHeaps__C                      
00015080  ti_sysbios_heaps_HeapMem_A_align__C                                  
00015084  ti_sysbios_heaps_HeapMem_A_heapSize__C                               
00015088  ti_sysbios_heaps_HeapMem_A_invalidFree__C                            
0001508c  ti_sysbios_heaps_HeapMem_A_zeroBlock__C                              
00015090  ti_sysbios_heaps_HeapMem_E_memory__C                                 
00015094  ti_sysbios_heaps_HeapMem_Module__diagsEnabled__C                     
00015098  ti_sysbios_heaps_HeapMem_Module__diagsIncluded__C                    
0001509c  ti_sysbios_heaps_HeapMem_Module__diagsMask__C                        
000150a0  ti_sysbios_heaps_HeapMem_Module__gateObj__C                          
000150a4  ti_sysbios_heaps_HeapMem_Object__count__C                            
000150a8  ti_sysbios_heaps_HeapMem_reqAlign__C                                 
000150ac  ti_sysbios_knl_Clock_Module_State_clockQ__O                          
000150b0  ti_sysbios_knl_Idle_funcList__A                                      
000150b4  ti_sysbios_knl_Semaphore_A_badContext__C                             
000150b8  ti_sysbios_knl_Semaphore_A_noEvents__C                               
000150bc  ti_sysbios_knl_Semaphore_A_overflow__C                               
000150c0  ti_sysbios_knl_Semaphore_A_pendTaskDisabled__C                       
000150c4  ti_sysbios_knl_Semaphore_Instance_State_pendQ__O                     
000150c8  ti_sysbios_knl_Semaphore_Module__diagsEnabled__C                     
000150cc  ti_sysbios_knl_Semaphore_Module__diagsIncluded__C                    
000150d0  ti_sysbios_knl_Semaphore_Module__diagsMask__C                        
000150d4  ti_sysbios_knl_Swi_Object__count__C                                  
000150d8  ti_sysbios_knl_Task_A_badPriority__C                                 
000150dc  ti_sysbios_knl_Task_A_badTaskState__C                                
000150e0  ti_sysbios_knl_Task_A_badThreadType__C                               
000150e4  ti_sysbios_knl_Task_A_noPendElem__C                                  
000150e8  ti_sysbios_knl_Task_E_spOutOfBounds__C                               
000150ec  ti_sysbios_knl_Task_E_stackOverflow__C                               
000150f0  ti_sysbios_knl_Task_Module_State_inactiveQ__O                        
000150f4  ti_sysbios_knl_Task_Module__diagsEnabled__C                          
000150f8  ti_sysbios_knl_Task_Module__diagsIncluded__C                         
000150fc  ti_sysbios_knl_Task_Module__diagsMask__C                             
00015100  ti_sysbios_knl_Task_Object__count__C                                 
00015104  ti_sysbios_knl_Task_allBlockedFunc__C                                
00015108  ti_sysbios_knl_Task_defaultStackHeap__C                              
0001510c  ti_sysbios_knl_Task_defaultStackSize__C                              
00015110  ti_sysbios_knl_Task_numConstructedTasks__C                           
00015114  ti_sysbios_timers_rti_Timer_E_cannotSupport__C                       
00015118  ti_sysbios_timers_rti_Timer_Module__diagsEnabled__C                  
0001511c  ti_sysbios_timers_rti_Timer_Module__diagsIncluded__C                 
00015120  ti_sysbios_timers_rti_Timer_Module__diagsMask__C                     
00015124  ti_sysbios_timers_rti_Timer_numTimerDevices__C                       
00015128  ti_sysbios_timers_rti_Timer_startupNeeded__C                         
0001512c  xdc_runtime_Assert_E_assertFailed__C                                 
00015130  xdc_runtime_Core_A_initializedParams__C                              
00015134  xdc_runtime_Core_Module__diagsEnabled__C                             
00015138  xdc_runtime_Core_Module__diagsIncluded__C                            
0001513c  xdc_runtime_Core_Module__diagsMask__C                                
00015140  xdc_runtime_Error_E_memory__C                                        
00015144  xdc_runtime_Error_policyFxn__C                                       
00015148  xdc_runtime_Error_policy__C                                          
0001514c  xdc_runtime_Error_raiseHook__C                                       
00015150  xdc_runtime_IGateProvider_Interface__BASE__C                         
00015154  xdc_runtime_IHeap_Interface__BASE__C                                 
00015158  xdc_runtime_IModule_Interface__BASE__C                               
0001515c  xdc_runtime_Memory_defaultHeapInstance__C                            
00015160  xdc_runtime_Startup_execImpl__C                                      
00015164  xdc_runtime_Startup_maxPasses__C                                     
00015168  xdc_runtime_Startup_sfxnRts__C                                       
0001516c  xdc_runtime_Startup_sfxnTab__C                                       
00015170  xdc_runtime_System_Module__gateObj__C                                
00015174  xdc_runtime_System_abortFxn__C                                       
00015178  xdc_runtime_System_exitFxn__C                                        
0001517c  xdc_runtime_System_extendFxn__C                                      
00015180  xdc_runtime_System_maxAtexitHandlers__C                              
00015184  xdc_runtime_Text_charTab__C                                          
00015188  xdc_runtime_Text_nameEmpty__C                                        
0001518c  xdc_runtime_Text_nameStatic__C                                       
00015190  xdc_runtime_Text_nameUnknown__C                                      
00015194  xdc_runtime_Text_nodeTab__C                                          
00015198  xdc_runtime_Text_visitRopeFxn__C                                     
0001519c  ti_sysbios_family_arm_v7r_tms570_Core_Module__id__C                  
0001519e  ti_sysbios_family_arm_v7r_vim_Hwi_Module__id__C                      
000151a0  ti_sysbios_gates_GateMutex_Module__id__C                             
000151a2  ti_sysbios_hal_Hwi_Module__id__C                                     
000151a4  ti_sysbios_heaps_HeapMem_Module__id__C                               
000151a6  ti_sysbios_knl_Semaphore_Module__id__C                               
000151a8  ti_sysbios_knl_Task_Module__id__C                                    
000151aa  ti_sysbios_timers_rti_Timer_Module__id__C                            
000151ac  ti_sysbios_timers_rti_Timer_continueOnSuspend__C                     
000151ae  xdc_runtime_Core_Module__id__C                                       
000151b0  xdc_runtime_Error_maxDepth__C                                        
000151b2  xdc_runtime_Main_Module__id__C                                       
000151b4  xdc_runtime_Memory_Module__id__C                                     
000151b6  xdc_runtime_Text_charCnt__C                                          
000151b8  xdc_runtime_Text_isLoaded__C                                         
000151ba  xdc_runtime_Text_registryModsLastId__C                               
000151bc  xdc_runtime_Text_unnamedModsLastId__C                                
00015454  __TI_Handler_Table_Base                                              
00015460  __TI_Handler_Table_Limit                                             
00015480  __TI_CINIT_Base                                                      
000154a8  __TI_CINIT_Limit                                                     
08000000  gScratchBuf                                                          
08000300  cfarDetObjList                                                       
08000ba0  testDopplerWindow                                                    
08001ba0  aoaDetObj                                                            
08003e20  aoaDetObjSideInfo                                                    
080046c0  staticHeatmap                                                        
0800c6c0  staticHeatmapRef                                                     
080146c0  aoaDetObjAzimIdx                                                     
080148e8  aoaDetObjElevAngle                                                   
08015188  ti_sysbios_heaps_HeapMem_Instance_State_0_buf__A                     
08019188  ti_sysbios_family_arm_exc_Exception_Module_State_0_excStack_0__A     
0801a188  ti_sysbios_knl_Task_Instance_State_0_stack__A                        
0801a588  ti_sysbios_family_arm_v7r_vim_Hwi_Module_State_0_fiqStack__A         
0801a988  __CIOBUF_                                                            
0801aaa8  aoaCfg                                                               
0801ab80  __TI_tmpnams                                                         
0801ac20  gEsmMCB                                                              
0801ac90  aoaTestCfg                                                           
0801acfe  extMaxVelCfg                                                         
0801acff  finalResults                                                         
0801ad00  aoaDynOutCompRxCfg                                                   
0801ad34  aoaDynFovCfg                                                         
0801ad44  outAoaProc                                                           
0801ad50  aoaDynBmCfg                                                          
0801ad58  parmbuf                                                              
0801ad60  aoaProcHandle                                                        
0801ad64  edmaHandle                                                           
0801ad68  hwaHandle                                                            
0801ad6c  pAoaDetObj                                                           
0801ad70  pCfarDetObjList                                                      
0801ad74  pTestDopplerWindow                                                   
0801ad78  socHandle                                                            
0801ad7c  testCount                                                            
0801ad80  __stack                                                              
0801bd80  __STACK_END                                                          
0801bd80  gEDMA_4K_errata_check                                                
0801bd84  edmaDbg                                                              
0801c26c  ti_sysbios_family_arm_v7r_vim_Hwi_Module_State_0_dispatchTable__A    
0801c46c  _ftable                                                              
0801c55c  ti_sysbios_knl_Swi_Module_State_0_readyQ__A                          
0801c5dc  ti_sysbios_knl_Task_Module_State_0_readyQ__A                         
0801c65c  _device                                                              
0801c6d4  ti_sysbios_knl_Task_Object__table__V                                 
0801c730  _stream                                                              
0801c780  ti_sysbios_knl_Task_Module__state__V                                 
0801c7c8  SOC_TranslateAddr_LUT                                                
0801c808  ti_sysbios_gates_GateMutex_Object__table__V                          
0801c848  ti_sysbios_timers_rti_Timer_Object__table__V                         
0801c884  ti_sysbios_family_arm_v7r_vim_Hwi_Module__state__V                   
0801c8b8  gHWAHwCfg                                                            
0801c8e8  ti_sysbios_knl_Swi_Object__table__V                                  
0801c918  ti_sysbios_family_arm_v7r_vim_Hwi_Object__table__V                   
0801c944  ti_sysbios_knl_Clock_Module__state__V                                
0801c970  ti_sysbios_BIOS_Module__state__V                                     
0801c994  xdc_runtime_Error_IgnoreBlock                                        
0801c9b4  xdc_runtime_System_Module_State_0_atexitHandlers__A                  
0801c9d4  ti_sysbios_knl_Swi_Module__state__V                                  
0801c9f0  ti_sysbios_heaps_HeapMem_Object__table__V                            
0801ca08  ti_sysbios_timers_rti_Timer_Module_State_0_device__A                 
0801ca20  gSOCHwAttrib                                                         
0801ca34  ti_sysbios_family_arm_exc_Exception_Module__state__V                 
0801ca48  gHwaEDMAChanMapping                                                  
0801ca58  __TI_ft_end                                                          
0801ca5c  __aeabi_stdin                                                        
0801ca60  __aeabi_stdout                                                       
0801ca64  __aeabi_stderr                                                       
0801ca68  ti_sysbios_timers_rti_Timer_Module_State_0_intFreqs__A               
0801ca78  ti_sysbios_timers_rti_Timer_Module__state__V                         
0801ca88  MCPI_Result                                                          
0801ca8c  MCPI_FailSignature                                                   
0801ca94  __TI_cleanup_ptr                                                     
0801ca98  __TI_dtors_ptr                                                       
0801ca9c  __TI_enable_exit_profile_output                                      
0801caa0  gESMHwCfgAttrs                                                       
0801caac  ti_sysbios_family_arm_v7a_Pmu_Module__state__V                       
0801cab8  _lock                                                                
0801cabc  _unlock                                                              
0801cac8  ti_sysbios_family_arm_v7r_vim_Hwi_Module__root__V                    
0801cad0  ti_sysbios_gates_GateHwi_Module__root__V                             
0801cad8  ti_sysbios_gates_GateMutex_Module__root__V                           
0801cae0  ti_sysbios_hal_Hwi_Object__table__V                                  
0801cae8  ti_sysbios_heaps_HeapMem_Module__root__V                             
0801caf0  ti_sysbios_knl_Queue_Module__root__V                                 
0801caf8  ti_sysbios_knl_Semaphore_Module__root__V                             
0801cb00  ti_sysbios_knl_Task_Module__root__V                                  
0801cb08  ti_sysbios_timers_rti_Timer_Module_State_0_handles__A                
0801cb10  xdc_runtime_Registry_Module__state__V                                
0801cb18  xdc_runtime_Startup_Module__state__V                                 
0801cb20  xdc_runtime_System_Module__state__V                                  
0801cb28  gMCPILogMessageSize                                                  
0801cb2c  gHWADriverPtr                                                        
0801cb30  regionId                                                             
0801cb34  errno                                                                
0801cb40  main_func_sp                                                         
0801cb44  ti_sysbios_family_arm_exc_Exception_Module_State_0_excContext__A     
0801cb48  ti_sysbios_family_arm_exc_Exception_Module_State_0_excStackBuffers__A
0801cb4c  ti_sysbios_family_arm_exc_Exception_Module_State_0_excStack__A       
0801cb50  ti_sysbios_gates_GateHwi_Object__table__V                            
0801cb54  ti_sysbios_heaps_HeapBuf_Module__state__V                            
0801cb58  ti_sysbios_knl_Task_Module_State_0_idleTask__A                       
0801cb5c  xdc_runtime_Memory_Module__state__V                                  
0801cb60  ti_sysbios_family_arm_exc_Exception_Module_State_0_excActive__A      
0801cb62  xdc_runtime_Error_Module__state__V                                   
0801cb64  MCPI_logMessage                                                      
51000000  testRadarCube                                                        
fffffdec  ti_sysbios_family_arm_v7r_vim_Hwi_vim                                
ffffffff  __TI_pprof_out_hndl                                                  
ffffffff  __TI_prof_data_size                                                  
ffffffff  __TI_prof_data_start                                                 
ffffffff  __binit__                                                            
ffffffff  __c_args__                                                           
ffffffff  binit                                                                
UNDEFED   SHT$$INIT_ARRAY$$Base                                                
UNDEFED   SHT$$INIT_ARRAY$$Limit                                               

[777 symbols]
