******************************************************************************
                  TI ARM Linker Unix v16.9.6                   
******************************************************************************
>> Linked Mon Mar 30 21:05:34 2020

OUTPUT FILE NAME:   <xwr16xx/xwr16xx_mem_capture_mss.xer4f>
ENTRY POINT SYMBOL: "_c_int00"  address: 00009338


MEMORY CONFIGURATION

         name            origin    length      used     unused   attr    fill
----------------------  --------  ---------  --------  --------  ----  --------
  VECTORS               00000000   00000100  0000003c  000000c4     X
  PROG_RAM              00000100   0003ff00  0000efdc  00030f24  R  X
  DATA_RAM              08000000   00030000  0000c10c  00023ef4  RW  
  L3_RAM                51000000   000c0000  00000000  000c0000  RW  
  HS_RAM                52080000   00008000  00000000  00008000  RW  


SEGMENT ALLOCATION MAP

run origin  load origin   length   init length attrs members
----------  ----------- ---------- ----------- ----- -------
00000000    00000000    0000003c   0000003c    r--
  00000000    00000000    0000003c   0000003c    r-- .vecs
00000100    00000100    0000efe0   0000efe0    r-x
  00000100    00000100    0000c7f2   0000c7f2    r-x .text
  0000c8f4    0000c8f4    0000255a   0000255a    r-- .const
  0000ee50    0000ee50    00000290   00000290    r-- .cinit
08000000    08000000    0000c110   00000000    rw-
  08000000    08000000    00008000   00000000    rw- systemHeap
  08008000    08008000    00001c54   00000000    rw- .bss
  08009c54    08009c54    00001000   00000000    rw- .stack
  0800ac54    0800ac54    00000cb8   00000000    rw- .data
  0800b910    0800b910    00000800   00000000    rw- .myFiqStack


SECTION ALLOCATION MAP

 output                                  attributes/
section   page    origin      length       input sections
--------  ----  ----------  ----------   ----------------
.vecs      0    00000000    0000003c     
                  00000000    0000003c     mss_per4ft.oer4ft (.vecs)

.myFiqStack 
*          0    0800b910    00000800     UNINITIALIZED
                  0800b910    00000800     mss_per4ft.oer4ft (.myFiqStack)

xdc.meta   0    00000000    0000010c     COPY SECTION
                  00000000    0000010c     mss_per4ft.oer4ft (xdc.meta)

.text      0    00000100    0000c7f2     
                  00000100    000004e1     sysbios.aer4ft : BIOS.obj (.text:xdc_runtime_System_doPrint__I)
                  000005e1    00000001     --HOLE-- [fill = 0]
                  000005e2    00000002     libmmwave_xwr16xx.aer4f : mmwave_link.oer4f (.text:MMWave_maskHostIRQ)
                  000005e4    00000410     mss.oer4f (.text:MemCapture_run)
                  000009f4    000003ac     mss.oer4f (.text:MemoryCapture_reportFxn)
                  00000da0    00000348     mss.oer4f (.text:MemCapture_initTask)
                  000010e8    00000008     libosal_xwr16xx.aer4f : HwiP_tirtos.oer4f (.text:HwiP_disable)
                  000010f0    00000310     sysbios.aer4ft : BIOS.obj (.text:ti_sysbios_knl_Semaphore_pend__E)
                  00001400    00000308     libsoc_xwr16xx.aer4f : soc_xwr16xx_mss.oer4f (.text:SOC_deviceInit)
                  00001708    000002d2     framework_ipc.oer4f (.text:TestFmk_IPCProcessMsg)
                  000019da    00000002     rtsv7R4_T_le_v3D16_eabi.lib : i_div0.obj (.text)
                  000019dc    000002b8                                 : ull_div32.obj (.text)
                  00001c94    0000000c     libmmwave_xwr16xx.aer4f : mmwave_dualcore.oer4f (.text:MMWave_deviceMailboxCallbackFxn)
                  00001ca0    000002a4     sysbios.aer4ft : BIOS.obj (.text:ti_sysbios_heaps_HeapMem_freeUnprotected__E)
                  00001f44    00000284     libmmwave_xwr16xx.aer4f : mmwave_dualcore.oer4f (.text:MMWave_deviceExecuteFxn)
                  000021c8    00000008                             : mmwave.oer4f (.text:MMWave_decodeErrorLevel)
                  000021d0    00000280     sysbios.aer4ft : BIOS.obj (.text:ti_sysbios_family_arm_exc_Exception_excDumpContext__I)
                  00002450    00000260     libmailbox_xwr16xx.aer4f : mailbox.oer4f (.text:Mailbox_open)
                  000026b0    0000022c     sysbios.aer4ft : BIOS.obj (.text:ti_sysbios_knl_Task_Instance_finalize__E)
                  000028dc    00000004     libosal_xwr16xx.aer4f : HwiP_tirtos.oer4f (.text:HwiP_disableInterrupt)
                  000028e0    00000228     sysbios.aer4ft : BIOS.obj (.text:ti_sysbios_heaps_HeapMem_allocUnprotected__E)
                  00002b08    00000008     libmmwave_xwr16xx.aer4f : mmwave_link.oer4f (.text:MMWave_mboxCallbackFxn)
                  00002b10    00000204     sysbios.aer4ft : BIOS.obj (.text:ti_sysbios_knl_Task_sleep__E)
                  00002d14    00000200     libcrc_xwr16xx.aer4f : crc.oer4f (.text:CRC_open)
                  00002f14    0000000c     libmmwave_xwr16xx.aer4f : mmwave_osal.oer4f (.text:MMWave_osalMutexUnlock)
                  00002f20    000001e4     sysbios.aer4ft : BIOS.obj (.text:ti_sysbios_family_arm_v7r_vim_Hwi_dispatchIRQC__I)
                  00003104    000001c8     libmmwavelink_xwr16xx.aer4f : rl_driver.oer4f (.text:rlDriverRxHdrRead)
                  000032cc    000001c8     rtsv7R4_T_le_v3D16_eabi.lib : fopen.obj (.text)
                  00003494    0000000c     libmmwave_xwr16xx.aer4f : mmwave_osal.oer4f (.text:MMWave_osalSemSignal)
                  000034a0    000001c8     sysbios.aer4ft : BIOS.obj (.text:ti_sysbios_knl_Task_Instance_init__E)
                  00003668    000001b0     libmmwavelink_xwr16xx.aer4f : rl_driver.oer4f (.text:rlDriverMsgRead)
                  00003818    000001a4     libmmwave_xwr16xx.aer4f : mmwave_dualcore.oer4f (.text:MMWave_serializeCfg)
                  000039bc    00000004                             : mmwave_link.oer4f (.text:MMWave_disableDevice)
                  000039c0    0000019c     sysbios.aer4ft : BIOS.obj (.text:xdc_runtime_Error_policyDefault__E)
                  00003b5c    00000004     libmmwave_xwr16xx.aer4f : mmwave_link.oer4f (.text:MMWave_enableDevice)
                  00003b60    00000198     sysbios.aer4ft : BIOS.obj (.text:ti_sysbios_knl_Task_Module_startup__E)
                  00003cf8    00000190     libmmwavelink_xwr16xx.aer4f : rl_driver.oer4f (.text:rlDriverCmdInvoke)
                  00003e88    00000008     libosal_xwr16xx.aer4f : SemaphoreP_tirtos.oer4f (.text:SemaphoreP_Params_init)
                  00003e90    00000184     sysbios.aer4ft : BIOS.obj (.text:ti_sysbios_timers_rti_Timer_Module_startup__E)
                  00004014    0000000c     framework_xwr16xx.oer4f (.text:TestFmk_IPCRemoteMailboxCallbackFxn)
                  00004020    0000017c     sysbios.aer4ft : BIOS.obj (.text:ti_sysbios_family_arm_exc_Exception_excHandler__I)
                  0000419c    00000004     libmmwave_xwr16xx.aer4f : mmwave_listlib.oer4f (.text:MMWave_listGetHead)
                  000041a0    0000017c     sysbios.aer4ft : BIOS.obj (.text:ti_sysbios_knl_Semaphore_post__E)
                  0000431c    00000160     framework_core.oer4f (.text:TestFmk_enableADC)
                  0000447c    00000004     libmmwave_xwr16xx.aer4f : mmwave_listlib.oer4f (.text:MMWave_listGetNext)
                  00004480    00000160     sysbios.aer4ft : BIOS.obj (.text:ti_sysbios_family_arm_v7r_vim_Hwi_reconfig__E)
                  000045e0    00000154     libmmwave_xwr16xx.aer4f : mmwave_link.oer4f (.text:MMWave_openLink)
                  00004734    0000014c                             : mmwave_link.oer4f (.text:MMWave_initMMWaveLink)
                  00004880    00000148     libmmwavelink_xwr16xx.aer4f : rl_driver.oer4f (.text:rlDriverCmdSendRetry)
                  000049c8    00000008                                 : rl_driver.oer4f (.text:rlDriverConstructOutMsg)
                  000049d0    00000140     sysbios.aer4ft : BIOS.obj (.text:ti_sysbios_heaps_HeapMem_Instance_init__E)
                  00004b10    00000140                    : BIOS.obj (.text:xdc_runtime_Core_createObject__I)
                  00004c50    0000013c                    : BIOS.obj (.text:ti_sysbios_knl_Clock_workFunc__E)
                  00004d8c    00000004     libmmwave_xwr16xx.aer4f : mmwave_link.oer4f (.text:MMWave_mboxClose)
                  00004d90    00000134     sysbios.aer4ft : BIOS.obj (.text:xdc_runtime_Startup_startMods__I)
                  00004ec4    00000118     mss.oer4f (.text:MemCapture_eventCallbackFxn)
                  00004fdc    00000004     libmmwave_xwr16xx.aer4f : mmwave_link.oer4f (.text:MMWave_mboxRead)
                  00004fe0    00000118     sysbios.aer4ft : BIOS.obj (.text:ti_sysbios_family_arm_v7r_vim_Hwi_Instance_init__E)
                  000050f8    00000008     libmmwavelink_xwr16xx.aer4f : rl_driver.oer4f (.text:rlDriverGetHandle)
                  00005100    00000118     sysbios.aer4ft : BIOS.obj (.text:ti_sysbios_knl_Swi_run__I)
                  00005218    0000010c     libmmwave_xwr16xx.aer4f : mmwave_link.oer4f (.text:MMWave_asyncEventHandler)
                  00005324    0000010c                             : mmwave_dualcore.oer4f (.text:MMWave_deviceInitFxn)
                  00005430    0000010c     sysbios.aer4ft : BIOS.obj (.text:xdc_runtime_Core_constructObject__I)
                  0000553c    00000108     libmailbox_xwr16xx.aer4f : mailbox.oer4f (.text:Mailbox_write)
                  00005644    00000104     libmmwave_xwr16xx.aer4f : mmwave_link.oer4f (.text:MMWave_startLink)
                  00005748    00000006     libosal_xwr16xx.aer4f : HwiP_tirtos.oer4f (.text:HwiP_restore)
                  0000574e    00000002     mss_per4ft.oer4ft (.text:ti_sysbios_BIOS_nullFunc__I)
                  00005750    00000104     sysbios.aer4ft : BIOS.obj (.text:ti_sysbios_timers_rti_Timer_getFreq__E)
                  00005854    00000100     libmmwavelink_xwr16xx.aer4f : rl_driver.oer4f (.text:rlDriverInit)
                  00005954    000000fc     libcrc_xwr16xx.aer4f : crc.oer4f (.text:CRC_computeSignature)
                  00005a50    000000f8     libmmwavelink_xwr16xx.aer4f : rl_driver.oer4f (.text:rlDriverRdVerifyMsg)
                  00005b48    000000f8     mss_per4ft.oer4ft (.text:xdc_runtime_System_printfExtend__I)
                  00005c40    000000f0     sysbios.aer4ft : BIOS.obj (.text:ti_sysbios_family_arm_v7r_vim_Hwi_Module_startup__E)
                  00005d30    000000ec                    : BIOS.obj (.text:ti_sysbios_heaps_HeapBuf_Module_startup__E)
                  00005e1c    000000dc     libmmwave_xwr16xx.aer4f : mmwave.oer4f (.text:MMWave_init)
                  00005ef8    000000dc     rtsv7R4_T_le_v3D16_eabi.lib : setvbuf.obj (.text)
                  00005fd4    000000d4     libmailbox_xwr16xx.aer4f : mailbox.oer4f (.text:Mailbox_read)
                  000060a8    000000d4     framework_core.oer4f (.text:TestFmk_ioctl)
                  0000617c    000000d4     libmmwavelink_xwr16xx.aer4f : rl_sensor.oer4f (.text:rlSetMultiBpmChirpConfig)
                  00006250    000000d4     sysbios.aer4ft : BIOS.obj (.text:ti_sysbios_knl_Task_exit__E)
                  00006324    0000000c                    : arm_IntrinsicsSupport_asm.obj (.text:_ti_sysbios_family_arm_IntrinsicsSupport_maxbitA)
                  00006330    000000d4                    : BIOS.obj (.text:ti_sysbios_knl_Task_schedule__I)
                  00006404    000000d0                    : exc_Exception_asm.obj (.text:ti_sysbios_family_arm_exc_Exception_excHandlerAsm__I)
                  000064d4    000000cc     libmmwavelink_xwr16xx.aer4f : rl_sensor.oer4f (.text:rlRfCalibDataRestore)
                  000065a0    000000cc                                 : rl_sensor.oer4f (.text:rlSetChirpConfig)
                  0000666c    000000cc     rtsv7R4_T_le_v3D16_eabi.lib : fflush.obj (.text)
                  00006738    00000006     libmmwavelink_xwr16xx.aer4f : rl_controller.oer4f (.text:rlGetSubBlockId)
                  0000673e    00000002     mss_per4ft.oer4ft (.text:xdc_runtime_Startup_reset__I)
                  00006740    000000cc     sysbios.aer4ft : BIOS.obj (.text:ti_sysbios_knl_Task_checkStacks__E)
                  0000680c    000000c8     libmmwave_xwr16xx.aer4f : mmwave_fullcfg.oer4f (.text:MMWave_addChirp)
                  000068d4    000000c8                             : mmwave_link.oer4f (.text:MMWave_configBPM)
                  0000699c    000000c8                             : mmwave_fullcfg.oer4f (.text:MMWave_flushCfg)
                  00006a64    000000c8                             : mmwave_fullcfg.oer4f (.text:MMWave_getChirpHandle)
                  00006b2c    000000c8     libmmwavelink_xwr16xx.aer4f : rl_sensor.oer4f (.text:rlSetFrameConfig)
                  00006bf4    000000c4                                 : rl_driver.oer4f (.text:rlDriverMsgCmdReply)
                  00006cb8    000000c0                                 : rl_driver.oer4f (.text:rlDriverMsgWrite)
                  00006d78    00000006                                 : rl_controller.oer4f (.text:rlGetSubBlockLen)
                  00006d7e    00000002     --HOLE-- [fill = 0]
                  00006d80    000000c0     sysbios.aer4ft : BIOS.obj (.text:ti_sysbios_timers_rti_Timer_startup__E)
                  00006e40    000000bc     libmmwave_xwr16xx.aer4f : mmwave_link.oer4f (.text:MMWave_computeCRC)
                  00006efc    000000bc     rtsv7R4_T_le_v3D16_eabi.lib : open.obj (.text)
                  00006fb8    000000b6     libsoc_xwr16xx.aer4f : soc_mpu.o (.text)
                  0000706e    00000002     --HOLE-- [fill = 0]
                  00007070    000000b4     mss.oer4f (.text:main)
                  00007124    0000000c     rtsv7R4_T_le_v3D16_eabi.lib : copy_zero_init.obj (.text:decompress:ZI)
                  00007130    000000b4     sysbios.aer4ft : BIOS.obj (.text:ti_sysbios_gates_GateMutex_enter__E)
                  000071e4    0000000c     libmmwavelink_xwr16xx.aer4f : rl_driver.oer4f (.text:rlDriverGetPlatformId)
                  000071f0    000000b4     sysbios.aer4ft : BIOS.obj (.text:ti_sysbios_knl_Task_startCore__E)
                  000072a4    000000b0     libmmwave_xwr16xx.aer4f : mmwave_fullcfg.oer4f (.text:MMWave_addProfile)
                  00007354    000000b0     libmmwavelink_xwr16xx.aer4f : rl_sensor.oer4f (.text:rlSetProfileConfig)
                  00007404    0000000c     mss_per4ft.oer4ft (.text:ti_sysbios_knl_Queue_Object__get__S)
                  00007410    000000b0     sysbios.aer4ft : BIOS.obj (.text:xdc_runtime_Text_putMod__E)
                  000074c0    000000ae     rtsv7R4_T_le_v3D16_eabi.lib : _io_perm.obj (.text)
                  0000756e    00000002     --HOLE-- [fill = 0]
                  00007570    000000ac     libesm_xwr16xx.aer4f : esm.oer4f (.text:ESM_processInterrupt)
                  0000761c    000000a8     libmmwave_xwr16xx.aer4f : mmwave_link.oer4f (.text:MMWave_configureProfileChirp)
                  000076c4    000000a8                             : mmwave_fullcfg.oer4f (.text:MMWave_getBpmChirpHandle)
                  0000776c    000000a8     libmmwavelink_xwr16xx.aer4f : rl_driver.oer4f (.text:rlDriverWaitForResponse)
                  00007814    000000a8                                 : rl_sensor.oer4f (.text:rlSetAdvFrameConfig)
                  000078bc    00000004     libmmwave_xwr16xx.aer4f : mmwave_link.oer4f (.text:MMWave_registerInterruptHandler)
                  000078c0    000000a8     sysbios.aer4ft : BIOS.obj (.text:ti_sysbios_knl_Swi_post__E)
                  00007968    000000a4     libesm_xwr16xx.aer4f : esm.oer4f (.text:ESM_init)
                  00007a0c    000000a4     libmmwave_xwr16xx.aer4f : mmwave_fullcfg.oer4f (.text:MMWave_addBpmChirp)
                  00007ab0    000000a4                             : mmwave.oer4f (.text:MMWave_start)
                  00007b54    000000a4     libsoc_xwr16xx.aer4f : soc_xwr16xx_mss.oer4f (.text:SOC_unhaltDSS)
                  00007bf8    00000004     libmmwave_xwr16xx.aer4f : mmwave_link.oer4f (.text:MMWave_unmaskHostIRQ)
                  00007bfc    00000004                             : mmwave_link.oer4f (.text:MMWave_waitIRQStatus)
                  00007c00    000000a4     sysbios.aer4ft : BIOS.obj (.text:ti_sysbios_knl_Task_postInit__I)
                  00007ca4    0000000a     libadcbuf_xwr16xx.aer4f : ADCBuf.oer4f (.text:ADCBuf_control)
                  00007cae    00000002     --HOLE-- [fill = 0]
                  00007cb0    000000a2     sysbios.aer4ft : BIOS.obj (.text:xdc_runtime_Text_putSite__E)
                  00007d52    00000002     --HOLE-- [fill = 0]
                  00007d54    000000a0     auto_init.aer4ft : auto_init.oer4ft (.text)
                  00007df4    0000000a     libosal_xwr16xx.aer4f : MemoryP_tirtos.oer4f (.text:MemoryP_ctrlFree)
                  00007dfe    00000002     --HOLE-- [fill = 0]
                  00007e00    000000a0     sysbios.aer4ft : BIOS.obj (.text:ti_sysbios_knl_Task_blockI__E)
                  00007ea0    0000009c     libmmwave_xwr16xx.aer4f : mmwave_link.oer4f (.text:MMWave_configLink)
                  00007f3c    0000009c     rtsv7R4_T_le_v3D16_eabi.lib : memcpy_t2.obj (.text)
                  00007fd8    00000004     libsoc_xwr16xx.aer4f : soc_xwr16xx.oer4f (.text:SOC_ungateClock)
                  00007fdc    00000004     mss_per4ft.oer4ft (.text:ti_sysbios_BIOS_RtsGateProxy_enter__E)
                  00007fe0    0000009c     sysbios.aer4ft : BIOS.obj (.text:ti_sysbios_family_arm_v7r_vim_Hwi_initIntController__I)
                  0000807c    00000004     mss_per4ft.oer4ft (.text:ti_sysbios_BIOS_RtsGateProxy_leave__E)
                  00008080    0000009c     sysbios.aer4ft : BIOS.obj (.text:ti_sysbios_family_arm_v7r_vim_Hwi_mapChannel__I)
                  0000811c    00000004     mss_per4ft.oer4ft (.text:ti_sysbios_family_arm_TaskSupport_Module__startupDone__S)
                  00008120    0000009c     sysbios.aer4ft : BIOS.obj (.text:ti_sysbios_knl_Semaphore_Instance_init__E)
                  000081bc    00000098     libmmwave_xwr16xx.aer4f : mmwave_fullcfg.oer4f (.text:MMWave_getChirpCfg)
                  00008254    00000098     rtsv7R4_T_le_v3D16_eabi.lib : fclose.obj (.text)
                  000082ec    00000098                                 : fputc.obj (.text)
                  00008384    00000098     sysbios.aer4ft : vim_Hwi_asm_switch.obj (.text)
                  0000841c    00000094     libmmwavelink_xwr16xx.aer4f : rl_driver.oer4f (.text:rlDriverDeInit)
                  000084b0    00000094                                 : rl_driver.oer4f (.text:rlDriverMsgReadCmdCtx)
                  00008544    00000094                                 : rl_driver.oer4f (.text:rlDriverProcRdMsg)
                  000085d8    00000094     sysbios.aer4ft : vim_Hwi_asm.obj (.text:ti_sysbios_family_arm_v7r_vim_Hwi_dispatchIRQ__I)
                  0000866c    00000090     libmailbox_xwr16xx.aer4f : mailbox.oer4f (.text:Mailbox_close)
                  000086fc    00000004     mss_per4ft.oer4ft (.text:ti_sysbios_family_arm_v7r_vim_Hwi_delete)
                  00008700    00000090     sysbios.aer4ft : BIOS.obj (.text:ti_sysbios_knl_Task_unblockI__E)
                  00008790    0000008c     libmmwavelink_xwr16xx.aer4f : rl_device.oer4f (.text:rlDevicePowerOn)
                  0000881c    0000008c                                 : rl_driver.oer4f (.text:rlDriverMsgReadSpawnCtx)
                  000088a8    00000004     mss_per4ft.oer4ft (.text:ti_sysbios_heaps_HeapMem_Module_GateProxy_enter__E)
                  000088ac    00000004     mss_per4ft.oer4ft (.text:ti_sysbios_heaps_HeapMem_Module_GateProxy_leave__E)
                  000088b0    0000008c     sysbios.aer4ft : BIOS.obj (.text:ti_sysbios_family_arm_v7r_vim_Hwi_Instance_finalize__E)
                  0000893c    00000004     mss_per4ft.oer4ft (.text:ti_sysbios_knl_Clock_TimerProxy_getMaxTicks__E)
                  00008940    0000008c     sysbios.aer4ft : BIOS.obj (.text:xdc_runtime_Memory_alloc__E)
                  000089cc    00000088     libmmwave_xwr16xx.aer4f : mmwave_fullcfg.oer4f (.text:MMWave_getProfileCfg)
                  00008a54    00000084                             : mmwave_dualcore.oer4f (.text:MMWave_deviceCfgAsyncEvent)
                  00008ad8    00000084                             : mmwave_dualcore.oer4f (.text:MMWave_deviceEventFxn)
                  00008b5c    00000084                             : mmwave_fullcfg.oer4f (.text:MMWave_getNumBpmChirp)
                  00008be0    00000084                             : mmwave.oer4f (.text:MMWave_open)
                  00008c64    00000084     libsoc_xwr16xx.aer4f : soc.oer4f (.text:SOC_init)
                  00008ce8    00000080     libmmwave_xwr16xx.aer4f : mmwave_fullcfg.oer4f (.text:MMWave_getBpmChirpCfg)
                  00008d68    00000080     libmmwavelink_xwr16xx.aer4f : rl_driver.oer4f (.text:rlDriverExecuteGetApi)
                  00008de8    00000004     mss_per4ft.oer4ft (.text:ti_sysbios_knl_Semaphore_delete)
                  00008dec    00000004     mss_per4ft.oer4ft (.text:xdc_runtime_System_Module_GateProxy_enter__E)
                  00008df0    00000080     sysbios.aer4ft : BIOS.obj (.text:ti_sysbios_timers_rti_Timer_initDevice__I)
                  00008e70    0000007e     libosal_xwr16xx.aer4f : HwiP_tirtos.oer4f (.text:HwiP_create)
                  00008eee    00000002     --HOLE-- [fill = 0]
                  00008ef0    0000007c     libmmwave_xwr16xx.aer4f : mmwave_dualcore.oer4f (.text:MMWave_deviceOpenFxn)
                  00008f6c    0000007c     libmailbox_xwr16xx.aer4f : mailbox.oer4f (.text:Mailbox_init)
                  00008fe8    0000007c     framework_core.oer4f (.text:TestFmk_init)
                  00009064    0000007c     sysbios.aer4ft : arm_TaskSupport_asm.obj (.text:_ti_sysbios_family_arm_TaskSupport_buildTaskStack)
                  000090e0    0000007c                    : BIOS.obj (.text:xdc_runtime_Core_deleteObject__I)
                  0000915c    0000007a     rtsv7R4_T_le_v3D16_eabi.lib : memset_t2.obj (.text)
                  000091d6    00000002     --HOLE-- [fill = 0]
                  000091d8    00000078     libmmwave_xwr16xx.aer4f : mmwave_fullcfg.oer4f (.text:MMWave_getNumChirps)
                  00009250    00000074                             : mmwave.oer4f (.text:MMWave_config)
                  000092c4    00000074                             : mmwave_dualcore.oer4f (.text:MMWave_deviceStartFxn)
                  00009338    00000074     boot.aer4ft : boot.oer4ft (.text)
                  000093ac    00000074     libmmwavelink_xwr16xx.aer4f : rl_driver.oer4f (.text:rlDriverAsyncEventHandler)
                  00009420    00000074     rtsv7R4_T_le_v3D16_eabi.lib : getdevice.obj (.text)
                  00009494    00000072     libmmwavelink_xwr16xx.aer4f : rl_driver.oer4f (.text:rlDriverClientCbCheck)
                  00009506    00000002     --HOLE-- [fill = 0]
                  00009508    00000070     libmmwave_xwr16xx.aer4f : mmwave_dualcore.oer4f (.text:MMWave_deviceCfgFxn)
                  00009578    00000004     mss_per4ft.oer4ft (.text:xdc_runtime_System_Module_GateProxy_leave__E)
                  0000957c    00000004     --HOLE-- [fill = 0]
                  00009580    00000070     sysbios.aer4ft : BIOS.obj (.text:xdc_runtime_Error_print__E)
                  000095f0    00000070                    : BIOS.obj (.text:xdc_runtime_Text_visitRope2__I)
                  00009660    0000006c     libmmwave_xwr16xx.aer4f : mmwave_link.oer4f (.text:MMWave_spawn)
                  000096cc    0000006c     rtsv7R4_T_le_v3D16_eabi.lib : copy_decompress_lzss.obj (.text:decompress:lzss)
                  00009738    0000006c                                 : trgmsg.obj (.text)
                  000097a4    00000068     libmailbox_xwr16xx.aer4f : mailbox.oer4f (.text:Mailbox_readFlush)
                  0000980c    00000068     framework_ipc_local.oer4f (.text:TestFmk_IPCLocalSend)
                  00009874    00000068     libmmwavelink_xwr16xx.aer4f : rl_driver.oer4f (.text:rlDriverExecuteSetApi)
                  000098dc    00000068                                 : rl_driver.oer4f (.text:rlDriverHostIrqHandler)
                  00009944    00000068     rtsv7R4_T_le_v3D16_eabi.lib : hostlseek.obj (.text)
                  000099ac    00000068                                 : hostrename.obj (.text)
                  00009a14    0000000a     libosal_xwr16xx.aer4f : SemaphoreP_tirtos.oer4f (.text:SemaphoreP_post)
                  00009a1e    00000002     --HOLE-- [fill = 0]
                  00009a20    00000068     sysbios.aer4ft : BIOS.obj (.text:ti_sysbios_knl_Swi_schedule__I)
                  00009a88    00000066     libmmwavelink_xwr16xx.aer4f : rl_device.oer4f (.text:rlDevicePowerOff)
                  00009aee    00000002     --HOLE-- [fill = 0]
                  00009af0    00000064     libosal_xwr16xx.aer4f : SemaphoreP_tirtos.oer4f (.text:SemaphoreP_create)
                  00009b54    00000064     rtsv7R4_T_le_v3D16_eabi.lib : fseek.obj (.text)
                  00009bb8    00000064     sysbios.aer4ft : exc_Exception_asm.obj (.text:ti_sysbios_family_arm_exc_Exception_initCore0__I)
                  00009c1c    00000004     --HOLE-- [fill = 0]
                  00009c20    00000064                    : BIOS.obj (.text:ti_sysbios_family_arm_v7r_vim_Hwi_phantomIntHandler__I)
                  00009c84    0000000a                    : tms570_Core_asm.obj (.text:ti_sysbios_family_arm_v7r_tms570_Core_getId__E)
                  00009c8e    00000002     --HOLE-- [fill = 0]
                  00009c90    00000064                    : BIOS.obj (.text:ti_sysbios_knl_Clock_logTick__E)
                  00009cf4    0000000a     mss_per4ft.oer4ft (.text:xdc_runtime_IHeap_alloc)
                  00009cfe    00000002     --HOLE-- [fill = 0]
                  00009d00    00000064     sysbios.aer4ft : BIOS.obj (.text:xdc_runtime_Startup_exec__E)
                  00009d64    0000000a     mss_per4ft.oer4ft (.text:xdc_runtime_IHeap_free)
                  00009d6e    00000002     --HOLE-- [fill = 0]
                  00009d70    00000060     sysbios.aer4ft : BIOS.obj (.text:ti_sysbios_heaps_HeapMem_alloc__E)
                  00009dd0    00000060                    : BIOS.obj (.text:xdc_runtime_Assert_raise__I)
                  00009e30    0000005f                    : BIOS.obj (.text:xdc_runtime_Text_putLab__E)
                  00009e8f    00000001     --HOLE-- [fill = 0]
                  00009e90    0000005c     libmmwave_xwr16xx.aer4f : mmwave_link.oer4f (.text:MMWave_mboxOpen)
                  00009eec    0000005c     rtsv7R4_T_le_v3D16_eabi.lib : hostopen.obj (.text)
                  00009f48    0000005c                                 : hostread.obj (.text)
                  00009fa4    0000005a     libmmwavelink_xwr16xx.aer4f : rl_driver.oer4f (.text:rlDriverCalChkSum)
                  00009ffe    00000002     --HOLE-- [fill = 0]
                  0000a000    00000058     libesm_xwr16xx.aer4f : esm.oer4f (.text:ESM_highpriority_FIQ)
                  0000a058    00000058     libmmwave_xwr16xx.aer4f : mmwave.oer4f (.text:MMWave_execute)
                  0000a0b0    00000058                             : mmwave_link.oer4f (.text:MMWave_initCRC)
                  0000a108    00000058     mss.oer4f (.text:MemCapture_fmkTask)
                  0000a160    00000058     mss.oer4f (.text:MemCapture_mmWaveCtrlTask)
                  0000a1b8    00000058     rtsv7R4_T_le_v3D16_eabi.lib : close.obj (.text)
                  0000a210    00000058                                 : hostwrite.obj (.text)
                  0000a268    00000008     --HOLE-- [fill = 0]
                  0000a270    00000058     sysbios.aer4ft : BIOS.obj (.text:ti_sysbios_knl_Swi_restoreHwi__E)
                  0000a2c8    00000056     libmmwavelink_xwr16xx.aer4f : rl_driver.oer4f (.text:rlDriverOsiCbCheck)
                  0000a31e    00000002     --HOLE-- [fill = 0]
                  0000a320    00000054     libcrc_xwr16xx.aer4f : crc.oer4f (.text:CRC_getTransactionId)
                  0000a374    00000054     libmmwave_xwr16xx.aer4f : mmwave_link.oer4f (.text:MMWave_initLink)
                  0000a3c8    00000054     framework_ipc.oer4f (.text:TestFmk_IPCRecv)
                  0000a41c    00000054     framework_core.oer4f (.text:TestFmk_open)
                  0000a470    00000054     mss_per4ft.oer4ft (.text:ti_sysbios_family_arm_v7r_vim_Hwi_create)
                  0000a4c4    0000000c     --HOLE-- [fill = 0]
                  0000a4d0    00000054     sysbios.aer4ft : BIOS.obj (.text:ti_sysbios_heaps_HeapMem_getStats__E)
                  0000a524    0000000c     --HOLE-- [fill = 0]
                  0000a530    00000054                    : BIOS.obj (.text:ti_sysbios_knl_Swi_runLoop__I)
                  0000a584    0000000c     --HOLE-- [fill = 0]
                  0000a590    00000054                    : BIOS.obj (.text:ti_sysbios_knl_Swi_startup__E)
                  0000a5e4    0000000c     --HOLE-- [fill = 0]
                  0000a5f0    00000054                    : BIOS.obj (.text:xdc_runtime_Core_assignLabel__I)
                  0000a644    00000050     libcrc_xwr16xx.aer4f : crc.oer4f (.text:CRC_getSignature)
                  0000a694    00000050     libmmwave_xwr16xx.aer4f : mmwave.oer4f (.text:MMWave_sync)
                  0000a6e4    00000050     framework_xwr16xx.oer4f (.text:TestFmk_IPCRemoteInit)
                  0000a734    00000050     libmmwavelink_xwr16xx.aer4f : rl_driver.oer4f (.text:rlDeviceIdentifyCmdDir)
                  0000a784    00000050                                 : rl_driver.oer4f (.text:rlDriverVerifyCRC)
                  0000a7d4    00000050     rtsv7R4_T_le_v3D16_eabi.lib : exit.obj (.text)
                  0000a824    00000050                                 : u_div32.obj (.text)
                  0000a874    0000000c     --HOLE-- [fill = 0]
                  0000a880    00000050     sysbios.aer4ft : BIOS.obj (.text:xdc_runtime_System_exit__E)
                  0000a8d0    0000004c     libmailbox_xwr16xx.aer4f : mailbox.oer4f (.text:Mailbox_boxEmptyISRProcessing)
                  0000a91c    0000004c     rtsv7R4_T_le_v3D16_eabi.lib : cpy_tbl.obj (.text)
                  0000a968    00000008     --HOLE-- [fill = 0]
                  0000a970    0000004c     sysbios.aer4ft : BIOS.obj (.text:ti_sysbios_family_arm_v7r_vim_Hwi_getStackInfo__E)
                  0000a9bc    0000004c     mss_per4ft.oer4ft (.text:ti_sysbios_knl_Task_create)
                  0000aa08    0000004a     libmailbox_xwr16xx.aer4f : mailbox.oer4f (.text:Mailbox_boxFullISRProcessing)
                  0000aa52    0000000e     libosal_xwr16xx.aer4f : SemaphoreP_tirtos.oer4f (.text:SemaphoreP_delete)
                  0000aa60    0000004a     sysbios.aer4ft : BIOS.obj (.text:xdc_runtime_Core_assignParams__I)
                  0000aaaa    00000006     --HOLE-- [fill = 0]
                  0000aab0    0000004a                    : BIOS.obj (.text:xdc_runtime_Text_xprintf__I)
                  0000aafa    00000002     --HOLE-- [fill = 0]
                  0000aafc    00000048     framework_core.oer4f (.text:TestFmk_execute)
                  0000ab44    00000048     framework_core.oer4f (.text:TestFmk_stop)
                  0000ab8c    00000048     libmmwavelink_xwr16xx.aer4f : rl_device.oer4f (.text:rlDeviceGetVersion)
                  0000abd4    00000048                                 : rl_driver.oer4f (.text:rlDriverOsiInit)
                  0000ac1c    00000046     libmailbox_xwr16xx.aer4f : mailbox.oer4f (.text:CSL_FINSR)
                  0000ac62    00000044     libcrc_xwr16xx.aer4f : crc.oer4f (.text:CRC_resetSignature)
                  0000aca6    00000002     --HOLE-- [fill = 0]
                  0000aca8    00000044     libmailbox_xwr16xx.aer4f : mailbox.oer4f (.text:Mailbox_boxFullISRMssDss)
                  0000acec    00000044     libsoc_xwr16xx.aer4f : soc_xwr16xx_mss.oer4f (.text:SOC_resetDMA)
                  0000ad30    00000044     rtsv7R4_T_le_v3D16_eabi.lib : hostclose.obj (.text)
                  0000ad74    00000044                                 : hostunlink.obj (.text)
                  0000adb8    00000008     --HOLE-- [fill = 0]
                  0000adc0    00000044     sysbios.aer4ft : BIOS.obj (.text:ti_sysbios_family_arm_v7r_tms570_Core_Module_startup__E)
                  0000ae04    0000000c     --HOLE-- [fill = 0]
                  0000ae10    00000044                    : BIOS.obj (.text:ti_sysbios_knl_Task_allBlockedFunction__I)
                  0000ae54    0000000c     --HOLE-- [fill = 0]
                  0000ae60    00000044                    : BIOS.obj (.text:xdc_runtime_System_atexit__E)
                  0000aea4    00000042     libmmwave_xwr16xx.aer4f : mmwave_link.oer4f (.text:MMWave_executeLink)
                  0000aee6    00000042     libmmwavelink_xwr16xx.aer4f : rl_controller.oer4f (.text:rlGetSubBlock)
                  0000af28    00000040                                 : rl_driver.oer4f (.text:rlDriverValidateHdr)
                  0000af68    00000008     --HOLE-- [fill = 0]
                  0000af70    00000040     sysbios.aer4ft : BIOS.obj (.text:ti_sysbios_timers_rti_Timer_stop__E)
                  0000afb0    0000003e     libcrc_xwr16xx.aer4f : crc.oer4f (.text:CSL_FINSR)
                  0000afee    0000003e     libsoc_xwr16xx.aer4f : soc.oer4f (.text:CSL_FINSR)
                  0000b02c    0000003e                          : soc_xwr16xx.oer4f (.text:CSL_FINSR)
                  0000b06a    0000003e                          : soc_xwr16xx_mss.oer4f (.text:CSL_FINSR)
                  0000b0a8    0000003e     libmmwave_xwr16xx.aer4f : mmwave.oer4f (.text:MMWave_decodeError)
                  0000b0e6    00000002     --HOLE-- [fill = 0]
                  0000b0e8    0000003c     libmailbox_xwr16xx.aer4f : mailbox.oer4f (.text:Mailbox_writeReset)
                  0000b124    0000003c     libsoc_xwr16xx.aer4f : soc.oer4f (.text:SOC_unhaltBSS)
                  0000b160    0000003c     framework_ipc_local.oer4f (.text:TestFmk_IPCLocalRecv)
                  0000b19c    0000003c     sysbios.aer4ft : vim_Hwi_asm.obj (.text:ti_sysbios_family_arm_v7r_vim_Hwi_init__I)
                  0000b1d8    00000008     --HOLE-- [fill = 0]
                  0000b1e0    0000003c                    : BIOS.obj (.text:ti_sysbios_hal_Hwi_checkStack)
                  0000b21c    00000004     --HOLE-- [fill = 0]
                  0000b220    0000003c                    : BIOS.obj (.text:ti_sysbios_heaps_HeapMem_init__I)
                  0000b25c    00000004     --HOLE-- [fill = 0]
                  0000b260    0000003c                    : BIOS.obj (.text:ti_sysbios_timers_rti_Timer_setPeriod__E)
                  0000b29c    0000003a     libosal_xwr16xx.aer4f : HwiP_tirtos.oer4f (.text:HwiP_delete)
                  0000b2d6    00000036     libmmwavelink_xwr16xx.aer4f : rl_controller.oer4f (.text:rlAppendSubBlock)
                  0000b30c    00000036     rtsv7R4_T_le_v3D16_eabi.lib : strncpy.obj (.text)
                  0000b342    00000002     --HOLE-- [fill = 0]
                  0000b344    00000034     libmmwave_xwr16xx.aer4f : mmwave_link.oer4f (.text:MMWave_mboxWrite)
                  0000b378    00000034     libsoc_xwr16xx.aer4f : soc_xwr16xx.oer4f (.text:SOC_setMMWaveDSSLinkState)
                  0000b3ac    00000034                          : soc_xwr16xx.oer4f (.text:SOC_setMMWaveMSSLinkState)
                  0000b3e0    00000034                          : soc_xwr16xx.oer4f (.text:SOC_setMSSLinkState)
                  0000b414    00000034     mss_per4ft.oer4ft (.text:ti_sysbios_knl_Semaphore_create)
                  0000b448    00000008     --HOLE-- [fill = 0]
                  0000b450    00000034     sysbios.aer4ft : BIOS.obj (.text:ti_sysbios_knl_Task_processVitalTaskFlag__I)
                  0000b484    00000032     libcrc_xwr16xx.aer4f : crc.oer4f (.text:CRC_getCRCDataSelectBitValue)
                  0000b4b6    00000002     --HOLE-- [fill = 0]
                  0000b4b8    00000032                          : crc.oer4f (.text:CRC_getCRCTypeBitValue)
                  0000b4ea    00000006     --HOLE-- [fill = 0]
                  0000b4f0    00000032     sysbios.aer4ft : BIOS.obj (.text:ti_sysbios_hal_Hwi_initStack)
                  0000b522    00000030     libmmwave_xwr16xx.aer4f : mmwave_listlib.oer4f (.text:MMWave_listRemoveNode)
                  0000b552    00000030     libmmwavelink_xwr16xx.aer4f : rl_sensor.oer4f (.text:rlSensorStart)
                  0000b582    00000002     --HOLE-- [fill = 0]
                  0000b584    00000030     mss_per4ft.oer4ft (.text:ti_sysbios_BIOS_atExitFunc__I)
                  0000b5b4    00000030     mss_per4ft.oer4ft (.text:ti_sysbios_BIOS_startFunc__I)
                  0000b5e4    0000000c     --HOLE-- [fill = 0]
                  0000b5f0    00000030     sysbios.aer4ft : BIOS.obj (.text:ti_sysbios_family_arm_TaskSupport_start__E)
                  0000b620    00000030     mss_per4ft.oer4ft (.text:ti_sysbios_gates_GateHwi_Object__create__S)
                  0000b650    00000030     mss_per4ft.oer4ft (.text:ti_sysbios_gates_GateMutex_Object__create__S)
                  0000b680    00000030     mss_per4ft.oer4ft (.text:ti_sysbios_heaps_HeapMem_Object__create__S)
                  0000b6b0    00000030     sysbios.aer4ft : BIOS.obj (.text:ti_sysbios_heaps_HeapMem_free__E)
                  0000b6e0    00000030     mss_per4ft.oer4ft (.text:ti_sysbios_knl_Semaphore_construct)
                  0000b710    0000002f     sysbios.aer4ft : BIOS.obj (.text:xdc_runtime_Text_printVisFxn__I)
                  0000b73f    00000001     --HOLE-- [fill = 0]
                  0000b740    0000002e                    : BIOS.obj (.text:ti_sysbios_knl_Semaphore_pendTimeout__I)
                  0000b76e    0000002e     mss_per4ft.oer4ft (.text:ti_sysbios_rts_MemAlloc_alloc)
                  0000b79c    0000002c     libmmwave_xwr16xx.aer4f : mmwave_osal.oer4f (.text:MMWave_osalMutexCreate)
                  0000b7c8    0000002c                             : mmwave_osal.oer4f (.text:MMWave_osalSemCreate)
                  0000b7f4    0000002c     libsoc_xwr16xx.aer4f : soc_xwr16xx_mss.oer4f (.text:SOC_waitBSSPowerUp)
                  0000b820    0000002c     framework_ipc_local.oer4f (.text:TestFmk_IPCLocalInit)
                  0000b84c    0000002c     libmmwavelink_xwr16xx.aer4f : rl_device.oer4f (.text:rlDeviceGetMssVersion)
                  0000b878    0000002c     rtsv7R4_T_le_v3D16_eabi.lib : unlink.obj (.text)
                  0000b8a4    0000002c     mss_per4ft.oer4ft (.text:ti_sysbios_knl_Clock_doTick__I)
                  0000b8d0    0000002c     mss_per4ft.oer4ft (.text:ti_sysbios_knl_Queue_construct)
                  0000b8fc    00000004     --HOLE-- [fill = 0]
                  0000b900    0000002c     sysbios.aer4ft : BIOS.obj (.text:ti_sysbios_knl_Swi_Module_startup__E)
                  0000b92c    00000004     --HOLE-- [fill = 0]
                  0000b930    0000002c                    : BIOS.obj (.text:ti_sysbios_timers_rti_Timer_periodicStub__E)
                  0000b95c    0000002a     libsoc_xwr16xx.aer4f : soc.oer4f (.text:SOC_SystemISR)
                  0000b986    0000002a     libmmwavelink_xwr16xx.aer4f : rl_device.oer4f (.text:rlDeviceGetMmWaveLinkVersion)
                  0000b9b0    00000028     libmailbox_xwr16xx.aer4f : mailbox.oer4f (.text:Mailbox_Config_init)
                  0000b9d8    00000028     libmmwavelink_xwr16xx.aer4f : rl_driver.oer4f (.text:rlDriverConstructInMsg)
                  0000ba00    00000028     rtsv7R4_T_le_v3D16_eabi.lib : lseek.obj (.text)
                  0000ba28    00000028                                 : write.obj (.text)
                  0000ba50    00000028     sysbios.aer4ft : BIOS.obj (.text:ti_sysbios_knl_Idle_run__E)
                  0000ba78    00000008     --HOLE-- [fill = 0]
                  0000ba80    00000028                    : BIOS.obj (.text:ti_sysbios_knl_Task_restore__E)
                  0000baa8    00000008     --HOLE-- [fill = 0]
                  0000bab0    00000028                    : BIOS.obj (.text:xdc_runtime_SysStd_abort__E)
                  0000bad8    00000008     --HOLE-- [fill = 0]
                  0000bae0    00000028                    : BIOS.obj (.text:xdc_runtime_System_aprintf_va__F)
                  0000bb08    00000026     libmmwavelink_xwr16xx.aer4f : rl_sensor.oer4f (.text:rlRfInitCalibConfig)
                  0000bb2e    00000026                                 : rl_sensor.oer4f (.text:rlRfRunTimeCalibConfig)
                  0000bb54    00000026                                 : rl_sensor.oer4f (.text:rlRfSetCalMonFreqLimitConfig)
                  0000bb7a    00000026                                 : rl_sensor.oer4f (.text:rlRfSetDeviceCfg)
                  0000bba0    00000026                                 : rl_sensor.oer4f (.text:rlSetAdcOutConfig)
                  0000bbc6    00000026                                 : rl_sensor.oer4f (.text:rlSetBpmCommonConfig)
                  0000bbec    00000026                                 : rl_sensor.oer4f (.text:rlSetChannelConfig)
                  0000bc12    00000026                                 : rl_sensor.oer4f (.text:rlSetContModeConfig)
                  0000bc38    00000008     --HOLE-- [fill = 0]
                  0000bc40    00000026     sysbios.aer4ft : BIOS.obj (.text:xdc_runtime_System_printf_va__F)
                  0000bc66    00000024     libcrc_xwr16xx.aer4f : crc.oer4f (.text:CRC_isTransactionIdValid)
                  0000bc8a    00000002     --HOLE-- [fill = 0]
                  0000bc8c    00000024     libsoc_xwr16xx.aer4f : soc_xwr16xx.oer4f (.text:SOC_isDSSOperational)
                  0000bcb0    00000024                          : soc_xwr16xx.oer4f (.text:SOC_isMMWaveDSSOperational)
                  0000bcd4    00000024                          : soc_xwr16xx.oer4f (.text:SOC_isMMWaveMSSOperational)
                  0000bcf8    00000024     libmmwavelink_xwr16xx.aer4f : rl_sensor.oer4f (.text:rlEnableContMode)
                  0000bd1c    00000024                                 : rl_sensor.oer4f (.text:rlRfSetCalMonTimeUnitConfig)
                  0000bd40    00000024                                 : rl_sensor.oer4f (.text:rlSetLowPowerModeConfig)
                  0000bd64    00000024     mss_per4ft.oer4ft (.text:ti_sysbios_BIOS_errorRaiseHook__I)
                  0000bd88    00000024     mss_per4ft.oer4ft (.text:ti_sysbios_BIOS_registerRTSLock__I)
                  0000bdac    00000024     mss_per4ft.oer4ft (.text:ti_sysbios_BIOS_removeRTSLock__I)
                  0000bdd0    00000024     mss_per4ft.oer4ft (.text:ti_sysbios_gates_GateMutex_Object__delete__S)
                  0000bdf4    0000000c     --HOLE-- [fill = 0]
                  0000be00    00000024     sysbios.aer4ft : BIOS.obj (.text:ti_sysbios_knl_Clock_Module_startup__E)
                  0000be24    00000024     mss_per4ft.oer4ft (.text:ti_sysbios_knl_Semaphore_Object__delete__S)
                  0000be48    00000008     --HOLE-- [fill = 0]
                  0000be50    00000024     sysbios.aer4ft : BIOS.obj (.text:ti_sysbios_knl_Task_restoreHwi__E)
                  0000be74    00000022     framework_ipc.oer4f (.text:TestFmk_IPCSend)
                  0000be96    00000022     framework_core.oer4f (.text:TestFmk_disableADC)
                  0000beb8    00000020     libesm_xwr16xx.aer4f : esm.oer4f (.text:ESM_lowpriority_IRQ)
                  0000bed8    00000020     libmmwave_xwr16xx.aer4f : mmwave_listlib.oer4f (.text:MMWave_listCat)
                  0000bef8    00000020     framework_xwr16xx.oer4f (.text:TestFmk_IPCRemoteSend)
                  0000bf18    00000020     framework_listlib.oer4f (.text:TestFmk_listCat)
                  0000bf38    00000020     libmmwavelink_xwr16xx.aer4f : rl_sensor.oer4f (.text:rlRfInit)
                  0000bf58    00000020     mss_per4ft.oer4ft (.text:ti_sysbios_family_arm_v7r_vim_Hwi_Object__delete__S)
                  0000bf78    00000008     --HOLE-- [fill = 0]
                  0000bf80    00000020     sysbios.aer4ft : BIOS.obj (.text:ti_sysbios_family_arm_v7r_vim_Hwi_disableInterrupt__E)
                  0000bfa0    00000020                    : BIOS.obj (.text:ti_sysbios_family_arm_v7r_vim_Hwi_enableInterrupt__E)
                  0000bfc0    00000020     mss_per4ft.oer4ft (.text:ti_sysbios_gates_GateHwi_Object__delete__S)
                  0000bfe0    00000020     mss_per4ft.oer4ft (.text:ti_sysbios_heaps_HeapMem_Object__delete__S)
                  0000c000    00000020     mss_per4ft.oer4ft (.text:ti_sysbios_knl_Semaphore_destruct)
                  0000c020    0000001e     libmmwave_xwr16xx.aer4f : mmwave_fullcfg.oer4f (.text:MMWave_internalDelChirp)
                  0000c03e    0000001e     framework_ipc.oer4f (.text:TestFmk_IPCInit)
                  0000c05c    0000001e     framework_ipc_local.oer4f (.text:TestFmk_IPCLocalDequeue)
                  0000c07a    0000001e     framework_xwr16xx.oer4f (.text:TestFmk_IPCRemoteRecv)
                  0000c098    0000001c     libcrc_xwr16xx.aer4f : crc.oer4f (.text:CRC_releaseTransactionId)
                  0000c0b4    0000001c     libmmwave_xwr16xx.aer4f : mmwave.oer4f (.text:CSL_FEXTR)
                  0000c0d0    0000001c     libsoc_xwr16xx.aer4f : soc.oer4f (.text:CSL_FEXTR)
                  0000c0ec    0000001c                          : soc_xwr16xx.oer4f (.text:CSL_FEXTR)
                  0000c108    0000001c                          : soc_xwr16xx_mss.oer4f (.text:CSL_FEXTR)
                  0000c124    0000001c     libmmwave_xwr16xx.aer4f : mmwave_listlib.oer4f (.text:MMWave_listRemove)
                  0000c140    0000001c     framework_listlib.oer4f (.text:TestFmk_listRemove)
                  0000c15c    0000001c     sysbios.aer4ft : arm_TaskSupport_asm.obj (.text:_ti_sysbios_family_arm_TaskSupport_glue)
                  0000c178    0000001c                    : arm_TaskSupport_asm.obj (.text:_ti_sysbios_family_arm_TaskSupport_swap__E)
                  0000c194    0000001c     mss_per4ft.oer4ft (.text:ti_sysbios_BIOS_rtsLock__I)
                  0000c1b0    0000001c     sysbios.aer4ft : BIOS.obj (.text:ti_sysbios_family_arm_v7r_vim_Hwi_clearInterrupt__E)
                  0000c1cc    00000004     --HOLE-- [fill = 0]
                  0000c1d0    0000001c                    : BIOS.obj (.text:ti_sysbios_gates_GateMutex_Instance_init__E)
                  0000c1ec    00000004     --HOLE-- [fill = 0]
                  0000c1f0    0000001c                    : BIOS.obj (.text:ti_sysbios_gates_GateMutex_leave__E)
                  0000c20c    0000001c     mss_per4ft.oer4ft (.text:ti_sysbios_knl_Queue_destruct)
                  0000c228    0000001a     libmmwave_xwr16xx.aer4f : mmwave_dualcore.oer4f (.text:MMWave_deviceSyncFxn)
                  0000c242    0000001a                             : mmwave.oer4f (.text:MMWave_encodeError)
                  0000c25c    0000001a                             : mmwave_listlib.oer4f (.text:MMWave_listAdd)
                  0000c276    0000001a     framework_listlib.oer4f (.text:TestFmk_listAdd)
                  0000c290    0000001a     mss_per4ft.oer4ft (.text:free)
                  0000c2aa    0000001a     mss_per4ft.oer4ft (.text:ti_sysbios_gates_GateHwi_Handle__label__S)
                  0000c2c4    0000001a     mss_per4ft.oer4ft (.text:ti_sysbios_gates_GateMutex_Handle__label__S)
                  0000c2de    0000001a     mss_per4ft.oer4ft (.text:ti_sysbios_heaps_HeapMem_Handle__label__S)
                  0000c2f8    0000001a     mss_per4ft.oer4ft (.text:xdc_runtime_System_aprintf__E)
                  0000c312    0000001a     mss_per4ft.oer4ft (.text:xdc_runtime_System_printf__E)
                  0000c32c    00000018     libmmwave_xwr16xx.aer4f : mmwave_osal.oer4f (.text:MMWave_osalMutexLock)
                  0000c344    00000018                             : mmwave_osal.oer4f (.text:MMWave_osalSemWait)
                  0000c35c    00000018     libmailbox_xwr16xx.aer4f : mailbox.oer4f (.text:Mailbox_boxEmptyISRBss)
                  0000c374    00000018                              : mailbox.oer4f (.text:Mailbox_boxEmptyISRMssDss)
                  0000c38c    00000018                              : mailbox.oer4f (.text:Mailbox_boxFullISRBss)
                  0000c3a4    00000018     framework_core.oer4f (.text:TestFmk_synch)
                  0000c3bc    00000018     libmmwavelink_xwr16xx.aer4f : rl_device.oer4f (.text:rlDeviceGetRfVersion)
                  0000c3d4    00000018                                 : rl_driver.oer4f (.text:rlDriverCalCRC)
                  0000c3ec    00000018                                 : rl_driver.oer4f (.text:rlDriverFillPayload)
                  0000c404    00000018     rtsv7R4_T_le_v3D16_eabi.lib : args_main.obj (.text)
                  0000c41c    00000018                                 : strcmp.obj (.text)
                  0000c434    00000018     mss_per4ft.oer4ft (.text:ti_sysbios_BIOS_rtsUnlock__I)
                  0000c44c    00000018     mss_per4ft.oer4ft (.text:ti_sysbios_family_arm_v7r_vim_Hwi_Module__startupDone__F)
                  0000c464    00000018     mss_per4ft.oer4ft (.text:ti_sysbios_family_arm_v7r_vim_Hwi_Params__init__S)
                  0000c47c    00000018     mss_per4ft.oer4ft (.text:ti_sysbios_knl_Semaphore_Params__init__S)
                  0000c494    00000018     mss_per4ft.oer4ft (.text:ti_sysbios_knl_Task_Params__init__S)
                  0000c4ac    00000004     --HOLE-- [fill = 0]
                  0000c4b0    00000018     sysbios.aer4ft : BIOS.obj (.text:ti_sysbios_knl_Task_enter__I)
                  0000c4c8    00000018     mss_per4ft.oer4ft (.text:ti_sysbios_timers_rti_Timer_Module__startupDone__F)
                  0000c4e0    00000018     sysbios.aer4ft : BIOS.obj (.text:xdc_runtime_Error_init__E)
                  0000c4f8    00000016     framework_ipc.oer4f (.text:TestFmk_IPCMsgInit)
                  0000c50e    00000016     rtsv7R4_T_le_v3D16_eabi.lib : strchr.obj (.text)
                  0000c524    00000016                                 : strlen.obj (.text)
                  0000c53a    00000016     mss_per4ft.oer4ft (.text:ti_sysbios_BIOS_exitFunc__I)
                  0000c550    00000016     sysbios.aer4ft : BIOS.obj (.text:ti_sysbios_knl_Idle_loop__E)
                  0000c566    0000000a     --HOLE-- [fill = 0]
                  0000c570    00000016                    : BIOS.obj (.text:ti_sysbios_knl_Task_sleepTimeout__I)
                  0000c586    00000014     libosal_xwr16xx.aer4f : HwiP_tirtos.oer4f (.text:HwiP_Params_init)
                  0000c59a    00000014     libmmwave_xwr16xx.aer4f : mmwave_fullcfg.oer4f (.text:MMWave_internalDelBpmChirp)
                  0000c5ae    00000014                             : mmwave_fullcfg.oer4f (.text:MMWave_internalDelProfile)
                  0000c5c2    00000014                             : mmwave_osal.oer4f (.text:MMWave_osalMutexDelete)
                  0000c5d6    00000014                             : mmwave_osal.oer4f (.text:MMWave_osalSemDelete)
                  0000c5ea    00000002     --HOLE-- [fill = 0]
                  0000c5ec    00000014     libosal_xwr16xx.aer4f : DebugP_tirtos.oer4f (.text:_DebugP_assert)
                  0000c600    00000014     libmmwavelink_xwr16xx.aer4f : rl_controller.oer4f (.text:rlAppendDummy)
                  0000c614    00000014                                 : rl_driver.oer4f (.text:rlDriverIsDeviceMapValid)
                  0000c628    00000014     rtsv7R4_T_le_v3D16_eabi.lib : _lock.obj (.text)
                  0000c63c    00000014                                 : strcpy.obj (.text)
                  0000c650    00000014     mss_per4ft.oer4ft (.text:ti_sysbios_heaps_HeapMem_Object__get__S)
                  0000c664    00000014     mss_per4ft.oer4ft (.text:ti_sysbios_knl_Swi_Object__get__S)
                  0000c678    00000012     libcrc_xwr16xx.aer4f : crc.oer4f (.text:CRC_initConfigParams)
                  0000c68a    00000012     libosal_xwr16xx.aer4f : MemoryP_tirtos.oer4f (.text:MemoryP_ctrlAlloc)
                  0000c69c    00000012                           : SemaphoreP_tirtos.oer4f (.text:SemaphoreP_pend)
                  0000c6ae    00000002     --HOLE-- [fill = 0]
                  0000c6b0    00000012     sysbios.aer4ft : BIOS.obj (.text:ti_sysbios_hal_Hwi_Module_startup__E)
                  0000c6c2    00000012     mss_per4ft.oer4ft (.text:xdc_runtime_Startup_exec__I)
                  0000c6d4    00000010     libcrc_xwr16xx.aer4f : crc.oer4f (.text:CRC_getSignatureRegister)
                  0000c6e4    00000010     libmmwave_xwr16xx.aer4f : mmwave_dualcore.oer4f (.text:MMWave_deviceGetDeviceInfo)
                  0000c6f4    0000000c     --HOLE-- [fill = 0]
                  0000c700    00000010     sysbios.aer4ft : BIOS.obj (.text:ti_sysbios_BIOS_setThreadType__E)
                  0000c710    00000010                    : BIOS.obj (.text:ti_sysbios_BIOS_start__E)
                  0000c720    00000010                    : BIOS.obj (.text:ti_sysbios_gates_GateMutex_Instance_finalize__E)
                  0000c730    00000010     mss_per4ft.oer4ft (.text:ti_sysbios_heaps_HeapBuf_Object__get__S)
                  0000c740    00000010     sysbios.aer4ft : BIOS.obj (.text:ti_sysbios_knl_Semaphore_Instance_finalize__E)
                  0000c750    00000010                    : BIOS.obj (.text:ti_sysbios_knl_Swi_disable__E)
                  0000c760    00000010     mss_per4ft.oer4ft (.text:ti_sysbios_knl_Task_Object__get__S)
                  0000c770    00000010     sysbios.aer4ft : BIOS.obj (.text:ti_sysbios_knl_Task_disable__E)
                  0000c780    00000010                    : BIOS.obj (.text:xdc_runtime_Memory_free__E)
                  0000c790    00000010     mss_per4ft.oer4ft (.text:xdc_runtime_Text_visitRope__I)
                  0000c7a0    0000000e     rtsv7R4_T_le_v3D16_eabi.lib : copy_decompress_none.obj (.text:decompress:none)
                  0000c7ae    00000002     --HOLE-- [fill = 0]
                  0000c7b0    0000000e     sysbios.aer4ft : BIOS.obj (.text:ti_sysbios_knl_Queue_empty__E)
                  0000c7be    00000002     --HOLE-- [fill = 0]
                  0000c7c0    0000000c                    : BIOS.obj (.text:ti_sysbios_family_arm_TaskSupport_checkStack__E)
                  0000c7cc    00000004     --HOLE-- [fill = 0]
                  0000c7d0    0000000c                    : BIOS.obj (.text:ti_sysbios_family_arm_TaskSupport_getStackAlignment__E)
                  0000c7dc    00000004     --HOLE-- [fill = 0]
                  0000c7e0    0000000c                    : BIOS.obj (.text:ti_sysbios_family_arm_exc_Exception_Module_startup__E)
                  0000c7ec    00000004     --HOLE-- [fill = 0]
                  0000c7f0    0000000c                    : BIOS.obj (.text:ti_sysbios_family_arm_v7r_vim_Hwi_switchFromBootStack__E)
                  0000c7fc    00000004     --HOLE-- [fill = 0]
                  0000c800    0000000c                    : BIOS.obj (.text:xdc_runtime_Startup_rtsDone__E)
                  0000c80c    00000004     --HOLE-- [fill = 0]
                  0000c810    0000000c                    : BIOS.obj (.text:xdc_runtime_SysStd_exit__E)
                  0000c81c    00000004     --HOLE-- [fill = 0]
                  0000c820    00000008                    : BIOS.obj (.text:ti_sysbios_gates_GateHwi_enter__E)
                  0000c828    00000008     --HOLE-- [fill = 0]
                  0000c830    00000006                    : BIOS.obj (.text:ti_sysbios_family_arm_v7r_vim_Hwi_startup__E)
                  0000c836    0000000a     --HOLE-- [fill = 0]
                  0000c840    00000006                    : BIOS.obj (.text:ti_sysbios_gates_GateHwi_leave__E)
                  0000c846    0000000a     --HOLE-- [fill = 0]
                  0000c850    00000006                    : BIOS.obj (.text:ti_sysbios_heaps_HeapMem_isBlocking__E)
                  0000c856    0000000a     --HOLE-- [fill = 0]
                  0000c860    00000006                    : BIOS.obj (.text:ti_sysbios_knl_Queue_Instance_init__E)
                  0000c866    0000000a     --HOLE-- [fill = 0]
                  0000c870    00000006                    : BIOS.obj (.text:xdc_runtime_System_Module_startup__E)
                  0000c876    0000000a     --HOLE-- [fill = 0]
                  0000c880    00000004                    : BIOS.obj (.text:ti_sysbios_gates_GateHwi_query__E)
                  0000c884    0000000c     --HOLE-- [fill = 0]
                  0000c890    00000004                    : BIOS.obj (.text:ti_sysbios_gates_GateMutex_query__E)
                  0000c894    0000000c     --HOLE-- [fill = 0]
                  0000c8a0    00000004                    : BIOS.obj (.text:ti_sysbios_knl_Task_startup__E)
                  0000c8a4    0000000c     --HOLE-- [fill = 0]
                  0000c8b0    00000004                    : BIOS.obj (.text:ti_sysbios_timers_rti_Timer_getMaxTicks__E)
                  0000c8b4    0000000c     --HOLE-- [fill = 0]
                  0000c8c0    00000004                    : BIOS.obj (.text:xdc_runtime_SysStd_putch__E)
                  0000c8c4    0000000c     --HOLE-- [fill = 0]
                  0000c8d0    00000004                    : BIOS.obj (.text:xdc_runtime_SysStd_ready__E)
                  0000c8d4    0000000c     --HOLE-- [fill = 0]
                  0000c8e0    00000002                    : BIOS.obj (.text:ti_sysbios_BIOS_linkedWithIncorrectBootLibrary__E)
                  0000c8e2    0000000e     --HOLE-- [fill = 0]
                  0000c8f0    00000002                    : BIOS.obj (.text:ti_sysbios_gates_GateHwi_Instance_init__E)

.const     0    0000c8f4    0000255a     
                  0000c8f4    00001aee     mss_per4ft.oer4ft (.const:xdc_runtime_Text_charTab__A)
                  0000e3e2    00000002     mss_per4ft.oer4ft (.const:ti_sysbios_family_arm_exc_Exception_Module__id__C)
                  0000e3e4    000002b8     libmmwavelink_xwr16xx.aer4f : rl_sensor.oer4f (.const:$O1$$)
                  0000e69c    000000d0     mss_per4ft.oer4ft (.const:xdc_runtime_Text_nodeTab__A)
                  0000e76c    00000088     libmmwavelink_xwr16xx.aer4f : rl_driver.oer4f (.const:$O2$$)
                  0000e7f4    00000080     mss_per4ft.oer4ft (.const:ti_sysbios_family_arm_v7r_vim_Hwi_channelMap__A)
                  0000e874    00000058     mss_per4ft.oer4ft (.const:.string)
                  0000e8cc    00000044     mss_per4ft.oer4ft (.const:ti_sysbios_knl_Task_Object__PARAMS__C)
                  0000e910    00000030     mss_per4ft.oer4ft (.const:ti_sysbios_family_arm_v7r_vim_Hwi_Object__PARAMS__C)
                  0000e940    00000028     mss_per4ft.oer4ft (.const:ti_sysbios_heaps_HeapMem_Module__FXNS__C)
                  0000e968    00000028     mss_per4ft.oer4ft (.const:xdc_runtime_Startup_sfxnTab__A)
                  0000e990    00000024     libmailbox_xwr16xx.aer4f : mailbox.oer4f (.const:Mailbox_defaultCfg)
                  0000e9b4    00000024     mss_per4ft.oer4ft (.const:ti_sysbios_gates_GateHwi_Module__FXNS__C)
                  0000e9d8    00000024     mss_per4ft.oer4ft (.const:ti_sysbios_gates_GateMutex_Module__FXNS__C)
                  0000e9fc    00000024     mss_per4ft.oer4ft (.const:ti_sysbios_heaps_HeapMem_Object__PARAMS__C)
                  0000ea20    00000024     mss_per4ft.oer4ft (.const:ti_sysbios_knl_Semaphore_Object__PARAMS__C)
                  0000ea44    00000020     mss_per4ft.oer4ft (.const:ti_sysbios_family_arm_v7r_vim_Hwi_Object__DESC__C)
                  0000ea64    00000020     mss_per4ft.oer4ft (.const:ti_sysbios_gates_GateHwi_Object__DESC__C)
                  0000ea84    00000020     mss_per4ft.oer4ft (.const:ti_sysbios_gates_GateMutex_Object__DESC__C)
                  0000eaa4    00000020     mss_per4ft.oer4ft (.const:ti_sysbios_heaps_HeapMem_Object__DESC__C)
                  0000eac4    00000020     mss_per4ft.oer4ft (.const:ti_sysbios_knl_Queue_Object__DESC__C)
                  0000eae4    00000020     mss_per4ft.oer4ft (.const:ti_sysbios_knl_Semaphore_Object__DESC__C)
                  0000eb04    00000020     mss_per4ft.oer4ft (.const:ti_sysbios_knl_Task_Object__DESC__C)
                  0000eb24    00000018     mss_per4ft.oer4ft (.const:ti_sysbios_gates_GateHwi_Object__PARAMS__C)
                  0000eb3c    00000018     mss_per4ft.oer4ft (.const:ti_sysbios_gates_GateMutex_Object__PARAMS__C)
                  0000eb54    00000018     mss_per4ft.oer4ft (.const:ti_sysbios_knl_Queue_Object__PARAMS__C)
                  0000eb6c    00000014     mss_per4ft.oer4ft (.const:xdc_runtime_Startup_sfxnRts__A)
                  0000eb80    00000010     mss_per4ft.oer4ft (.const:ti_sysbios_family_arm_v7r_vim_Hwi_intReqEnaSet__A)
                  0000eb90    00000010     mss_per4ft.oer4ft (.const:ti_sysbios_family_arm_v7r_vim_Hwi_wakeEnaSet__A)
                  0000eba0    00000008     mss_per4ft.oer4ft (.const:ti_sysbios_knl_Idle_funcList__C)
                  0000eba8    00000008     mss_per4ft.oer4ft (.const:xdc_runtime_Startup_firstFxns__A)
                  0000ebb0    00000008     mss_per4ft.oer4ft (.const:xdc_runtime_Startup_firstFxns__C)
                  0000ebb8    00000008     mss_per4ft.oer4ft (.const:xdc_runtime_Startup_lastFxns__C)
                  0000ebc0    00000004     mss_per4ft.oer4ft (.const:ti_sysbios_family_arm_TaskSupport_stackAlignment__C)
                  0000ebc4    00000004     mss_per4ft.oer4ft (.const:ti_sysbios_family_arm_exc_Exception_E_dataAbort__C)
                  0000ebc8    00000004     mss_per4ft.oer4ft (.const:ti_sysbios_family_arm_exc_Exception_E_prefetchAbort__C)
                  0000ebcc    00000004     mss_per4ft.oer4ft (.const:ti_sysbios_family_arm_exc_Exception_E_swi__C)
                  0000ebd0    00000004     mss_per4ft.oer4ft (.const:ti_sysbios_family_arm_exc_Exception_E_undefinedInstruction__C)
                  0000ebd4    00000004     mss_per4ft.oer4ft (.const:ti_sysbios_family_arm_exc_Exception_excHookFuncs__A)
                  0000ebd8    00000004     mss_per4ft.oer4ft (.const:ti_sysbios_family_arm_exc_Exception_excHookFuncs__C)
                  0000ebdc    00000004     mss_per4ft.oer4ft (.const:ti_sysbios_family_arm_v7r_tms570_Core_E_mismatchedIds__C)
                  0000ebe0    00000004     mss_per4ft.oer4ft (.const:ti_sysbios_family_arm_v7r_tms570_Core_id__C)
                  0000ebe4    00000004     mss_per4ft.oer4ft (.const:ti_sysbios_family_arm_v7r_vim_Hwi_A_badChannelId__C)
                  0000ebe8    00000004     mss_per4ft.oer4ft (.const:ti_sysbios_family_arm_v7r_vim_Hwi_E_alreadyDefined__C)
                  0000ebec    00000004     mss_per4ft.oer4ft (.const:ti_sysbios_family_arm_v7r_vim_Hwi_E_badIntNum__C)
                  0000ebf0    00000004     mss_per4ft.oer4ft (.const:ti_sysbios_family_arm_v7r_vim_Hwi_E_phantomInterrupt__C)
                  0000ebf4    00000004     mss_per4ft.oer4ft (.const:ti_sysbios_family_arm_v7r_vim_Hwi_E_undefined__C)
                  0000ebf8    00000004     mss_per4ft.oer4ft (.const:ti_sysbios_family_arm_v7r_vim_Hwi_E_unsupportedMaskingOption__C)
                  0000ebfc    00000004     mss_per4ft.oer4ft (.const:ti_sysbios_family_arm_v7r_vim_Hwi_LD_end__C)
                  0000ec00    00000004     mss_per4ft.oer4ft (.const:ti_sysbios_family_arm_v7r_vim_Hwi_LM_begin__C)
                  0000ec04    00000004     mss_per4ft.oer4ft (.const:ti_sysbios_family_arm_v7r_vim_Hwi_Module__diagsEnabled__C)
                  0000ec08    00000004     mss_per4ft.oer4ft (.const:ti_sysbios_family_arm_v7r_vim_Hwi_Module__diagsIncluded__C)
                  0000ec0c    00000004     mss_per4ft.oer4ft (.const:ti_sysbios_family_arm_v7r_vim_Hwi_Module__diagsMask__C)
                  0000ec10    00000004     mss_per4ft.oer4ft (.const:ti_sysbios_family_arm_v7r_vim_Hwi_Module__loggerFxn1__C)
                  0000ec14    00000004     mss_per4ft.oer4ft (.const:ti_sysbios_family_arm_v7r_vim_Hwi_Module__loggerFxn8__C)
                  0000ec18    00000004     mss_per4ft.oer4ft (.const:ti_sysbios_family_arm_v7r_vim_Hwi_Module__loggerObj__C)
                  0000ec1c    00000004     mss_per4ft.oer4ft (.const:ti_sysbios_family_arm_v7r_vim_Hwi_NUM_INTERRUPTS__C)
                  0000ec20    00000004     mss_per4ft.oer4ft (.const:ti_sysbios_family_arm_v7r_vim_Hwi_channelMap__C)
                  0000ec24    00000004     mss_per4ft.oer4ft (.const:ti_sysbios_family_arm_v7r_vim_Hwi_intReqEnaSet__C)
                  0000ec28    00000004     mss_per4ft.oer4ft (.const:ti_sysbios_family_arm_v7r_vim_Hwi_phantomFunc__C)
                  0000ec2c    00000004     mss_per4ft.oer4ft (.const:ti_sysbios_family_arm_v7r_vim_Hwi_swiDisable__C)
                  0000ec30    00000004     mss_per4ft.oer4ft (.const:ti_sysbios_family_arm_v7r_vim_Hwi_swiRestoreHwi__C)
                  0000ec34    00000004     mss_per4ft.oer4ft (.const:ti_sysbios_family_arm_v7r_vim_Hwi_taskDisable__C)
                  0000ec38    00000004     mss_per4ft.oer4ft (.const:ti_sysbios_family_arm_v7r_vim_Hwi_taskRestoreHwi__C)
                  0000ec3c    00000004     mss_per4ft.oer4ft (.const:ti_sysbios_family_arm_v7r_vim_Hwi_wakeEnaSet__C)
                  0000ec40    00000004     mss_per4ft.oer4ft (.const:ti_sysbios_gates_GateMutex_A_badContext__C)
                  0000ec44    00000004     mss_per4ft.oer4ft (.const:ti_sysbios_gates_GateMutex_Instance_State_sem__O)
                  0000ec48    00000004     mss_per4ft.oer4ft (.const:ti_sysbios_gates_GateMutex_Module__diagsEnabled__C)
                  0000ec4c    00000004     mss_per4ft.oer4ft (.const:ti_sysbios_gates_GateMutex_Module__diagsIncluded__C)
                  0000ec50    00000004     mss_per4ft.oer4ft (.const:ti_sysbios_gates_GateMutex_Module__diagsMask__C)
                  0000ec54    00000004     mss_per4ft.oer4ft (.const:ti_sysbios_hal_Hwi_E_stackOverflow__C)
                  0000ec58    00000004     mss_per4ft.oer4ft (.const:ti_sysbios_heaps_HeapBuf_Instance_State_freeList__O)
                  0000ec5c    00000004     mss_per4ft.oer4ft (.const:ti_sysbios_heaps_HeapBuf_Object__count__C)
                  0000ec60    00000004     mss_per4ft.oer4ft (.const:ti_sysbios_heaps_HeapBuf_numConstructedHeaps__C)
                  0000ec64    00000004     mss_per4ft.oer4ft (.const:ti_sysbios_heaps_HeapMem_A_align__C)
                  0000ec68    00000004     mss_per4ft.oer4ft (.const:ti_sysbios_heaps_HeapMem_A_heapSize__C)
                  0000ec6c    00000004     mss_per4ft.oer4ft (.const:ti_sysbios_heaps_HeapMem_A_invalidFree__C)
                  0000ec70    00000004     mss_per4ft.oer4ft (.const:ti_sysbios_heaps_HeapMem_A_zeroBlock__C)
                  0000ec74    00000004     mss_per4ft.oer4ft (.const:ti_sysbios_heaps_HeapMem_E_memory__C)
                  0000ec78    00000004     mss_per4ft.oer4ft (.const:ti_sysbios_heaps_HeapMem_Module__diagsEnabled__C)
                  0000ec7c    00000004     mss_per4ft.oer4ft (.const:ti_sysbios_heaps_HeapMem_Module__diagsIncluded__C)
                  0000ec80    00000004     mss_per4ft.oer4ft (.const:ti_sysbios_heaps_HeapMem_Module__diagsMask__C)
                  0000ec84    00000004     mss_per4ft.oer4ft (.const:ti_sysbios_heaps_HeapMem_Module__gateObj__C)
                  0000ec88    00000004     mss_per4ft.oer4ft (.const:ti_sysbios_heaps_HeapMem_Object__count__C)
                  0000ec8c    00000004     mss_per4ft.oer4ft (.const:ti_sysbios_heaps_HeapMem_reqAlign__C)
                  0000ec90    00000004     mss_per4ft.oer4ft (.const:ti_sysbios_knl_Clock_LM_begin__C)
                  0000ec94    00000004     mss_per4ft.oer4ft (.const:ti_sysbios_knl_Clock_LM_tick__C)
                  0000ec98    00000004     mss_per4ft.oer4ft (.const:ti_sysbios_knl_Clock_LW_delayed__C)
                  0000ec9c    00000004     mss_per4ft.oer4ft (.const:ti_sysbios_knl_Clock_Module_State_clockQ__O)
                  0000eca0    00000004     mss_per4ft.oer4ft (.const:ti_sysbios_knl_Clock_Module__diagsEnabled__C)
                  0000eca4    00000004     mss_per4ft.oer4ft (.const:ti_sysbios_knl_Clock_Module__diagsIncluded__C)
                  0000eca8    00000004     mss_per4ft.oer4ft (.const:ti_sysbios_knl_Clock_Module__diagsMask__C)
                  0000ecac    00000004     mss_per4ft.oer4ft (.const:ti_sysbios_knl_Clock_Module__loggerFxn1__C)
                  0000ecb0    00000004     mss_per4ft.oer4ft (.const:ti_sysbios_knl_Clock_Module__loggerFxn2__C)
                  0000ecb4    00000004     mss_per4ft.oer4ft (.const:ti_sysbios_knl_Clock_Module__loggerObj__C)
                  0000ecb8    00000004     mss_per4ft.oer4ft (.const:ti_sysbios_knl_Idle_funcList__A)
                  0000ecbc    00000004     mss_per4ft.oer4ft (.const:ti_sysbios_knl_Semaphore_A_badContext__C)
                  0000ecc0    00000004     mss_per4ft.oer4ft (.const:ti_sysbios_knl_Semaphore_A_noEvents__C)
                  0000ecc4    00000004     mss_per4ft.oer4ft (.const:ti_sysbios_knl_Semaphore_A_overflow__C)
                  0000ecc8    00000004     mss_per4ft.oer4ft (.const:ti_sysbios_knl_Semaphore_A_pendTaskDisabled__C)
                  0000eccc    00000004     mss_per4ft.oer4ft (.const:ti_sysbios_knl_Semaphore_Instance_State_pendQ__O)
                  0000ecd0    00000004     mss_per4ft.oer4ft (.const:ti_sysbios_knl_Semaphore_LM_pend__C)
                  0000ecd4    00000004     mss_per4ft.oer4ft (.const:ti_sysbios_knl_Semaphore_LM_post__C)
                  0000ecd8    00000004     mss_per4ft.oer4ft (.const:ti_sysbios_knl_Semaphore_Module__diagsEnabled__C)
                  0000ecdc    00000004     mss_per4ft.oer4ft (.const:ti_sysbios_knl_Semaphore_Module__diagsIncluded__C)
                  0000ece0    00000004     mss_per4ft.oer4ft (.const:ti_sysbios_knl_Semaphore_Module__diagsMask__C)
                  0000ece4    00000004     mss_per4ft.oer4ft (.const:ti_sysbios_knl_Semaphore_Module__loggerFxn2__C)
                  0000ece8    00000004     mss_per4ft.oer4ft (.const:ti_sysbios_knl_Semaphore_Module__loggerFxn4__C)
                  0000ecec    00000004     mss_per4ft.oer4ft (.const:ti_sysbios_knl_Semaphore_Module__loggerObj__C)
                  0000ecf0    00000004     mss_per4ft.oer4ft (.const:ti_sysbios_knl_Swi_LD_end__C)
                  0000ecf4    00000004     mss_per4ft.oer4ft (.const:ti_sysbios_knl_Swi_LM_begin__C)
                  0000ecf8    00000004     mss_per4ft.oer4ft (.const:ti_sysbios_knl_Swi_LM_post__C)
                  0000ecfc    00000004     mss_per4ft.oer4ft (.const:ti_sysbios_knl_Swi_Module__diagsEnabled__C)
                  0000ed00    00000004     mss_per4ft.oer4ft (.const:ti_sysbios_knl_Swi_Module__diagsIncluded__C)
                  0000ed04    00000004     mss_per4ft.oer4ft (.const:ti_sysbios_knl_Swi_Module__diagsMask__C)
                  0000ed08    00000004     mss_per4ft.oer4ft (.const:ti_sysbios_knl_Swi_Module__loggerFxn1__C)
                  0000ed0c    00000004     mss_per4ft.oer4ft (.const:ti_sysbios_knl_Swi_Module__loggerFxn4__C)
                  0000ed10    00000004     mss_per4ft.oer4ft (.const:ti_sysbios_knl_Swi_Module__loggerObj__C)
                  0000ed14    00000004     mss_per4ft.oer4ft (.const:ti_sysbios_knl_Swi_Object__count__C)
                  0000ed18    00000004     mss_per4ft.oer4ft (.const:ti_sysbios_knl_Task_A_badPriority__C)
                  0000ed1c    00000004     mss_per4ft.oer4ft (.const:ti_sysbios_knl_Task_A_badTaskState__C)
                  0000ed20    00000004     mss_per4ft.oer4ft (.const:ti_sysbios_knl_Task_A_badThreadType__C)
                  0000ed24    00000004     mss_per4ft.oer4ft (.const:ti_sysbios_knl_Task_A_badTimeout__C)
                  0000ed28    00000004     mss_per4ft.oer4ft (.const:ti_sysbios_knl_Task_A_noPendElem__C)
                  0000ed2c    00000004     mss_per4ft.oer4ft (.const:ti_sysbios_knl_Task_A_sleepTaskDisabled__C)
                  0000ed30    00000004     mss_per4ft.oer4ft (.const:ti_sysbios_knl_Task_E_spOutOfBounds__C)
                  0000ed34    00000004     mss_per4ft.oer4ft (.const:ti_sysbios_knl_Task_E_stackOverflow__C)
                  0000ed38    00000004     mss_per4ft.oer4ft (.const:ti_sysbios_knl_Task_LD_block__C)
                  0000ed3c    00000004     mss_per4ft.oer4ft (.const:ti_sysbios_knl_Task_LD_exit__C)
                  0000ed40    00000004     mss_per4ft.oer4ft (.const:ti_sysbios_knl_Task_LD_ready__C)
                  0000ed44    00000004     mss_per4ft.oer4ft (.const:ti_sysbios_knl_Task_LM_sleep__C)
                  0000ed48    00000004     mss_per4ft.oer4ft (.const:ti_sysbios_knl_Task_LM_switch__C)
                  0000ed4c    00000004     mss_per4ft.oer4ft (.const:ti_sysbios_knl_Task_Module_State_inactiveQ__O)
                  0000ed50    00000004     mss_per4ft.oer4ft (.const:ti_sysbios_knl_Task_Module__diagsEnabled__C)
                  0000ed54    00000004     mss_per4ft.oer4ft (.const:ti_sysbios_knl_Task_Module__diagsIncluded__C)
                  0000ed58    00000004     mss_per4ft.oer4ft (.const:ti_sysbios_knl_Task_Module__diagsMask__C)
                  0000ed5c    00000004     mss_per4ft.oer4ft (.const:ti_sysbios_knl_Task_Module__loggerFxn2__C)
                  0000ed60    00000004     mss_per4ft.oer4ft (.const:ti_sysbios_knl_Task_Module__loggerFxn4__C)
                  0000ed64    00000004     mss_per4ft.oer4ft (.const:ti_sysbios_knl_Task_Module__loggerObj__C)
                  0000ed68    00000004     mss_per4ft.oer4ft (.const:ti_sysbios_knl_Task_Object__count__C)
                  0000ed6c    00000004     mss_per4ft.oer4ft (.const:ti_sysbios_knl_Task_allBlockedFunc__C)
                  0000ed70    00000004     mss_per4ft.oer4ft (.const:ti_sysbios_knl_Task_defaultStackHeap__C)
                  0000ed74    00000004     mss_per4ft.oer4ft (.const:ti_sysbios_knl_Task_defaultStackSize__C)
                  0000ed78    00000004     mss_per4ft.oer4ft (.const:ti_sysbios_knl_Task_numConstructedTasks__C)
                  0000ed7c    00000004     mss_per4ft.oer4ft (.const:ti_sysbios_timers_rti_Timer_E_cannotSupport__C)
                  0000ed80    00000004     mss_per4ft.oer4ft (.const:ti_sysbios_timers_rti_Timer_Module__diagsEnabled__C)
                  0000ed84    00000004     mss_per4ft.oer4ft (.const:ti_sysbios_timers_rti_Timer_Module__diagsIncluded__C)
                  0000ed88    00000004     mss_per4ft.oer4ft (.const:ti_sysbios_timers_rti_Timer_Module__diagsMask__C)
                  0000ed8c    00000004     mss_per4ft.oer4ft (.const:ti_sysbios_timers_rti_Timer_numTimerDevices__C)
                  0000ed90    00000004     mss_per4ft.oer4ft (.const:ti_sysbios_timers_rti_Timer_startupNeeded__C)
                  0000ed94    00000004     mss_per4ft.oer4ft (.const:xdc_runtime_Assert_E_assertFailed__C)
                  0000ed98    00000004     mss_per4ft.oer4ft (.const:xdc_runtime_Core_A_initializedParams__C)
                  0000ed9c    00000004     mss_per4ft.oer4ft (.const:xdc_runtime_Core_Module__diagsEnabled__C)
                  0000eda0    00000004     mss_per4ft.oer4ft (.const:xdc_runtime_Core_Module__diagsIncluded__C)
                  0000eda4    00000004     mss_per4ft.oer4ft (.const:xdc_runtime_Core_Module__diagsMask__C)
                  0000eda8    00000004     mss_per4ft.oer4ft (.const:xdc_runtime_Error_E_memory__C)
                  0000edac    00000004     mss_per4ft.oer4ft (.const:xdc_runtime_Error_Module__diagsEnabled__C)
                  0000edb0    00000004     mss_per4ft.oer4ft (.const:xdc_runtime_Error_Module__diagsIncluded__C)
                  0000edb4    00000004     mss_per4ft.oer4ft (.const:xdc_runtime_Error_Module__diagsMask__C)
                  0000edb8    00000004     mss_per4ft.oer4ft (.const:xdc_runtime_Error_Module__loggerFxn8__C)
                  0000edbc    00000004     mss_per4ft.oer4ft (.const:xdc_runtime_Error_Module__loggerObj__C)
                  0000edc0    00000004     mss_per4ft.oer4ft (.const:xdc_runtime_Error_policyFxn__C)
                  0000edc4    00000004     mss_per4ft.oer4ft (.const:xdc_runtime_Error_policy__C)
                  0000edc8    00000004     mss_per4ft.oer4ft (.const:xdc_runtime_Error_raiseHook__C)
                  0000edcc    00000004     mss_per4ft.oer4ft (.const:xdc_runtime_IGateProvider_Interface__BASE__C)
                  0000edd0    00000004     mss_per4ft.oer4ft (.const:xdc_runtime_IHeap_Interface__BASE__C)
                  0000edd4    00000004     mss_per4ft.oer4ft (.const:xdc_runtime_IModule_Interface__BASE__C)
                  0000edd8    00000004     mss_per4ft.oer4ft (.const:xdc_runtime_Log_L_error__C)
                  0000eddc    00000004     mss_per4ft.oer4ft (.const:xdc_runtime_Memory_defaultHeapInstance__C)
                  0000ede0    00000004     mss_per4ft.oer4ft (.const:xdc_runtime_Startup_execImpl__C)
                  0000ede4    00000004     mss_per4ft.oer4ft (.const:xdc_runtime_Startup_maxPasses__C)
                  0000ede8    00000004     mss_per4ft.oer4ft (.const:xdc_runtime_Startup_sfxnRts__C)
                  0000edec    00000004     mss_per4ft.oer4ft (.const:xdc_runtime_Startup_sfxnTab__C)
                  0000edf0    00000004     mss_per4ft.oer4ft (.const:xdc_runtime_System_Module__gateObj__C)
                  0000edf4    00000004     mss_per4ft.oer4ft (.const:xdc_runtime_System_abortFxn__C)
                  0000edf8    00000004     mss_per4ft.oer4ft (.const:xdc_runtime_System_exitFxn__C)
                  0000edfc    00000004     mss_per4ft.oer4ft (.const:xdc_runtime_System_extendFxn__C)
                  0000ee00    00000004     mss_per4ft.oer4ft (.const:xdc_runtime_System_maxAtexitHandlers__C)
                  0000ee04    00000004     mss_per4ft.oer4ft (.const:xdc_runtime_Text_charTab__C)
                  0000ee08    00000004     mss_per4ft.oer4ft (.const:xdc_runtime_Text_nameEmpty__C)
                  0000ee0c    00000004     mss_per4ft.oer4ft (.const:xdc_runtime_Text_nameStatic__C)
                  0000ee10    00000004     mss_per4ft.oer4ft (.const:xdc_runtime_Text_nameUnknown__C)
                  0000ee14    00000004     mss_per4ft.oer4ft (.const:xdc_runtime_Text_nodeTab__C)
                  0000ee18    00000004     mss_per4ft.oer4ft (.const:xdc_runtime_Text_visitRopeFxn__C)
                  0000ee1c    00000002     mss_per4ft.oer4ft (.const:ti_sysbios_family_arm_v7r_tms570_Core_Module__id__C)
                  0000ee1e    00000002     mss_per4ft.oer4ft (.const:ti_sysbios_family_arm_v7r_vim_Hwi_Module__id__C)
                  0000ee20    00000002     mss_per4ft.oer4ft (.const:ti_sysbios_family_arm_v7r_vim_Hwi_Module__loggerDefined__C)
                  0000ee22    00000002     mss_per4ft.oer4ft (.const:ti_sysbios_gates_GateMutex_Module__id__C)
                  0000ee24    00000002     mss_per4ft.oer4ft (.const:ti_sysbios_hal_Hwi_Module__id__C)
                  0000ee26    00000002     mss_per4ft.oer4ft (.const:ti_sysbios_heaps_HeapMem_Module__id__C)
                  0000ee28    00000002     mss_per4ft.oer4ft (.const:ti_sysbios_knl_Clock_Module__id__C)
                  0000ee2a    00000002     mss_per4ft.oer4ft (.const:ti_sysbios_knl_Clock_Module__loggerDefined__C)
                  0000ee2c    00000002     mss_per4ft.oer4ft (.const:ti_sysbios_knl_Semaphore_Module__id__C)
                  0000ee2e    00000002     mss_per4ft.oer4ft (.const:ti_sysbios_knl_Semaphore_Module__loggerDefined__C)
[...]
0000ec00  ti_sysbios_family_arm_v7r_vim_Hwi_LM_begin__C                        
0000ec04  ti_sysbios_family_arm_v7r_vim_Hwi_Module__diagsEnabled__C            
0000ec08  ti_sysbios_family_arm_v7r_vim_Hwi_Module__diagsIncluded__C           
0000ec0c  ti_sysbios_family_arm_v7r_vim_Hwi_Module__diagsMask__C               
0000ec10  ti_sysbios_family_arm_v7r_vim_Hwi_Module__loggerFxn1__C              
0000ec14  ti_sysbios_family_arm_v7r_vim_Hwi_Module__loggerFxn8__C              
0000ec18  ti_sysbios_family_arm_v7r_vim_Hwi_Module__loggerObj__C               
0000ec1c  ti_sysbios_family_arm_v7r_vim_Hwi_NUM_INTERRUPTS__C                  
0000ec20  ti_sysbios_family_arm_v7r_vim_Hwi_channelMap__C                      
0000ec24  ti_sysbios_family_arm_v7r_vim_Hwi_intReqEnaSet__C                    
0000ec28  ti_sysbios_family_arm_v7r_vim_Hwi_phantomFunc__C                     
0000ec2c  ti_sysbios_family_arm_v7r_vim_Hwi_swiDisable__C                      
0000ec30  ti_sysbios_family_arm_v7r_vim_Hwi_swiRestoreHwi__C                   
0000ec34  ti_sysbios_family_arm_v7r_vim_Hwi_taskDisable__C                     
0000ec38  ti_sysbios_family_arm_v7r_vim_Hwi_taskRestoreHwi__C                  
0000ec3c  ti_sysbios_family_arm_v7r_vim_Hwi_wakeEnaSet__C                      
0000ec40  ti_sysbios_gates_GateMutex_A_badContext__C                           
0000ec44  ti_sysbios_gates_GateMutex_Instance_State_sem__O                     
0000ec48  ti_sysbios_gates_GateMutex_Module__diagsEnabled__C                   
0000ec4c  ti_sysbios_gates_GateMutex_Module__diagsIncluded__C                  
0000ec50  ti_sysbios_gates_GateMutex_Module__diagsMask__C                      
0000ec54  ti_sysbios_hal_Hwi_E_stackOverflow__C                                
0000ec58  ti_sysbios_heaps_HeapBuf_Instance_State_freeList__O                  
0000ec5c  ti_sysbios_heaps_HeapBuf_Object__count__C                            
0000ec60  ti_sysbios_heaps_HeapBuf_numConstructedHeaps__C                      
0000ec64  ti_sysbios_heaps_HeapMem_A_align__C                                  
0000ec68  ti_sysbios_heaps_HeapMem_A_heapSize__C                               
0000ec6c  ti_sysbios_heaps_HeapMem_A_invalidFree__C                            
0000ec70  ti_sysbios_heaps_HeapMem_A_zeroBlock__C                              
0000ec74  ti_sysbios_heaps_HeapMem_E_memory__C                                 
0000ec78  ti_sysbios_heaps_HeapMem_Module__diagsEnabled__C                     
0000ec7c  ti_sysbios_heaps_HeapMem_Module__diagsIncluded__C                    
0000ec80  ti_sysbios_heaps_HeapMem_Module__diagsMask__C                        
0000ec84  ti_sysbios_heaps_HeapMem_Module__gateObj__C                          
0000ec88  ti_sysbios_heaps_HeapMem_Object__count__C                            
0000ec8c  ti_sysbios_heaps_HeapMem_reqAlign__C                                 
0000ec90  ti_sysbios_knl_Clock_LM_begin__C                                     
0000ec94  ti_sysbios_knl_Clock_LM_tick__C                                      
0000ec98  ti_sysbios_knl_Clock_LW_delayed__C                                   
0000ec9c  ti_sysbios_knl_Clock_Module_State_clockQ__O                          
0000eca0  ti_sysbios_knl_Clock_Module__diagsEnabled__C                         
0000eca4  ti_sysbios_knl_Clock_Module__diagsIncluded__C                        
0000eca8  ti_sysbios_knl_Clock_Module__diagsMask__C                            
0000ecac  ti_sysbios_knl_Clock_Module__loggerFxn1__C                           
0000ecb0  ti_sysbios_knl_Clock_Module__loggerFxn2__C                           
0000ecb4  ti_sysbios_knl_Clock_Module__loggerObj__C                            
0000ecb8  ti_sysbios_knl_Idle_funcList__A                                      
0000ecbc  ti_sysbios_knl_Semaphore_A_badContext__C                             
0000ecc0  ti_sysbios_knl_Semaphore_A_noEvents__C                               
0000ecc4  ti_sysbios_knl_Semaphore_A_overflow__C                               
0000ecc8  ti_sysbios_knl_Semaphore_A_pendTaskDisabled__C                       
0000eccc  ti_sysbios_knl_Semaphore_Instance_State_pendQ__O                     
0000ecd0  ti_sysbios_knl_Semaphore_LM_pend__C                                  
0000ecd4  ti_sysbios_knl_Semaphore_LM_post__C                                  
0000ecd8  ti_sysbios_knl_Semaphore_Module__diagsEnabled__C                     
0000ecdc  ti_sysbios_knl_Semaphore_Module__diagsIncluded__C                    
0000ece0  ti_sysbios_knl_Semaphore_Module__diagsMask__C                        
0000ece4  ti_sysbios_knl_Semaphore_Module__loggerFxn2__C                       
0000ece8  ti_sysbios_knl_Semaphore_Module__loggerFxn4__C                       
0000ecec  ti_sysbios_knl_Semaphore_Module__loggerObj__C                        
0000ecf0  ti_sysbios_knl_Swi_LD_end__C                                         
0000ecf4  ti_sysbios_knl_Swi_LM_begin__C                                       
0000ecf8  ti_sysbios_knl_Swi_LM_post__C                                        
0000ecfc  ti_sysbios_knl_Swi_Module__diagsEnabled__C                           
0000ed00  ti_sysbios_knl_Swi_Module__diagsIncluded__C                          
0000ed04  ti_sysbios_knl_Swi_Module__diagsMask__C                              
0000ed08  ti_sysbios_knl_Swi_Module__loggerFxn1__C                             
0000ed0c  ti_sysbios_knl_Swi_Module__loggerFxn4__C                             
0000ed10  ti_sysbios_knl_Swi_Module__loggerObj__C                              
0000ed14  ti_sysbios_knl_Swi_Object__count__C                                  
0000ed18  ti_sysbios_knl_Task_A_badPriority__C                                 
0000ed1c  ti_sysbios_knl_Task_A_badTaskState__C                                
0000ed20  ti_sysbios_knl_Task_A_badThreadType__C                               
0000ed24  ti_sysbios_knl_Task_A_badTimeout__C                                  
0000ed28  ti_sysbios_knl_Task_A_noPendElem__C                                  
0000ed2c  ti_sysbios_knl_Task_A_sleepTaskDisabled__C                           
0000ed30  ti_sysbios_knl_Task_E_spOutOfBounds__C                               
0000ed34  ti_sysbios_knl_Task_E_stackOverflow__C                               
0000ed38  ti_sysbios_knl_Task_LD_block__C                                      
0000ed3c  ti_sysbios_knl_Task_LD_exit__C                                       
0000ed40  ti_sysbios_knl_Task_LD_ready__C                                      
0000ed44  ti_sysbios_knl_Task_LM_sleep__C                                      
0000ed48  ti_sysbios_knl_Task_LM_switch__C                                     
0000ed4c  ti_sysbios_knl_Task_Module_State_inactiveQ__O                        
0000ed50  ti_sysbios_knl_Task_Module__diagsEnabled__C                          
0000ed54  ti_sysbios_knl_Task_Module__diagsIncluded__C                         
0000ed58  ti_sysbios_knl_Task_Module__diagsMask__C                             
0000ed5c  ti_sysbios_knl_Task_Module__loggerFxn2__C                            
0000ed60  ti_sysbios_knl_Task_Module__loggerFxn4__C                            
0000ed64  ti_sysbios_knl_Task_Module__loggerObj__C                             
0000ed68  ti_sysbios_knl_Task_Object__count__C                                 
0000ed6c  ti_sysbios_knl_Task_allBlockedFunc__C                                
0000ed70  ti_sysbios_knl_Task_defaultStackHeap__C                              
0000ed74  ti_sysbios_knl_Task_defaultStackSize__C                              
0000ed78  ti_sysbios_knl_Task_numConstructedTasks__C                           
0000ed7c  ti_sysbios_timers_rti_Timer_E_cannotSupport__C                       
0000ed80  ti_sysbios_timers_rti_Timer_Module__diagsEnabled__C                  
0000ed84  ti_sysbios_timers_rti_Timer_Module__diagsIncluded__C                 
0000ed88  ti_sysbios_timers_rti_Timer_Module__diagsMask__C                     
0000ed8c  ti_sysbios_timers_rti_Timer_numTimerDevices__C                       
0000ed90  ti_sysbios_timers_rti_Timer_startupNeeded__C                         
0000ed94  xdc_runtime_Assert_E_assertFailed__C                                 
0000ed98  xdc_runtime_Core_A_initializedParams__C                              
0000ed9c  xdc_runtime_Core_Module__diagsEnabled__C                             
0000eda0  xdc_runtime_Core_Module__diagsIncluded__C                            
0000eda4  xdc_runtime_Core_Module__diagsMask__C                                
0000eda8  xdc_runtime_Error_E_memory__C                                        
0000edac  xdc_runtime_Error_Module__diagsEnabled__C                            
0000edb0  xdc_runtime_Error_Module__diagsIncluded__C                           
0000edb4  xdc_runtime_Error_Module__diagsMask__C                               
0000edb8  xdc_runtime_Error_Module__loggerFxn8__C                              
0000edbc  xdc_runtime_Error_Module__loggerObj__C                               
0000edc0  xdc_runtime_Error_policyFxn__C                                       
0000edc4  xdc_runtime_Error_policy__C                                          
0000edc8  xdc_runtime_Error_raiseHook__C                                       
0000edcc  xdc_runtime_IGateProvider_Interface__BASE__C                         
0000edd0  xdc_runtime_IHeap_Interface__BASE__C                                 
0000edd4  xdc_runtime_IModule_Interface__BASE__C                               
0000edd8  xdc_runtime_Log_L_error__C                                           
0000eddc  xdc_runtime_Memory_defaultHeapInstance__C                            
0000ede0  xdc_runtime_Startup_execImpl__C                                      
0000ede4  xdc_runtime_Startup_maxPasses__C                                     
0000ede8  xdc_runtime_Startup_sfxnRts__C                                       
0000edec  xdc_runtime_Startup_sfxnTab__C                                       
0000edf0  xdc_runtime_System_Module__gateObj__C                                
0000edf4  xdc_runtime_System_abortFxn__C                                       
0000edf8  xdc_runtime_System_exitFxn__C                                        
0000edfc  xdc_runtime_System_extendFxn__C                                      
0000ee00  xdc_runtime_System_maxAtexitHandlers__C                              
0000ee04  xdc_runtime_Text_charTab__C                                          
0000ee08  xdc_runtime_Text_nameEmpty__C                                        
0000ee0c  xdc_runtime_Text_nameStatic__C                                       
0000ee10  xdc_runtime_Text_nameUnknown__C                                      
0000ee14  xdc_runtime_Text_nodeTab__C                                          
0000ee18  xdc_runtime_Text_visitRopeFxn__C                                     
0000ee1c  ti_sysbios_family_arm_v7r_tms570_Core_Module__id__C                  
0000ee1e  ti_sysbios_family_arm_v7r_vim_Hwi_Module__id__C                      
0000ee20  ti_sysbios_family_arm_v7r_vim_Hwi_Module__loggerDefined__C           
0000ee22  ti_sysbios_gates_GateMutex_Module__id__C                             
0000ee24  ti_sysbios_hal_Hwi_Module__id__C                                     
0000ee26  ti_sysbios_heaps_HeapMem_Module__id__C                               
0000ee28  ti_sysbios_knl_Clock_Module__id__C                                   
0000ee2a  ti_sysbios_knl_Clock_Module__loggerDefined__C                        
0000ee2c  ti_sysbios_knl_Semaphore_Module__id__C                               
0000ee2e  ti_sysbios_knl_Semaphore_Module__loggerDefined__C                    
0000ee30  ti_sysbios_knl_Swi_Module__id__C                                     
0000ee32  ti_sysbios_knl_Swi_Module__loggerDefined__C                          
0000ee34  ti_sysbios_knl_Task_Module__id__C                                    
0000ee36  ti_sysbios_knl_Task_Module__loggerDefined__C                         
0000ee38  ti_sysbios_timers_rti_Timer_Module__id__C                            
0000ee3a  ti_sysbios_timers_rti_Timer_continueOnSuspend__C                     
0000ee3c  xdc_runtime_Core_Module__id__C                                       
0000ee3e  xdc_runtime_Error_Module__loggerDefined__C                           
0000ee40  xdc_runtime_Error_maxDepth__C                                        
0000ee42  xdc_runtime_Main_Module__id__C                                       
0000ee44  xdc_runtime_Memory_Module__id__C                                     
0000ee46  xdc_runtime_Text_charCnt__C                                          
0000ee48  xdc_runtime_Text_isLoaded__C                                         
0000ee4a  xdc_runtime_Text_registryModsLastId__C                               
0000ee4c  xdc_runtime_Text_unnamedModsLastId__C                                
0000f098  __TI_Handler_Table_Base                                              
0000f0a4  __TI_Handler_Table_Limit                                             
0000f0c0  __TI_CINIT_Base                                                      
0000f0e0  __TI_CINIT_Limit                                                     
08000000  ti_sysbios_heaps_HeapMem_Instance_State_0_buf__A                     
08008000  ti_sysbios_family_arm_exc_Exception_Module_State_0_excStack_0__A     
08009000  ti_sysbios_knl_Task_Instance_State_0_stack__A                        
08009800  __CIOBUF_                                                            
08009920  gMemCaptureMCB                                                       
08009a34  gMMWave_MCB                                                          
08009b34  __TI_tmpnams                                                         
08009bd4  gEsmMCB                                                              
08009c44  gMMWave_DualcoreMCB                                                  
08009c4c  parmbuf                                                              
08009c54  __stack                                                              
0800ac54  __STACK_END                                                          
0800ac54  rl_txMsg                                                             
0800ad54  rl_rxMsg                                                             
0800b03c  ti_sysbios_family_arm_v7r_vim_Hwi_Module_State_0_dispatchTable__A    
0800b23c  _ftable                                                              
0800b32c  ti_sysbios_knl_Swi_Module_State_0_readyQ__A                          
0800b3ac  ti_sysbios_knl_Task_Module_State_0_readyQ__A                         
0800b42c  _device                                                              
0800b4a4  ti_sysbios_knl_Task_Object__table__V                                 
0800b500  _stream                                                              
0800b550  gMailboxMCB                                                          
0800b5a0  ti_sysbios_knl_Task_Module__state__V                                 
0800b5e8  ti_sysbios_gates_GateMutex_Object__table__V                          
0800b628  ti_sysbios_timers_rti_Timer_Object__table__V                         
0800b664  ti_sysbios_family_arm_v7r_vim_Hwi_Module__state__V                   
0800b698  ti_sysbios_knl_Swi_Object__table__V                                  
0800b6c8  ti_sysbios_family_arm_v7r_vim_Hwi_Object__table__V                   
0800b6f4  ti_sysbios_knl_Clock_Module__state__V                                
0800b720  ti_sysbios_BIOS_Module__state__V                                     
0800b744  xdc_runtime_Error_IgnoreBlock                                        
0800b764  xdc_runtime_System_Module_State_0_atexitHandlers__A                  
0800b784  ti_sysbios_knl_Swi_Module__state__V                                  
0800b7a0  gMailboxMssBssHwCfg                                                  
0800b7b8  gMailboxMssDssHwCfg                                                  
0800b7d0  ti_sysbios_heaps_HeapMem_Object__table__V                            
0800b7e8  ti_sysbios_timers_rti_Timer_Module_State_0_device__A                 
0800b800  gSOCHwAttrib                                                         
0800b814  ti_sysbios_family_arm_exc_Exception_Module__state__V                 
0800b828  __TI_ft_end                                                          
0800b82c  __aeabi_stdin                                                        
0800b830  __aeabi_stdout                                                       
0800b834  __aeabi_stderr                                                       
0800b838  ti_sysbios_timers_rti_Timer_Module_State_0_intFreqs__A               
0800b848  ti_sysbios_timers_rti_Timer_Module__state__V                         
0800b858  __TI_cleanup_ptr                                                     
0800b85c  __TI_dtors_ptr                                                       
0800b860  __TI_enable_exit_profile_output                                      
0800b864  gESMHwCfgAttrs                                                       
0800b870  _lock                                                                
0800b874  _unlock                                                              
0800b878  ti_sysbios_family_arm_v7r_vim_Hwi_Module__root__V                    
0800b880  ti_sysbios_gates_GateHwi_Module__root__V                             
0800b888  ti_sysbios_gates_GateMutex_Module__root__V                           
0800b890  ti_sysbios_hal_Hwi_Object__table__V                                  
0800b898  ti_sysbios_heaps_HeapMem_Module__root__V                             
0800b8a0  ti_sysbios_knl_Queue_Module__root__V                                 
0800b8a8  ti_sysbios_knl_Semaphore_Module__root__V                             
0800b8b0  ti_sysbios_knl_Task_Module__root__V                                  
0800b8b8  ti_sysbios_timers_rti_Timer_Module_State_0_handles__A                
0800b8c0  xdc_runtime_Registry_Module__state__V                                
0800b8c8  xdc_runtime_Startup_Module__state__V                                 
0800b8d0  xdc_runtime_System_Module__state__V                                  
0800b8d8  gTestFmkSemaphoreHandle                                              
0800b8dc  gCRCRegister                                                         
0800b8e8  main_func_sp                                                         
0800b8ec  ti_sysbios_family_arm_exc_Exception_Module_State_0_excContext__A     
0800b8f0  ti_sysbios_family_arm_exc_Exception_Module_State_0_excStackBuffers__A
0800b8f4  ti_sysbios_family_arm_exc_Exception_Module_State_0_excStack__A       
0800b8f8  ti_sysbios_gates_GateHwi_Object__table__V                            
0800b8fc  ti_sysbios_heaps_HeapBuf_Module__state__V                            
0800b900  ti_sysbios_knl_Task_Module_State_0_idleTask__A                       
0800b904  xdc_runtime_Memory_Module__state__V                                  
0800b908  ti_sysbios_family_arm_exc_Exception_Module_State_0_excActive__A      
0800b90a  xdc_runtime_Error_Module__state__V                                   
0800b910  ti_sysbios_family_arm_v7r_vim_Hwi_Module_State_0_fiqStack__A         
fffffdec  ti_sysbios_family_arm_v7r_vim_Hwi_vim                                
ffffffff  __TI_pprof_out_hndl                                                  
ffffffff  __TI_prof_data_size                                                  
ffffffff  __TI_prof_data_start                                                 
ffffffff  __binit__                                                            
ffffffff  __c_args__                                                           
ffffffff  binit                                                                
UNDEFED   SHT$$INIT_ARRAY$$Base                                                
UNDEFED   SHT$$INIT_ARRAY$$Limit                                               

[795 symbols]
